[0.032s] Invoking command in '/home/deepak/ws_moveit/build/moveit_py': AMENT_PREFIX_PATH=/home/deepak/ws_moveit/install/moveit_ros_planning_interface:/home/deepak/ws_moveit/install/moveit_ros_move_group:/home/deepak/ws_moveit/install/moveit_ros_warehouse:/home/deepak/ws_moveit/install/moveit_planners_ompl:/home/deepak/ws_moveit/install/moveit_kinematics:/home/deepak/ws_moveit/install/moveit_ros_planning:/home/deepak/ws_moveit/install/moveit_simple_controller_manager:/home/deepak/ws_moveit/install/moveit_ros_occupancy_map_monitor:/home/deepak/ws_moveit/install/moveit_core:/home/deepak/ws_moveit/install/moveit_resources_panda_moveit_config:/home/deepak/ws_moveit/install/moveit_resources_fanuc_moveit_config:/home/deepak/ws_moveit/install/moveit_configs_utils:/home/deepak/ws_moveit/install/srdfdom:/home/deepak/ws_moveit/install/moveit_resources_pr2_description:/home/deepak/ws_moveit/install/moveit_resources_panda_description:/home/deepak/ws_moveit/install/moveit_resources_fanuc_description:/home/deepak/ws_moveit/install/moveit_common:/home/deepak/ws_moveit/install/launch_param_builder:${AMENT_PREFIX_PATH} CMAKE_PREFIX_PATH=/home/deepak/ws_moveit/install/moveit_ros_planning_interface:/home/deepak/ws_moveit/install/moveit_ros_move_group:/home/deepak/ws_moveit/install/moveit_ros_warehouse:/home/deepak/ws_moveit/install/moveit_planners_ompl:/home/deepak/ws_moveit/install/moveit_kinematics:/home/deepak/ws_moveit/install/moveit_ros_planning:/home/deepak/ws_moveit/install/moveit_simple_controller_manager:/home/deepak/ws_moveit/install/moveit_ros_occupancy_map_monitor:/home/deepak/ws_moveit/install/moveit_core:/home/deepak/ws_moveit/install/moveit_resources_panda_moveit_config:/home/deepak/ws_moveit/install/moveit_resources_fanuc_moveit_config:/home/deepak/ws_moveit/install/srdfdom:/home/deepak/ws_moveit/install/moveit_resources_pr2_description:/home/deepak/ws_moveit/install/moveit_resources_panda_description:/home/deepak/ws_moveit/install/moveit_resources_fanuc_description:/home/deepak/ws_moveit/install/moveit_common:/home/deepak/turtlebot3_ws/install/turtlebot3:/home/deepak/turtlebot3_ws/install/turtlebot3_simulations:/home/deepak/turtlebot3_ws/install/turtlebot3_bringup:/home/deepak/turtlebot3_ws/install/turtlebot3_node:/home/deepak/turtlebot3_ws/install/turtlebot3_navigation2:/home/deepak/turtlebot3_ws/install/turtlebot3_fake_node:/home/deepak/turtlebot3_ws/install/turtlebot3_msgs:/home/deepak/turtlebot3_ws/install/turtlebot3_manipulation_gazebo:/home/deepak/turtlebot3_ws/install/turtlebot3_gazebo:/home/deepak/turtlebot3_ws/install/turtlebot3_description:/home/deepak/turtlebot3_ws/install/turtlebot3_cartographer:/home/deepak/turtlebot3_ws/install/turtlebot3_autorace:/home/deepak/turtlebot3_ws/install/multirobot_map_merge:/home/deepak/turtlebot3_ws/install/explore_lite:/home/deepak/turtlebot3_ws/install/dynamixel_sdk_examples:/home/deepak/turtlebot3_ws/install/dynamixel_sdk_custom_interfaces:/home/deepak/turtlebot3_ws/install/dynamixel_sdk:/home/deepak/turtlebot3_ws/install/turtlebot3_teleop:/home/deepak/turtlebot3_ws/install/turtlebot3_example:/home/deepak/turtlebot3_ws/install/turtlebot3_autorace_mission:/home/deepak/turtlebot3_ws/install/turtlebot3_autorace_detect:/home/deepak/turtlebot3_ws/install/turtlebot3_autorace_camera:/opt/ros/humble LD_LIBRARY_PATH=/home/deepak/ws_moveit/install/moveit_ros_planning_interface/lib:/home/deepak/ws_moveit/install/moveit_ros_move_group/lib:/home/deepak/ws_moveit/install/moveit_ros_warehouse/lib:/home/deepak/ws_moveit/install/moveit_planners_ompl/lib:/home/deepak/ws_moveit/install/moveit_kinematics/lib:/home/deepak/ws_moveit/install/moveit_ros_planning/lib:/home/deepak/ws_moveit/install/moveit_simple_controller_manager/lib:/home/deepak/ws_moveit/install/moveit_ros_occupancy_map_monitor/lib:/home/deepak/ws_moveit/install/moveit_core/lib:/home/deepak/ws_moveit/install/srdfdom/lib:/home/deepak/turtlebot3_ws/install/turtlebot3_msgs/lib:/home/deepak/turtlebot3_ws/install/multirobot_map_merge/lib:/home/deepak/turtlebot3_ws/install/dynamixel_sdk_custom_interfaces/lib:/home/deepak/turtlebot3_ws/install/dynamixel_sdk/lib:/usr/lib/x86_64-linux-gnu/gazebo-11/plugins:/opt/ros/humble/opt/rviz_ogre_vendor/lib:/opt/ros/humble/lib/x86_64-linux-gnu:/opt/ros/humble/lib:/usr/lib/x86_64-linux-gnu/gazebo-11/plugins PATH=/home/deepak/ws_moveit/install/moveit_core/bin:${PATH} PYTHONPATH=/home/deepak/ws_moveit/install/moveit_configs_utils/lib/python3.10/site-packages:/home/deepak/ws_moveit/install/srdfdom/local/lib/python3.10/dist-packages:/home/deepak/ws_moveit/install/launch_param_builder/lib/python3.10/site-packages:${PYTHONPATH} /usr/bin/cmake /home/deepak/ws_moveit/src/moveit2/moveit_py -DBUILD_TESTING=OFF -DCMAKE_INSTALL_PREFIX=/home/deepak/ws_moveit/install/moveit_py
[0.076s] -- The C compiler identification is GNU 11.4.0
[0.119s] -- The CXX compiler identification is GNU 11.4.0
[0.125s] -- Detecting C compiler ABI info
[0.180s] -- Detecting C compiler ABI info - done
[0.187s] -- Check for working C compiler: /usr/bin/cc - skipped
[0.187s] -- Detecting C compile features
[0.187s] -- Detecting C compile features - done
[0.189s] -- Detecting CXX compiler ABI info
[0.251s] -- Detecting CXX compiler ABI info - done
[0.255s] -- Check for working CXX compiler: /usr/bin/c++ - skipped
[0.255s] -- Detecting CXX compile features
[0.255s] -- Detecting CXX compile features - done
[0.258s] -- Found ament_cmake: 1.3.12 (/opt/ros/humble/share/ament_cmake/cmake)
[0.370s] -- Found Python3: /usr/bin/python3 (found version "3.10.12") found components: Interpreter 
[0.440s] -- Found rclcpp: 16.0.17 (/opt/ros/humble/share/rclcpp/cmake)
[0.476s] -- Found rosidl_generator_c: 3.1.8 (/opt/ros/humble/share/rosidl_generator_c/cmake)
[0.481s] -- Found rosidl_adapter: 3.1.8 (/opt/ros/humble/share/rosidl_adapter/cmake)
[0.488s] -- Found rosidl_generator_cpp: 3.1.8 (/opt/ros/humble/share/rosidl_generator_cpp/cmake)
[0.497s] -- Using all available rosidl_typesupport_c: rosidl_typesupport_fastrtps_c;rosidl_typesupport_introspection_c
[0.510s] -- Using all available rosidl_typesupport_cpp: rosidl_typesupport_fastrtps_cpp;rosidl_typesupport_introspection_cpp
[0.546s] -- Found rmw_implementation_cmake: 6.1.2 (/opt/ros/humble/share/rmw_implementation_cmake/cmake)
[0.549s] -- Found rmw_fastrtps_cpp: 6.2.9 (/opt/ros/humble/share/rmw_fastrtps_cpp/cmake)
[0.619s] -- Found OpenSSL: /usr/lib/x86_64-linux-gnu/libcrypto.so (found version "3.0.2")  
[0.637s] -- Found FastRTPS: /opt/ros/humble/include  
[0.672s] -- Using RMW implementation 'rmw_fastrtps_cpp' as default
[0.680s] -- Looking for pthread.h
[0.735s] -- Looking for pthread.h - found
[0.735s] -- Performing Test CMAKE_HAVE_LIBC_PTHREAD
[0.791s] -- Performing Test CMAKE_HAVE_LIBC_PTHREAD - Success
[0.792s] -- Found Threads: TRUE  
[0.826s] -- Found rclpy: 3.3.19 (/opt/ros/humble/share/rclpy/cmake)
[0.828s] -- Found geometry_msgs: 4.9.0 (/opt/ros/humble/share/geometry_msgs/cmake)
[0.835s] -- Found moveit_ros_planning: 2.5.9 (/home/deepak/ws_moveit/install/moveit_ros_planning/share/moveit_ros_planning/cmake)
[0.860s] -- Found Boost: /usr/lib/x86_64-linux-gnu/cmake/Boost-1.74.0/BoostConfig.cmake (found version "1.74.0") found components: system filesystem date_time program_options thread chrono 
[0.974s] -- Found Boost: /usr/lib/x86_64-linux-gnu/cmake/Boost-1.74.0/BoostConfig.cmake (found version "1.74.0") found components: chrono date_time filesystem iostreams program_options regex serialization system thread 
[1.006s] -- Found parameter_traits: 0.6.0 (/opt/ros/humble/share/parameter_traits/cmake)
[1.017s] -- Found rclcpp_lifecycle: 16.0.17 (/opt/ros/humble/share/rclcpp_lifecycle/cmake)
[1.034s] -- Found Boost: /usr/lib/x86_64-linux-gnu/cmake/Boost-1.74.0/BoostConfig.cmake (found version "1.74.0") found components: filesystem 
[1.106s] -- library: /usr/lib/x86_64-linux-gnu/libcurl.so
[1.150s] -- Found Eigen3: TRUE (found version "3.4.0") 
[1.150s] -- Ensuring Eigen3 include directory is part of orocos-kdl CMake target
[1.231s] -- Found moveit_ros_planning_interface: 2.5.9 (/home/deepak/ws_moveit/install/moveit_ros_planning_interface/share/moveit_ros_planning_interface/cmake)
[1.234s] -- Found Boost: /usr/lib/x86_64-linux-gnu/cmake/Boost-1.74.0/BoostConfig.cmake (found version "1.74.0") found components: date_time filesystem program_options system thread 
[1.242s] -- Found Boost: /usr/lib/x86_64-linux-gnu/cmake/Boost-1.74.0/BoostConfig.cmake (found version "1.74.0") found components: thread system filesystem regex date_time program_options 
[1.255s] -- Found Boost: /usr/lib/x86_64-linux-gnu/cmake/Boost-1.74.0/BoostConfig.cmake (found version "1.74.0") found components: system filesystem date_time program_options thread 
[1.384s] -- Found Python3: /usr/bin/python3 (found version "3.10.12") found components: Interpreter Development Development.Module Development.Embed 
[1.391s] -- Found pybind11_vendor: 2.4.2 (/opt/ros/humble/share/pybind11_vendor/cmake)
[1.432s] -- Performing Test HAS_FLTO
[1.516s] -- Performing Test HAS_FLTO - Success
[1.517s] -- Found pybind11: /usr/include (found version "2.9.1")
[1.619s] -- Configuring done
[1.645s] -- Generating done
[1.652s] -- Build files have been written to: /home/deepak/ws_moveit/build/moveit_py
[1.662s] Invoked command in '/home/deepak/ws_moveit/build/moveit_py' returned '0': AMENT_PREFIX_PATH=/home/deepak/ws_moveit/install/moveit_ros_planning_interface:/home/deepak/ws_moveit/install/moveit_ros_move_group:/home/deepak/ws_moveit/install/moveit_ros_warehouse:/home/deepak/ws_moveit/install/moveit_planners_ompl:/home/deepak/ws_moveit/install/moveit_kinematics:/home/deepak/ws_moveit/install/moveit_ros_planning:/home/deepak/ws_moveit/install/moveit_simple_controller_manager:/home/deepak/ws_moveit/install/moveit_ros_occupancy_map_monitor:/home/deepak/ws_moveit/install/moveit_core:/home/deepak/ws_moveit/install/moveit_resources_panda_moveit_config:/home/deepak/ws_moveit/install/moveit_resources_fanuc_moveit_config:/home/deepak/ws_moveit/install/moveit_configs_utils:/home/deepak/ws_moveit/install/srdfdom:/home/deepak/ws_moveit/install/moveit_resources_pr2_description:/home/deepak/ws_moveit/install/moveit_resources_panda_description:/home/deepak/ws_moveit/install/moveit_resources_fanuc_description:/home/deepak/ws_moveit/install/moveit_common:/home/deepak/ws_moveit/install/launch_param_builder:${AMENT_PREFIX_PATH} CMAKE_PREFIX_PATH=/home/deepak/ws_moveit/install/moveit_ros_planning_interface:/home/deepak/ws_moveit/install/moveit_ros_move_group:/home/deepak/ws_moveit/install/moveit_ros_warehouse:/home/deepak/ws_moveit/install/moveit_planners_ompl:/home/deepak/ws_moveit/install/moveit_kinematics:/home/deepak/ws_moveit/install/moveit_ros_planning:/home/deepak/ws_moveit/install/moveit_simple_controller_manager:/home/deepak/ws_moveit/install/moveit_ros_occupancy_map_monitor:/home/deepak/ws_moveit/install/moveit_core:/home/deepak/ws_moveit/install/moveit_resources_panda_moveit_config:/home/deepak/ws_moveit/install/moveit_resources_fanuc_moveit_config:/home/deepak/ws_moveit/install/srdfdom:/home/deepak/ws_moveit/install/moveit_resources_pr2_description:/home/deepak/ws_moveit/install/moveit_resources_panda_description:/home/deepak/ws_moveit/install/moveit_resources_fanuc_description:/home/deepak/ws_moveit/install/moveit_common:/home/deepak/turtlebot3_ws/install/turtlebot3:/home/deepak/turtlebot3_ws/install/turtlebot3_simulations:/home/deepak/turtlebot3_ws/install/turtlebot3_bringup:/home/deepak/turtlebot3_ws/install/turtlebot3_node:/home/deepak/turtlebot3_ws/install/turtlebot3_navigation2:/home/deepak/turtlebot3_ws/install/turtlebot3_fake_node:/home/deepak/turtlebot3_ws/install/turtlebot3_msgs:/home/deepak/turtlebot3_ws/install/turtlebot3_manipulation_gazebo:/home/deepak/turtlebot3_ws/install/turtlebot3_gazebo:/home/deepak/turtlebot3_ws/install/turtlebot3_description:/home/deepak/turtlebot3_ws/install/turtlebot3_cartographer:/home/deepak/turtlebot3_ws/install/turtlebot3_autorace:/home/deepak/turtlebot3_ws/install/multirobot_map_merge:/home/deepak/turtlebot3_ws/install/explore_lite:/home/deepak/turtlebot3_ws/install/dynamixel_sdk_examples:/home/deepak/turtlebot3_ws/install/dynamixel_sdk_custom_interfaces:/home/deepak/turtlebot3_ws/install/dynamixel_sdk:/home/deepak/turtlebot3_ws/install/turtlebot3_teleop:/home/deepak/turtlebot3_ws/install/turtlebot3_example:/home/deepak/turtlebot3_ws/install/turtlebot3_autorace_mission:/home/deepak/turtlebot3_ws/install/turtlebot3_autorace_detect:/home/deepak/turtlebot3_ws/install/turtlebot3_autorace_camera:/opt/ros/humble LD_LIBRARY_PATH=/home/deepak/ws_moveit/install/moveit_ros_planning_interface/lib:/home/deepak/ws_moveit/install/moveit_ros_move_group/lib:/home/deepak/ws_moveit/install/moveit_ros_warehouse/lib:/home/deepak/ws_moveit/install/moveit_planners_ompl/lib:/home/deepak/ws_moveit/install/moveit_kinematics/lib:/home/deepak/ws_moveit/install/moveit_ros_planning/lib:/home/deepak/ws_moveit/install/moveit_simple_controller_manager/lib:/home/deepak/ws_moveit/install/moveit_ros_occupancy_map_monitor/lib:/home/deepak/ws_moveit/install/moveit_core/lib:/home/deepak/ws_moveit/install/srdfdom/lib:/home/deepak/turtlebot3_ws/install/turtlebot3_msgs/lib:/home/deepak/turtlebot3_ws/install/multirobot_map_merge/lib:/home/deepak/turtlebot3_ws/install/dynamixel_sdk_custom_interfaces/lib:/home/deepak/turtlebot3_ws/install/dynamixel_sdk/lib:/usr/lib/x86_64-linux-gnu/gazebo-11/plugins:/opt/ros/humble/opt/rviz_ogre_vendor/lib:/opt/ros/humble/lib/x86_64-linux-gnu:/opt/ros/humble/lib:/usr/lib/x86_64-linux-gnu/gazebo-11/plugins PATH=/home/deepak/ws_moveit/install/moveit_core/bin:${PATH} PYTHONPATH=/home/deepak/ws_moveit/install/moveit_configs_utils/lib/python3.10/site-packages:/home/deepak/ws_moveit/install/srdfdom/local/lib/python3.10/dist-packages:/home/deepak/ws_moveit/install/launch_param_builder/lib/python3.10/site-packages:${PYTHONPATH} /usr/bin/cmake /home/deepak/ws_moveit/src/moveit2/moveit_py -DBUILD_TESTING=OFF -DCMAKE_INSTALL_PREFIX=/home/deepak/ws_moveit/install/moveit_py
[1.663s] Invoking command in '/home/deepak/ws_moveit/build/moveit_py': AMENT_PREFIX_PATH=/home/deepak/ws_moveit/install/moveit_ros_planning_interface:/home/deepak/ws_moveit/install/moveit_ros_move_group:/home/deepak/ws_moveit/install/moveit_ros_warehouse:/home/deepak/ws_moveit/install/moveit_planners_ompl:/home/deepak/ws_moveit/install/moveit_kinematics:/home/deepak/ws_moveit/install/moveit_ros_planning:/home/deepak/ws_moveit/install/moveit_simple_controller_manager:/home/deepak/ws_moveit/install/moveit_ros_occupancy_map_monitor:/home/deepak/ws_moveit/install/moveit_core:/home/deepak/ws_moveit/install/moveit_resources_panda_moveit_config:/home/deepak/ws_moveit/install/moveit_resources_fanuc_moveit_config:/home/deepak/ws_moveit/install/moveit_configs_utils:/home/deepak/ws_moveit/install/srdfdom:/home/deepak/ws_moveit/install/moveit_resources_pr2_description:/home/deepak/ws_moveit/install/moveit_resources_panda_description:/home/deepak/ws_moveit/install/moveit_resources_fanuc_description:/home/deepak/ws_moveit/install/moveit_common:/home/deepak/ws_moveit/install/launch_param_builder:${AMENT_PREFIX_PATH} CMAKE_PREFIX_PATH=/home/deepak/ws_moveit/install/moveit_ros_planning_interface:/home/deepak/ws_moveit/install/moveit_ros_move_group:/home/deepak/ws_moveit/install/moveit_ros_warehouse:/home/deepak/ws_moveit/install/moveit_planners_ompl:/home/deepak/ws_moveit/install/moveit_kinematics:/home/deepak/ws_moveit/install/moveit_ros_planning:/home/deepak/ws_moveit/install/moveit_simple_controller_manager:/home/deepak/ws_moveit/install/moveit_ros_occupancy_map_monitor:/home/deepak/ws_moveit/install/moveit_core:/home/deepak/ws_moveit/install/moveit_resources_panda_moveit_config:/home/deepak/ws_moveit/install/moveit_resources_fanuc_moveit_config:/home/deepak/ws_moveit/install/srdfdom:/home/deepak/ws_moveit/install/moveit_resources_pr2_description:/home/deepak/ws_moveit/install/moveit_resources_panda_description:/home/deepak/ws_moveit/install/moveit_resources_fanuc_description:/home/deepak/ws_moveit/install/moveit_common:/home/deepak/turtlebot3_ws/install/turtlebot3:/home/deepak/turtlebot3_ws/install/turtlebot3_simulations:/home/deepak/turtlebot3_ws/install/turtlebot3_bringup:/home/deepak/turtlebot3_ws/install/turtlebot3_node:/home/deepak/turtlebot3_ws/install/turtlebot3_navigation2:/home/deepak/turtlebot3_ws/install/turtlebot3_fake_node:/home/deepak/turtlebot3_ws/install/turtlebot3_msgs:/home/deepak/turtlebot3_ws/install/turtlebot3_manipulation_gazebo:/home/deepak/turtlebot3_ws/install/turtlebot3_gazebo:/home/deepak/turtlebot3_ws/install/turtlebot3_description:/home/deepak/turtlebot3_ws/install/turtlebot3_cartographer:/home/deepak/turtlebot3_ws/install/turtlebot3_autorace:/home/deepak/turtlebot3_ws/install/multirobot_map_merge:/home/deepak/turtlebot3_ws/install/explore_lite:/home/deepak/turtlebot3_ws/install/dynamixel_sdk_examples:/home/deepak/turtlebot3_ws/install/dynamixel_sdk_custom_interfaces:/home/deepak/turtlebot3_ws/install/dynamixel_sdk:/home/deepak/turtlebot3_ws/install/turtlebot3_teleop:/home/deepak/turtlebot3_ws/install/turtlebot3_example:/home/deepak/turtlebot3_ws/install/turtlebot3_autorace_mission:/home/deepak/turtlebot3_ws/install/turtlebot3_autorace_detect:/home/deepak/turtlebot3_ws/install/turtlebot3_autorace_camera:/opt/ros/humble LD_LIBRARY_PATH=/home/deepak/ws_moveit/install/moveit_ros_planning_interface/lib:/home/deepak/ws_moveit/install/moveit_ros_move_group/lib:/home/deepak/ws_moveit/install/moveit_ros_warehouse/lib:/home/deepak/ws_moveit/install/moveit_planners_ompl/lib:/home/deepak/ws_moveit/install/moveit_kinematics/lib:/home/deepak/ws_moveit/install/moveit_ros_planning/lib:/home/deepak/ws_moveit/install/moveit_simple_controller_manager/lib:/home/deepak/ws_moveit/install/moveit_ros_occupancy_map_monitor/lib:/home/deepak/ws_moveit/install/moveit_core/lib:/home/deepak/ws_moveit/install/srdfdom/lib:/home/deepak/turtlebot3_ws/install/turtlebot3_msgs/lib:/home/deepak/turtlebot3_ws/install/multirobot_map_merge/lib:/home/deepak/turtlebot3_ws/install/dynamixel_sdk_custom_interfaces/lib:/home/deepak/turtlebot3_ws/install/dynamixel_sdk/lib:/usr/lib/x86_64-linux-gnu/gazebo-11/plugins:/opt/ros/humble/opt/rviz_ogre_vendor/lib:/opt/ros/humble/lib/x86_64-linux-gnu:/opt/ros/humble/lib:/usr/lib/x86_64-linux-gnu/gazebo-11/plugins PATH=/home/deepak/ws_moveit/install/moveit_core/bin:${PATH} PYTHONPATH=/home/deepak/ws_moveit/install/moveit_configs_utils/lib/python3.10/site-packages:/home/deepak/ws_moveit/install/srdfdom/local/lib/python3.10/dist-packages:/home/deepak/ws_moveit/install/launch_param_builder/lib/python3.10/site-packages:${PYTHONPATH} /usr/bin/cmake --build /home/deepak/ws_moveit/build/moveit_py
[1.703s] [  4%] [32mBuilding CXX object src/moveit/moveit_py_utils/CMakeFiles/moveit_py_utils.dir/src/copy_ros_msg.cpp.o[0m
[1.704s] [  8%] [32mBuilding CXX object src/moveit/moveit_py_utils/CMakeFiles/moveit_py_utils.dir/src/ros_msg_typecasters.cpp.o[0m
[1.711s] [  8%] Built target ament_cmake_python_copy_moveit
[1.851s] running egg_info
[1.851s] creating moveit.egg-info
[1.851s] writing moveit.egg-info/PKG-INFO
[1.851s] writing dependency_links to moveit.egg-info/dependency_links.txt
[1.851s] writing top-level names to moveit.egg-info/top_level.txt
[1.851s] writing manifest file 'moveit.egg-info/SOURCES.txt'
[1.852s] reading manifest file 'moveit.egg-info/SOURCES.txt'
[1.853s] writing manifest file 'moveit.egg-info/SOURCES.txt'
[1.871s] [  8%] Built target ament_cmake_python_build_moveit_egg
[4.472s] [ 12%] [32m[1mLinking CXX shared library libmoveit_py_utils.so[0m
[5.019s] [ 12%] Built target moveit_py_utils
[5.042s] [ 25%] [32mBuilding CXX object CMakeFiles/core.dir/src/moveit/core.cpp.o[0m
[5.042s] [ 25%] [32mBuilding CXX object CMakeFiles/planning.dir/src/moveit/planning.cpp.o[0m
[5.042s] [ 25%] [32mBuilding CXX object CMakeFiles/core.dir/src/moveit/moveit_core/collision_detection/collision_common.cpp.o[0m
[10.721s] [ 29%] [32mBuilding CXX object CMakeFiles/core.dir/src/moveit/moveit_core/collision_detection/collision_matrix.cpp.o[0m
[10.949s] [ 33%] [32mBuilding CXX object CMakeFiles/core.dir/src/moveit/moveit_core/collision_detection/world.cpp.o[0m
[14.443s] [ 37%] [32mBuilding CXX object CMakeFiles/core.dir/src/moveit/moveit_core/controller_manager/controller_manager.cpp.o[0m
[14.473s] [ 41%] [32mBuilding CXX object CMakeFiles/core.dir/src/moveit/moveit_core/kinematic_constraints/utils.cpp.o[0m
[14.656s] [ 45%] [32mBuilding CXX object CMakeFiles/planning.dir/src/moveit/moveit_ros/moveit_cpp/moveit_cpp.cpp.o[0m
[17.465s] [ 50%] [32mBuilding CXX object CMakeFiles/core.dir/src/moveit/moveit_core/planning_interface/planning_response.cpp.o[0m
[19.435s] [ 54%] [32mBuilding CXX object CMakeFiles/core.dir/src/moveit/moveit_core/planning_scene/planning_scene.cpp.o[0m
[22.145s] [ 58%] [32mBuilding CXX object CMakeFiles/planning.dir/src/moveit/moveit_ros/moveit_cpp/planning_component.cpp.o[0m
[22.662s] [ 62%] [32mBuilding CXX object CMakeFiles/core.dir/src/moveit/moveit_core/transforms/transforms.cpp.o[0m
[24.978s] [ 66%] [32mBuilding CXX object CMakeFiles/core.dir/src/moveit/moveit_core/robot_model/joint_model.cpp.o[0m
[25.601s] [ 70%] [32mBuilding CXX object CMakeFiles/core.dir/src/moveit/moveit_core/robot_model/joint_model_group.cpp.o[0m
[26.789s] [ 75%] [32mBuilding CXX object CMakeFiles/core.dir/src/moveit/moveit_core/robot_model/robot_model.cpp.o[0m
[29.077s] [ 79%] [32mBuilding CXX object CMakeFiles/core.dir/src/moveit/moveit_core/robot_state/robot_state.cpp.o[0m
[29.785s] [ 83%] [32mBuilding CXX object CMakeFiles/planning.dir/src/moveit/moveit_ros/planning_scene_monitor/planning_scene_monitor.cpp.o[0m
[30.827s] [ 87%] [32mBuilding CXX object CMakeFiles/core.dir/src/moveit/moveit_core/robot_trajectory/robot_trajectory.cpp.o[0m
[35.925s] [ 91%] [32mBuilding CXX object CMakeFiles/planning.dir/src/moveit/moveit_ros/trajectory_execution_manager/trajectory_execution_manager.cpp.o[0m
[39.829s] [ 95%] [32m[1mLinking CXX shared module test_moveit/core.cpython-310-x86_64-linux-gnu.so[0m
[41.115s] lto-wrapper: warning: using serial compilation of 3 LTRANS jobs
[43.754s] [100%] [32m[1mLinking CXX shared module test_moveit/planning.cpython-310-x86_64-linux-gnu.so[0m
[44.365s] lto-wrapper: warning: using serial compilation of 2 LTRANS jobs
[45.805s] [100%] Built target core
[48.189s] [100%] Built target planning
[48.200s] Invoked command in '/home/deepak/ws_moveit/build/moveit_py' returned '0': AMENT_PREFIX_PATH=/home/deepak/ws_moveit/install/moveit_ros_planning_interface:/home/deepak/ws_moveit/install/moveit_ros_move_group:/home/deepak/ws_moveit/install/moveit_ros_warehouse:/home/deepak/ws_moveit/install/moveit_planners_ompl:/home/deepak/ws_moveit/install/moveit_kinematics:/home/deepak/ws_moveit/install/moveit_ros_planning:/home/deepak/ws_moveit/install/moveit_simple_controller_manager:/home/deepak/ws_moveit/install/moveit_ros_occupancy_map_monitor:/home/deepak/ws_moveit/install/moveit_core:/home/deepak/ws_moveit/install/moveit_resources_panda_moveit_config:/home/deepak/ws_moveit/install/moveit_resources_fanuc_moveit_config:/home/deepak/ws_moveit/install/moveit_configs_utils:/home/deepak/ws_moveit/install/srdfdom:/home/deepak/ws_moveit/install/moveit_resources_pr2_description:/home/deepak/ws_moveit/install/moveit_resources_panda_description:/home/deepak/ws_moveit/install/moveit_resources_fanuc_description:/home/deepak/ws_moveit/install/moveit_common:/home/deepak/ws_moveit/install/launch_param_builder:${AMENT_PREFIX_PATH} CMAKE_PREFIX_PATH=/home/deepak/ws_moveit/install/moveit_ros_planning_interface:/home/deepak/ws_moveit/install/moveit_ros_move_group:/home/deepak/ws_moveit/install/moveit_ros_warehouse:/home/deepak/ws_moveit/install/moveit_planners_ompl:/home/deepak/ws_moveit/install/moveit_kinematics:/home/deepak/ws_moveit/install/moveit_ros_planning:/home/deepak/ws_moveit/install/moveit_simple_controller_manager:/home/deepak/ws_moveit/install/moveit_ros_occupancy_map_monitor:/home/deepak/ws_moveit/install/moveit_core:/home/deepak/ws_moveit/install/moveit_resources_panda_moveit_config:/home/deepak/ws_moveit/install/moveit_resources_fanuc_moveit_config:/home/deepak/ws_moveit/install/srdfdom:/home/deepak/ws_moveit/install/moveit_resources_pr2_description:/home/deepak/ws_moveit/install/moveit_resources_panda_description:/home/deepak/ws_moveit/install/moveit_resources_fanuc_description:/home/deepak/ws_moveit/install/moveit_common:/home/deepak/turtlebot3_ws/install/turtlebot3:/home/deepak/turtlebot3_ws/install/turtlebot3_simulations:/home/deepak/turtlebot3_ws/install/turtlebot3_bringup:/home/deepak/turtlebot3_ws/install/turtlebot3_node:/home/deepak/turtlebot3_ws/install/turtlebot3_navigation2:/home/deepak/turtlebot3_ws/install/turtlebot3_fake_node:/home/deepak/turtlebot3_ws/install/turtlebot3_msgs:/home/deepak/turtlebot3_ws/install/turtlebot3_manipulation_gazebo:/home/deepak/turtlebot3_ws/install/turtlebot3_gazebo:/home/deepak/turtlebot3_ws/install/turtlebot3_description:/home/deepak/turtlebot3_ws/install/turtlebot3_cartographer:/home/deepak/turtlebot3_ws/install/turtlebot3_autorace:/home/deepak/turtlebot3_ws/install/multirobot_map_merge:/home/deepak/turtlebot3_ws/install/explore_lite:/home/deepak/turtlebot3_ws/install/dynamixel_sdk_examples:/home/deepak/turtlebot3_ws/install/dynamixel_sdk_custom_interfaces:/home/deepak/turtlebot3_ws/install/dynamixel_sdk:/home/deepak/turtlebot3_ws/install/turtlebot3_teleop:/home/deepak/turtlebot3_ws/install/turtlebot3_example:/home/deepak/turtlebot3_ws/install/turtlebot3_autorace_mission:/home/deepak/turtlebot3_ws/install/turtlebot3_autorace_detect:/home/deepak/turtlebot3_ws/install/turtlebot3_autorace_camera:/opt/ros/humble LD_LIBRARY_PATH=/home/deepak/ws_moveit/install/moveit_ros_planning_interface/lib:/home/deepak/ws_moveit/install/moveit_ros_move_group/lib:/home/deepak/ws_moveit/install/moveit_ros_warehouse/lib:/home/deepak/ws_moveit/install/moveit_planners_ompl/lib:/home/deepak/ws_moveit/install/moveit_kinematics/lib:/home/deepak/ws_moveit/install/moveit_ros_planning/lib:/home/deepak/ws_moveit/install/moveit_simple_controller_manager/lib:/home/deepak/ws_moveit/install/moveit_ros_occupancy_map_monitor/lib:/home/deepak/ws_moveit/install/moveit_core/lib:/home/deepak/ws_moveit/install/srdfdom/lib:/home/deepak/turtlebot3_ws/install/turtlebot3_msgs/lib:/home/deepak/turtlebot3_ws/install/multirobot_map_merge/lib:/home/deepak/turtlebot3_ws/install/dynamixel_sdk_custom_interfaces/lib:/home/deepak/turtlebot3_ws/install/dynamixel_sdk/lib:/usr/lib/x86_64-linux-gnu/gazebo-11/plugins:/opt/ros/humble/opt/rviz_ogre_vendor/lib:/opt/ros/humble/lib/x86_64-linux-gnu:/opt/ros/humble/lib:/usr/lib/x86_64-linux-gnu/gazebo-11/plugins PATH=/home/deepak/ws_moveit/install/moveit_core/bin:${PATH} PYTHONPATH=/home/deepak/ws_moveit/install/moveit_configs_utils/lib/python3.10/site-packages:/home/deepak/ws_moveit/install/srdfdom/local/lib/python3.10/dist-packages:/home/deepak/ws_moveit/install/launch_param_builder/lib/python3.10/site-packages:${PYTHONPATH} /usr/bin/cmake --build /home/deepak/ws_moveit/build/moveit_py
[48.202s] Invoking command in '/home/deepak/ws_moveit/build/moveit_py': AMENT_PREFIX_PATH=/home/deepak/ws_moveit/install/moveit_ros_planning_interface:/home/deepak/ws_moveit/install/moveit_ros_move_group:/home/deepak/ws_moveit/install/moveit_ros_warehouse:/home/deepak/ws_moveit/install/moveit_planners_ompl:/home/deepak/ws_moveit/install/moveit_kinematics:/home/deepak/ws_moveit/install/moveit_ros_planning:/home/deepak/ws_moveit/install/moveit_simple_controller_manager:/home/deepak/ws_moveit/install/moveit_ros_occupancy_map_monitor:/home/deepak/ws_moveit/install/moveit_core:/home/deepak/ws_moveit/install/moveit_resources_panda_moveit_config:/home/deepak/ws_moveit/install/moveit_resources_fanuc_moveit_config:/home/deepak/ws_moveit/install/moveit_configs_utils:/home/deepak/ws_moveit/install/srdfdom:/home/deepak/ws_moveit/install/moveit_resources_pr2_description:/home/deepak/ws_moveit/install/moveit_resources_panda_description:/home/deepak/ws_moveit/install/moveit_resources_fanuc_description:/home/deepak/ws_moveit/install/moveit_common:/home/deepak/ws_moveit/install/launch_param_builder:${AMENT_PREFIX_PATH} CMAKE_PREFIX_PATH=/home/deepak/ws_moveit/install/moveit_ros_planning_interface:/home/deepak/ws_moveit/install/moveit_ros_move_group:/home/deepak/ws_moveit/install/moveit_ros_warehouse:/home/deepak/ws_moveit/install/moveit_planners_ompl:/home/deepak/ws_moveit/install/moveit_kinematics:/home/deepak/ws_moveit/install/moveit_ros_planning:/home/deepak/ws_moveit/install/moveit_simple_controller_manager:/home/deepak/ws_moveit/install/moveit_ros_occupancy_map_monitor:/home/deepak/ws_moveit/install/moveit_core:/home/deepak/ws_moveit/install/moveit_resources_panda_moveit_config:/home/deepak/ws_moveit/install/moveit_resources_fanuc_moveit_config:/home/deepak/ws_moveit/install/srdfdom:/home/deepak/ws_moveit/install/moveit_resources_pr2_description:/home/deepak/ws_moveit/install/moveit_resources_panda_description:/home/deepak/ws_moveit/install/moveit_resources_fanuc_description:/home/deepak/ws_moveit/install/moveit_common:/home/deepak/turtlebot3_ws/install/turtlebot3:/home/deepak/turtlebot3_ws/install/turtlebot3_simulations:/home/deepak/turtlebot3_ws/install/turtlebot3_bringup:/home/deepak/turtlebot3_ws/install/turtlebot3_node:/home/deepak/turtlebot3_ws/install/turtlebot3_navigation2:/home/deepak/turtlebot3_ws/install/turtlebot3_fake_node:/home/deepak/turtlebot3_ws/install/turtlebot3_msgs:/home/deepak/turtlebot3_ws/install/turtlebot3_manipulation_gazebo:/home/deepak/turtlebot3_ws/install/turtlebot3_gazebo:/home/deepak/turtlebot3_ws/install/turtlebot3_description:/home/deepak/turtlebot3_ws/install/turtlebot3_cartographer:/home/deepak/turtlebot3_ws/install/turtlebot3_autorace:/home/deepak/turtlebot3_ws/install/multirobot_map_merge:/home/deepak/turtlebot3_ws/install/explore_lite:/home/deepak/turtlebot3_ws/install/dynamixel_sdk_examples:/home/deepak/turtlebot3_ws/install/dynamixel_sdk_custom_interfaces:/home/deepak/turtlebot3_ws/install/dynamixel_sdk:/home/deepak/turtlebot3_ws/install/turtlebot3_teleop:/home/deepak/turtlebot3_ws/install/turtlebot3_example:/home/deepak/turtlebot3_ws/install/turtlebot3_autorace_mission:/home/deepak/turtlebot3_ws/install/turtlebot3_autorace_detect:/home/deepak/turtlebot3_ws/install/turtlebot3_autorace_camera:/opt/ros/humble LD_LIBRARY_PATH=/home/deepak/ws_moveit/install/moveit_ros_planning_interface/lib:/home/deepak/ws_moveit/install/moveit_ros_move_group/lib:/home/deepak/ws_moveit/install/moveit_ros_warehouse/lib:/home/deepak/ws_moveit/install/moveit_planners_ompl/lib:/home/deepak/ws_moveit/install/moveit_kinematics/lib:/home/deepak/ws_moveit/install/moveit_ros_planning/lib:/home/deepak/ws_moveit/install/moveit_simple_controller_manager/lib:/home/deepak/ws_moveit/install/moveit_ros_occupancy_map_monitor/lib:/home/deepak/ws_moveit/install/moveit_core/lib:/home/deepak/ws_moveit/install/srdfdom/lib:/home/deepak/turtlebot3_ws/install/turtlebot3_msgs/lib:/home/deepak/turtlebot3_ws/install/multirobot_map_merge/lib:/home/deepak/turtlebot3_ws/install/dynamixel_sdk_custom_interfaces/lib:/home/deepak/turtlebot3_ws/install/dynamixel_sdk/lib:/usr/lib/x86_64-linux-gnu/gazebo-11/plugins:/opt/ros/humble/opt/rviz_ogre_vendor/lib:/opt/ros/humble/lib/x86_64-linux-gnu:/opt/ros/humble/lib:/usr/lib/x86_64-linux-gnu/gazebo-11/plugins PATH=/home/deepak/ws_moveit/install/moveit_core/bin:${PATH} PYTHONPATH=/home/deepak/ws_moveit/install/moveit_configs_utils/lib/python3.10/site-packages:/home/deepak/ws_moveit/install/srdfdom/local/lib/python3.10/dist-packages:/home/deepak/ws_moveit/install/launch_param_builder/lib/python3.10/site-packages:${PYTHONPATH} /usr/bin/cmake --install /home/deepak/ws_moveit/build/moveit_py
[48.210s] -- Install configuration: ""
[48.210s] -- Installing: /home/deepak/ws_moveit/install/moveit_py/lib/libmoveit_py_utils.so.
[48.212s] -- Set runtime path of "/home/deepak/ws_moveit/install/moveit_py/lib/libmoveit_py_utils.so." to ""
[48.212s] -- Installing: /home/deepak/ws_moveit/install/moveit_py/lib/libmoveit_py_utils.so
[48.212s] -- Installing: /home/deepak/ws_moveit/install/moveit_py/include/moveit_py
[48.212s] -- Installing: /home/deepak/ws_moveit/install/moveit_py/include/moveit_py/moveit_py
[48.212s] -- Installing: /home/deepak/ws_moveit/install/moveit_py/include/moveit_py/moveit_py/moveit_py_utils
[48.212s] -- Installing: /home/deepak/ws_moveit/install/moveit_py/include/moveit_py/moveit_py/moveit_py_utils/copy_ros_msg.h
[48.213s] -- Installing: /home/deepak/ws_moveit/install/moveit_py/include/moveit_py/moveit_py/moveit_py_utils/ros_msg_typecasters.h
[48.213s] -- Installing: /home/deepak/ws_moveit/install/moveit_py/include/moveit_py/moveit_py/moveit_py_utils/rclpy_time_typecaster.hpp
[48.213s] -- Installing: /home/deepak/ws_moveit/install/moveit_py/include/moveit_py/moveit_py/moveit_py_utils/ros_msg_typecasters.hpp
[48.213s] -- Installing: /home/deepak/ws_moveit/install/moveit_py/include/moveit_py/moveit_py/moveit_py_utils/copy_ros_msg.hpp
[48.214s] -- Installing: /home/deepak/ws_moveit/install/moveit_py/share/moveit_py/environment/pythonpath.sh
[48.214s] -- Installing: /home/deepak/ws_moveit/install/moveit_py/share/moveit_py/environment/pythonpath.dsv
[48.214s] -- Installing: /home/deepak/ws_moveit/install/moveit_py/local/lib/python3.10/dist-packages/moveit-2.5.9-py3.10.egg-info
[48.214s] -- Installing: /home/deepak/ws_moveit/install/moveit_py/local/lib/python3.10/dist-packages/moveit-2.5.9-py3.10.egg-info/dependency_links.txt
[48.214s] -- Installing: /home/deepak/ws_moveit/install/moveit_py/local/lib/python3.10/dist-packages/moveit-2.5.9-py3.10.egg-info/top_level.txt
[48.214s] -- Installing: /home/deepak/ws_moveit/install/moveit_py/local/lib/python3.10/dist-packages/moveit-2.5.9-py3.10.egg-info/SOURCES.txt
[48.214s] -- Installing: /home/deepak/ws_moveit/install/moveit_py/local/lib/python3.10/dist-packages/moveit-2.5.9-py3.10.egg-info/PKG-INFO
[48.214s] -- Installing: /home/deepak/ws_moveit/install/moveit_py/local/lib/python3.10/dist-packages/moveit
[48.214s] -- Installing: /home/deepak/ws_moveit/install/moveit_py/local/lib/python3.10/dist-packages/moveit/planning.pyi
[48.214s] -- Installing: /home/deepak/ws_moveit/install/moveit_py/local/lib/python3.10/dist-packages/moveit/utils.pyi
[48.215s] -- Installing: /home/deepak/ws_moveit/install/moveit_py/local/lib/python3.10/dist-packages/moveit/utils.py
[48.215s] -- Installing: /home/deepak/ws_moveit/install/moveit_py/local/lib/python3.10/dist-packages/moveit/README.md
[48.215s] -- Installing: /home/deepak/ws_moveit/install/moveit_py/local/lib/python3.10/dist-packages/moveit/__init__.py
[48.215s] -- Installing: /home/deepak/ws_moveit/install/moveit_py/local/lib/python3.10/dist-packages/moveit/core
[48.215s] -- Installing: /home/deepak/ws_moveit/install/moveit_py/local/lib/python3.10/dist-packages/moveit/core/planning_interface.pyi
[48.215s] -- Installing: /home/deepak/ws_moveit/install/moveit_py/local/lib/python3.10/dist-packages/moveit/core/robot_model.pyi
[48.215s] -- Installing: /home/deepak/ws_moveit/install/moveit_py/local/lib/python3.10/dist-packages/moveit/core/kinematic_constraints.pyi
[48.215s] -- Installing: /home/deepak/ws_moveit/install/moveit_py/local/lib/python3.10/dist-packages/moveit/core/controller_manager.pyi
[48.215s] -- Installing: /home/deepak/ws_moveit/install/moveit_py/local/lib/python3.10/dist-packages/moveit/core/robot_state.pyi
[48.215s] -- Installing: /home/deepak/ws_moveit/install/moveit_py/local/lib/python3.10/dist-packages/moveit/core/planning_scene.pyi
[48.215s] -- Installing: /home/deepak/ws_moveit/install/moveit_py/local/lib/python3.10/dist-packages/moveit/core/__init__.pyi
[48.215s] -- Installing: /home/deepak/ws_moveit/install/moveit_py/local/lib/python3.10/dist-packages/moveit/core/robot_trajectory.pyi
[48.215s] -- Installing: /home/deepak/ws_moveit/install/moveit_py/local/lib/python3.10/dist-packages/moveit/core/collision_detection.pyi
[48.251s] Listing '/home/deepak/ws_moveit/install/moveit_py/local/lib/python3.10/dist-packages/moveit'...
[48.251s] Compiling '/home/deepak/ws_moveit/install/moveit_py/local/lib/python3.10/dist-packages/moveit/__init__.py'...
[48.251s] Listing '/home/deepak/ws_moveit/install/moveit_py/local/lib/python3.10/dist-packages/moveit/core'...
[48.251s] Compiling '/home/deepak/ws_moveit/install/moveit_py/local/lib/python3.10/dist-packages/moveit/utils.py'...
[48.256s] -- Installing: /home/deepak/ws_moveit/install/moveit_py/local/lib/python3.10/dist-packages/moveit/core.cpython-310-x86_64-linux-gnu.so
[48.260s] -- Set runtime path of "/home/deepak/ws_moveit/install/moveit_py/local/lib/python3.10/dist-packages/moveit/core.cpython-310-x86_64-linux-gnu.so" to ""
[48.260s] -- Installing: /home/deepak/ws_moveit/install/moveit_py/local/lib/python3.10/dist-packages/moveit/planning.cpython-310-x86_64-linux-gnu.so
[48.262s] -- Set runtime path of "/home/deepak/ws_moveit/install/moveit_py/local/lib/python3.10/dist-packages/moveit/planning.cpython-310-x86_64-linux-gnu.so" to ""
[48.262s] -- Installing: /home/deepak/ws_moveit/install/moveit_py/share/moveit_py/environment/library_path.sh
[48.262s] -- Installing: /home/deepak/ws_moveit/install/moveit_py/share/moveit_py/environment/library_path.dsv
[48.262s] -- Installing: /home/deepak/ws_moveit/install/moveit_py/share/ament_index/resource_index/package_run_dependencies/moveit_py
[48.262s] -- Installing: /home/deepak/ws_moveit/install/moveit_py/share/ament_index/resource_index/parent_prefix_path/moveit_py
[48.262s] -- Installing: /home/deepak/ws_moveit/install/moveit_py/share/moveit_py/environment/ament_prefix_path.sh
[48.263s] -- Installing: /home/deepak/ws_moveit/install/moveit_py/share/moveit_py/environment/ament_prefix_path.dsv
[48.263s] -- Installing: /home/deepak/ws_moveit/install/moveit_py/share/moveit_py/environment/path.sh
[48.263s] -- Installing: /home/deepak/ws_moveit/install/moveit_py/share/moveit_py/environment/path.dsv
[48.263s] -- Installing: /home/deepak/ws_moveit/install/moveit_py/share/moveit_py/local_setup.bash
[48.263s] -- Installing: /home/deepak/ws_moveit/install/moveit_py/share/moveit_py/local_setup.sh
[48.263s] -- Installing: /home/deepak/ws_moveit/install/moveit_py/share/moveit_py/local_setup.zsh
[48.263s] -- Installing: /home/deepak/ws_moveit/install/moveit_py/share/moveit_py/local_setup.dsv
[48.263s] -- Installing: /home/deepak/ws_moveit/install/moveit_py/share/moveit_py/package.dsv
[48.263s] -- Installing: /home/deepak/ws_moveit/install/moveit_py/share/ament_index/resource_index/packages/moveit_py
[48.263s] -- Installing: /home/deepak/ws_moveit/install/moveit_py/share/moveit_py/cmake/moveit_py_utilsTargetsExport.cmake
[48.263s] -- Installing: /home/deepak/ws_moveit/install/moveit_py/share/moveit_py/cmake/moveit_py_utilsTargetsExport-noconfig.cmake
[48.263s] -- Installing: /home/deepak/ws_moveit/install/moveit_py/share/moveit_py/cmake/ament_cmake_export_targets-extras.cmake
[48.263s] -- Installing: /home/deepak/ws_moveit/install/moveit_py/share/moveit_py/cmake/ament_cmake_export_dependencies-extras.cmake
[48.264s] -- Installing: /home/deepak/ws_moveit/install/moveit_py/share/moveit_py/cmake/moveit_pyConfig.cmake
[48.264s] -- Installing: /home/deepak/ws_moveit/install/moveit_py/share/moveit_py/cmake/moveit_pyConfig-version.cmake
[48.264s] -- Installing: /home/deepak/ws_moveit/install/moveit_py/share/moveit_py/package.xml
[48.266s] Invoked command in '/home/deepak/ws_moveit/build/moveit_py' returned '0': AMENT_PREFIX_PATH=/home/deepak/ws_moveit/install/moveit_ros_planning_interface:/home/deepak/ws_moveit/install/moveit_ros_move_group:/home/deepak/ws_moveit/install/moveit_ros_warehouse:/home/deepak/ws_moveit/install/moveit_planners_ompl:/home/deepak/ws_moveit/install/moveit_kinematics:/home/deepak/ws_moveit/install/moveit_ros_planning:/home/deepak/ws_moveit/install/moveit_simple_controller_manager:/home/deepak/ws_moveit/install/moveit_ros_occupancy_map_monitor:/home/deepak/ws_moveit/install/moveit_core:/home/deepak/ws_moveit/install/moveit_resources_panda_moveit_config:/home/deepak/ws_moveit/install/moveit_resources_fanuc_moveit_config:/home/deepak/ws_moveit/install/moveit_configs_utils:/home/deepak/ws_moveit/install/srdfdom:/home/deepak/ws_moveit/install/moveit_resources_pr2_description:/home/deepak/ws_moveit/install/moveit_resources_panda_description:/home/deepak/ws_moveit/install/moveit_resources_fanuc_description:/home/deepak/ws_moveit/install/moveit_common:/home/deepak/ws_moveit/install/launch_param_builder:${AMENT_PREFIX_PATH} CMAKE_PREFIX_PATH=/home/deepak/ws_moveit/install/moveit_ros_planning_interface:/home/deepak/ws_moveit/install/moveit_ros_move_group:/home/deepak/ws_moveit/install/moveit_ros_warehouse:/home/deepak/ws_moveit/install/moveit_planners_ompl:/home/deepak/ws_moveit/install/moveit_kinematics:/home/deepak/ws_moveit/install/moveit_ros_planning:/home/deepak/ws_moveit/install/moveit_simple_controller_manager:/home/deepak/ws_moveit/install/moveit_ros_occupancy_map_monitor:/home/deepak/ws_moveit/install/moveit_core:/home/deepak/ws_moveit/install/moveit_resources_panda_moveit_config:/home/deepak/ws_moveit/install/moveit_resources_fanuc_moveit_config:/home/deepak/ws_moveit/install/srdfdom:/home/deepak/ws_moveit/install/moveit_resources_pr2_description:/home/deepak/ws_moveit/install/moveit_resources_panda_description:/home/deepak/ws_moveit/install/moveit_resources_fanuc_description:/home/deepak/ws_moveit/install/moveit_common:/home/deepak/turtlebot3_ws/install/turtlebot3:/home/deepak/turtlebot3_ws/install/turtlebot3_simulations:/home/deepak/turtlebot3_ws/install/turtlebot3_bringup:/home/deepak/turtlebot3_ws/install/turtlebot3_node:/home/deepak/turtlebot3_ws/install/turtlebot3_navigation2:/home/deepak/turtlebot3_ws/install/turtlebot3_fake_node:/home/deepak/turtlebot3_ws/install/turtlebot3_msgs:/home/deepak/turtlebot3_ws/install/turtlebot3_manipulation_gazebo:/home/deepak/turtlebot3_ws/install/turtlebot3_gazebo:/home/deepak/turtlebot3_ws/install/turtlebot3_description:/home/deepak/turtlebot3_ws/install/turtlebot3_cartographer:/home/deepak/turtlebot3_ws/install/turtlebot3_autorace:/home/deepak/turtlebot3_ws/install/multirobot_map_merge:/home/deepak/turtlebot3_ws/install/explore_lite:/home/deepak/turtlebot3_ws/install/dynamixel_sdk_examples:/home/deepak/turtlebot3_ws/install/dynamixel_sdk_custom_interfaces:/home/deepak/turtlebot3_ws/install/dynamixel_sdk:/home/deepak/turtlebot3_ws/install/turtlebot3_teleop:/home/deepak/turtlebot3_ws/install/turtlebot3_example:/home/deepak/turtlebot3_ws/install/turtlebot3_autorace_mission:/home/deepak/turtlebot3_ws/install/turtlebot3_autorace_detect:/home/deepak/turtlebot3_ws/install/turtlebot3_autorace_camera:/opt/ros/humble LD_LIBRARY_PATH=/home/deepak/ws_moveit/install/moveit_ros_planning_interface/lib:/home/deepak/ws_moveit/install/moveit_ros_move_group/lib:/home/deepak/ws_moveit/install/moveit_ros_warehouse/lib:/home/deepak/ws_moveit/install/moveit_planners_ompl/lib:/home/deepak/ws_moveit/install/moveit_kinematics/lib:/home/deepak/ws_moveit/install/moveit_ros_planning/lib:/home/deepak/ws_moveit/install/moveit_simple_controller_manager/lib:/home/deepak/ws_moveit/install/moveit_ros_occupancy_map_monitor/lib:/home/deepak/ws_moveit/install/moveit_core/lib:/home/deepak/ws_moveit/install/srdfdom/lib:/home/deepak/turtlebot3_ws/install/turtlebot3_msgs/lib:/home/deepak/turtlebot3_ws/install/multirobot_map_merge/lib:/home/deepak/turtlebot3_ws/install/dynamixel_sdk_custom_interfaces/lib:/home/deepak/turtlebot3_ws/install/dynamixel_sdk/lib:/usr/lib/x86_64-linux-gnu/gazebo-11/plugins:/opt/ros/humble/opt/rviz_ogre_vendor/lib:/opt/ros/humble/lib/x86_64-linux-gnu:/opt/ros/humble/lib:/usr/lib/x86_64-linux-gnu/gazebo-11/plugins PATH=/home/deepak/ws_moveit/install/moveit_core/bin:${PATH} PYTHONPATH=/home/deepak/ws_moveit/install/moveit_configs_utils/lib/python3.10/site-packages:/home/deepak/ws_moveit/install/srdfdom/local/lib/python3.10/dist-packages:/home/deepak/ws_moveit/install/launch_param_builder/lib/python3.10/site-packages:${PYTHONPATH} /usr/bin/cmake --install /home/deepak/ws_moveit/build/moveit_py
