[0.061s] DEBUG:colcon:Command line arguments: ['/usr/bin/colcon', 'build']
[0.061s] DEBUG:colcon:Parsed command line arguments: Namespace(log_base=None, log_level=None, verb_name='build', build_base='build', install_base='install', merge_install=False, symlink_install=False, test_result_base=None, continue_on_error=False, executor='parallel', parallel_workers=20, event_handlers=None, ignore_user_meta=False, metas=['./colcon.meta'], base_paths=['.'], packages_ignore=None, packages_ignore_regex=None, paths=None, packages_up_to=None, packages_up_to_regex=None, packages_above=None, packages_above_and_dependencies=None, packages_above_depth=None, packages_select_by_dep=None, packages_skip_by_dep=None, packages_skip_up_to=None, packages_select_build_failed=False, packages_skip_build_finished=False, packages_select_test_failures=False, packages_skip_test_passed=False, packages_select=None, packages_skip=None, packages_select_regex=None, packages_skip_regex=None, packages_start=None, packages_end=None, allow_overriding=[], cmake_args=None, cmake_target=None, cmake_target_skip_unavailable=False, cmake_clean_cache=False, cmake_clean_first=False, cmake_force_configure=False, ament_cmake_args=None, catkin_cmake_args=None, catkin_skip_building_tests=False, mixin_files=None, mixin=None, verb_parser=<colcon_mixin.mixin.mixin_argument.MixinArgumentDecorator object at 0x7b2343266bf0>, verb_extension=<colcon_core.verb.build.BuildVerb object at 0x7b23433df8e0>, main=<bound method BuildVerb.main of <colcon_core.verb.build.BuildVerb object at 0x7b23433df8e0>>, mixin_verb=('build',))
[0.142s] Level 1:colcon.colcon_core.package_discovery:discover_packages(colcon_meta) check parameters
[0.142s] Level 1:colcon.colcon_core.package_discovery:discover_packages(recursive) check parameters
[0.142s] Level 1:colcon.colcon_core.package_discovery:discover_packages(ignore) check parameters
[0.142s] Level 1:colcon.colcon_core.package_discovery:discover_packages(path) check parameters
[0.142s] Level 1:colcon.colcon_core.package_discovery:discover_packages(colcon_meta) discover
[0.142s] Level 1:colcon.colcon_core.package_discovery:discover_packages(recursive) discover
[0.142s] INFO:colcon.colcon_core.package_discovery:Crawling recursively for packages in '/home/deepak/rovercore'
[0.142s] Level 1:colcon.colcon_core.package_identification:_identify(.) by extensions ['ignore', 'ignore_ament_install']
[0.142s] Level 1:colcon.colcon_core.package_identification:_identify(.) by extension 'ignore'
[0.142s] Level 1:colcon.colcon_core.package_identification:_identify(.) by extension 'ignore_ament_install'
[0.142s] Level 1:colcon.colcon_core.package_identification:_identify(.) by extensions ['colcon_pkg']
[0.142s] Level 1:colcon.colcon_core.package_identification:_identify(.) by extension 'colcon_pkg'
[0.142s] Level 1:colcon.colcon_core.package_identification:_identify(.) by extensions ['colcon_meta']
[0.142s] Level 1:colcon.colcon_core.package_identification:_identify(.) by extension 'colcon_meta'
[0.142s] Level 1:colcon.colcon_core.package_identification:_identify(.) by extensions ['ros']
[0.142s] Level 1:colcon.colcon_core.package_identification:_identify(.) by extension 'ros'
[0.148s] Level 1:colcon.colcon_core.package_identification:_identify(.) by extensions ['cmake', 'python']
[0.148s] Level 1:colcon.colcon_core.package_identification:_identify(.) by extension 'cmake'
[0.148s] Level 1:colcon.colcon_core.package_identification:_identify(.) by extension 'python'
[0.148s] Level 1:colcon.colcon_core.package_identification:_identify(.) by extensions ['python_setup_py']
[0.148s] Level 1:colcon.colcon_core.package_identification:_identify(.) by extension 'python_setup_py'
[0.149s] Level 1:colcon.colcon_core.package_identification:_identify(build) by extensions ['ignore', 'ignore_ament_install']
[0.149s] Level 1:colcon.colcon_core.package_identification:_identify(build) by extension 'ignore'
[0.149s] Level 1:colcon.colcon_core.package_identification:_identify(build) ignored
[0.149s] Level 1:colcon.colcon_core.package_identification:_identify(install) by extensions ['ignore', 'ignore_ament_install']
[0.149s] Level 1:colcon.colcon_core.package_identification:_identify(install) by extension 'ignore'
[0.149s] Level 1:colcon.colcon_core.package_identification:_identify(install) ignored
[0.149s] Level 1:colcon.colcon_core.package_identification:_identify(log) by extensions ['ignore', 'ignore_ament_install']
[0.149s] Level 1:colcon.colcon_core.package_identification:_identify(log) by extension 'ignore'
[0.149s] Level 1:colcon.colcon_core.package_identification:_identify(log) ignored
[0.149s] Level 1:colcon.colcon_core.package_identification:_identify(models) by extensions ['ignore', 'ignore_ament_install']
[0.149s] Level 1:colcon.colcon_core.package_identification:_identify(models) by extension 'ignore'
[0.149s] Level 1:colcon.colcon_core.package_identification:_identify(models) by extension 'ignore_ament_install'
[0.149s] Level 1:colcon.colcon_core.package_identification:_identify(models) by extensions ['colcon_pkg']
[0.149s] Level 1:colcon.colcon_core.package_identification:_identify(models) by extension 'colcon_pkg'
[0.149s] Level 1:colcon.colcon_core.package_identification:_identify(models) by extensions ['colcon_meta']
[0.149s] Level 1:colcon.colcon_core.package_identification:_identify(models) by extension 'colcon_meta'
[0.149s] Level 1:colcon.colcon_core.package_identification:_identify(models) by extensions ['ros']
[0.149s] Level 1:colcon.colcon_core.package_identification:_identify(models) by extension 'ros'
[0.149s] Level 1:colcon.colcon_core.package_identification:_identify(models) by extensions ['cmake', 'python']
[0.149s] Level 1:colcon.colcon_core.package_identification:_identify(models) by extension 'cmake'
[0.149s] Level 1:colcon.colcon_core.package_identification:_identify(models) by extension 'python'
[0.149s] Level 1:colcon.colcon_core.package_identification:_identify(models) by extensions ['python_setup_py']
[0.149s] Level 1:colcon.colcon_core.package_identification:_identify(models) by extension 'python_setup_py'
[0.149s] Level 1:colcon.colcon_core.package_identification:_identify(models/cpr_agriculture) by extensions ['ignore', 'ignore_ament_install']
[0.149s] Level 1:colcon.colcon_core.package_identification:_identify(models/cpr_agriculture) by extension 'ignore'
[0.149s] Level 1:colcon.colcon_core.package_identification:_identify(models/cpr_agriculture) by extension 'ignore_ament_install'
[0.149s] Level 1:colcon.colcon_core.package_identification:_identify(models/cpr_agriculture) by extensions ['colcon_pkg']
[0.149s] Level 1:colcon.colcon_core.package_identification:_identify(models/cpr_agriculture) by extension 'colcon_pkg'
[0.149s] Level 1:colcon.colcon_core.package_identification:_identify(models/cpr_agriculture) by extensions ['colcon_meta']
[0.149s] Level 1:colcon.colcon_core.package_identification:_identify(models/cpr_agriculture) by extension 'colcon_meta'
[0.149s] Level 1:colcon.colcon_core.package_identification:_identify(models/cpr_agriculture) by extensions ['ros']
[0.149s] Level 1:colcon.colcon_core.package_identification:_identify(models/cpr_agriculture) by extension 'ros'
[0.149s] Level 1:colcon.colcon_core.package_identification:_identify(models/cpr_agriculture) by extensions ['cmake', 'python']
[0.149s] Level 1:colcon.colcon_core.package_identification:_identify(models/cpr_agriculture) by extension 'cmake'
[0.149s] Level 1:colcon.colcon_core.package_identification:_identify(models/cpr_agriculture) by extension 'python'
[0.149s] Level 1:colcon.colcon_core.package_identification:_identify(models/cpr_agriculture) by extensions ['python_setup_py']
[0.149s] Level 1:colcon.colcon_core.package_identification:_identify(models/cpr_agriculture) by extension 'python_setup_py'
[0.149s] Level 1:colcon.colcon_core.package_identification:_identify(models/cpr_agriculture/materials) by extensions ['ignore', 'ignore_ament_install']
[0.149s] Level 1:colcon.colcon_core.package_identification:_identify(models/cpr_agriculture/materials) by extension 'ignore'
[0.149s] Level 1:colcon.colcon_core.package_identification:_identify(models/cpr_agriculture/materials) by extension 'ignore_ament_install'
[0.150s] Level 1:colcon.colcon_core.package_identification:_identify(models/cpr_agriculture/materials) by extensions ['colcon_pkg']
[0.150s] Level 1:colcon.colcon_core.package_identification:_identify(models/cpr_agriculture/materials) by extension 'colcon_pkg'
[0.150s] Level 1:colcon.colcon_core.package_identification:_identify(models/cpr_agriculture/materials) by extensions ['colcon_meta']
[0.150s] Level 1:colcon.colcon_core.package_identification:_identify(models/cpr_agriculture/materials) by extension 'colcon_meta'
[0.150s] Level 1:colcon.colcon_core.package_identification:_identify(models/cpr_agriculture/materials) by extensions ['ros']
[0.150s] Level 1:colcon.colcon_core.package_identification:_identify(models/cpr_agriculture/materials) by extension 'ros'
[0.150s] Level 1:colcon.colcon_core.package_identification:_identify(models/cpr_agriculture/materials) by extensions ['cmake', 'python']
[0.150s] Level 1:colcon.colcon_core.package_identification:_identify(models/cpr_agriculture/materials) by extension 'cmake'
[0.150s] Level 1:colcon.colcon_core.package_identification:_identify(models/cpr_agriculture/materials) by extension 'python'
[0.150s] Level 1:colcon.colcon_core.package_identification:_identify(models/cpr_agriculture/materials) by extensions ['python_setup_py']
[0.150s] Level 1:colcon.colcon_core.package_identification:_identify(models/cpr_agriculture/materials) by extension 'python_setup_py'
[0.150s] Level 1:colcon.colcon_core.package_identification:_identify(models/cpr_agriculture/materials/textures) by extensions ['ignore', 'ignore_ament_install']
[0.150s] Level 1:colcon.colcon_core.package_identification:_identify(models/cpr_agriculture/materials/textures) by extension 'ignore'
[0.150s] Level 1:colcon.colcon_core.package_identification:_identify(models/cpr_agriculture/materials/textures) by extension 'ignore_ament_install'
[0.150s] Level 1:colcon.colcon_core.package_identification:_identify(models/cpr_agriculture/materials/textures) by extensions ['colcon_pkg']
[0.150s] Level 1:colcon.colcon_core.package_identification:_identify(models/cpr_agriculture/materials/textures) by extension 'colcon_pkg'
[0.150s] Level 1:colcon.colcon_core.package_identification:_identify(models/cpr_agriculture/materials/textures) by extensions ['colcon_meta']
[0.150s] Level 1:colcon.colcon_core.package_identification:_identify(models/cpr_agriculture/materials/textures) by extension 'colcon_meta'
[0.150s] Level 1:colcon.colcon_core.package_identification:_identify(models/cpr_agriculture/materials/textures) by extensions ['ros']
[0.150s] Level 1:colcon.colcon_core.package_identification:_identify(models/cpr_agriculture/materials/textures) by extension 'ros'
[0.150s] Level 1:colcon.colcon_core.package_identification:_identify(models/cpr_agriculture/materials/textures) by extensions ['cmake', 'python']
[0.150s] Level 1:colcon.colcon_core.package_identification:_identify(models/cpr_agriculture/materials/textures) by extension 'cmake'
[0.150s] Level 1:colcon.colcon_core.package_identification:_identify(models/cpr_agriculture/materials/textures) by extension 'python'
[0.150s] Level 1:colcon.colcon_core.package_identification:_identify(models/cpr_agriculture/materials/textures) by extensions ['python_setup_py']
[0.150s] Level 1:colcon.colcon_core.package_identification:_identify(models/cpr_agriculture/materials/textures) by extension 'python_setup_py'
[0.150s] Level 1:colcon.colcon_core.package_identification:_identify(models/cpr_agriculture/meshes) by extensions ['ignore', 'ignore_ament_install']
[0.150s] Level 1:colcon.colcon_core.package_identification:_identify(models/cpr_agriculture/meshes) by extension 'ignore'
[0.150s] Level 1:colcon.colcon_core.package_identification:_identify(models/cpr_agriculture/meshes) by extension 'ignore_ament_install'
[0.150s] Level 1:colcon.colcon_core.package_identification:_identify(models/cpr_agriculture/meshes) by extensions ['colcon_pkg']
[0.150s] Level 1:colcon.colcon_core.package_identification:_identify(models/cpr_agriculture/meshes) by extension 'colcon_pkg'
[0.150s] Level 1:colcon.colcon_core.package_identification:_identify(models/cpr_agriculture/meshes) by extensions ['colcon_meta']
[0.150s] Level 1:colcon.colcon_core.package_identification:_identify(models/cpr_agriculture/meshes) by extension 'colcon_meta'
[0.150s] Level 1:colcon.colcon_core.package_identification:_identify(models/cpr_agriculture/meshes) by extensions ['ros']
[0.150s] Level 1:colcon.colcon_core.package_identification:_identify(models/cpr_agriculture/meshes) by extension 'ros'
[0.150s] Level 1:colcon.colcon_core.package_identification:_identify(models/cpr_agriculture/meshes) by extensions ['cmake', 'python']
[0.150s] Level 1:colcon.colcon_core.package_identification:_identify(models/cpr_agriculture/meshes) by extension 'cmake'
[0.150s] Level 1:colcon.colcon_core.package_identification:_identify(models/cpr_agriculture/meshes) by extension 'python'
[0.150s] Level 1:colcon.colcon_core.package_identification:_identify(models/cpr_agriculture/meshes) by extensions ['python_setup_py']
[0.150s] Level 1:colcon.colcon_core.package_identification:_identify(models/cpr_agriculture/meshes) by extension 'python_setup_py'
[0.150s] Level 1:colcon.colcon_core.package_identification:_identify(rover_description) by extensions ['ignore', 'ignore_ament_install']
[0.150s] Level 1:colcon.colcon_core.package_identification:_identify(rover_description) by extension 'ignore'
[0.150s] Level 1:colcon.colcon_core.package_identification:_identify(rover_description) by extension 'ignore_ament_install'
[0.150s] Level 1:colcon.colcon_core.package_identification:_identify(rover_description) by extensions ['colcon_pkg']
[0.150s] Level 1:colcon.colcon_core.package_identification:_identify(rover_description) by extension 'colcon_pkg'
[0.150s] Level 1:colcon.colcon_core.package_identification:_identify(rover_description) by extensions ['colcon_meta']
[0.150s] Level 1:colcon.colcon_core.package_identification:_identify(rover_description) by extension 'colcon_meta'
[0.150s] Level 1:colcon.colcon_core.package_identification:_identify(rover_description) by extensions ['ros']
[0.150s] Level 1:colcon.colcon_core.package_identification:_identify(rover_description) by extension 'ros'
[0.157s] DEBUG:colcon.colcon_core.package_identification:Package 'rover_description' with type 'ros.ament_cmake' and name 'rover_description'
[0.157s] Level 1:colcon.colcon_core.package_identification:_identify(rover_hardware) by extensions ['ignore', 'ignore_ament_install']
[0.157s] Level 1:colcon.colcon_core.package_identification:_identify(rover_hardware) by extension 'ignore'
[0.157s] Level 1:colcon.colcon_core.package_identification:_identify(rover_hardware) by extension 'ignore_ament_install'
[0.157s] Level 1:colcon.colcon_core.package_identification:_identify(rover_hardware) by extensions ['colcon_pkg']
[0.157s] Level 1:colcon.colcon_core.package_identification:_identify(rover_hardware) by extension 'colcon_pkg'
[0.157s] Level 1:colcon.colcon_core.package_identification:_identify(rover_hardware) by extensions ['colcon_meta']
[0.157s] Level 1:colcon.colcon_core.package_identification:_identify(rover_hardware) by extension 'colcon_meta'
[0.157s] Level 1:colcon.colcon_core.package_identification:_identify(rover_hardware) by extensions ['ros']
[0.157s] Level 1:colcon.colcon_core.package_identification:_identify(rover_hardware) by extension 'ros'
[0.158s] DEBUG:colcon.colcon_core.package_identification:Package 'rover_hardware' with type 'ros.ament_cmake' and name 'rover_hardware'
[0.158s] Level 1:colcon.colcon_core.package_identification:_identify(worlds) by extensions ['ignore', 'ignore_ament_install']
[0.158s] Level 1:colcon.colcon_core.package_identification:_identify(worlds) by extension 'ignore'
[0.158s] Level 1:colcon.colcon_core.package_identification:_identify(worlds) by extension 'ignore_ament_install'
[0.158s] Level 1:colcon.colcon_core.package_identification:_identify(worlds) by extensions ['colcon_pkg']
[0.158s] Level 1:colcon.colcon_core.package_identification:_identify(worlds) by extension 'colcon_pkg'
[0.158s] Level 1:colcon.colcon_core.package_identification:_identify(worlds) by extensions ['colcon_meta']
[0.158s] Level 1:colcon.colcon_core.package_identification:_identify(worlds) by extension 'colcon_meta'
[0.158s] Level 1:colcon.colcon_core.package_identification:_identify(worlds) by extensions ['ros']
[0.158s] Level 1:colcon.colcon_core.package_identification:_identify(worlds) by extension 'ros'
[0.158s] Level 1:colcon.colcon_core.package_identification:_identify(worlds) by extensions ['cmake', 'python']
[0.158s] Level 1:colcon.colcon_core.package_identification:_identify(worlds) by extension 'cmake'
[0.158s] Level 1:colcon.colcon_core.package_identification:_identify(worlds) by extension 'python'
[0.158s] Level 1:colcon.colcon_core.package_identification:_identify(worlds) by extensions ['python_setup_py']
[0.158s] Level 1:colcon.colcon_core.package_identification:_identify(worlds) by extension 'python_setup_py'
[0.158s] Level 1:colcon.colcon_core.package_discovery:discover_packages(recursive) using defaults
[0.158s] Level 1:colcon.colcon_core.package_discovery:discover_packages(ignore) discover
[0.158s] Level 1:colcon.colcon_core.package_discovery:discover_packages(ignore) using defaults
[0.158s] Level 1:colcon.colcon_core.package_discovery:discover_packages(path) discover
[0.158s] Level 1:colcon.colcon_core.package_discovery:discover_packages(path) using defaults
[0.168s] Level 1:colcon.colcon_core.package_discovery:discover_packages(prefix_path) check parameters
[0.169s] Level 1:colcon.colcon_core.package_discovery:discover_packages(prefix_path) discover
[0.170s] DEBUG:colcon.colcon_installed_package_information.package_discovery:Found 2 installed packages in /home/deepak/rovercore/install
[0.170s] DEBUG:colcon.colcon_installed_package_information.package_discovery:Found 14 installed packages in /home/deepak/ros2_ws/install
[0.170s] DEBUG:colcon.colcon_installed_package_information.package_discovery:Found 18 installed packages in /home/deepak/ros_gz/install
[0.171s] DEBUG:colcon.colcon_installed_package_information.package_discovery:Found 1 installed packages in /home/deepak/6_dof/install
[0.172s] DEBUG:colcon.colcon_installed_package_information.package_discovery:Found 397 installed packages in /opt/ros/humble
[0.173s] Level 1:colcon.colcon_core.package_discovery:discover_packages(prefix_path) using defaults
[0.194s] Level 5:colcon.colcon_core.verb:set package 'rover_description' build argument 'cmake_args' from command line to 'None'
[0.194s] Level 5:colcon.colcon_core.verb:set package 'rover_description' build argument 'cmake_target' from command line to 'None'
[0.194s] Level 5:colcon.colcon_core.verb:set package 'rover_description' build argument 'cmake_target_skip_unavailable' from command line to 'False'
[0.194s] Level 5:colcon.colcon_core.verb:set package 'rover_description' build argument 'cmake_clean_cache' from command line to 'False'
[0.194s] Level 5:colcon.colcon_core.verb:set package 'rover_description' build argument 'cmake_clean_first' from command line to 'False'
[0.194s] Level 5:colcon.colcon_core.verb:set package 'rover_description' build argument 'cmake_force_configure' from command line to 'False'
[0.194s] Level 5:colcon.colcon_core.verb:set package 'rover_description' build argument 'ament_cmake_args' from command line to 'None'
[0.194s] Level 5:colcon.colcon_core.verb:set package 'rover_description' build argument 'catkin_cmake_args' from command line to 'None'
[0.194s] Level 5:colcon.colcon_core.verb:set package 'rover_description' build argument 'catkin_skip_building_tests' from command line to 'False'
[0.194s] DEBUG:colcon.colcon_core.verb:Building package 'rover_description' with the following arguments: {'ament_cmake_args': None, 'build_base': '/home/deepak/rovercore/build/rover_description', 'catkin_cmake_args': None, 'catkin_skip_building_tests': False, 'cmake_args': None, 'cmake_clean_cache': False, 'cmake_clean_first': False, 'cmake_force_configure': False, 'cmake_target': None, 'cmake_target_skip_unavailable': False, 'install_base': '/home/deepak/rovercore/install/rover_description', 'merge_install': False, 'path': '/home/deepak/rovercore/rover_description', 'symlink_install': False, 'test_result_base': None}
[0.194s] Level 5:colcon.colcon_core.verb:set package 'rover_hardware' build argument 'cmake_args' from command line to 'None'
[0.194s] Level 5:colcon.colcon_core.verb:set package 'rover_hardware' build argument 'cmake_target' from command line to 'None'
[0.194s] Level 5:colcon.colcon_core.verb:set package 'rover_hardware' build argument 'cmake_target_skip_unavailable' from command line to 'False'
[0.194s] Level 5:colcon.colcon_core.verb:set package 'rover_hardware' build argument 'cmake_clean_cache' from command line to 'False'
[0.194s] Level 5:colcon.colcon_core.verb:set package 'rover_hardware' build argument 'cmake_clean_first' from command line to 'False'
[0.194s] Level 5:colcon.colcon_core.verb:set package 'rover_hardware' build argument 'cmake_force_configure' from command line to 'False'
[0.194s] Level 5:colcon.colcon_core.verb:set package 'rover_hardware' build argument 'ament_cmake_args' from command line to 'None'
[0.194s] Level 5:colcon.colcon_core.verb:set package 'rover_hardware' build argument 'catkin_cmake_args' from command line to 'None'
[0.194s] Level 5:colcon.colcon_core.verb:set package 'rover_hardware' build argument 'catkin_skip_building_tests' from command line to 'False'
[0.194s] DEBUG:colcon.colcon_core.verb:Building package 'rover_hardware' with the following arguments: {'ament_cmake_args': None, 'build_base': '/home/deepak/rovercore/build/rover_hardware', 'catkin_cmake_args': None, 'catkin_skip_building_tests': False, 'cmake_args': None, 'cmake_clean_cache': False, 'cmake_clean_first': False, 'cmake_force_configure': False, 'cmake_target': None, 'cmake_target_skip_unavailable': False, 'install_base': '/home/deepak/rovercore/install/rover_hardware', 'merge_install': False, 'path': '/home/deepak/rovercore/rover_hardware', 'symlink_install': False, 'test_result_base': None}
[0.194s] INFO:colcon.colcon_core.executor:Executing jobs using 'parallel' executor
[0.195s] DEBUG:colcon.colcon_parallel_executor.executor.parallel:run_until_complete
[0.195s] INFO:colcon.colcon_ros.task.ament_cmake.build:Building ROS package in '/home/deepak/rovercore/rover_description' with build type 'ament_cmake'
[0.195s] INFO:colcon.colcon_cmake.task.cmake.build:Building CMake package in '/home/deepak/rovercore/rover_description'
[0.196s] INFO:colcon.colcon_core.plugin_system:Skipping extension 'colcon_core.shell.bat': Not used on non-Windows systems
[0.196s] INFO:colcon.colcon_core.shell:Skip shell extension 'powershell' for command environment: Not usable outside of PowerShell
[0.196s] DEBUG:colcon.colcon_core.shell:Skip shell extension 'dsv' for command environment
[0.200s] INFO:colcon.colcon_ros.task.ament_cmake.build:Building ROS package in '/home/deepak/rovercore/rover_hardware' with build type 'ament_cmake'
[0.200s] INFO:colcon.colcon_cmake.task.cmake.build:Building CMake package in '/home/deepak/rovercore/rover_hardware'
[0.200s] INFO:colcon.colcon_core.shell:Skip shell extension 'powershell' for command environment: Not usable outside of PowerShell
[0.200s] DEBUG:colcon.colcon_core.shell:Skip shell extension 'dsv' for command environment
[0.206s] DEBUG:colcon.colcon_core.event_handler.log_command:Invoking command in '/home/deepak/rovercore/build/rover_description': CMAKE_PREFIX_PATH=${CMAKE_PREFIX_PATH}:/opt/ros/humble /usr/bin/cmake --build /home/deepak/rovercore/build/rover_description -- -j20 -l20
[0.207s] DEBUG:colcon.colcon_core.event_handler.log_command:Invoking command in '/home/deepak/rovercore/build/rover_hardware': CMAKE_PREFIX_PATH=${CMAKE_PREFIX_PATH}:/opt/ros/humble /usr/bin/cmake --build /home/deepak/rovercore/build/rover_hardware -- -j20 -l20
[0.234s] DEBUG:colcon.colcon_core.event_handler.log_command:Invoked command in '/home/deepak/rovercore/build/rover_description' returned '0': CMAKE_PREFIX_PATH=${CMAKE_PREFIX_PATH}:/opt/ros/humble /usr/bin/cmake --build /home/deepak/rovercore/build/rover_description -- -j20 -l20
[0.242s] DEBUG:colcon.colcon_core.event_handler.log_command:Invoking command in '/home/deepak/rovercore/build/rover_description': CMAKE_PREFIX_PATH=${CMAKE_PREFIX_PATH}:/opt/ros/humble /usr/bin/cmake --install /home/deepak/rovercore/build/rover_description
[0.251s] Level 1:colcon.colcon_core.environment:create_environment_scripts_only(rover_description)
[0.255s] DEBUG:colcon.colcon_core.event_handler.log_command:Invoked command in '/home/deepak/rovercore/build/rover_description' returned '0': CMAKE_PREFIX_PATH=${CMAKE_PREFIX_PATH}:/opt/ros/humble /usr/bin/cmake --install /home/deepak/rovercore/build/rover_description
[0.256s] Level 1:colcon.colcon_core.environment:checking '/home/deepak/rovercore/install/rover_description' for CMake module files
[0.256s] Level 1:colcon.colcon_core.environment:checking '/home/deepak/rovercore/install/rover_description' for CMake config files
[0.256s] Level 1:colcon.colcon_core.shell:create_environment_hook('rover_description', 'cmake_prefix_path')
[0.256s] INFO:colcon.colcon_core.shell:Creating environment hook '/home/deepak/rovercore/install/rover_description/share/rover_description/hook/cmake_prefix_path.ps1'
[0.257s] INFO:colcon.colcon_core.shell:Creating environment descriptor '/home/deepak/rovercore/install/rover_description/share/rover_description/hook/cmake_prefix_path.dsv'
[0.257s] INFO:colcon.colcon_core.shell:Creating environment hook '/home/deepak/rovercore/install/rover_description/share/rover_description/hook/cmake_prefix_path.sh'
[0.257s] Level 1:colcon.colcon_core.environment:checking '/home/deepak/rovercore/install/rover_description/lib'
[0.258s] Level 1:colcon.colcon_core.environment:checking '/home/deepak/rovercore/install/rover_description/bin'
[0.258s] Level 1:colcon.colcon_core.environment:checking '/home/deepak/rovercore/install/rover_description/lib/pkgconfig/rover_description.pc'
[0.258s] Level 1:colcon.colcon_core.environment:checking '/home/deepak/rovercore/install/rover_description/lib/python3.10/site-packages'
[0.258s] Level 1:colcon.colcon_core.environment:checking '/home/deepak/rovercore/install/rover_description/bin'
[0.258s] INFO:colcon.colcon_core.shell:Creating package script '/home/deepak/rovercore/install/rover_description/share/rover_description/package.ps1'
[0.258s] INFO:colcon.colcon_core.shell:Creating package descriptor '/home/deepak/rovercore/install/rover_description/share/rover_description/package.dsv'
[0.259s] INFO:colcon.colcon_core.shell:Creating package script '/home/deepak/rovercore/install/rover_description/share/rover_description/package.sh'
[0.259s] INFO:colcon.colcon_core.shell:Creating package script '/home/deepak/rovercore/install/rover_description/share/rover_description/package.bash'
[0.259s] INFO:colcon.colcon_core.shell:Creating package script '/home/deepak/rovercore/install/rover_description/share/rover_description/package.zsh'
[0.260s] Level 1:colcon.colcon_core.environment:create_file_with_runtime_dependencies(/home/deepak/rovercore/install/rover_description/share/colcon-core/packages/rover_description)
[0.260s] Level 1:colcon.colcon_core.environment:create_environment_scripts_only(rover_description)
[0.260s] Level 1:colcon.colcon_core.environment:checking '/home/deepak/rovercore/install/rover_description' for CMake module files
[0.260s] Level 1:colcon.colcon_core.environment:checking '/home/deepak/rovercore/install/rover_description' for CMake config files
[0.260s] Level 1:colcon.colcon_core.shell:create_environment_hook('rover_description', 'cmake_prefix_path')
[0.261s] INFO:colcon.colcon_core.shell:Creating environment hook '/home/deepak/rovercore/install/rover_description/share/rover_description/hook/cmake_prefix_path.ps1'
[0.261s] INFO:colcon.colcon_core.shell:Creating environment descriptor '/home/deepak/rovercore/install/rover_description/share/rover_description/hook/cmake_prefix_path.dsv'
[0.261s] INFO:colcon.colcon_core.shell:Creating environment hook '/home/deepak/rovercore/install/rover_description/share/rover_description/hook/cmake_prefix_path.sh'
[0.261s] Level 1:colcon.colcon_core.environment:checking '/home/deepak/rovercore/install/rover_description/lib'
[0.261s] Level 1:colcon.colcon_core.environment:checking '/home/deepak/rovercore/install/rover_description/bin'
[0.261s] Level 1:colcon.colcon_core.environment:checking '/home/deepak/rovercore/install/rover_description/lib/pkgconfig/rover_description.pc'
[0.261s] Level 1:colcon.colcon_core.environment:checking '/home/deepak/rovercore/install/rover_description/lib/python3.10/site-packages'
[0.261s] Level 1:colcon.colcon_core.environment:checking '/home/deepak/rovercore/install/rover_description/bin'
[0.262s] INFO:colcon.colcon_core.shell:Creating package script '/home/deepak/rovercore/install/rover_description/share/rover_description/package.ps1'
[0.262s] INFO:colcon.colcon_core.shell:Creating package descriptor '/home/deepak/rovercore/install/rover_description/share/rover_description/package.dsv'
[0.262s] INFO:colcon.colcon_core.shell:Creating package script '/home/deepak/rovercore/install/rover_description/share/rover_description/package.sh'
[0.262s] INFO:colcon.colcon_core.shell:Creating package script '/home/deepak/rovercore/install/rover_description/share/rover_description/package.bash'
[0.262s] INFO:colcon.colcon_core.shell:Creating package script '/home/deepak/rovercore/install/rover_description/share/rover_description/package.zsh'
[0.263s] Level 1:colcon.colcon_core.environment:create_file_with_runtime_dependencies(/home/deepak/rovercore/install/rover_description/share/colcon-core/packages/rover_description)
[0.263s] DEBUG:colcon.colcon_core.event_handler.log_command:Invoked command in '/home/deepak/rovercore/build/rover_hardware' returned '0': CMAKE_PREFIX_PATH=${CMAKE_PREFIX_PATH}:/opt/ros/humble /usr/bin/cmake --build /home/deepak/rovercore/build/rover_hardware -- -j20 -l20
[0.264s] DEBUG:colcon.colcon_core.event_handler.log_command:Invoking command in '/home/deepak/rovercore/build/rover_hardware': CMAKE_PREFIX_PATH=${CMAKE_PREFIX_PATH}:/opt/ros/humble /usr/bin/cmake --install /home/deepak/rovercore/build/rover_hardware
[0.273s] Level 1:colcon.colcon_core.environment:create_environment_scripts_only(rover_hardware)
[0.273s] Level 1:colcon.colcon_core.environment:checking '/home/deepak/rovercore/install/rover_hardware' for CMake module files
[0.273s] DEBUG:colcon.colcon_core.event_handler.log_command:Invoked command in '/home/deepak/rovercore/build/rover_hardware' returned '0': CMAKE_PREFIX_PATH=${CMAKE_PREFIX_PATH}:/opt/ros/humble /usr/bin/cmake --install /home/deepak/rovercore/build/rover_hardware
[0.274s] Level 1:colcon.colcon_core.environment:checking '/home/deepak/rovercore/install/rover_hardware' for CMake config files
[0.274s] Level 1:colcon.colcon_core.shell:create_environment_hook('rover_hardware', 'cmake_prefix_path')
[0.274s] INFO:colcon.colcon_core.shell:Creating environment hook '/home/deepak/rovercore/install/rover_hardware/share/rover_hardware/hook/cmake_prefix_path.ps1'
[0.275s] INFO:colcon.colcon_core.shell:Creating environment descriptor '/home/deepak/rovercore/install/rover_hardware/share/rover_hardware/hook/cmake_prefix_path.dsv'
[0.275s] INFO:colcon.colcon_core.shell:Creating environment hook '/home/deepak/rovercore/install/rover_hardware/share/rover_hardware/hook/cmake_prefix_path.sh'
[0.275s] Level 1:colcon.colcon_core.environment:checking '/home/deepak/rovercore/install/rover_hardware/lib'
[0.275s] Level 1:colcon.colcon_core.shell:create_environment_hook('rover_hardware', 'ld_library_path_lib')
[0.275s] INFO:colcon.colcon_core.shell:Creating environment hook '/home/deepak/rovercore/install/rover_hardware/share/rover_hardware/hook/ld_library_path_lib.ps1'
[0.275s] INFO:colcon.colcon_core.shell:Creating environment descriptor '/home/deepak/rovercore/install/rover_hardware/share/rover_hardware/hook/ld_library_path_lib.dsv'
[0.276s] INFO:colcon.colcon_core.shell:Creating environment hook '/home/deepak/rovercore/install/rover_hardware/share/rover_hardware/hook/ld_library_path_lib.sh'
[0.276s] Level 1:colcon.colcon_core.environment:checking '/home/deepak/rovercore/install/rover_hardware/bin'
[0.276s] Level 1:colcon.colcon_core.environment:checking '/home/deepak/rovercore/install/rover_hardware/lib/pkgconfig/rover_hardware.pc'
[0.276s] Level 1:colcon.colcon_core.environment:checking '/home/deepak/rovercore/install/rover_hardware/lib/python3.10/site-packages'
[0.276s] Level 1:colcon.colcon_core.environment:checking '/home/deepak/rovercore/install/rover_hardware/bin'
[0.276s] INFO:colcon.colcon_core.shell:Creating package script '/home/deepak/rovercore/install/rover_hardware/share/rover_hardware/package.ps1'
[0.276s] INFO:colcon.colcon_core.shell:Creating package descriptor '/home/deepak/rovercore/install/rover_hardware/share/rover_hardware/package.dsv'
[0.277s] INFO:colcon.colcon_core.shell:Creating package script '/home/deepak/rovercore/install/rover_hardware/share/rover_hardware/package.sh'
[0.277s] INFO:colcon.colcon_core.shell:Creating package script '/home/deepak/rovercore/install/rover_hardware/share/rover_hardware/package.bash'
[0.277s] INFO:colcon.colcon_core.shell:Creating package script '/home/deepak/rovercore/install/rover_hardware/share/rover_hardware/package.zsh'
[0.277s] Level 1:colcon.colcon_core.environment:create_file_with_runtime_dependencies(/home/deepak/rovercore/install/rover_hardware/share/colcon-core/packages/rover_hardware)
[0.277s] Level 1:colcon.colcon_core.environment:create_environment_scripts_only(rover_hardware)
[0.278s] Level 1:colcon.colcon_core.environment:checking '/home/deepak/rovercore/install/rover_hardware' for CMake module files
[0.278s] Level 1:colcon.colcon_core.environment:checking '/home/deepak/rovercore/install/rover_hardware' for CMake config files
[0.278s] Level 1:colcon.colcon_core.shell:create_environment_hook('rover_hardware', 'cmake_prefix_path')
[0.278s] INFO:colcon.colcon_core.shell:Creating environment hook '/home/deepak/rovercore/install/rover_hardware/share/rover_hardware/hook/cmake_prefix_path.ps1'
[0.278s] INFO:colcon.colcon_core.shell:Creating environment descriptor '/home/deepak/rovercore/install/rover_hardware/share/rover_hardware/hook/cmake_prefix_path.dsv'
[0.278s] INFO:colcon.colcon_core.shell:Creating environment hook '/home/deepak/rovercore/install/rover_hardware/share/rover_hardware/hook/cmake_prefix_path.sh'
[0.278s] Level 1:colcon.colcon_core.environment:checking '/home/deepak/rovercore/install/rover_hardware/lib'
[0.279s] Level 1:colcon.colcon_core.shell:create_environment_hook('rover_hardware', 'ld_library_path_lib')
[0.279s] INFO:colcon.colcon_core.shell:Creating environment hook '/home/deepak/rovercore/install/rover_hardware/share/rover_hardware/hook/ld_library_path_lib.ps1'
[0.279s] INFO:colcon.colcon_core.shell:Creating environment descriptor '/home/deepak/rovercore/install/rover_hardware/share/rover_hardware/hook/ld_library_path_lib.dsv'
[0.279s] INFO:colcon.colcon_core.shell:Creating environment hook '/home/deepak/rovercore/install/rover_hardware/share/rover_hardware/hook/ld_library_path_lib.sh'
[0.279s] Level 1:colcon.colcon_core.environment:checking '/home/deepak/rovercore/install/rover_hardware/bin'
[0.279s] Level 1:colcon.colcon_core.environment:checking '/home/deepak/rovercore/install/rover_hardware/lib/pkgconfig/rover_hardware.pc'
[0.279s] Level 1:colcon.colcon_core.environment:checking '/home/deepak/rovercore/install/rover_hardware/lib/python3.10/site-packages'
[0.279s] Level 1:colcon.colcon_core.environment:checking '/home/deepak/rovercore/install/rover_hardware/bin'
[0.280s] INFO:colcon.colcon_core.shell:Creating package script '/home/deepak/rovercore/install/rover_hardware/share/rover_hardware/package.ps1'
[0.280s] INFO:colcon.colcon_core.shell:Creating package descriptor '/home/deepak/rovercore/install/rover_hardware/share/rover_hardware/package.dsv'
[0.280s] INFO:colcon.colcon_core.shell:Creating package script '/home/deepak/rovercore/install/rover_hardware/share/rover_hardware/package.sh'
[0.280s] INFO:colcon.colcon_core.shell:Creating package script '/home/deepak/rovercore/install/rover_hardware/share/rover_hardware/package.bash'
[0.280s] INFO:colcon.colcon_core.shell:Creating package script '/home/deepak/rovercore/install/rover_hardware/share/rover_hardware/package.zsh'
[0.281s] Level 1:colcon.colcon_core.environment:create_file_with_runtime_dependencies(/home/deepak/rovercore/install/rover_hardware/share/colcon-core/packages/rover_hardware)
[0.281s] DEBUG:colcon.colcon_parallel_executor.executor.parallel:closing loop
[0.281s] DEBUG:colcon.colcon_parallel_executor.executor.parallel:loop closed
[0.281s] DEBUG:colcon.colcon_parallel_executor.executor.parallel:run_until_complete finished with '0'
[0.281s] DEBUG:colcon.colcon_core.event_reactor:joining thread
[0.285s] INFO:colcon.colcon_core.plugin_system:Skipping extension 'colcon_notification.desktop_notification.terminal_notifier': Not used on non-Darwin systems
[0.285s] INFO:colcon.colcon_core.plugin_system:Skipping extension 'colcon_notification.desktop_notification.win32': Not used on non-Windows systems
[0.285s] INFO:colcon.colcon_notification.desktop_notification:Sending desktop notification using 'notify2'
[0.292s] DEBUG:colcon.colcon_core.event_reactor:joined thread
[0.292s] INFO:colcon.colcon_core.shell:Creating prefix script '/home/deepak/rovercore/install/local_setup.ps1'
[0.292s] INFO:colcon.colcon_core.shell:Creating prefix util module '/home/deepak/rovercore/install/_local_setup_util_ps1.py'
[0.293s] INFO:colcon.colcon_core.shell:Creating prefix chain script '/home/deepak/rovercore/install/setup.ps1'
[0.294s] INFO:colcon.colcon_core.shell:Creating prefix script '/home/deepak/rovercore/install/local_setup.sh'
[0.294s] INFO:colcon.colcon_core.shell:Creating prefix util module '/home/deepak/rovercore/install/_local_setup_util_sh.py'
[0.295s] INFO:colcon.colcon_core.shell:Creating prefix chain script '/home/deepak/rovercore/install/setup.sh'
[0.296s] INFO:colcon.colcon_core.shell:Creating prefix script '/home/deepak/rovercore/install/local_setup.bash'
[0.296s] INFO:colcon.colcon_core.shell:Creating prefix chain script '/home/deepak/rovercore/install/setup.bash'
[0.297s] INFO:colcon.colcon_core.shell:Creating prefix script '/home/deepak/rovercore/install/local_setup.zsh'
[0.297s] INFO:colcon.colcon_core.shell:Creating prefix chain script '/home/deepak/rovercore/install/setup.zsh'
