-- The C compiler identification is GNU 11.4.0
-- The CXX compiler identification is GNU 11.4.0
-- Detecting C compiler ABI info
-- Detecting C compiler ABI info - done
-- Check for working C compiler: /usr/bin/cc - skipped
-- Detecting C compile features
-- Detecting C compile features - done
-- Detecting CXX compiler ABI info
-- Detecting CXX compiler ABI info - done
-- Check for working CXX compiler: /usr/bin/c++ - skipped
-- Detecting CXX compile features
-- Detecting CXX compile features - done
-- Found moveit_common: 2.5.9 (/home/deepak/ws_moveit/install/moveit_common/share/moveit_common/cmake)
-- Found ament_cmake: 1.3.12 (/opt/ros/humble/share/ament_cmake/cmake)
-- Found Python3: /usr/bin/python3 (found version "3.10.12") found components: Interpreter 
[0mmoveit_setup_controllers: You did not request a specific build type: Choosing 'Release' for maximum performance[0m
-- Found ament_cmake_ros: 0.10.0 (/opt/ros/humble/share/ament_cmake_ros/cmake)
-- Found ament_index_cpp: 1.4.0 (/opt/ros/humble/share/ament_index_cpp/cmake)
-- Found moveit_setup_framework: 2.5.9 (/home/deepak/ws_moveit/install/moveit_setup_framework/share/moveit_setup_framework/cmake)
-- Found rosidl_generator_c: 3.1.8 (/opt/ros/humble/share/rosidl_generator_c/cmake)
-- Found rosidl_adapter: 3.1.8 (/opt/ros/humble/share/rosidl_adapter/cmake)
-- Found rosidl_generator_cpp: 3.1.8 (/opt/ros/humble/share/rosidl_generator_cpp/cmake)
-- Using all available rosidl_typesupport_c: rosidl_typesupport_fastrtps_c;rosidl_typesupport_introspection_c
-- Using all available rosidl_typesupport_cpp: rosidl_typesupport_fastrtps_cpp;rosidl_typesupport_introspection_cpp
-- Found rmw_implementation_cmake: 6.1.2 (/opt/ros/humble/share/rmw_implementation_cmake/cmake)
-- Found rmw_fastrtps_cpp: 6.2.9 (/opt/ros/humble/share/rmw_fastrtps_cpp/cmake)
-- Found OpenSSL: /usr/lib/x86_64-linux-gnu/libcrypto.so (found version "3.0.2")  
-- Found FastRTPS: /opt/ros/humble/include  
-- Using RMW implementation 'rmw_fastrtps_cpp' as default
-- Looking for pthread.h
-- Looking for pthread.h - found
-- Performing Test CMAKE_HAVE_LIBC_PTHREAD
-- Performing Test CMAKE_HAVE_LIBC_PTHREAD - Success
-- Found Threads: TRUE  
-- Found Boost: /usr/lib/x86_64-linux-gnu/cmake/Boost-1.74.0/BoostConfig.cmake (found version "1.74.0") found components: chrono date_time filesystem iostreams program_options regex serialization system thread 
-- Found parameter_traits: 0.6.0 (/opt/ros/humble/share/parameter_traits/cmake)
-- Found rclcpp_lifecycle: 16.0.17 (/opt/ros/humble/share/rclcpp_lifecycle/cmake)
-- Found Boost: /usr/lib/x86_64-linux-gnu/cmake/Boost-1.74.0/BoostConfig.cmake (found version "1.74.0") found components: filesystem 
-- library: /usr/lib/x86_64-linux-gnu/libcurl.so
-- Found Eigen3: TRUE (found version "3.4.0") 
-- Ensuring Eigen3 include directory is part of orocos-kdl CMake target
-- Found Boost: /usr/lib/x86_64-linux-gnu/cmake/Boost-1.74.0/BoostConfig.cmake (found version "1.74.0") found components: system filesystem date_time program_options thread chrono 
-- Found Boost: /usr/lib/x86_64-linux-gnu/cmake/Boost-1.74.0/BoostConfig.cmake (found version "1.74.0") found components: thread date_time system filesystem 
-- Found Boost: /usr/lib/x86_64-linux-gnu/cmake/Boost-1.74.0/BoostConfig.cmake (found version "1.74.0") found components: date_time filesystem program_options system thread 
-- Found Boost: /usr/lib/x86_64-linux-gnu/cmake/Boost-1.74.0/BoostConfig.cmake (found version "1.74.0") found components: thread system filesystem regex date_time program_options 
-- Found Boost: /usr/lib/x86_64-linux-gnu/cmake/Boost-1.74.0/BoostConfig.cmake (found version "1.74.0") found components: system filesystem date_time program_options thread 
-- Setting OGRE_DIR to: '/opt/ros/humble/share/rviz_ogre_vendor/cmake/../../../opt/rviz_ogre_vendor/lib/OGRE/cmake'
-- Found OGRE
--   static     : OFF
--   components : HLMS;MeshLodGenerator;Overlay;Paging;Property;RTShaderSystem;Terrain;Volume
--   plugins    : Plugin_BSPSceneManager;Plugin_OctreeSceneManager;Plugin_PCZSceneManager;Plugin_ParticleFX;RenderSystem_GL;RenderSystem_GL3Plus;Codec_STBI
--   media      : /opt/ros/humble/opt/rviz_ogre_vendor/share/OGRE/Media
-- OGRE_LIBRARIES: OgreHLMS;OgreMeshLodGenerator;OgreOverlay;OgrePaging;OgreProperty;OgreRTShaderSystem;OgreTerrain;OgreVolume;OgreMain
-- OGRE_LIBRARY_DIRS: /opt/ros/humble/opt/rviz_ogre_vendor/lib
-- OGRE_PLUGINS: Plugin_BSPSceneManager;Plugin_OctreeSceneManager;Plugin_PCZSceneManager;Plugin_ParticleFX;RenderSystem_GL;RenderSystem_GL3Plus;Codec_STBI
-- OGRE_PLUGIN_DIR: /opt/ros/humble/opt/rviz_ogre_vendor/lib/OGRE
-- rviz_ogre_vendor::OgreOverlay for IMPORTED_LOCATION_RELEASE: /opt/ros/humble/opt/rviz_ogre_vendor/lib/libOgreOverlay.so
-- rviz_ogre_vendor::OgreOverlay for IMPORTED_LOCATION_DEBUG: /opt/ros/humble/opt/rviz_ogre_vendor/lib/libOgreOverlay.so
-- rviz_ogre_vendor::OgreMain for IMPORTED_LOCATION_RELEASE: /opt/ros/humble/opt/rviz_ogre_vendor/lib/libOgreMain.so
-- rviz_ogre_vendor::OgreMain for IMPORTED_LOCATION_DEBUG: /opt/ros/humble/opt/rviz_ogre_vendor/lib/libOgreMain.so
-- Found ZLIB: /usr/lib/x86_64-linux-gnu/libz.so (found version "1.2.11") 
-- Found OpenGL: /usr/lib/x86_64-linux-gnu/libOpenGL.so   
-- Found X11: /usr/include   
-- Looking for XOpenDisplay in /usr/lib/x86_64-linux-gnu/libX11.so;/usr/lib/x86_64-linux-gnu/libXext.so
-- Looking for XOpenDisplay in /usr/lib/x86_64-linux-gnu/libX11.so;/usr/lib/x86_64-linux-gnu/libXext.so - found
-- Looking for gethostbyname
-- Looking for gethostbyname - found
-- Looking for connect
-- Looking for connect - found
-- Looking for remove
-- Looking for remove - found
-- Looking for shmat
-- Looking for shmat - found
-- Looking for IceConnectionNumber in ICE
-- Looking for IceConnectionNumber in ICE - found
-- Setting assimp_DIR to: '/opt/ros/humble/share/rviz_assimp_vendor/cmake/../../../opt/rviz_assimp_vendor/lib/cmake/assimp-4.1'
-- Configuring done
-- Generating done
-- Build files have been written to: /home/deepak/ws_moveit/build/moveit_setup_controllers
[  4%] [34m[1mAutomatic MOC for target moveit_setup_controllers[0m
[  4%] Built target moveit_setup_controllers_autogen
[  9%] [34m[1mGenerating include/moveit_setup_controllers/moc_urdf_modifications_widget.cpp[0m
[ 19%] [34m[1mGenerating include/moveit_setup_controllers/moc_controller_edit_widget.cpp[0m
[ 19%] [34m[1mGenerating include/moveit_setup_controllers/moc_controllers_widget.cpp[0m
[ 33%] [32mBuilding CXX object CMakeFiles/moveit_setup_controllers.dir/moveit_setup_controllers_autogen/mocs_compilation.cpp.o[0m
[ 33%] [32mBuilding CXX object CMakeFiles/moveit_setup_controllers.dir/src/controller_edit_widget.cpp.o[0m
[ 33%] [32mBuilding CXX object CMakeFiles/moveit_setup_controllers.dir/src/control_xacro_config.cpp.o[0m
[ 38%] [32mBuilding CXX object CMakeFiles/moveit_setup_controllers.dir/src/controllers.cpp.o[0m
[ 42%] [32mBuilding CXX object CMakeFiles/moveit_setup_controllers.dir/src/controllers_widget.cpp.o[0m
[ 47%] [32mBuilding CXX object CMakeFiles/moveit_setup_controllers.dir/src/controllers_config.cpp.o[0m
[ 52%] [32mBuilding CXX object CMakeFiles/moveit_setup_controllers.dir/src/modified_urdf_config.cpp.o[0m
[ 57%] [32mBuilding CXX object CMakeFiles/moveit_setup_controllers.dir/src/moveit_controllers_config.cpp.o[0m
[ 61%] [32mBuilding CXX object CMakeFiles/moveit_setup_controllers.dir/src/moveit_controllers_widget.cpp.o[0m
[ 66%] [32mBuilding CXX object CMakeFiles/moveit_setup_controllers.dir/src/ros2_controllers_config.cpp.o[0m
[ 71%] [32mBuilding CXX object CMakeFiles/moveit_setup_controllers.dir/src/ros2_controllers_widget.cpp.o[0m
[ 76%] [32mBuilding CXX object CMakeFiles/moveit_setup_controllers.dir/src/urdf_modifications.cpp.o[0m
[ 80%] [32mBuilding CXX object CMakeFiles/moveit_setup_controllers.dir/src/urdf_modifications_widget.cpp.o[0m
[ 85%] [32mBuilding CXX object CMakeFiles/moveit_setup_controllers.dir/include/moveit_setup_controllers/moc_controller_edit_widget.cpp.o[0m
[ 90%] [32mBuilding CXX object CMakeFiles/moveit_setup_controllers.dir/include/moveit_setup_controllers/moc_controllers_widget.cpp.o[0m
[ 95%] [32mBuilding CXX object CMakeFiles/moveit_setup_controllers.dir/include/moveit_setup_controllers/moc_urdf_modifications_widget.cpp.o[0m
[100%] [32m[1mLinking CXX shared library libmoveit_setup_controllers.so[0m
[100%] Built target moveit_setup_controllers
-- Install configuration: "Release"
-- Installing: /home/deepak/ws_moveit/install/moveit_setup_controllers/share/moveit_setup_controllers/templates
-- Installing: /home/deepak/ws_moveit/install/moveit_setup_controllers/share/moveit_setup_controllers/templates/config
-- Installing: /home/deepak/ws_moveit/install/moveit_setup_controllers/share/moveit_setup_controllers/templates/config/gazebo_controllers.yaml
-- Installing: /home/deepak/ws_moveit/install/moveit_setup_controllers/share/moveit_setup_controllers/templates/config/ros2_control.xacro
-- Installing: /home/deepak/ws_moveit/install/moveit_setup_controllers/share/moveit_setup_controllers/templates/config/modified.urdf.xacro
-- Installing: /home/deepak/ws_moveit/install/moveit_setup_controllers/lib/libmoveit_setup_controllers.so
-- Set runtime path of "/home/deepak/ws_moveit/install/moveit_setup_controllers/lib/libmoveit_setup_controllers.so" to ""
-- Installing: /home/deepak/ws_moveit/install/moveit_setup_controllers/share/moveit_setup_controllers/moveit_setup_framework_plugins.xml
-- Installing: /home/deepak/ws_moveit/install/moveit_setup_controllers/include
-- Installing: /home/deepak/ws_moveit/install/moveit_setup_controllers/include/moveit_setup_controllers
-- Installing: /home/deepak/ws_moveit/install/moveit_setup_controllers/include/moveit_setup_controllers/control_xacro_config.hpp
-- Installing: /home/deepak/ws_moveit/install/moveit_setup_controllers/include/moveit_setup_controllers/urdf_modifications.hpp
-- Installing: /home/deepak/ws_moveit/install/moveit_setup_controllers/include/moveit_setup_controllers/modified_urdf_config.hpp
-- Installing: /home/deepak/ws_moveit/install/moveit_setup_controllers/include/moveit_setup_controllers/ros2_controllers.hpp
-- Installing: /home/deepak/ws_moveit/install/moveit_setup_controllers/include/moveit_setup_controllers/controllers.hpp
-- Installing: /home/deepak/ws_moveit/install/moveit_setup_controllers/include/moveit_setup_controllers/included_xacro_config.hpp
-- Installing: /home/deepak/ws_moveit/install/moveit_setup_controllers/include/moveit_setup_controllers/urdf_modifications_widget.hpp
-- Installing: /home/deepak/ws_moveit/install/moveit_setup_controllers/include/moveit_setup_controllers/controllers_config.hpp
-- Installing: /home/deepak/ws_moveit/install/moveit_setup_controllers/include/moveit_setup_controllers/controllers_widget.hpp
-- Installing: /home/deepak/ws_moveit/install/moveit_setup_controllers/include/moveit_setup_controllers/controller_edit_widget.hpp
-- Installing: /home/deepak/ws_moveit/install/moveit_setup_controllers/include/moveit_setup_controllers/moveit_controllers_config.hpp
-- Installing: /home/deepak/ws_moveit/install/moveit_setup_controllers/include/moveit_setup_controllers/ros2_controllers_config.hpp
-- Installing: /home/deepak/ws_moveit/install/moveit_setup_controllers/include/moveit_setup_controllers/moveit_controllers.hpp
-- Installing: /home/deepak/ws_moveit/install/moveit_setup_controllers/share/moveit_setup_controllers/launch
-- Installing: /home/deepak/ws_moveit/install/moveit_setup_controllers/share/moveit_setup_controllers/launch/control.launch.py
-- Installing: /home/deepak/ws_moveit/install/moveit_setup_controllers/share/moveit_setup_controllers/environment/library_path.sh
-- Installing: /home/deepak/ws_moveit/install/moveit_setup_controllers/share/moveit_setup_controllers/environment/library_path.dsv
-- Up-to-date: /home/deepak/ws_moveit/install/moveit_setup_controllers/share/moveit_setup_controllers/moveit_setup_framework_plugins.xml
-- Installing: /home/deepak/ws_moveit/install/moveit_setup_controllers/share/ament_index/resource_index/package_run_dependencies/moveit_setup_controllers
-- Installing: /home/deepak/ws_moveit/install/moveit_setup_controllers/share/ament_index/resource_index/parent_prefix_path/moveit_setup_controllers
-- Installing: /home/deepak/ws_moveit/install/moveit_setup_controllers/share/moveit_setup_controllers/environment/ament_prefix_path.sh
-- Installing: /home/deepak/ws_moveit/install/moveit_setup_controllers/share/moveit_setup_controllers/environment/ament_prefix_path.dsv
-- Installing: /home/deepak/ws_moveit/install/moveit_setup_controllers/share/moveit_setup_controllers/environment/path.sh
-- Installing: /home/deepak/ws_moveit/install/moveit_setup_controllers/share/moveit_setup_controllers/environment/path.dsv
-- Installing: /home/deepak/ws_moveit/install/moveit_setup_controllers/share/moveit_setup_controllers/local_setup.bash
-- Installing: /home/deepak/ws_moveit/install/moveit_setup_controllers/share/moveit_setup_controllers/local_setup.sh
-- Installing: /home/deepak/ws_moveit/install/moveit_setup_controllers/share/moveit_setup_controllers/local_setup.zsh
-- Installing: /home/deepak/ws_moveit/install/moveit_setup_controllers/share/moveit_setup_controllers/local_setup.dsv
-- Installing: /home/deepak/ws_moveit/install/moveit_setup_controllers/share/moveit_setup_controllers/package.dsv
-- Installing: /home/deepak/ws_moveit/install/moveit_setup_controllers/share/ament_index/resource_index/packages/moveit_setup_controllers
-- Installing: /home/deepak/ws_moveit/install/moveit_setup_controllers/share/ament_index/resource_index/moveit_setup_framework__pluginlib__plugin/moveit_setup_controllers
-- Installing: /home/deepak/ws_moveit/install/moveit_setup_controllers/share/moveit_setup_controllers/cmake/export_moveit_setup_controllersExport.cmake
-- Installing: /home/deepak/ws_moveit/install/moveit_setup_controllers/share/moveit_setup_controllers/cmake/export_moveit_setup_controllersExport-release.cmake
-- Installing: /home/deepak/ws_moveit/install/moveit_setup_controllers/share/moveit_setup_controllers/cmake/ament_cmake_export_include_directories-extras.cmake
-- Installing: /home/deepak/ws_moveit/install/moveit_setup_controllers/share/moveit_setup_controllers/cmake/ament_cmake_export_libraries-extras.cmake
-- Installing: /home/deepak/ws_moveit/install/moveit_setup_controllers/share/moveit_setup_controllers/cmake/ament_cmake_export_targets-extras.cmake
-- Installing: /home/deepak/ws_moveit/install/moveit_setup_controllers/share/moveit_setup_controllers/cmake/moveit_setup_controllersConfig.cmake
-- Installing: /home/deepak/ws_moveit/install/moveit_setup_controllers/share/moveit_setup_controllers/cmake/moveit_setup_controllersConfig-version.cmake
-- Installing: /home/deepak/ws_moveit/install/moveit_setup_controllers/share/moveit_setup_controllers/package.xml
