[0.036s] Invoking command in '/home/deepak/ws_moveit/build/moveit_setup_controllers': AMENT_PREFIX_PATH=/home/deepak/ws_moveit/install/moveit_setup_framework:/home/deepak/ws_moveit/install/moveit_ros_visualization:/home/deepak/ws_moveit/install/moveit_ros_planning_interface:/home/deepak/ws_moveit/install/moveit_ros_move_group:/home/deepak/ws_moveit/install/moveit_ros_warehouse:/home/deepak/ws_moveit/install/moveit_ros_robot_interaction:/home/deepak/ws_moveit/install/moveit_planners_ompl:/home/deepak/ws_moveit/install/moveit_kinematics:/home/deepak/ws_moveit/install/moveit_ros_planning:/home/deepak/ws_moveit/install/moveit_simple_controller_manager:/home/deepak/ws_moveit/install/moveit_ros_occupancy_map_monitor:/home/deepak/ws_moveit/install/moveit_core:/home/deepak/ws_moveit/install/moveit_resources_panda_moveit_config:/home/deepak/ws_moveit/install/moveit_resources_fanuc_moveit_config:/home/deepak/ws_moveit/install/moveit_configs_utils:/home/deepak/ws_moveit/install/srdfdom:/home/deepak/ws_moveit/install/moveit_resources_pr2_description:/home/deepak/ws_moveit/install/moveit_resources_panda_description:/home/deepak/ws_moveit/install/moveit_resources_fanuc_description:/home/deepak/ws_moveit/install/moveit_common:/home/deepak/ws_moveit/install/launch_param_builder:${AMENT_PREFIX_PATH} CMAKE_PREFIX_PATH=/home/deepak/ws_moveit/install/moveit_setup_framework:/home/deepak/ws_moveit/install/moveit_ros_visualization:/home/deepak/ws_moveit/install/moveit_ros_planning_interface:/home/deepak/ws_moveit/install/moveit_ros_move_group:/home/deepak/ws_moveit/install/moveit_ros_warehouse:/home/deepak/ws_moveit/install/moveit_ros_robot_interaction:/home/deepak/ws_moveit/install/moveit_planners_ompl:/home/deepak/ws_moveit/install/moveit_kinematics:/home/deepak/ws_moveit/install/moveit_ros_planning:/home/deepak/ws_moveit/install/moveit_simple_controller_manager:/home/deepak/ws_moveit/install/moveit_ros_occupancy_map_monitor:/home/deepak/ws_moveit/install/moveit_core:/home/deepak/ws_moveit/install/moveit_resources_panda_moveit_config:/home/deepak/ws_moveit/install/moveit_resources_fanuc_moveit_config:/home/deepak/ws_moveit/install/srdfdom:/home/deepak/ws_moveit/install/moveit_resources_pr2_description:/home/deepak/ws_moveit/install/moveit_resources_panda_description:/home/deepak/ws_moveit/install/moveit_resources_fanuc_description:/home/deepak/ws_moveit/install/moveit_common:/home/deepak/turtlebot3_ws/install/turtlebot3:/home/deepak/turtlebot3_ws/install/turtlebot3_simulations:/home/deepak/turtlebot3_ws/install/turtlebot3_bringup:/home/deepak/turtlebot3_ws/install/turtlebot3_node:/home/deepak/turtlebot3_ws/install/turtlebot3_navigation2:/home/deepak/turtlebot3_ws/install/turtlebot3_fake_node:/home/deepak/turtlebot3_ws/install/turtlebot3_msgs:/home/deepak/turtlebot3_ws/install/turtlebot3_manipulation_gazebo:/home/deepak/turtlebot3_ws/install/turtlebot3_gazebo:/home/deepak/turtlebot3_ws/install/turtlebot3_description:/home/deepak/turtlebot3_ws/install/turtlebot3_cartographer:/home/deepak/turtlebot3_ws/install/turtlebot3_autorace:/home/deepak/turtlebot3_ws/install/multirobot_map_merge:/home/deepak/turtlebot3_ws/install/explore_lite:/home/deepak/turtlebot3_ws/install/dynamixel_sdk_examples:/home/deepak/turtlebot3_ws/install/dynamixel_sdk_custom_interfaces:/home/deepak/turtlebot3_ws/install/dynamixel_sdk:/home/deepak/turtlebot3_ws/install/turtlebot3_teleop:/home/deepak/turtlebot3_ws/install/turtlebot3_example:/home/deepak/turtlebot3_ws/install/turtlebot3_autorace_mission:/home/deepak/turtlebot3_ws/install/turtlebot3_autorace_detect:/home/deepak/turtlebot3_ws/install/turtlebot3_autorace_camera:/opt/ros/humble LD_LIBRARY_PATH=/home/deepak/ws_moveit/install/moveit_setup_framework/lib:/home/deepak/ws_moveit/install/moveit_ros_visualization/lib:/home/deepak/ws_moveit/install/moveit_ros_planning_interface/lib:/home/deepak/ws_moveit/install/moveit_ros_move_group/lib:/home/deepak/ws_moveit/install/moveit_ros_warehouse/lib:/home/deepak/ws_moveit/install/moveit_ros_robot_interaction/lib:/home/deepak/ws_moveit/install/moveit_planners_ompl/lib:/home/deepak/ws_moveit/install/moveit_kinematics/lib:/home/deepak/ws_moveit/install/moveit_ros_planning/lib:/home/deepak/ws_moveit/install/moveit_simple_controller_manager/lib:/home/deepak/ws_moveit/install/moveit_ros_occupancy_map_monitor/lib:/home/deepak/ws_moveit/install/moveit_core/lib:/home/deepak/ws_moveit/install/srdfdom/lib:/home/deepak/turtlebot3_ws/install/turtlebot3_msgs/lib:/home/deepak/turtlebot3_ws/install/multirobot_map_merge/lib:/home/deepak/turtlebot3_ws/install/dynamixel_sdk_custom_interfaces/lib:/home/deepak/turtlebot3_ws/install/dynamixel_sdk/lib:/usr/lib/x86_64-linux-gnu/gazebo-11/plugins:/opt/ros/humble/opt/rviz_ogre_vendor/lib:/opt/ros/humble/lib/x86_64-linux-gnu:/opt/ros/humble/lib:/usr/lib/x86_64-linux-gnu/gazebo-11/plugins PATH=/home/deepak/ws_moveit/install/moveit_core/bin:${PATH} PYTHONPATH=/home/deepak/ws_moveit/install/moveit_configs_utils/lib/python3.10/site-packages:/home/deepak/ws_moveit/install/srdfdom/local/lib/python3.10/dist-packages:/home/deepak/ws_moveit/install/launch_param_builder/lib/python3.10/site-packages:${PYTHONPATH} /usr/bin/cmake /home/deepak/ws_moveit/src/moveit2/moveit_setup_assistant/moveit_setup_controllers -DBUILD_TESTING=OFF -DCMAKE_INSTALL_PREFIX=/home/deepak/ws_moveit/install/moveit_setup_controllers
[0.078s] -- The C compiler identification is GNU 11.4.0
[0.116s] -- The CXX compiler identification is GNU 11.4.0
[0.121s] -- Detecting C compiler ABI info
[0.192s] -- Detecting C compiler ABI info - done
[0.197s] -- Check for working C compiler: /usr/bin/cc - skipped
[0.198s] -- Detecting C compile features
[0.198s] -- Detecting C compile features - done
[0.199s] -- Detecting CXX compiler ABI info
[0.263s] -- Detecting CXX compiler ABI info - done
[0.270s] -- Check for working CXX compiler: /usr/bin/c++ - skipped
[0.270s] -- Detecting CXX compile features
[0.270s] -- Detecting CXX compile features - done
[0.272s] -- Found moveit_common: 2.5.9 (/home/deepak/ws_moveit/install/moveit_common/share/moveit_common/cmake)
[0.274s] -- Found ament_cmake: 1.3.12 (/opt/ros/humble/share/ament_cmake/cmake)
[0.403s] -- Found Python3: /usr/bin/python3 (found version "3.10.12") found components: Interpreter 
[0.517s] [0mmoveit_setup_controllers: You did not request a specific build type: Choosing 'Release' for maximum performance[0m
[0.520s] -- Found ament_cmake_ros: 0.10.0 (/opt/ros/humble/share/ament_cmake_ros/cmake)
[0.529s] -- Found ament_index_cpp: 1.4.0 (/opt/ros/humble/share/ament_index_cpp/cmake)
[0.530s] -- Found moveit_setup_framework: 2.5.9 (/home/deepak/ws_moveit/install/moveit_setup_framework/share/moveit_setup_framework/cmake)
[0.570s] -- Found rosidl_generator_c: 3.1.8 (/opt/ros/humble/share/rosidl_generator_c/cmake)
[0.576s] -- Found rosidl_adapter: 3.1.8 (/opt/ros/humble/share/rosidl_adapter/cmake)
[0.583s] -- Found rosidl_generator_cpp: 3.1.8 (/opt/ros/humble/share/rosidl_generator_cpp/cmake)
[0.593s] -- Using all available rosidl_typesupport_c: rosidl_typesupport_fastrtps_c;rosidl_typesupport_introspection_c
[0.607s] -- Using all available rosidl_typesupport_cpp: rosidl_typesupport_fastrtps_cpp;rosidl_typesupport_introspection_cpp
[0.646s] -- Found rmw_implementation_cmake: 6.1.2 (/opt/ros/humble/share/rmw_implementation_cmake/cmake)
[0.650s] -- Found rmw_fastrtps_cpp: 6.2.9 (/opt/ros/humble/share/rmw_fastrtps_cpp/cmake)
[0.728s] -- Found OpenSSL: /usr/lib/x86_64-linux-gnu/libcrypto.so (found version "3.0.2")  
[0.751s] -- Found FastRTPS: /opt/ros/humble/include  
[0.781s] -- Using RMW implementation 'rmw_fastrtps_cpp' as default
[0.790s] -- Looking for pthread.h
[0.870s] -- Looking for pthread.h - found
[0.870s] -- Performing Test CMAKE_HAVE_LIBC_PTHREAD
[0.945s] -- Performing Test CMAKE_HAVE_LIBC_PTHREAD - Success
[0.946s] -- Found Threads: TRUE  
[1.030s] -- Found Boost: /usr/lib/x86_64-linux-gnu/cmake/Boost-1.74.0/BoostConfig.cmake (found version "1.74.0") found components: chrono date_time filesystem iostreams program_options regex serialization system thread 
[1.069s] -- Found parameter_traits: 0.6.0 (/opt/ros/humble/share/parameter_traits/cmake)
[1.081s] -- Found rclcpp_lifecycle: 16.0.17 (/opt/ros/humble/share/rclcpp_lifecycle/cmake)
[1.099s] -- Found Boost: /usr/lib/x86_64-linux-gnu/cmake/Boost-1.74.0/BoostConfig.cmake (found version "1.74.0") found components: filesystem 
[1.189s] -- library: /usr/lib/x86_64-linux-gnu/libcurl.so
[1.236s] -- Found Eigen3: TRUE (found version "3.4.0") 
[1.236s] -- Ensuring Eigen3 include directory is part of orocos-kdl CMake target
[1.415s] -- Found Boost: /usr/lib/x86_64-linux-gnu/cmake/Boost-1.74.0/BoostConfig.cmake (found version "1.74.0") found components: system filesystem date_time program_options thread chrono 
[1.432s] -- Found Boost: /usr/lib/x86_64-linux-gnu/cmake/Boost-1.74.0/BoostConfig.cmake (found version "1.74.0") found components: thread date_time system filesystem 
[1.443s] -- Found Boost: /usr/lib/x86_64-linux-gnu/cmake/Boost-1.74.0/BoostConfig.cmake (found version "1.74.0") found components: date_time filesystem program_options system thread 
[1.451s] -- Found Boost: /usr/lib/x86_64-linux-gnu/cmake/Boost-1.74.0/BoostConfig.cmake (found version "1.74.0") found components: thread system filesystem regex date_time program_options 
[1.465s] -- Found Boost: /usr/lib/x86_64-linux-gnu/cmake/Boost-1.74.0/BoostConfig.cmake (found version "1.74.0") found components: system filesystem date_time program_options thread 
[1.503s] -- Setting OGRE_DIR to: '/opt/ros/humble/share/rviz_ogre_vendor/cmake/../../../opt/rviz_ogre_vendor/lib/OGRE/cmake'
[1.503s] -- Found OGRE
[1.503s] --   static     : OFF
[1.504s] --   components : HLMS;MeshLodGenerator;Overlay;Paging;Property;RTShaderSystem;Terrain;Volume
[1.504s] --   plugins    : Plugin_BSPSceneManager;Plugin_OctreeSceneManager;Plugin_PCZSceneManager;Plugin_ParticleFX;RenderSystem_GL;RenderSystem_GL3Plus;Codec_STBI
[1.504s] --   media      : /opt/ros/humble/opt/rviz_ogre_vendor/share/OGRE/Media
[1.504s] -- OGRE_LIBRARIES: OgreHLMS;OgreMeshLodGenerator;OgreOverlay;OgrePaging;OgreProperty;OgreRTShaderSystem;OgreTerrain;OgreVolume;OgreMain
[1.504s] -- OGRE_LIBRARY_DIRS: /opt/ros/humble/opt/rviz_ogre_vendor/lib
[1.504s] -- OGRE_PLUGINS: Plugin_BSPSceneManager;Plugin_OctreeSceneManager;Plugin_PCZSceneManager;Plugin_ParticleFX;RenderSystem_GL;RenderSystem_GL3Plus;Codec_STBI
[1.504s] -- OGRE_PLUGIN_DIR: /opt/ros/humble/opt/rviz_ogre_vendor/lib/OGRE
[1.504s] -- rviz_ogre_vendor::OgreOverlay for IMPORTED_LOCATION_RELEASE: /opt/ros/humble/opt/rviz_ogre_vendor/lib/libOgreOverlay.so
[1.504s] -- rviz_ogre_vendor::OgreOverlay for IMPORTED_LOCATION_DEBUG: /opt/ros/humble/opt/rviz_ogre_vendor/lib/libOgreOverlay.so
[1.504s] -- rviz_ogre_vendor::OgreMain for IMPORTED_LOCATION_RELEASE: /opt/ros/humble/opt/rviz_ogre_vendor/lib/libOgreMain.so
[1.504s] -- rviz_ogre_vendor::OgreMain for IMPORTED_LOCATION_DEBUG: /opt/ros/humble/opt/rviz_ogre_vendor/lib/libOgreMain.so
[1.517s] -- Found ZLIB: /usr/lib/x86_64-linux-gnu/libz.so (found version "1.2.11") 
[1.521s] -- Found OpenGL: /usr/lib/x86_64-linux-gnu/libOpenGL.so   
[1.599s] -- Found X11: /usr/include   
[1.599s] -- Looking for XOpenDisplay in /usr/lib/x86_64-linux-gnu/libX11.so;/usr/lib/x86_64-linux-gnu/libXext.so
[1.676s] -- Looking for XOpenDisplay in /usr/lib/x86_64-linux-gnu/libX11.so;/usr/lib/x86_64-linux-gnu/libXext.so - found
[1.676s] -- Looking for gethostbyname
[1.746s] -- Looking for gethostbyname - found
[1.746s] -- Looking for connect
[1.820s] -- Looking for connect - found
[1.820s] -- Looking for remove
[1.893s] -- Looking for remove - found
[1.894s] -- Looking for shmat
[1.966s] -- Looking for shmat - found
[1.967s] -- Looking for IceConnectionNumber in ICE
[2.048s] -- Looking for IceConnectionNumber in ICE - found
[2.063s] -- Setting assimp_DIR to: '/opt/ros/humble/share/rviz_assimp_vendor/cmake/../../../opt/rviz_assimp_vendor/lib/cmake/assimp-4.1'
[2.134s] -- Configuring done
[2.168s] -- Generating done
[2.173s] -- Build files have been written to: /home/deepak/ws_moveit/build/moveit_setup_controllers
[2.184s] Invoked command in '/home/deepak/ws_moveit/build/moveit_setup_controllers' returned '0': AMENT_PREFIX_PATH=/home/deepak/ws_moveit/install/moveit_setup_framework:/home/deepak/ws_moveit/install/moveit_ros_visualization:/home/deepak/ws_moveit/install/moveit_ros_planning_interface:/home/deepak/ws_moveit/install/moveit_ros_move_group:/home/deepak/ws_moveit/install/moveit_ros_warehouse:/home/deepak/ws_moveit/install/moveit_ros_robot_interaction:/home/deepak/ws_moveit/install/moveit_planners_ompl:/home/deepak/ws_moveit/install/moveit_kinematics:/home/deepak/ws_moveit/install/moveit_ros_planning:/home/deepak/ws_moveit/install/moveit_simple_controller_manager:/home/deepak/ws_moveit/install/moveit_ros_occupancy_map_monitor:/home/deepak/ws_moveit/install/moveit_core:/home/deepak/ws_moveit/install/moveit_resources_panda_moveit_config:/home/deepak/ws_moveit/install/moveit_resources_fanuc_moveit_config:/home/deepak/ws_moveit/install/moveit_configs_utils:/home/deepak/ws_moveit/install/srdfdom:/home/deepak/ws_moveit/install/moveit_resources_pr2_description:/home/deepak/ws_moveit/install/moveit_resources_panda_description:/home/deepak/ws_moveit/install/moveit_resources_fanuc_description:/home/deepak/ws_moveit/install/moveit_common:/home/deepak/ws_moveit/install/launch_param_builder:${AMENT_PREFIX_PATH} CMAKE_PREFIX_PATH=/home/deepak/ws_moveit/install/moveit_setup_framework:/home/deepak/ws_moveit/install/moveit_ros_visualization:/home/deepak/ws_moveit/install/moveit_ros_planning_interface:/home/deepak/ws_moveit/install/moveit_ros_move_group:/home/deepak/ws_moveit/install/moveit_ros_warehouse:/home/deepak/ws_moveit/install/moveit_ros_robot_interaction:/home/deepak/ws_moveit/install/moveit_planners_ompl:/home/deepak/ws_moveit/install/moveit_kinematics:/home/deepak/ws_moveit/install/moveit_ros_planning:/home/deepak/ws_moveit/install/moveit_simple_controller_manager:/home/deepak/ws_moveit/install/moveit_ros_occupancy_map_monitor:/home/deepak/ws_moveit/install/moveit_core:/home/deepak/ws_moveit/install/moveit_resources_panda_moveit_config:/home/deepak/ws_moveit/install/moveit_resources_fanuc_moveit_config:/home/deepak/ws_moveit/install/srdfdom:/home/deepak/ws_moveit/install/moveit_resources_pr2_description:/home/deepak/ws_moveit/install/moveit_resources_panda_description:/home/deepak/ws_moveit/install/moveit_resources_fanuc_description:/home/deepak/ws_moveit/install/moveit_common:/home/deepak/turtlebot3_ws/install/turtlebot3:/home/deepak/turtlebot3_ws/install/turtlebot3_simulations:/home/deepak/turtlebot3_ws/install/turtlebot3_bringup:/home/deepak/turtlebot3_ws/install/turtlebot3_node:/home/deepak/turtlebot3_ws/install/turtlebot3_navigation2:/home/deepak/turtlebot3_ws/install/turtlebot3_fake_node:/home/deepak/turtlebot3_ws/install/turtlebot3_msgs:/home/deepak/turtlebot3_ws/install/turtlebot3_manipulation_gazebo:/home/deepak/turtlebot3_ws/install/turtlebot3_gazebo:/home/deepak/turtlebot3_ws/install/turtlebot3_description:/home/deepak/turtlebot3_ws/install/turtlebot3_cartographer:/home/deepak/turtlebot3_ws/install/turtlebot3_autorace:/home/deepak/turtlebot3_ws/install/multirobot_map_merge:/home/deepak/turtlebot3_ws/install/explore_lite:/home/deepak/turtlebot3_ws/install/dynamixel_sdk_examples:/home/deepak/turtlebot3_ws/install/dynamixel_sdk_custom_interfaces:/home/deepak/turtlebot3_ws/install/dynamixel_sdk:/home/deepak/turtlebot3_ws/install/turtlebot3_teleop:/home/deepak/turtlebot3_ws/install/turtlebot3_example:/home/deepak/turtlebot3_ws/install/turtlebot3_autorace_mission:/home/deepak/turtlebot3_ws/install/turtlebot3_autorace_detect:/home/deepak/turtlebot3_ws/install/turtlebot3_autorace_camera:/opt/ros/humble LD_LIBRARY_PATH=/home/deepak/ws_moveit/install/moveit_setup_framework/lib:/home/deepak/ws_moveit/install/moveit_ros_visualization/lib:/home/deepak/ws_moveit/install/moveit_ros_planning_interface/lib:/home/deepak/ws_moveit/install/moveit_ros_move_group/lib:/home/deepak/ws_moveit/install/moveit_ros_warehouse/lib:/home/deepak/ws_moveit/install/moveit_ros_robot_interaction/lib:/home/deepak/ws_moveit/install/moveit_planners_ompl/lib:/home/deepak/ws_moveit/install/moveit_kinematics/lib:/home/deepak/ws_moveit/install/moveit_ros_planning/lib:/home/deepak/ws_moveit/install/moveit_simple_controller_manager/lib:/home/deepak/ws_moveit/install/moveit_ros_occupancy_map_monitor/lib:/home/deepak/ws_moveit/install/moveit_core/lib:/home/deepak/ws_moveit/install/srdfdom/lib:/home/deepak/turtlebot3_ws/install/turtlebot3_msgs/lib:/home/deepak/turtlebot3_ws/install/multirobot_map_merge/lib:/home/deepak/turtlebot3_ws/install/dynamixel_sdk_custom_interfaces/lib:/home/deepak/turtlebot3_ws/install/dynamixel_sdk/lib:/usr/lib/x86_64-linux-gnu/gazebo-11/plugins:/opt/ros/humble/opt/rviz_ogre_vendor/lib:/opt/ros/humble/lib/x86_64-linux-gnu:/opt/ros/humble/lib:/usr/lib/x86_64-linux-gnu/gazebo-11/plugins PATH=/home/deepak/ws_moveit/install/moveit_core/bin:${PATH} PYTHONPATH=/home/deepak/ws_moveit/install/moveit_configs_utils/lib/python3.10/site-packages:/home/deepak/ws_moveit/install/srdfdom/local/lib/python3.10/dist-packages:/home/deepak/ws_moveit/install/launch_param_builder/lib/python3.10/site-packages:${PYTHONPATH} /usr/bin/cmake /home/deepak/ws_moveit/src/moveit2/moveit_setup_assistant/moveit_setup_controllers -DBUILD_TESTING=OFF -DCMAKE_INSTALL_PREFIX=/home/deepak/ws_moveit/install/moveit_setup_controllers
[2.185s] Invoking command in '/home/deepak/ws_moveit/build/moveit_setup_controllers': AMENT_PREFIX_PATH=/home/deepak/ws_moveit/install/moveit_setup_framework:/home/deepak/ws_moveit/install/moveit_ros_visualization:/home/deepak/ws_moveit/install/moveit_ros_planning_interface:/home/deepak/ws_moveit/install/moveit_ros_move_group:/home/deepak/ws_moveit/install/moveit_ros_warehouse:/home/deepak/ws_moveit/install/moveit_ros_robot_interaction:/home/deepak/ws_moveit/install/moveit_planners_ompl:/home/deepak/ws_moveit/install/moveit_kinematics:/home/deepak/ws_moveit/install/moveit_ros_planning:/home/deepak/ws_moveit/install/moveit_simple_controller_manager:/home/deepak/ws_moveit/install/moveit_ros_occupancy_map_monitor:/home/deepak/ws_moveit/install/moveit_core:/home/deepak/ws_moveit/install/moveit_resources_panda_moveit_config:/home/deepak/ws_moveit/install/moveit_resources_fanuc_moveit_config:/home/deepak/ws_moveit/install/moveit_configs_utils:/home/deepak/ws_moveit/install/srdfdom:/home/deepak/ws_moveit/install/moveit_resources_pr2_description:/home/deepak/ws_moveit/install/moveit_resources_panda_description:/home/deepak/ws_moveit/install/moveit_resources_fanuc_description:/home/deepak/ws_moveit/install/moveit_common:/home/deepak/ws_moveit/install/launch_param_builder:${AMENT_PREFIX_PATH} CMAKE_PREFIX_PATH=/home/deepak/ws_moveit/install/moveit_setup_framework:/home/deepak/ws_moveit/install/moveit_ros_visualization:/home/deepak/ws_moveit/install/moveit_ros_planning_interface:/home/deepak/ws_moveit/install/moveit_ros_move_group:/home/deepak/ws_moveit/install/moveit_ros_warehouse:/home/deepak/ws_moveit/install/moveit_ros_robot_interaction:/home/deepak/ws_moveit/install/moveit_planners_ompl:/home/deepak/ws_moveit/install/moveit_kinematics:/home/deepak/ws_moveit/install/moveit_ros_planning:/home/deepak/ws_moveit/install/moveit_simple_controller_manager:/home/deepak/ws_moveit/install/moveit_ros_occupancy_map_monitor:/home/deepak/ws_moveit/install/moveit_core:/home/deepak/ws_moveit/install/moveit_resources_panda_moveit_config:/home/deepak/ws_moveit/install/moveit_resources_fanuc_moveit_config:/home/deepak/ws_moveit/install/srdfdom:/home/deepak/ws_moveit/install/moveit_resources_pr2_description:/home/deepak/ws_moveit/install/moveit_resources_panda_description:/home/deepak/ws_moveit/install/moveit_resources_fanuc_description:/home/deepak/ws_moveit/install/moveit_common:/home/deepak/turtlebot3_ws/install/turtlebot3:/home/deepak/turtlebot3_ws/install/turtlebot3_simulations:/home/deepak/turtlebot3_ws/install/turtlebot3_bringup:/home/deepak/turtlebot3_ws/install/turtlebot3_node:/home/deepak/turtlebot3_ws/install/turtlebot3_navigation2:/home/deepak/turtlebot3_ws/install/turtlebot3_fake_node:/home/deepak/turtlebot3_ws/install/turtlebot3_msgs:/home/deepak/turtlebot3_ws/install/turtlebot3_manipulation_gazebo:/home/deepak/turtlebot3_ws/install/turtlebot3_gazebo:/home/deepak/turtlebot3_ws/install/turtlebot3_description:/home/deepak/turtlebot3_ws/install/turtlebot3_cartographer:/home/deepak/turtlebot3_ws/install/turtlebot3_autorace:/home/deepak/turtlebot3_ws/install/multirobot_map_merge:/home/deepak/turtlebot3_ws/install/explore_lite:/home/deepak/turtlebot3_ws/install/dynamixel_sdk_examples:/home/deepak/turtlebot3_ws/install/dynamixel_sdk_custom_interfaces:/home/deepak/turtlebot3_ws/install/dynamixel_sdk:/home/deepak/turtlebot3_ws/install/turtlebot3_teleop:/home/deepak/turtlebot3_ws/install/turtlebot3_example:/home/deepak/turtlebot3_ws/install/turtlebot3_autorace_mission:/home/deepak/turtlebot3_ws/install/turtlebot3_autorace_detect:/home/deepak/turtlebot3_ws/install/turtlebot3_autorace_camera:/opt/ros/humble LD_LIBRARY_PATH=/home/deepak/ws_moveit/install/moveit_setup_framework/lib:/home/deepak/ws_moveit/install/moveit_ros_visualization/lib:/home/deepak/ws_moveit/install/moveit_ros_planning_interface/lib:/home/deepak/ws_moveit/install/moveit_ros_move_group/lib:/home/deepak/ws_moveit/install/moveit_ros_warehouse/lib:/home/deepak/ws_moveit/install/moveit_ros_robot_interaction/lib:/home/deepak/ws_moveit/install/moveit_planners_ompl/lib:/home/deepak/ws_moveit/install/moveit_kinematics/lib:/home/deepak/ws_moveit/install/moveit_ros_planning/lib:/home/deepak/ws_moveit/install/moveit_simple_controller_manager/lib:/home/deepak/ws_moveit/install/moveit_ros_occupancy_map_monitor/lib:/home/deepak/ws_moveit/install/moveit_core/lib:/home/deepak/ws_moveit/install/srdfdom/lib:/home/deepak/turtlebot3_ws/install/turtlebot3_msgs/lib:/home/deepak/turtlebot3_ws/install/multirobot_map_merge/lib:/home/deepak/turtlebot3_ws/install/dynamixel_sdk_custom_interfaces/lib:/home/deepak/turtlebot3_ws/install/dynamixel_sdk/lib:/usr/lib/x86_64-linux-gnu/gazebo-11/plugins:/opt/ros/humble/opt/rviz_ogre_vendor/lib:/opt/ros/humble/lib/x86_64-linux-gnu:/opt/ros/humble/lib:/usr/lib/x86_64-linux-gnu/gazebo-11/plugins PATH=/home/deepak/ws_moveit/install/moveit_core/bin:${PATH} PYTHONPATH=/home/deepak/ws_moveit/install/moveit_configs_utils/lib/python3.10/site-packages:/home/deepak/ws_moveit/install/srdfdom/local/lib/python3.10/dist-packages:/home/deepak/ws_moveit/install/launch_param_builder/lib/python3.10/site-packages:${PYTHONPATH} /usr/bin/cmake --build /home/deepak/ws_moveit/build/moveit_setup_controllers
[2.228s] [  4%] [34m[1mAutomatic MOC for target moveit_setup_controllers[0m
[2.259s] [  4%] Built target moveit_setup_controllers_autogen
[2.267s] [  9%] [34m[1mGenerating include/moveit_setup_controllers/moc_urdf_modifications_widget.cpp[0m
[2.269s] [ 19%] [34m[1mGenerating include/moveit_setup_controllers/moc_controller_edit_widget.cpp[0m
[2.269s] [ 19%] [34m[1mGenerating include/moveit_setup_controllers/moc_controllers_widget.cpp[0m
[2.293s] [ 33%] [32mBuilding CXX object CMakeFiles/moveit_setup_controllers.dir/moveit_setup_controllers_autogen/mocs_compilation.cpp.o[0m
[2.293s] [ 33%] [32mBuilding CXX object CMakeFiles/moveit_setup_controllers.dir/src/controller_edit_widget.cpp.o[0m
[2.293s] [ 33%] [32mBuilding CXX object CMakeFiles/moveit_setup_controllers.dir/src/control_xacro_config.cpp.o[0m
[2.313s] [ 38%] [32mBuilding CXX object CMakeFiles/moveit_setup_controllers.dir/src/controllers.cpp.o[0m
[8.501s] [ 42%] [32mBuilding CXX object CMakeFiles/moveit_setup_controllers.dir/src/controllers_widget.cpp.o[0m
[9.181s] [ 47%] [32mBuilding CXX object CMakeFiles/moveit_setup_controllers.dir/src/controllers_config.cpp.o[0m
[10.902s] [ 52%] [32mBuilding CXX object CMakeFiles/moveit_setup_controllers.dir/src/modified_urdf_config.cpp.o[0m
[13.830s] [ 57%] [32mBuilding CXX object CMakeFiles/moveit_setup_controllers.dir/src/moveit_controllers_config.cpp.o[0m
[14.282s] [ 61%] [32mBuilding CXX object CMakeFiles/moveit_setup_controllers.dir/src/moveit_controllers_widget.cpp.o[0m
[18.683s] [ 66%] [32mBuilding CXX object CMakeFiles/moveit_setup_controllers.dir/src/ros2_controllers_config.cpp.o[0m
[19.846s] [ 71%] [32mBuilding CXX object CMakeFiles/moveit_setup_controllers.dir/src/ros2_controllers_widget.cpp.o[0m
[22.000s] [ 76%] [32mBuilding CXX object CMakeFiles/moveit_setup_controllers.dir/src/urdf_modifications.cpp.o[0m
[24.763s] [ 80%] [32mBuilding CXX object CMakeFiles/moveit_setup_controllers.dir/src/urdf_modifications_widget.cpp.o[0m
[27.022s] [ 85%] [32mBuilding CXX object CMakeFiles/moveit_setup_controllers.dir/include/moveit_setup_controllers/moc_controller_edit_widget.cpp.o[0m
[28.265s] [ 90%] [32mBuilding CXX object CMakeFiles/moveit_setup_controllers.dir/include/moveit_setup_controllers/moc_controllers_widget.cpp.o[0m
[32.724s] [ 95%] [32mBuilding CXX object CMakeFiles/moveit_setup_controllers.dir/include/moveit_setup_controllers/moc_urdf_modifications_widget.cpp.o[0m
[40.116s] [100%] [32m[1mLinking CXX shared library libmoveit_setup_controllers.so[0m
[40.418s] [100%] Built target moveit_setup_controllers
[40.431s] Invoked command in '/home/deepak/ws_moveit/build/moveit_setup_controllers' returned '0': AMENT_PREFIX_PATH=/home/deepak/ws_moveit/install/moveit_setup_framework:/home/deepak/ws_moveit/install/moveit_ros_visualization:/home/deepak/ws_moveit/install/moveit_ros_planning_interface:/home/deepak/ws_moveit/install/moveit_ros_move_group:/home/deepak/ws_moveit/install/moveit_ros_warehouse:/home/deepak/ws_moveit/install/moveit_ros_robot_interaction:/home/deepak/ws_moveit/install/moveit_planners_ompl:/home/deepak/ws_moveit/install/moveit_kinematics:/home/deepak/ws_moveit/install/moveit_ros_planning:/home/deepak/ws_moveit/install/moveit_simple_controller_manager:/home/deepak/ws_moveit/install/moveit_ros_occupancy_map_monitor:/home/deepak/ws_moveit/install/moveit_core:/home/deepak/ws_moveit/install/moveit_resources_panda_moveit_config:/home/deepak/ws_moveit/install/moveit_resources_fanuc_moveit_config:/home/deepak/ws_moveit/install/moveit_configs_utils:/home/deepak/ws_moveit/install/srdfdom:/home/deepak/ws_moveit/install/moveit_resources_pr2_description:/home/deepak/ws_moveit/install/moveit_resources_panda_description:/home/deepak/ws_moveit/install/moveit_resources_fanuc_description:/home/deepak/ws_moveit/install/moveit_common:/home/deepak/ws_moveit/install/launch_param_builder:${AMENT_PREFIX_PATH} CMAKE_PREFIX_PATH=/home/deepak/ws_moveit/install/moveit_setup_framework:/home/deepak/ws_moveit/install/moveit_ros_visualization:/home/deepak/ws_moveit/install/moveit_ros_planning_interface:/home/deepak/ws_moveit/install/moveit_ros_move_group:/home/deepak/ws_moveit/install/moveit_ros_warehouse:/home/deepak/ws_moveit/install/moveit_ros_robot_interaction:/home/deepak/ws_moveit/install/moveit_planners_ompl:/home/deepak/ws_moveit/install/moveit_kinematics:/home/deepak/ws_moveit/install/moveit_ros_planning:/home/deepak/ws_moveit/install/moveit_simple_controller_manager:/home/deepak/ws_moveit/install/moveit_ros_occupancy_map_monitor:/home/deepak/ws_moveit/install/moveit_core:/home/deepak/ws_moveit/install/moveit_resources_panda_moveit_config:/home/deepak/ws_moveit/install/moveit_resources_fanuc_moveit_config:/home/deepak/ws_moveit/install/srdfdom:/home/deepak/ws_moveit/install/moveit_resources_pr2_description:/home/deepak/ws_moveit/install/moveit_resources_panda_description:/home/deepak/ws_moveit/install/moveit_resources_fanuc_description:/home/deepak/ws_moveit/install/moveit_common:/home/deepak/turtlebot3_ws/install/turtlebot3:/home/deepak/turtlebot3_ws/install/turtlebot3_simulations:/home/deepak/turtlebot3_ws/install/turtlebot3_bringup:/home/deepak/turtlebot3_ws/install/turtlebot3_node:/home/deepak/turtlebot3_ws/install/turtlebot3_navigation2:/home/deepak/turtlebot3_ws/install/turtlebot3_fake_node:/home/deepak/turtlebot3_ws/install/turtlebot3_msgs:/home/deepak/turtlebot3_ws/install/turtlebot3_manipulation_gazebo:/home/deepak/turtlebot3_ws/install/turtlebot3_gazebo:/home/deepak/turtlebot3_ws/install/turtlebot3_description:/home/deepak/turtlebot3_ws/install/turtlebot3_cartographer:/home/deepak/turtlebot3_ws/install/turtlebot3_autorace:/home/deepak/turtlebot3_ws/install/multirobot_map_merge:/home/deepak/turtlebot3_ws/install/explore_lite:/home/deepak/turtlebot3_ws/install/dynamixel_sdk_examples:/home/deepak/turtlebot3_ws/install/dynamixel_sdk_custom_interfaces:/home/deepak/turtlebot3_ws/install/dynamixel_sdk:/home/deepak/turtlebot3_ws/install/turtlebot3_teleop:/home/deepak/turtlebot3_ws/install/turtlebot3_example:/home/deepak/turtlebot3_ws/install/turtlebot3_autorace_mission:/home/deepak/turtlebot3_ws/install/turtlebot3_autorace_detect:/home/deepak/turtlebot3_ws/install/turtlebot3_autorace_camera:/opt/ros/humble LD_LIBRARY_PATH=/home/deepak/ws_moveit/install/moveit_setup_framework/lib:/home/deepak/ws_moveit/install/moveit_ros_visualization/lib:/home/deepak/ws_moveit/install/moveit_ros_planning_interface/lib:/home/deepak/ws_moveit/install/moveit_ros_move_group/lib:/home/deepak/ws_moveit/install/moveit_ros_warehouse/lib:/home/deepak/ws_moveit/install/moveit_ros_robot_interaction/lib:/home/deepak/ws_moveit/install/moveit_planners_ompl/lib:/home/deepak/ws_moveit/install/moveit_kinematics/lib:/home/deepak/ws_moveit/install/moveit_ros_planning/lib:/home/deepak/ws_moveit/install/moveit_simple_controller_manager/lib:/home/deepak/ws_moveit/install/moveit_ros_occupancy_map_monitor/lib:/home/deepak/ws_moveit/install/moveit_core/lib:/home/deepak/ws_moveit/install/srdfdom/lib:/home/deepak/turtlebot3_ws/install/turtlebot3_msgs/lib:/home/deepak/turtlebot3_ws/install/multirobot_map_merge/lib:/home/deepak/turtlebot3_ws/install/dynamixel_sdk_custom_interfaces/lib:/home/deepak/turtlebot3_ws/install/dynamixel_sdk/lib:/usr/lib/x86_64-linux-gnu/gazebo-11/plugins:/opt/ros/humble/opt/rviz_ogre_vendor/lib:/opt/ros/humble/lib/x86_64-linux-gnu:/opt/ros/humble/lib:/usr/lib/x86_64-linux-gnu/gazebo-11/plugins PATH=/home/deepak/ws_moveit/install/moveit_core/bin:${PATH} PYTHONPATH=/home/deepak/ws_moveit/install/moveit_configs_utils/lib/python3.10/site-packages:/home/deepak/ws_moveit/install/srdfdom/local/lib/python3.10/dist-packages:/home/deepak/ws_moveit/install/launch_param_builder/lib/python3.10/site-packages:${PYTHONPATH} /usr/bin/cmake --build /home/deepak/ws_moveit/build/moveit_setup_controllers
[40.432s] Invoking command in '/home/deepak/ws_moveit/build/moveit_setup_controllers': AMENT_PREFIX_PATH=/home/deepak/ws_moveit/install/moveit_setup_framework:/home/deepak/ws_moveit/install/moveit_ros_visualization:/home/deepak/ws_moveit/install/moveit_ros_planning_interface:/home/deepak/ws_moveit/install/moveit_ros_move_group:/home/deepak/ws_moveit/install/moveit_ros_warehouse:/home/deepak/ws_moveit/install/moveit_ros_robot_interaction:/home/deepak/ws_moveit/install/moveit_planners_ompl:/home/deepak/ws_moveit/install/moveit_kinematics:/home/deepak/ws_moveit/install/moveit_ros_planning:/home/deepak/ws_moveit/install/moveit_simple_controller_manager:/home/deepak/ws_moveit/install/moveit_ros_occupancy_map_monitor:/home/deepak/ws_moveit/install/moveit_core:/home/deepak/ws_moveit/install/moveit_resources_panda_moveit_config:/home/deepak/ws_moveit/install/moveit_resources_fanuc_moveit_config:/home/deepak/ws_moveit/install/moveit_configs_utils:/home/deepak/ws_moveit/install/srdfdom:/home/deepak/ws_moveit/install/moveit_resources_pr2_description:/home/deepak/ws_moveit/install/moveit_resources_panda_description:/home/deepak/ws_moveit/install/moveit_resources_fanuc_description:/home/deepak/ws_moveit/install/moveit_common:/home/deepak/ws_moveit/install/launch_param_builder:${AMENT_PREFIX_PATH} CMAKE_PREFIX_PATH=/home/deepak/ws_moveit/install/moveit_setup_framework:/home/deepak/ws_moveit/install/moveit_ros_visualization:/home/deepak/ws_moveit/install/moveit_ros_planning_interface:/home/deepak/ws_moveit/install/moveit_ros_move_group:/home/deepak/ws_moveit/install/moveit_ros_warehouse:/home/deepak/ws_moveit/install/moveit_ros_robot_interaction:/home/deepak/ws_moveit/install/moveit_planners_ompl:/home/deepak/ws_moveit/install/moveit_kinematics:/home/deepak/ws_moveit/install/moveit_ros_planning:/home/deepak/ws_moveit/install/moveit_simple_controller_manager:/home/deepak/ws_moveit/install/moveit_ros_occupancy_map_monitor:/home/deepak/ws_moveit/install/moveit_core:/home/deepak/ws_moveit/install/moveit_resources_panda_moveit_config:/home/deepak/ws_moveit/install/moveit_resources_fanuc_moveit_config:/home/deepak/ws_moveit/install/srdfdom:/home/deepak/ws_moveit/install/moveit_resources_pr2_description:/home/deepak/ws_moveit/install/moveit_resources_panda_description:/home/deepak/ws_moveit/install/moveit_resources_fanuc_description:/home/deepak/ws_moveit/install/moveit_common:/home/deepak/turtlebot3_ws/install/turtlebot3:/home/deepak/turtlebot3_ws/install/turtlebot3_simulations:/home/deepak/turtlebot3_ws/install/turtlebot3_bringup:/home/deepak/turtlebot3_ws/install/turtlebot3_node:/home/deepak/turtlebot3_ws/install/turtlebot3_navigation2:/home/deepak/turtlebot3_ws/install/turtlebot3_fake_node:/home/deepak/turtlebot3_ws/install/turtlebot3_msgs:/home/deepak/turtlebot3_ws/install/turtlebot3_manipulation_gazebo:/home/deepak/turtlebot3_ws/install/turtlebot3_gazebo:/home/deepak/turtlebot3_ws/install/turtlebot3_description:/home/deepak/turtlebot3_ws/install/turtlebot3_cartographer:/home/deepak/turtlebot3_ws/install/turtlebot3_autorace:/home/deepak/turtlebot3_ws/install/multirobot_map_merge:/home/deepak/turtlebot3_ws/install/explore_lite:/home/deepak/turtlebot3_ws/install/dynamixel_sdk_examples:/home/deepak/turtlebot3_ws/install/dynamixel_sdk_custom_interfaces:/home/deepak/turtlebot3_ws/install/dynamixel_sdk:/home/deepak/turtlebot3_ws/install/turtlebot3_teleop:/home/deepak/turtlebot3_ws/install/turtlebot3_example:/home/deepak/turtlebot3_ws/install/turtlebot3_autorace_mission:/home/deepak/turtlebot3_ws/install/turtlebot3_autorace_detect:/home/deepak/turtlebot3_ws/install/turtlebot3_autorace_camera:/opt/ros/humble LD_LIBRARY_PATH=/home/deepak/ws_moveit/install/moveit_setup_framework/lib:/home/deepak/ws_moveit/install/moveit_ros_visualization/lib:/home/deepak/ws_moveit/install/moveit_ros_planning_interface/lib:/home/deepak/ws_moveit/install/moveit_ros_move_group/lib:/home/deepak/ws_moveit/install/moveit_ros_warehouse/lib:/home/deepak/ws_moveit/install/moveit_ros_robot_interaction/lib:/home/deepak/ws_moveit/install/moveit_planners_ompl/lib:/home/deepak/ws_moveit/install/moveit_kinematics/lib:/home/deepak/ws_moveit/install/moveit_ros_planning/lib:/home/deepak/ws_moveit/install/moveit_simple_controller_manager/lib:/home/deepak/ws_moveit/install/moveit_ros_occupancy_map_monitor/lib:/home/deepak/ws_moveit/install/moveit_core/lib:/home/deepak/ws_moveit/install/srdfdom/lib:/home/deepak/turtlebot3_ws/install/turtlebot3_msgs/lib:/home/deepak/turtlebot3_ws/install/multirobot_map_merge/lib:/home/deepak/turtlebot3_ws/install/dynamixel_sdk_custom_interfaces/lib:/home/deepak/turtlebot3_ws/install/dynamixel_sdk/lib:/usr/lib/x86_64-linux-gnu/gazebo-11/plugins:/opt/ros/humble/opt/rviz_ogre_vendor/lib:/opt/ros/humble/lib/x86_64-linux-gnu:/opt/ros/humble/lib:/usr/lib/x86_64-linux-gnu/gazebo-11/plugins PATH=/home/deepak/ws_moveit/install/moveit_core/bin:${PATH} PYTHONPATH=/home/deepak/ws_moveit/install/moveit_configs_utils/lib/python3.10/site-packages:/home/deepak/ws_moveit/install/srdfdom/local/lib/python3.10/dist-packages:/home/deepak/ws_moveit/install/launch_param_builder/lib/python3.10/site-packages:${PYTHONPATH} /usr/bin/cmake --install /home/deepak/ws_moveit/build/moveit_setup_controllers
[40.439s] -- Install configuration: "Release"
[40.439s] -- Installing: /home/deepak/ws_moveit/install/moveit_setup_controllers/share/moveit_setup_controllers/templates
[40.441s] -- Installing: /home/deepak/ws_moveit/install/moveit_setup_controllers/share/moveit_setup_controllers/templates/config
[40.441s] -- Installing: /home/deepak/ws_moveit/install/moveit_setup_controllers/share/moveit_setup_controllers/templates/config/gazebo_controllers.yaml
[40.441s] -- Installing: /home/deepak/ws_moveit/install/moveit_setup_controllers/share/moveit_setup_controllers/templates/config/ros2_control.xacro
[40.441s] -- Installing: /home/deepak/ws_moveit/install/moveit_setup_controllers/share/moveit_setup_controllers/templates/config/modified.urdf.xacro
[40.442s] -- Installing: /home/deepak/ws_moveit/install/moveit_setup_controllers/lib/libmoveit_setup_controllers.so
[40.443s] -- Set runtime path of "/home/deepak/ws_moveit/install/moveit_setup_controllers/lib/libmoveit_setup_controllers.so" to ""
[40.443s] -- Installing: /home/deepak/ws_moveit/install/moveit_setup_controllers/share/moveit_setup_controllers/moveit_setup_framework_plugins.xml
[40.443s] -- Installing: /home/deepak/ws_moveit/install/moveit_setup_controllers/include
[40.443s] -- Installing: /home/deepak/ws_moveit/install/moveit_setup_controllers/include/moveit_setup_controllers
[40.443s] -- Installing: /home/deepak/ws_moveit/install/moveit_setup_controllers/include/moveit_setup_controllers/control_xacro_config.hpp
[40.443s] -- Installing: /home/deepak/ws_moveit/install/moveit_setup_controllers/include/moveit_setup_controllers/urdf_modifications.hpp
[40.443s] -- Installing: /home/deepak/ws_moveit/install/moveit_setup_controllers/include/moveit_setup_controllers/modified_urdf_config.hpp
[40.443s] -- Installing: /home/deepak/ws_moveit/install/moveit_setup_controllers/include/moveit_setup_controllers/ros2_controllers.hpp
[40.443s] -- Installing: /home/deepak/ws_moveit/install/moveit_setup_controllers/include/moveit_setup_controllers/controllers.hpp
[40.443s] -- Installing: /home/deepak/ws_moveit/install/moveit_setup_controllers/include/moveit_setup_controllers/included_xacro_config.hpp
[40.443s] -- Installing: /home/deepak/ws_moveit/install/moveit_setup_controllers/include/moveit_setup_controllers/urdf_modifications_widget.hpp
[40.443s] -- Installing: /home/deepak/ws_moveit/install/moveit_setup_controllers/include/moveit_setup_controllers/controllers_config.hpp
[40.443s] -- Installing: /home/deepak/ws_moveit/install/moveit_setup_controllers/include/moveit_setup_controllers/controllers_widget.hpp
[40.444s] -- Installing: /home/deepak/ws_moveit/install/moveit_setup_controllers/include/moveit_setup_controllers/controller_edit_widget.hpp
[40.444s] -- Installing: /home/deepak/ws_moveit/install/moveit_setup_controllers/include/moveit_setup_controllers/moveit_controllers_config.hpp
[40.444s] -- Installing: /home/deepak/ws_moveit/install/moveit_setup_controllers/include/moveit_setup_controllers/ros2_controllers_config.hpp
[40.444s] -- Installing: /home/deepak/ws_moveit/install/moveit_setup_controllers/include/moveit_setup_controllers/moveit_controllers.hpp
[40.444s] -- Installing: /home/deepak/ws_moveit/install/moveit_setup_controllers/share/moveit_setup_controllers/launch
[40.444s] -- Installing: /home/deepak/ws_moveit/install/moveit_setup_controllers/share/moveit_setup_controllers/launch/control.launch.py
[40.444s] -- Installing: /home/deepak/ws_moveit/install/moveit_setup_controllers/share/moveit_setup_controllers/environment/library_path.sh
[40.444s] -- Installing: /home/deepak/ws_moveit/install/moveit_setup_controllers/share/moveit_setup_controllers/environment/library_path.dsv
[40.444s] -- Up-to-date: /home/deepak/ws_moveit/install/moveit_setup_controllers/share/moveit_setup_controllers/moveit_setup_framework_plugins.xml
[40.444s] -- Installing: /home/deepak/ws_moveit/install/moveit_setup_controllers/share/ament_index/resource_index/package_run_dependencies/moveit_setup_controllers
[40.444s] -- Installing: /home/deepak/ws_moveit/install/moveit_setup_controllers/share/ament_index/resource_index/parent_prefix_path/moveit_setup_controllers
[40.444s] -- Installing: /home/deepak/ws_moveit/install/moveit_setup_controllers/share/moveit_setup_controllers/environment/ament_prefix_path.sh
[40.444s] -- Installing: /home/deepak/ws_moveit/install/moveit_setup_controllers/share/moveit_setup_controllers/environment/ament_prefix_path.dsv
[40.444s] -- Installing: /home/deepak/ws_moveit/install/moveit_setup_controllers/share/moveit_setup_controllers/environment/path.sh
[40.444s] -- Installing: /home/deepak/ws_moveit/install/moveit_setup_controllers/share/moveit_setup_controllers/environment/path.dsv
[40.444s] -- Installing: /home/deepak/ws_moveit/install/moveit_setup_controllers/share/moveit_setup_controllers/local_setup.bash
[40.445s] -- Installing: /home/deepak/ws_moveit/install/moveit_setup_controllers/share/moveit_setup_controllers/local_setup.sh
[40.445s] -- Installing: /home/deepak/ws_moveit/install/moveit_setup_controllers/share/moveit_setup_controllers/local_setup.zsh
[40.445s] -- Installing: /home/deepak/ws_moveit/install/moveit_setup_controllers/share/moveit_setup_controllers/local_setup.dsv
[40.445s] -- Installing: /home/deepak/ws_moveit/install/moveit_setup_controllers/share/moveit_setup_controllers/package.dsv
[40.445s] -- Installing: /home/deepak/ws_moveit/install/moveit_setup_controllers/share/ament_index/resource_index/packages/moveit_setup_controllers
[40.445s] -- Installing: /home/deepak/ws_moveit/install/moveit_setup_controllers/share/ament_index/resource_index/moveit_setup_framework__pluginlib__plugin/moveit_setup_controllers
[40.445s] -- Installing: /home/deepak/ws_moveit/install/moveit_setup_controllers/share/moveit_setup_controllers/cmake/export_moveit_setup_controllersExport.cmake
[40.445s] -- Installing: /home/deepak/ws_moveit/install/moveit_setup_controllers/share/moveit_setup_controllers/cmake/export_moveit_setup_controllersExport-release.cmake
[40.445s] -- Installing: /home/deepak/ws_moveit/install/moveit_setup_controllers/share/moveit_setup_controllers/cmake/ament_cmake_export_include_directories-extras.cmake
[40.445s] -- Installing: /home/deepak/ws_moveit/install/moveit_setup_controllers/share/moveit_setup_controllers/cmake/ament_cmake_export_libraries-extras.cmake
[40.445s] -- Installing: /home/deepak/ws_moveit/install/moveit_setup_controllers/share/moveit_setup_controllers/cmake/ament_cmake_export_targets-extras.cmake
[40.445s] -- Installing: /home/deepak/ws_moveit/install/moveit_setup_controllers/share/moveit_setup_controllers/cmake/moveit_setup_controllersConfig.cmake
[40.445s] -- Installing: /home/deepak/ws_moveit/install/moveit_setup_controllers/share/moveit_setup_controllers/cmake/moveit_setup_controllersConfig-version.cmake
[40.445s] -- Installing: /home/deepak/ws_moveit/install/moveit_setup_controllers/share/moveit_setup_controllers/package.xml
[40.447s] Invoked command in '/home/deepak/ws_moveit/build/moveit_setup_controllers' returned '0': AMENT_PREFIX_PATH=/home/deepak/ws_moveit/install/moveit_setup_framework:/home/deepak/ws_moveit/install/moveit_ros_visualization:/home/deepak/ws_moveit/install/moveit_ros_planning_interface:/home/deepak/ws_moveit/install/moveit_ros_move_group:/home/deepak/ws_moveit/install/moveit_ros_warehouse:/home/deepak/ws_moveit/install/moveit_ros_robot_interaction:/home/deepak/ws_moveit/install/moveit_planners_ompl:/home/deepak/ws_moveit/install/moveit_kinematics:/home/deepak/ws_moveit/install/moveit_ros_planning:/home/deepak/ws_moveit/install/moveit_simple_controller_manager:/home/deepak/ws_moveit/install/moveit_ros_occupancy_map_monitor:/home/deepak/ws_moveit/install/moveit_core:/home/deepak/ws_moveit/install/moveit_resources_panda_moveit_config:/home/deepak/ws_moveit/install/moveit_resources_fanuc_moveit_config:/home/deepak/ws_moveit/install/moveit_configs_utils:/home/deepak/ws_moveit/install/srdfdom:/home/deepak/ws_moveit/install/moveit_resources_pr2_description:/home/deepak/ws_moveit/install/moveit_resources_panda_description:/home/deepak/ws_moveit/install/moveit_resources_fanuc_description:/home/deepak/ws_moveit/install/moveit_common:/home/deepak/ws_moveit/install/launch_param_builder:${AMENT_PREFIX_PATH} CMAKE_PREFIX_PATH=/home/deepak/ws_moveit/install/moveit_setup_framework:/home/deepak/ws_moveit/install/moveit_ros_visualization:/home/deepak/ws_moveit/install/moveit_ros_planning_interface:/home/deepak/ws_moveit/install/moveit_ros_move_group:/home/deepak/ws_moveit/install/moveit_ros_warehouse:/home/deepak/ws_moveit/install/moveit_ros_robot_interaction:/home/deepak/ws_moveit/install/moveit_planners_ompl:/home/deepak/ws_moveit/install/moveit_kinematics:/home/deepak/ws_moveit/install/moveit_ros_planning:/home/deepak/ws_moveit/install/moveit_simple_controller_manager:/home/deepak/ws_moveit/install/moveit_ros_occupancy_map_monitor:/home/deepak/ws_moveit/install/moveit_core:/home/deepak/ws_moveit/install/moveit_resources_panda_moveit_config:/home/deepak/ws_moveit/install/moveit_resources_fanuc_moveit_config:/home/deepak/ws_moveit/install/srdfdom:/home/deepak/ws_moveit/install/moveit_resources_pr2_description:/home/deepak/ws_moveit/install/moveit_resources_panda_description:/home/deepak/ws_moveit/install/moveit_resources_fanuc_description:/home/deepak/ws_moveit/install/moveit_common:/home/deepak/turtlebot3_ws/install/turtlebot3:/home/deepak/turtlebot3_ws/install/turtlebot3_simulations:/home/deepak/turtlebot3_ws/install/turtlebot3_bringup:/home/deepak/turtlebot3_ws/install/turtlebot3_node:/home/deepak/turtlebot3_ws/install/turtlebot3_navigation2:/home/deepak/turtlebot3_ws/install/turtlebot3_fake_node:/home/deepak/turtlebot3_ws/install/turtlebot3_msgs:/home/deepak/turtlebot3_ws/install/turtlebot3_manipulation_gazebo:/home/deepak/turtlebot3_ws/install/turtlebot3_gazebo:/home/deepak/turtlebot3_ws/install/turtlebot3_description:/home/deepak/turtlebot3_ws/install/turtlebot3_cartographer:/home/deepak/turtlebot3_ws/install/turtlebot3_autorace:/home/deepak/turtlebot3_ws/install/multirobot_map_merge:/home/deepak/turtlebot3_ws/install/explore_lite:/home/deepak/turtlebot3_ws/install/dynamixel_sdk_examples:/home/deepak/turtlebot3_ws/install/dynamixel_sdk_custom_interfaces:/home/deepak/turtlebot3_ws/install/dynamixel_sdk:/home/deepak/turtlebot3_ws/install/turtlebot3_teleop:/home/deepak/turtlebot3_ws/install/turtlebot3_example:/home/deepak/turtlebot3_ws/install/turtlebot3_autorace_mission:/home/deepak/turtlebot3_ws/install/turtlebot3_autorace_detect:/home/deepak/turtlebot3_ws/install/turtlebot3_autorace_camera:/opt/ros/humble LD_LIBRARY_PATH=/home/deepak/ws_moveit/install/moveit_setup_framework/lib:/home/deepak/ws_moveit/install/moveit_ros_visualization/lib:/home/deepak/ws_moveit/install/moveit_ros_planning_interface/lib:/home/deepak/ws_moveit/install/moveit_ros_move_group/lib:/home/deepak/ws_moveit/install/moveit_ros_warehouse/lib:/home/deepak/ws_moveit/install/moveit_ros_robot_interaction/lib:/home/deepak/ws_moveit/install/moveit_planners_ompl/lib:/home/deepak/ws_moveit/install/moveit_kinematics/lib:/home/deepak/ws_moveit/install/moveit_ros_planning/lib:/home/deepak/ws_moveit/install/moveit_simple_controller_manager/lib:/home/deepak/ws_moveit/install/moveit_ros_occupancy_map_monitor/lib:/home/deepak/ws_moveit/install/moveit_core/lib:/home/deepak/ws_moveit/install/srdfdom/lib:/home/deepak/turtlebot3_ws/install/turtlebot3_msgs/lib:/home/deepak/turtlebot3_ws/install/multirobot_map_merge/lib:/home/deepak/turtlebot3_ws/install/dynamixel_sdk_custom_interfaces/lib:/home/deepak/turtlebot3_ws/install/dynamixel_sdk/lib:/usr/lib/x86_64-linux-gnu/gazebo-11/plugins:/opt/ros/humble/opt/rviz_ogre_vendor/lib:/opt/ros/humble/lib/x86_64-linux-gnu:/opt/ros/humble/lib:/usr/lib/x86_64-linux-gnu/gazebo-11/plugins PATH=/home/deepak/ws_moveit/install/moveit_core/bin:${PATH} PYTHONPATH=/home/deepak/ws_moveit/install/moveit_configs_utils/lib/python3.10/site-packages:/home/deepak/ws_moveit/install/srdfdom/local/lib/python3.10/dist-packages:/home/deepak/ws_moveit/install/launch_param_builder/lib/python3.10/site-packages:${PYTHONPATH} /usr/bin/cmake --install /home/deepak/ws_moveit/build/moveit_setup_controllers
