[0.006s] Invoking command in '/home/remandey/my-programs/rovercore/build/rover_hardware': CMAKE_PREFIX_PATH=${CMAKE_PREFIX_PATH}:/opt/ros/humble /usr/bin/cmake --build /home/remandey/my-programs/rovercore/build/rover_hardware -- -j16 -l16
[0.067s] [100%] Built target rover_hardware
[0.070s] Invoked command in '/home/remandey/my-programs/rovercore/build/rover_hardware' returned '0': CMAKE_PREFIX_PATH=${CMAKE_PREFIX_PATH}:/opt/ros/humble /usr/bin/cmake --build /home/remandey/my-programs/rovercore/build/rover_hardware -- -j16 -l16
[0.071s] Invoking command in '/home/remandey/my-programs/rovercore/build/rover_hardware': CMAKE_PREFIX_PATH=${CMAKE_PREFIX_PATH}:/opt/ros/humble /usr/bin/cmake --install /home/remandey/my-programs/rovercore/build/rover_hardware
[0.077s] -- Install configuration: ""
[0.077s] -- Up-to-date: /home/remandey/my-programs/rovercore/install/rover_hardware/share/rover_hardware/rover_hardware.xml
[0.077s] -- Up-to-date: /home/remandey/my-programs/rovercore/install/rover_hardware/lib/librover_hardware.so
[0.077s] -- Up-to-date: /home/remandey/my-programs/rovercore/install/rover_hardware/include
[0.077s] -- Up-to-date: /home/remandey/my-programs/rovercore/install/rover_hardware/include/rover_hardware
[0.077s] -- Up-to-date: /home/remandey/my-programs/rovercore/install/rover_hardware/include/rover_hardware/rover_can_interface.hpp
[0.077s] -- Up-to-date: /home/remandey/my-programs/rovercore/install/rover_hardware/share/rover_hardware/launch
[0.077s] -- Up-to-date: /home/remandey/my-programs/rovercore/install/rover_hardware/share/rover_hardware/launch/bringup.launch.py
[0.077s] -- Up-to-date: /home/remandey/my-programs/rovercore/install/rover_hardware/share/rover_hardware/config
[0.077s] -- Up-to-date: /home/remandey/my-programs/rovercore/install/rover_hardware/share/rover_hardware/config/controllers.yaml
[0.077s] -- Up-to-date: /home/remandey/my-programs/rovercore/install/rover_hardware/share/rover_hardware/rover_hardware.xml
[0.077s] -- Up-to-date: /home/remandey/my-programs/rovercore/install/rover_hardware/share/ament_index/resource_index/package_run_dependencies/rover_hardware
[0.077s] -- Up-to-date: /home/remandey/my-programs/rovercore/install/rover_hardware/share/ament_index/resource_index/parent_prefix_path/rover_hardware
[0.077s] -- Up-to-date: /home/remandey/my-programs/rovercore/install/rover_hardware/share/rover_hardware/environment/ament_prefix_path.sh
[0.077s] -- Up-to-date: /home/remandey/my-programs/rovercore/install/rover_hardware/share/rover_hardware/environment/ament_prefix_path.dsv
[0.077s] -- Up-to-date: /home/remandey/my-programs/rovercore/install/rover_hardware/share/rover_hardware/environment/path.sh
[0.077s] -- Up-to-date: /home/remandey/my-programs/rovercore/install/rover_hardware/share/rover_hardware/environment/path.dsv
[0.077s] -- Up-to-date: /home/remandey/my-programs/rovercore/install/rover_hardware/share/rover_hardware/local_setup.bash
[0.077s] -- Up-to-date: /home/remandey/my-programs/rovercore/install/rover_hardware/share/rover_hardware/local_setup.sh
[0.077s] -- Up-to-date: /home/remandey/my-programs/rovercore/install/rover_hardware/share/rover_hardware/local_setup.zsh
[0.077s] -- Up-to-date: /home/remandey/my-programs/rovercore/install/rover_hardware/share/rover_hardware/local_setup.dsv
[0.077s] -- Installing: /home/remandey/my-programs/rovercore/install/rover_hardware/share/rover_hardware/package.dsv
[0.077s] -- Up-to-date: /home/remandey/my-programs/rovercore/install/rover_hardware/share/ament_index/resource_index/packages/rover_hardware
[0.077s] -- Up-to-date: /home/remandey/my-programs/rovercore/install/rover_hardware/share/ament_index/resource_index/hardware_interface__pluginlib__plugin/rover_hardware
[0.077s] -- Up-to-date: /home/remandey/my-programs/rovercore/install/rover_hardware/share/rover_hardware/cmake/export_rover_hardwareExport.cmake
[0.077s] -- Up-to-date: /home/remandey/my-programs/rovercore/install/rover_hardware/share/rover_hardware/cmake/export_rover_hardwareExport-noconfig.cmake
[0.077s] -- Up-to-date: /home/remandey/my-programs/rovercore/install/rover_hardware/share/rover_hardware/cmake/ament_cmake_export_targets-extras.cmake
[0.077s] -- Up-to-date: /home/remandey/my-programs/rovercore/install/rover_hardware/share/rover_hardware/cmake/ament_cmake_export_dependencies-extras.cmake
[0.078s] -- Up-to-date: /home/remandey/my-programs/rovercore/install/rover_hardware/share/rover_hardware/cmake/rover_hardwareConfig.cmake
[0.078s] -- Up-to-date: /home/remandey/my-programs/rovercore/install/rover_hardware/share/rover_hardware/cmake/rover_hardwareConfig-version.cmake
[0.078s] -- Up-to-date: /home/remandey/my-programs/rovercore/install/rover_hardware/share/rover_hardware/package.xml
[0.078s] Invoked command in '/home/remandey/my-programs/rovercore/build/rover_hardware' returned '0': CMAKE_PREFIX_PATH=${CMAKE_PREFIX_PATH}:/opt/ros/humble /usr/bin/cmake --install /home/remandey/my-programs/rovercore/build/rover_hardware
