[0.032s] Invoking command in '/home/deepak/ws_moveit/build/moveit_ros_visualization': AMENT_PREFIX_PATH=/home/deepak/ws_moveit/install/moveit_ros_planning_interface:/home/deepak/ws_moveit/install/moveit_ros_move_group:/home/deepak/ws_moveit/install/moveit_ros_warehouse:/home/deepak/ws_moveit/install/moveit_ros_robot_interaction:/home/deepak/ws_moveit/install/moveit_planners_ompl:/home/deepak/ws_moveit/install/moveit_kinematics:/home/deepak/ws_moveit/install/moveit_ros_planning:/home/deepak/ws_moveit/install/moveit_simple_controller_manager:/home/deepak/ws_moveit/install/moveit_ros_occupancy_map_monitor:/home/deepak/ws_moveit/install/moveit_core:/home/deepak/ws_moveit/install/moveit_resources_panda_moveit_config:/home/deepak/ws_moveit/install/moveit_resources_fanuc_moveit_config:/home/deepak/ws_moveit/install/moveit_configs_utils:/home/deepak/ws_moveit/install/srdfdom:/home/deepak/ws_moveit/install/moveit_resources_pr2_description:/home/deepak/ws_moveit/install/moveit_resources_panda_description:/home/deepak/ws_moveit/install/moveit_resources_fanuc_description:/home/deepak/ws_moveit/install/moveit_common:/home/deepak/ws_moveit/install/launch_param_builder:${AMENT_PREFIX_PATH} CMAKE_PREFIX_PATH=/home/deepak/ws_moveit/install/moveit_ros_planning_interface:/home/deepak/ws_moveit/install/moveit_ros_move_group:/home/deepak/ws_moveit/install/moveit_ros_warehouse:/home/deepak/ws_moveit/install/moveit_ros_robot_interaction:/home/deepak/ws_moveit/install/moveit_planners_ompl:/home/deepak/ws_moveit/install/moveit_kinematics:/home/deepak/ws_moveit/install/moveit_ros_planning:/home/deepak/ws_moveit/install/moveit_simple_controller_manager:/home/deepak/ws_moveit/install/moveit_ros_occupancy_map_monitor:/home/deepak/ws_moveit/install/moveit_core:/home/deepak/ws_moveit/install/moveit_resources_panda_moveit_config:/home/deepak/ws_moveit/install/moveit_resources_fanuc_moveit_config:/home/deepak/ws_moveit/install/srdfdom:/home/deepak/ws_moveit/install/moveit_resources_pr2_description:/home/deepak/ws_moveit/install/moveit_resources_panda_description:/home/deepak/ws_moveit/install/moveit_resources_fanuc_description:/home/deepak/ws_moveit/install/moveit_common:/home/deepak/turtlebot3_ws/install/turtlebot3:/home/deepak/turtlebot3_ws/install/turtlebot3_simulations:/home/deepak/turtlebot3_ws/install/turtlebot3_bringup:/home/deepak/turtlebot3_ws/install/turtlebot3_node:/home/deepak/turtlebot3_ws/install/turtlebot3_navigation2:/home/deepak/turtlebot3_ws/install/turtlebot3_fake_node:/home/deepak/turtlebot3_ws/install/turtlebot3_msgs:/home/deepak/turtlebot3_ws/install/turtlebot3_manipulation_gazebo:/home/deepak/turtlebot3_ws/install/turtlebot3_gazebo:/home/deepak/turtlebot3_ws/install/turtlebot3_description:/home/deepak/turtlebot3_ws/install/turtlebot3_cartographer:/home/deepak/turtlebot3_ws/install/turtlebot3_autorace:/home/deepak/turtlebot3_ws/install/multirobot_map_merge:/home/deepak/turtlebot3_ws/install/explore_lite:/home/deepak/turtlebot3_ws/install/dynamixel_sdk_examples:/home/deepak/turtlebot3_ws/install/dynamixel_sdk_custom_interfaces:/home/deepak/turtlebot3_ws/install/dynamixel_sdk:/home/deepak/turtlebot3_ws/install/turtlebot3_teleop:/home/deepak/turtlebot3_ws/install/turtlebot3_example:/home/deepak/turtlebot3_ws/install/turtlebot3_autorace_mission:/home/deepak/turtlebot3_ws/install/turtlebot3_autorace_detect:/home/deepak/turtlebot3_ws/install/turtlebot3_autorace_camera:/opt/ros/humble LD_LIBRARY_PATH=/home/deepak/ws_moveit/install/moveit_ros_planning_interface/lib:/home/deepak/ws_moveit/install/moveit_ros_move_group/lib:/home/deepak/ws_moveit/install/moveit_ros_warehouse/lib:/home/deepak/ws_moveit/install/moveit_ros_robot_interaction/lib:/home/deepak/ws_moveit/install/moveit_planners_ompl/lib:/home/deepak/ws_moveit/install/moveit_kinematics/lib:/home/deepak/ws_moveit/install/moveit_ros_planning/lib:/home/deepak/ws_moveit/install/moveit_simple_controller_manager/lib:/home/deepak/ws_moveit/install/moveit_ros_occupancy_map_monitor/lib:/home/deepak/ws_moveit/install/moveit_core/lib:/home/deepak/ws_moveit/install/srdfdom/lib:/home/deepak/turtlebot3_ws/install/turtlebot3_msgs/lib:/home/deepak/turtlebot3_ws/install/multirobot_map_merge/lib:/home/deepak/turtlebot3_ws/install/dynamixel_sdk_custom_interfaces/lib:/home/deepak/turtlebot3_ws/install/dynamixel_sdk/lib:/usr/lib/x86_64-linux-gnu/gazebo-11/plugins:/opt/ros/humble/opt/rviz_ogre_vendor/lib:/opt/ros/humble/lib/x86_64-linux-gnu:/opt/ros/humble/lib:/usr/lib/x86_64-linux-gnu/gazebo-11/plugins PATH=/home/deepak/ws_moveit/install/moveit_core/bin:${PATH} PYTHONPATH=/home/deepak/ws_moveit/install/moveit_configs_utils/lib/python3.10/site-packages:/home/deepak/ws_moveit/install/srdfdom/local/lib/python3.10/dist-packages:/home/deepak/ws_moveit/install/launch_param_builder/lib/python3.10/site-packages:${PYTHONPATH} /usr/bin/cmake /home/deepak/ws_moveit/src/moveit2/moveit_ros/visualization -DBUILD_TESTING=OFF -DCMAKE_INSTALL_PREFIX=/home/deepak/ws_moveit/install/moveit_ros_visualization
[0.074s] -- The C compiler identification is GNU 11.4.0
[0.110s] -- The CXX compiler identification is GNU 11.4.0
[0.115s] -- Detecting C compiler ABI info
[0.171s] -- Detecting C compiler ABI info - done
[0.177s] -- Check for working C compiler: /usr/bin/cc - skipped
[0.177s] -- Detecting C compile features
[0.177s] -- Detecting C compile features - done
[0.179s] -- Detecting CXX compiler ABI info
[0.234s] -- Detecting CXX compiler ABI info - done
[0.239s] -- Check for working CXX compiler: /usr/bin/c++ - skipped
[0.239s] -- Detecting CXX compile features
[0.239s] -- Detecting CXX compile features - done
[0.240s] -- Found moveit_common: 2.5.9 (/home/deepak/ws_moveit/install/moveit_common/share/moveit_common/cmake)
[0.242s] -- Found ament_cmake: 1.3.12 (/opt/ros/humble/share/ament_cmake/cmake)
[0.346s] -- Found Python3: /usr/bin/python3 (found version "3.10.12") found components: Interpreter 
[0.457s] [0mmoveit_ros_visualization: You did not request a specific build type: Choosing 'Release' for maximum performance[0m
[0.459s] -- Found class_loader: 2.2.0 (/opt/ros/humble/share/class_loader/cmake)
[0.477s] -- Found geometric_shapes: 2.3.2 (/opt/ros/humble/share/geometric_shapes/cmake)
[0.485s] -- Found Boost: /usr/lib/x86_64-linux-gnu/cmake/Boost-1.74.0/BoostConfig.cmake (found version "1.74.0") found components: filesystem 
[0.525s] -- Found rosidl_generator_c: 3.1.8 (/opt/ros/humble/share/rosidl_generator_c/cmake)
[0.530s] -- Found rosidl_adapter: 3.1.8 (/opt/ros/humble/share/rosidl_adapter/cmake)
[0.537s] -- Found rosidl_generator_cpp: 3.1.8 (/opt/ros/humble/share/rosidl_generator_cpp/cmake)
[0.547s] -- Using all available rosidl_typesupport_c: rosidl_typesupport_fastrtps_c;rosidl_typesupport_introspection_c
[0.557s] -- Using all available rosidl_typesupport_cpp: rosidl_typesupport_fastrtps_cpp;rosidl_typesupport_introspection_cpp
[0.621s] -- Found rmw_implementation_cmake: 6.1.2 (/opt/ros/humble/share/rmw_implementation_cmake/cmake)
[0.625s] -- Found rmw_fastrtps_cpp: 6.2.9 (/opt/ros/humble/share/rmw_fastrtps_cpp/cmake)
[0.694s] -- Found OpenSSL: /usr/lib/x86_64-linux-gnu/libcrypto.so (found version "3.0.2")  
[0.714s] -- Found FastRTPS: /opt/ros/humble/include  
[0.750s] -- Using RMW implementation 'rmw_fastrtps_cpp' as default
[0.758s] -- Looking for pthread.h
[0.828s] -- Looking for pthread.h - found
[0.829s] -- Performing Test CMAKE_HAVE_LIBC_PTHREAD
[0.897s] -- Performing Test CMAKE_HAVE_LIBC_PTHREAD - Success
[0.898s] -- Found Threads: TRUE  
[0.989s] -- library: /usr/lib/x86_64-linux-gnu/libcurl.so
[1.028s] -- Found interactive_markers: 2.3.2 (/opt/ros/humble/share/interactive_markers/cmake)
[1.033s] -- Found moveit_ros_planning: 2.5.9 (/home/deepak/ws_moveit/install/moveit_ros_planning/share/moveit_ros_planning/cmake)
[1.051s] -- Found Boost: /usr/lib/x86_64-linux-gnu/cmake/Boost-1.74.0/BoostConfig.cmake (found version "1.74.0") found components: system filesystem date_time program_options thread chrono 
[1.150s] -- Found Boost: /usr/lib/x86_64-linux-gnu/cmake/Boost-1.74.0/BoostConfig.cmake (found version "1.74.0") found components: chrono date_time filesystem iostreams program_options regex serialization system thread 
[1.175s] -- Found parameter_traits: 0.6.0 (/opt/ros/humble/share/parameter_traits/cmake)
[1.186s] -- Found rclcpp_lifecycle: 16.0.17 (/opt/ros/humble/share/rclcpp_lifecycle/cmake)
[1.209s] -- Found Eigen3: TRUE (found version "3.4.0") 
[1.209s] -- Ensuring Eigen3 include directory is part of orocos-kdl CMake target
[1.290s] -- Found moveit_ros_planning_interface: 2.5.9 (/home/deepak/ws_moveit/install/moveit_ros_planning_interface/share/moveit_ros_planning_interface/cmake)
[1.293s] -- Found Boost: /usr/lib/x86_64-linux-gnu/cmake/Boost-1.74.0/BoostConfig.cmake (found version "1.74.0") found components: date_time filesystem program_options system thread 
[1.301s] -- Found Boost: /usr/lib/x86_64-linux-gnu/cmake/Boost-1.74.0/BoostConfig.cmake (found version "1.74.0") found components: thread system filesystem regex date_time program_options 
[1.314s] -- Found Boost: /usr/lib/x86_64-linux-gnu/cmake/Boost-1.74.0/BoostConfig.cmake (found version "1.74.0") found components: system filesystem date_time program_options thread 
[1.331s] -- Found moveit_ros_robot_interaction: 2.5.9 (/home/deepak/ws_moveit/install/moveit_ros_robot_interaction/share/moveit_ros_robot_interaction/cmake)
[1.337s] -- Found rclpy: 3.3.19 (/opt/ros/humble/share/rclpy/cmake)
[1.343s] -- Found rviz2: 11.2.25 (/opt/ros/humble/share/rviz2/cmake)
[1.346s] -- Found rviz_common: 11.2.25 (/opt/ros/humble/share/rviz_common/cmake)
[1.358s] -- Setting assimp_DIR to: '/opt/ros/humble/share/rviz_assimp_vendor/cmake/../../../opt/rviz_assimp_vendor/lib/cmake/assimp-4.1'
[1.364s] -- Setting OGRE_DIR to: '/opt/ros/humble/share/rviz_ogre_vendor/cmake/../../../opt/rviz_ogre_vendor/lib/OGRE/cmake'
[1.365s] -- Found OGRE
[1.365s] --   static     : OFF
[1.365s] --   components : HLMS;MeshLodGenerator;Overlay;Paging;Property;RTShaderSystem;Terrain;Volume
[1.365s] --   plugins    : Plugin_BSPSceneManager;Plugin_OctreeSceneManager;Plugin_PCZSceneManager;Plugin_ParticleFX;RenderSystem_GL;RenderSystem_GL3Plus;Codec_STBI
[1.365s] --   media      : /opt/ros/humble/opt/rviz_ogre_vendor/share/OGRE/Media
[1.365s] -- OGRE_LIBRARIES: OgreHLMS;OgreMeshLodGenerator;OgreOverlay;OgrePaging;OgreProperty;OgreRTShaderSystem;OgreTerrain;OgreVolume;OgreMain
[1.365s] -- OGRE_LIBRARY_DIRS: /opt/ros/humble/opt/rviz_ogre_vendor/lib
[1.365s] -- OGRE_PLUGINS: Plugin_BSPSceneManager;Plugin_OctreeSceneManager;Plugin_PCZSceneManager;Plugin_ParticleFX;RenderSystem_GL;RenderSystem_GL3Plus;Codec_STBI
[1.365s] -- OGRE_PLUGIN_DIR: /opt/ros/humble/opt/rviz_ogre_vendor/lib/OGRE
[1.365s] -- rviz_ogre_vendor::OgreOverlay for IMPORTED_LOCATION_RELEASE: /opt/ros/humble/opt/rviz_ogre_vendor/lib/libOgreOverlay.so
[1.365s] -- rviz_ogre_vendor::OgreOverlay for IMPORTED_LOCATION_DEBUG: /opt/ros/humble/opt/rviz_ogre_vendor/lib/libOgreOverlay.so
[1.365s] -- rviz_ogre_vendor::OgreMain for IMPORTED_LOCATION_RELEASE: /opt/ros/humble/opt/rviz_ogre_vendor/lib/libOgreMain.so
[1.365s] -- rviz_ogre_vendor::OgreMain for IMPORTED_LOCATION_DEBUG: /opt/ros/humble/opt/rviz_ogre_vendor/lib/libOgreMain.so
[1.378s] -- Found ZLIB: /usr/lib/x86_64-linux-gnu/libz.so (found version "1.2.11") 
[1.382s] -- Found OpenGL: /usr/lib/x86_64-linux-gnu/libOpenGL.so   
[1.461s] -- Found X11: /usr/include   
[1.462s] -- Looking for XOpenDisplay in /usr/lib/x86_64-linux-gnu/libX11.so;/usr/lib/x86_64-linux-gnu/libXext.so
[1.528s] -- Looking for XOpenDisplay in /usr/lib/x86_64-linux-gnu/libX11.so;/usr/lib/x86_64-linux-gnu/libXext.so - found
[1.528s] -- Looking for gethostbyname
[1.596s] -- Looking for gethostbyname - found
[1.597s] -- Looking for connect
[1.671s] -- Looking for connect - found
[1.671s] -- Looking for remove
[1.742s] -- Looking for remove - found
[1.742s] -- Looking for shmat
[1.818s] -- Looking for shmat - found
[1.818s] -- Looking for IceConnectionNumber in ICE
[1.895s] -- Looking for IceConnectionNumber in ICE - found
[1.916s] -- Found rviz_default_plugins: 11.2.25 (/opt/ros/humble/share/rviz_default_plugins/cmake)
[1.961s] -- Found Boost: /usr/lib/x86_64-linux-gnu/cmake/Boost-1.74.0/BoostConfig.cmake (found version "1.74.0") found components: thread date_time system filesystem 
[1.985s] -- Performing Test COMPILER_HAS_HIDDEN_VISIBILITY
[2.067s] -- Performing Test COMPILER_HAS_HIDDEN_VISIBILITY - Success
[2.067s] -- Performing Test COMPILER_HAS_HIDDEN_INLINE_VISIBILITY
[2.152s] -- Performing Test COMPILER_HAS_HIDDEN_INLINE_VISIBILITY - Success
[2.152s] -- Performing Test COMPILER_HAS_DEPRECATED_ATTR
[2.233s] -- Performing Test COMPILER_HAS_DEPRECATED_ATTR - Success
[2.264s] -- Configuring done
[2.422s] -- Generating done
[2.450s] -- Build files have been written to: /home/deepak/ws_moveit/build/moveit_ros_visualization
[2.466s] Invoked command in '/home/deepak/ws_moveit/build/moveit_ros_visualization' returned '0': AMENT_PREFIX_PATH=/home/deepak/ws_moveit/install/moveit_ros_planning_interface:/home/deepak/ws_moveit/install/moveit_ros_move_group:/home/deepak/ws_moveit/install/moveit_ros_warehouse:/home/deepak/ws_moveit/install/moveit_ros_robot_interaction:/home/deepak/ws_moveit/install/moveit_planners_ompl:/home/deepak/ws_moveit/install/moveit_kinematics:/home/deepak/ws_moveit/install/moveit_ros_planning:/home/deepak/ws_moveit/install/moveit_simple_controller_manager:/home/deepak/ws_moveit/install/moveit_ros_occupancy_map_monitor:/home/deepak/ws_moveit/install/moveit_core:/home/deepak/ws_moveit/install/moveit_resources_panda_moveit_config:/home/deepak/ws_moveit/install/moveit_resources_fanuc_moveit_config:/home/deepak/ws_moveit/install/moveit_configs_utils:/home/deepak/ws_moveit/install/srdfdom:/home/deepak/ws_moveit/install/moveit_resources_pr2_description:/home/deepak/ws_moveit/install/moveit_resources_panda_description:/home/deepak/ws_moveit/install/moveit_resources_fanuc_description:/home/deepak/ws_moveit/install/moveit_common:/home/deepak/ws_moveit/install/launch_param_builder:${AMENT_PREFIX_PATH} CMAKE_PREFIX_PATH=/home/deepak/ws_moveit/install/moveit_ros_planning_interface:/home/deepak/ws_moveit/install/moveit_ros_move_group:/home/deepak/ws_moveit/install/moveit_ros_warehouse:/home/deepak/ws_moveit/install/moveit_ros_robot_interaction:/home/deepak/ws_moveit/install/moveit_planners_ompl:/home/deepak/ws_moveit/install/moveit_kinematics:/home/deepak/ws_moveit/install/moveit_ros_planning:/home/deepak/ws_moveit/install/moveit_simple_controller_manager:/home/deepak/ws_moveit/install/moveit_ros_occupancy_map_monitor:/home/deepak/ws_moveit/install/moveit_core:/home/deepak/ws_moveit/install/moveit_resources_panda_moveit_config:/home/deepak/ws_moveit/install/moveit_resources_fanuc_moveit_config:/home/deepak/ws_moveit/install/srdfdom:/home/deepak/ws_moveit/install/moveit_resources_pr2_description:/home/deepak/ws_moveit/install/moveit_resources_panda_description:/home/deepak/ws_moveit/install/moveit_resources_fanuc_description:/home/deepak/ws_moveit/install/moveit_common:/home/deepak/turtlebot3_ws/install/turtlebot3:/home/deepak/turtlebot3_ws/install/turtlebot3_simulations:/home/deepak/turtlebot3_ws/install/turtlebot3_bringup:/home/deepak/turtlebot3_ws/install/turtlebot3_node:/home/deepak/turtlebot3_ws/install/turtlebot3_navigation2:/home/deepak/turtlebot3_ws/install/turtlebot3_fake_node:/home/deepak/turtlebot3_ws/install/turtlebot3_msgs:/home/deepak/turtlebot3_ws/install/turtlebot3_manipulation_gazebo:/home/deepak/turtlebot3_ws/install/turtlebot3_gazebo:/home/deepak/turtlebot3_ws/install/turtlebot3_description:/home/deepak/turtlebot3_ws/install/turtlebot3_cartographer:/home/deepak/turtlebot3_ws/install/turtlebot3_autorace:/home/deepak/turtlebot3_ws/install/multirobot_map_merge:/home/deepak/turtlebot3_ws/install/explore_lite:/home/deepak/turtlebot3_ws/install/dynamixel_sdk_examples:/home/deepak/turtlebot3_ws/install/dynamixel_sdk_custom_interfaces:/home/deepak/turtlebot3_ws/install/dynamixel_sdk:/home/deepak/turtlebot3_ws/install/turtlebot3_teleop:/home/deepak/turtlebot3_ws/install/turtlebot3_example:/home/deepak/turtlebot3_ws/install/turtlebot3_autorace_mission:/home/deepak/turtlebot3_ws/install/turtlebot3_autorace_detect:/home/deepak/turtlebot3_ws/install/turtlebot3_autorace_camera:/opt/ros/humble LD_LIBRARY_PATH=/home/deepak/ws_moveit/install/moveit_ros_planning_interface/lib:/home/deepak/ws_moveit/install/moveit_ros_move_group/lib:/home/deepak/ws_moveit/install/moveit_ros_warehouse/lib:/home/deepak/ws_moveit/install/moveit_ros_robot_interaction/lib:/home/deepak/ws_moveit/install/moveit_planners_ompl/lib:/home/deepak/ws_moveit/install/moveit_kinematics/lib:/home/deepak/ws_moveit/install/moveit_ros_planning/lib:/home/deepak/ws_moveit/install/moveit_simple_controller_manager/lib:/home/deepak/ws_moveit/install/moveit_ros_occupancy_map_monitor/lib:/home/deepak/ws_moveit/install/moveit_core/lib:/home/deepak/ws_moveit/install/srdfdom/lib:/home/deepak/turtlebot3_ws/install/turtlebot3_msgs/lib:/home/deepak/turtlebot3_ws/install/multirobot_map_merge/lib:/home/deepak/turtlebot3_ws/install/dynamixel_sdk_custom_interfaces/lib:/home/deepak/turtlebot3_ws/install/dynamixel_sdk/lib:/usr/lib/x86_64-linux-gnu/gazebo-11/plugins:/opt/ros/humble/opt/rviz_ogre_vendor/lib:/opt/ros/humble/lib/x86_64-linux-gnu:/opt/ros/humble/lib:/usr/lib/x86_64-linux-gnu/gazebo-11/plugins PATH=/home/deepak/ws_moveit/install/moveit_core/bin:${PATH} PYTHONPATH=/home/deepak/ws_moveit/install/moveit_configs_utils/lib/python3.10/site-packages:/home/deepak/ws_moveit/install/srdfdom/local/lib/python3.10/dist-packages:/home/deepak/ws_moveit/install/launch_param_builder/lib/python3.10/site-packages:${PYTHONPATH} /usr/bin/cmake /home/deepak/ws_moveit/src/moveit2/moveit_ros/visualization -DBUILD_TESTING=OFF -DCMAKE_INSTALL_PREFIX=/home/deepak/ws_moveit/install/moveit_ros_visualization
[2.467s] Invoking command in '/home/deepak/ws_moveit/build/moveit_ros_visualization': AMENT_PREFIX_PATH=/home/deepak/ws_moveit/install/moveit_ros_planning_interface:/home/deepak/ws_moveit/install/moveit_ros_move_group:/home/deepak/ws_moveit/install/moveit_ros_warehouse:/home/deepak/ws_moveit/install/moveit_ros_robot_interaction:/home/deepak/ws_moveit/install/moveit_planners_ompl:/home/deepak/ws_moveit/install/moveit_kinematics:/home/deepak/ws_moveit/install/moveit_ros_planning:/home/deepak/ws_moveit/install/moveit_simple_controller_manager:/home/deepak/ws_moveit/install/moveit_ros_occupancy_map_monitor:/home/deepak/ws_moveit/install/moveit_core:/home/deepak/ws_moveit/install/moveit_resources_panda_moveit_config:/home/deepak/ws_moveit/install/moveit_resources_fanuc_moveit_config:/home/deepak/ws_moveit/install/moveit_configs_utils:/home/deepak/ws_moveit/install/srdfdom:/home/deepak/ws_moveit/install/moveit_resources_pr2_description:/home/deepak/ws_moveit/install/moveit_resources_panda_description:/home/deepak/ws_moveit/install/moveit_resources_fanuc_description:/home/deepak/ws_moveit/install/moveit_common:/home/deepak/ws_moveit/install/launch_param_builder:${AMENT_PREFIX_PATH} CMAKE_PREFIX_PATH=/home/deepak/ws_moveit/install/moveit_ros_planning_interface:/home/deepak/ws_moveit/install/moveit_ros_move_group:/home/deepak/ws_moveit/install/moveit_ros_warehouse:/home/deepak/ws_moveit/install/moveit_ros_robot_interaction:/home/deepak/ws_moveit/install/moveit_planners_ompl:/home/deepak/ws_moveit/install/moveit_kinematics:/home/deepak/ws_moveit/install/moveit_ros_planning:/home/deepak/ws_moveit/install/moveit_simple_controller_manager:/home/deepak/ws_moveit/install/moveit_ros_occupancy_map_monitor:/home/deepak/ws_moveit/install/moveit_core:/home/deepak/ws_moveit/install/moveit_resources_panda_moveit_config:/home/deepak/ws_moveit/install/moveit_resources_fanuc_moveit_config:/home/deepak/ws_moveit/install/srdfdom:/home/deepak/ws_moveit/install/moveit_resources_pr2_description:/home/deepak/ws_moveit/install/moveit_resources_panda_description:/home/deepak/ws_moveit/install/moveit_resources_fanuc_description:/home/deepak/ws_moveit/install/moveit_common:/home/deepak/turtlebot3_ws/install/turtlebot3:/home/deepak/turtlebot3_ws/install/turtlebot3_simulations:/home/deepak/turtlebot3_ws/install/turtlebot3_bringup:/home/deepak/turtlebot3_ws/install/turtlebot3_node:/home/deepak/turtlebot3_ws/install/turtlebot3_navigation2:/home/deepak/turtlebot3_ws/install/turtlebot3_fake_node:/home/deepak/turtlebot3_ws/install/turtlebot3_msgs:/home/deepak/turtlebot3_ws/install/turtlebot3_manipulation_gazebo:/home/deepak/turtlebot3_ws/install/turtlebot3_gazebo:/home/deepak/turtlebot3_ws/install/turtlebot3_description:/home/deepak/turtlebot3_ws/install/turtlebot3_cartographer:/home/deepak/turtlebot3_ws/install/turtlebot3_autorace:/home/deepak/turtlebot3_ws/install/multirobot_map_merge:/home/deepak/turtlebot3_ws/install/explore_lite:/home/deepak/turtlebot3_ws/install/dynamixel_sdk_examples:/home/deepak/turtlebot3_ws/install/dynamixel_sdk_custom_interfaces:/home/deepak/turtlebot3_ws/install/dynamixel_sdk:/home/deepak/turtlebot3_ws/install/turtlebot3_teleop:/home/deepak/turtlebot3_ws/install/turtlebot3_example:/home/deepak/turtlebot3_ws/install/turtlebot3_autorace_mission:/home/deepak/turtlebot3_ws/install/turtlebot3_autorace_detect:/home/deepak/turtlebot3_ws/install/turtlebot3_autorace_camera:/opt/ros/humble LD_LIBRARY_PATH=/home/deepak/ws_moveit/install/moveit_ros_planning_interface/lib:/home/deepak/ws_moveit/install/moveit_ros_move_group/lib:/home/deepak/ws_moveit/install/moveit_ros_warehouse/lib:/home/deepak/ws_moveit/install/moveit_ros_robot_interaction/lib:/home/deepak/ws_moveit/install/moveit_planners_ompl/lib:/home/deepak/ws_moveit/install/moveit_kinematics/lib:/home/deepak/ws_moveit/install/moveit_ros_planning/lib:/home/deepak/ws_moveit/install/moveit_simple_controller_manager/lib:/home/deepak/ws_moveit/install/moveit_ros_occupancy_map_monitor/lib:/home/deepak/ws_moveit/install/moveit_core/lib:/home/deepak/ws_moveit/install/srdfdom/lib:/home/deepak/turtlebot3_ws/install/turtlebot3_msgs/lib:/home/deepak/turtlebot3_ws/install/multirobot_map_merge/lib:/home/deepak/turtlebot3_ws/install/dynamixel_sdk_custom_interfaces/lib:/home/deepak/turtlebot3_ws/install/dynamixel_sdk/lib:/usr/lib/x86_64-linux-gnu/gazebo-11/plugins:/opt/ros/humble/opt/rviz_ogre_vendor/lib:/opt/ros/humble/lib/x86_64-linux-gnu:/opt/ros/humble/lib:/usr/lib/x86_64-linux-gnu/gazebo-11/plugins PATH=/home/deepak/ws_moveit/install/moveit_core/bin:${PATH} PYTHONPATH=/home/deepak/ws_moveit/install/moveit_configs_utils/lib/python3.10/site-packages:/home/deepak/ws_moveit/install/srdfdom/local/lib/python3.10/dist-packages:/home/deepak/ws_moveit/install/launch_param_builder/lib/python3.10/site-packages:${PYTHONPATH} /usr/bin/cmake --build /home/deepak/ws_moveit/build/moveit_ros_visualization
[2.515s] [  1%] [34m[1mAutomatic MOC for target moveit_rviz_plugin_render_tools[0m
[2.735s] [  1%] Built target moveit_rviz_plugin_render_tools_autogen
[2.755s] [  3%] [32mBuilding CXX object rviz_plugin_render_tools/CMakeFiles/moveit_rviz_plugin_render_tools.dir/moveit_rviz_plugin_render_tools_autogen/mocs_compilation.cpp.o[0m
[2.755s] [  6%] [32mBuilding CXX object rviz_plugin_render_tools/CMakeFiles/moveit_rviz_plugin_render_tools.dir/src/render_shapes.cpp.o[0m
[2.755s] [  6%] [32mBuilding CXX object rviz_plugin_render_tools/CMakeFiles/moveit_rviz_plugin_render_tools.dir/src/robot_state_visualization.cpp.o[0m
[7.888s] [  8%] [32mBuilding CXX object rviz_plugin_render_tools/CMakeFiles/moveit_rviz_plugin_render_tools.dir/src/planning_scene_render.cpp.o[0m
[8.745s] [ 10%] [32mBuilding CXX object rviz_plugin_render_tools/CMakeFiles/moveit_rviz_plugin_render_tools.dir/src/planning_link_updater.cpp.o[0m
[9.390s] [ 12%] [32mBuilding CXX object rviz_plugin_render_tools/CMakeFiles/moveit_rviz_plugin_render_tools.dir/src/octomap_render.cpp.o[0m
[12.757s] [ 13%] [32mBuilding CXX object rviz_plugin_render_tools/CMakeFiles/moveit_rviz_plugin_render_tools.dir/src/trajectory_visualization.cpp.o[0m
[14.132s] [ 15%] [32mBuilding CXX object rviz_plugin_render_tools/CMakeFiles/moveit_rviz_plugin_render_tools.dir/src/trajectory_panel.cpp.o[0m
[14.263s] [ 17%] [32mBuilding CXX object rviz_plugin_render_tools/CMakeFiles/moveit_rviz_plugin_render_tools.dir/src/mesh_shape.cpp.o[0m
[25.814s] [ 18%] [32m[1mLinking CXX shared library libmoveit_rviz_plugin_render_tools.so[0m
[27.585s] [ 18%] Built target moveit_rviz_plugin_render_tools
[27.605s] [ 22%] [34m[1mAutomatic MOC for target moveit_planning_scene_rviz_plugin_core[0m
[27.606s] [ 22%] [34m[1mAutomatic MOC for target moveit_robot_state_rviz_plugin_core[0m
[27.806s] [ 22%] Built target moveit_robot_state_rviz_plugin_core_autogen
[27.827s] [ 24%] [32mBuilding CXX object robot_state_rviz_plugin/CMakeFiles/moveit_robot_state_rviz_plugin_core.dir/moveit_robot_state_rviz_plugin_core_autogen/mocs_compilation.cpp.o[0m
[27.828s] [ 25%] [32mBuilding CXX object robot_state_rviz_plugin/CMakeFiles/moveit_robot_state_rviz_plugin_core.dir/src/robot_state_display.cpp.o[0m
[27.838s] [ 25%] Built target moveit_planning_scene_rviz_plugin_core_autogen
[27.861s] [ 27%] [32mBuilding CXX object planning_scene_rviz_plugin/CMakeFiles/moveit_planning_scene_rviz_plugin_core.dir/moveit_planning_scene_rviz_plugin_core_autogen/mocs_compilation.cpp.o[0m
[34.166s] [ 29%] [32mBuilding CXX object planning_scene_rviz_plugin/CMakeFiles/moveit_planning_scene_rviz_plugin_core.dir/src/planning_scene_display.cpp.o[0m
[35.524s] [ 31%] [32mBuilding CXX object planning_scene_rviz_plugin/CMakeFiles/moveit_planning_scene_rviz_plugin_core.dir/src/background_processing.cpp.o[0m
[39.948s] [ 32%] [32m[1mLinking CXX shared library libmoveit_robot_state_rviz_plugin_core.so[0m
[41.491s] [ 32%] Built target moveit_robot_state_rviz_plugin_core
[41.512s] [ 34%] [34m[1mAutomatic MOC for target moveit_robot_state_rviz_plugin[0m
[41.543s] [ 34%] Built target moveit_robot_state_rviz_plugin_autogen
[41.562s] [ 36%] [32mBuilding CXX object robot_state_rviz_plugin/CMakeFiles/moveit_robot_state_rviz_plugin.dir/moveit_robot_state_rviz_plugin_autogen/mocs_compilation.cpp.o[0m
[41.564s] [ 37%] [32mBuilding CXX object robot_state_rviz_plugin/CMakeFiles/moveit_robot_state_rviz_plugin.dir/src/plugin_init.cpp.o[0m
[42.981s] [ 39%] [32m[1mLinking CXX shared library libmoveit_planning_scene_rviz_plugin_core.so[0m
[44.586s] [ 39%] Built target moveit_planning_scene_rviz_plugin_core
[44.602s] [ 41%] [34m[1mAutomatic MOC for target moveit_trajectory_rviz_plugin_core[0m
[44.602s] [ 43%] [34m[1mAutomatic MOC for target moveit_planning_scene_rviz_plugin[0m
[44.629s] [ 43%] Built target moveit_planning_scene_rviz_plugin_autogen
[44.646s] [ 44%] [32mBuilding CXX object planning_scene_rviz_plugin/CMakeFiles/moveit_planning_scene_rviz_plugin.dir/moveit_planning_scene_rviz_plugin_autogen/mocs_compilation.cpp.o[0m
[44.666s] [ 46%] [32mBuilding CXX object planning_scene_rviz_plugin/CMakeFiles/moveit_planning_scene_rviz_plugin.dir/src/plugin_init.cpp.o[0m
[44.820s] [ 46%] Built target moveit_trajectory_rviz_plugin_core_autogen
[44.840s] [ 48%] [32mBuilding CXX object trajectory_rviz_plugin/CMakeFiles/moveit_trajectory_rviz_plugin_core.dir/moveit_trajectory_rviz_plugin_core_autogen/mocs_compilation.cpp.o[0m
[47.499s] [ 50%] [32m[1mLinking CXX shared library libmoveit_robot_state_rviz_plugin.so[0m
[48.224s] [ 50%] Built target moveit_robot_state_rviz_plugin
[48.233s] [ 51%] [32mBuilding CXX object trajectory_rviz_plugin/CMakeFiles/moveit_trajectory_rviz_plugin_core.dir/src/trajectory_display.cpp.o[0m
[52.242s] [ 53%] [32m[1mLinking CXX shared library libmoveit_planning_scene_rviz_plugin.so[0m
[52.725s] [ 53%] Built target moveit_planning_scene_rviz_plugin
[52.746s] [ 55%] [34m[1mAutomatic MOC for target moveit_motion_planning_rviz_plugin_core[0m
[53.168s] [ 55%] Built target moveit_motion_planning_rviz_plugin_core_autogen
[53.179s] [ 56%] [34m[1mGenerating ui_motion_planning_rviz_plugin_frame_joints.h[0m
[53.179s] [ 58%] [34m[1mAutomatic RCC for src/icons/icons.qrc[0m
[53.200s] [ 60%] [34m[1mGenerating ui_motion_planning_rviz_plugin_frame.h[0m
[53.227s] [ 63%] [32mBuilding CXX object motion_planning_rviz_plugin/CMakeFiles/moveit_motion_planning_rviz_plugin_core.dir/src/motion_planning_frame.cpp.o[0m
[53.227s] [ 63%] [32mBuilding CXX object motion_planning_rviz_plugin/CMakeFiles/moveit_motion_planning_rviz_plugin_core.dir/moveit_motion_planning_rviz_plugin_core_autogen/mocs_compilation.cpp.o[0m
[54.739s] [ 65%] [32m[1mLinking CXX shared library libmoveit_trajectory_rviz_plugin_core.so[0m
[55.291s] [ 65%] Built target moveit_trajectory_rviz_plugin_core
[55.312s] [ 67%] [34m[1mAutomatic MOC for target moveit_trajectory_rviz_plugin[0m
[55.341s] [ 67%] Built target moveit_trajectory_rviz_plugin_autogen
[55.361s] [ 68%] [32mBuilding CXX object trajectory_rviz_plugin/CMakeFiles/moveit_trajectory_rviz_plugin.dir/moveit_trajectory_rviz_plugin_autogen/mocs_compilation.cpp.o[0m
[55.379s] [ 70%] [32mBuilding CXX object trajectory_rviz_plugin/CMakeFiles/moveit_trajectory_rviz_plugin.dir/src/plugin_init.cpp.o[0m
[61.964s] [ 72%] [32m[1mLinking CXX shared library libmoveit_trajectory_rviz_plugin.so[0m
[62.424s] [ 72%] Built target moveit_trajectory_rviz_plugin
[62.433s] [ 74%] [32mBuilding CXX object motion_planning_rviz_plugin/CMakeFiles/moveit_motion_planning_rviz_plugin_core.dir/src/motion_planning_frame_context.cpp.o[0m
[68.398s] [ 75%] [32mBuilding CXX object motion_planning_rviz_plugin/CMakeFiles/moveit_motion_planning_rviz_plugin_core.dir/src/motion_planning_frame_planning.cpp.o[0m
[72.122s] [ 77%] [32mBuilding CXX object motion_planning_rviz_plugin/CMakeFiles/moveit_motion_planning_rviz_plugin_core.dir/src/motion_planning_frame_objects.cpp.o[0m
[74.809s] [ 79%] [32mBuilding CXX object motion_planning_rviz_plugin/CMakeFiles/moveit_motion_planning_rviz_plugin_core.dir/src/motion_planning_frame_scenes.cpp.o[0m
[79.664s] [ 81%] [32mBuilding CXX object motion_planning_rviz_plugin/CMakeFiles/moveit_motion_planning_rviz_plugin_core.dir/src/motion_planning_frame_states.cpp.o[0m
[84.638s] [ 82%] [32mBuilding CXX object motion_planning_rviz_plugin/CMakeFiles/moveit_motion_planning_rviz_plugin_core.dir/src/motion_planning_frame_joints_widget.cpp.o[0m
[85.220s] [ 84%] [32mBuilding CXX object motion_planning_rviz_plugin/CMakeFiles/moveit_motion_planning_rviz_plugin_core.dir/src/motion_planning_display.cpp.o[0m
[89.937s] [ 86%] [32mBuilding CXX object motion_planning_rviz_plugin/CMakeFiles/moveit_motion_planning_rviz_plugin_core.dir/src/motion_planning_frame_manipulation.cpp.o[0m
[99.089s] [ 87%] [32mBuilding CXX object motion_planning_rviz_plugin/CMakeFiles/moveit_motion_planning_rviz_plugin_core.dir/src/motion_planning_param_widget.cpp.o[0m
[101.278s] [ 89%] [32mBuilding CXX object motion_planning_rviz_plugin/CMakeFiles/moveit_motion_planning_rviz_plugin_core.dir/src/interactive_marker_display.cpp.o[0m
[101.527s] [ 91%] [32mBuilding CXX object motion_planning_rviz_plugin/CMakeFiles/moveit_motion_planning_rviz_plugin_core.dir/moveit_motion_planning_rviz_plugin_core_autogen/2OST2OT5Q2/qrc_icons.cpp.o[0m
[106.398s] [ 93%] [32m[1mLinking CXX shared library libmoveit_motion_planning_rviz_plugin_core.so[0m
[109.348s] [ 93%] Built target moveit_motion_planning_rviz_plugin_core
[109.366s] [ 94%] [34m[1mAutomatic MOC for target moveit_motion_planning_rviz_plugin[0m
[109.393s] [ 94%] Built target moveit_motion_planning_rviz_plugin_autogen
[109.412s] [ 96%] [32mBuilding CXX object motion_planning_rviz_plugin/CMakeFiles/moveit_motion_planning_rviz_plugin.dir/moveit_motion_planning_rviz_plugin_autogen/mocs_compilation.cpp.o[0m
[109.414s] [ 98%] [32mBuilding CXX object motion_planning_rviz_plugin/CMakeFiles/moveit_motion_planning_rviz_plugin.dir/src/plugin_init.cpp.o[0m
[118.046s] [100%] [32m[1mLinking CXX shared library libmoveit_motion_planning_rviz_plugin.so[0m
[118.599s] [100%] Built target moveit_motion_planning_rviz_plugin
[118.611s] Invoked command in '/home/deepak/ws_moveit/build/moveit_ros_visualization' returned '0': AMENT_PREFIX_PATH=/home/deepak/ws_moveit/install/moveit_ros_planning_interface:/home/deepak/ws_moveit/install/moveit_ros_move_group:/home/deepak/ws_moveit/install/moveit_ros_warehouse:/home/deepak/ws_moveit/install/moveit_ros_robot_interaction:/home/deepak/ws_moveit/install/moveit_planners_ompl:/home/deepak/ws_moveit/install/moveit_kinematics:/home/deepak/ws_moveit/install/moveit_ros_planning:/home/deepak/ws_moveit/install/moveit_simple_controller_manager:/home/deepak/ws_moveit/install/moveit_ros_occupancy_map_monitor:/home/deepak/ws_moveit/install/moveit_core:/home/deepak/ws_moveit/install/moveit_resources_panda_moveit_config:/home/deepak/ws_moveit/install/moveit_resources_fanuc_moveit_config:/home/deepak/ws_moveit/install/moveit_configs_utils:/home/deepak/ws_moveit/install/srdfdom:/home/deepak/ws_moveit/install/moveit_resources_pr2_description:/home/deepak/ws_moveit/install/moveit_resources_panda_description:/home/deepak/ws_moveit/install/moveit_resources_fanuc_description:/home/deepak/ws_moveit/install/moveit_common:/home/deepak/ws_moveit/install/launch_param_builder:${AMENT_PREFIX_PATH} CMAKE_PREFIX_PATH=/home/deepak/ws_moveit/install/moveit_ros_planning_interface:/home/deepak/ws_moveit/install/moveit_ros_move_group:/home/deepak/ws_moveit/install/moveit_ros_warehouse:/home/deepak/ws_moveit/install/moveit_ros_robot_interaction:/home/deepak/ws_moveit/install/moveit_planners_ompl:/home/deepak/ws_moveit/install/moveit_kinematics:/home/deepak/ws_moveit/install/moveit_ros_planning:/home/deepak/ws_moveit/install/moveit_simple_controller_manager:/home/deepak/ws_moveit/install/moveit_ros_occupancy_map_monitor:/home/deepak/ws_moveit/install/moveit_core:/home/deepak/ws_moveit/install/moveit_resources_panda_moveit_config:/home/deepak/ws_moveit/install/moveit_resources_fanuc_moveit_config:/home/deepak/ws_moveit/install/srdfdom:/home/deepak/ws_moveit/install/moveit_resources_pr2_description:/home/deepak/ws_moveit/install/moveit_resources_panda_description:/home/deepak/ws_moveit/install/moveit_resources_fanuc_description:/home/deepak/ws_moveit/install/moveit_common:/home/deepak/turtlebot3_ws/install/turtlebot3:/home/deepak/turtlebot3_ws/install/turtlebot3_simulations:/home/deepak/turtlebot3_ws/install/turtlebot3_bringup:/home/deepak/turtlebot3_ws/install/turtlebot3_node:/home/deepak/turtlebot3_ws/install/turtlebot3_navigation2:/home/deepak/turtlebot3_ws/install/turtlebot3_fake_node:/home/deepak/turtlebot3_ws/install/turtlebot3_msgs:/home/deepak/turtlebot3_ws/install/turtlebot3_manipulation_gazebo:/home/deepak/turtlebot3_ws/install/turtlebot3_gazebo:/home/deepak/turtlebot3_ws/install/turtlebot3_description:/home/deepak/turtlebot3_ws/install/turtlebot3_cartographer:/home/deepak/turtlebot3_ws/install/turtlebot3_autorace:/home/deepak/turtlebot3_ws/install/multirobot_map_merge:/home/deepak/turtlebot3_ws/install/explore_lite:/home/deepak/turtlebot3_ws/install/dynamixel_sdk_examples:/home/deepak/turtlebot3_ws/install/dynamixel_sdk_custom_interfaces:/home/deepak/turtlebot3_ws/install/dynamixel_sdk:/home/deepak/turtlebot3_ws/install/turtlebot3_teleop:/home/deepak/turtlebot3_ws/install/turtlebot3_example:/home/deepak/turtlebot3_ws/install/turtlebot3_autorace_mission:/home/deepak/turtlebot3_ws/install/turtlebot3_autorace_detect:/home/deepak/turtlebot3_ws/install/turtlebot3_autorace_camera:/opt/ros/humble LD_LIBRARY_PATH=/home/deepak/ws_moveit/install/moveit_ros_planning_interface/lib:/home/deepak/ws_moveit/install/moveit_ros_move_group/lib:/home/deepak/ws_moveit/install/moveit_ros_warehouse/lib:/home/deepak/ws_moveit/install/moveit_ros_robot_interaction/lib:/home/deepak/ws_moveit/install/moveit_planners_ompl/lib:/home/deepak/ws_moveit/install/moveit_kinematics/lib:/home/deepak/ws_moveit/install/moveit_ros_planning/lib:/home/deepak/ws_moveit/install/moveit_simple_controller_manager/lib:/home/deepak/ws_moveit/install/moveit_ros_occupancy_map_monitor/lib:/home/deepak/ws_moveit/install/moveit_core/lib:/home/deepak/ws_moveit/install/srdfdom/lib:/home/deepak/turtlebot3_ws/install/turtlebot3_msgs/lib:/home/deepak/turtlebot3_ws/install/multirobot_map_merge/lib:/home/deepak/turtlebot3_ws/install/dynamixel_sdk_custom_interfaces/lib:/home/deepak/turtlebot3_ws/install/dynamixel_sdk/lib:/usr/lib/x86_64-linux-gnu/gazebo-11/plugins:/opt/ros/humble/opt/rviz_ogre_vendor/lib:/opt/ros/humble/lib/x86_64-linux-gnu:/opt/ros/humble/lib:/usr/lib/x86_64-linux-gnu/gazebo-11/plugins PATH=/home/deepak/ws_moveit/install/moveit_core/bin:${PATH} PYTHONPATH=/home/deepak/ws_moveit/install/moveit_configs_utils/lib/python3.10/site-packages:/home/deepak/ws_moveit/install/srdfdom/local/lib/python3.10/dist-packages:/home/deepak/ws_moveit/install/launch_param_builder/lib/python3.10/site-packages:${PYTHONPATH} /usr/bin/cmake --build /home/deepak/ws_moveit/build/moveit_ros_visualization
[118.612s] Invoking command in '/home/deepak/ws_moveit/build/moveit_ros_visualization': AMENT_PREFIX_PATH=/home/deepak/ws_moveit/install/moveit_ros_planning_interface:/home/deepak/ws_moveit/install/moveit_ros_move_group:/home/deepak/ws_moveit/install/moveit_ros_warehouse:/home/deepak/ws_moveit/install/moveit_ros_robot_interaction:/home/deepak/ws_moveit/install/moveit_planners_ompl:/home/deepak/ws_moveit/install/moveit_kinematics:/home/deepak/ws_moveit/install/moveit_ros_planning:/home/deepak/ws_moveit/install/moveit_simple_controller_manager:/home/deepak/ws_moveit/install/moveit_ros_occupancy_map_monitor:/home/deepak/ws_moveit/install/moveit_core:/home/deepak/ws_moveit/install/moveit_resources_panda_moveit_config:/home/deepak/ws_moveit/install/moveit_resources_fanuc_moveit_config:/home/deepak/ws_moveit/install/moveit_configs_utils:/home/deepak/ws_moveit/install/srdfdom:/home/deepak/ws_moveit/install/moveit_resources_pr2_description:/home/deepak/ws_moveit/install/moveit_resources_panda_description:/home/deepak/ws_moveit/install/moveit_resources_fanuc_description:/home/deepak/ws_moveit/install/moveit_common:/home/deepak/ws_moveit/install/launch_param_builder:${AMENT_PREFIX_PATH} CMAKE_PREFIX_PATH=/home/deepak/ws_moveit/install/moveit_ros_planning_interface:/home/deepak/ws_moveit/install/moveit_ros_move_group:/home/deepak/ws_moveit/install/moveit_ros_warehouse:/home/deepak/ws_moveit/install/moveit_ros_robot_interaction:/home/deepak/ws_moveit/install/moveit_planners_ompl:/home/deepak/ws_moveit/install/moveit_kinematics:/home/deepak/ws_moveit/install/moveit_ros_planning:/home/deepak/ws_moveit/install/moveit_simple_controller_manager:/home/deepak/ws_moveit/install/moveit_ros_occupancy_map_monitor:/home/deepak/ws_moveit/install/moveit_core:/home/deepak/ws_moveit/install/moveit_resources_panda_moveit_config:/home/deepak/ws_moveit/install/moveit_resources_fanuc_moveit_config:/home/deepak/ws_moveit/install/srdfdom:/home/deepak/ws_moveit/install/moveit_resources_pr2_description:/home/deepak/ws_moveit/install/moveit_resources_panda_description:/home/deepak/ws_moveit/install/moveit_resources_fanuc_description:/home/deepak/ws_moveit/install/moveit_common:/home/deepak/turtlebot3_ws/install/turtlebot3:/home/deepak/turtlebot3_ws/install/turtlebot3_simulations:/home/deepak/turtlebot3_ws/install/turtlebot3_bringup:/home/deepak/turtlebot3_ws/install/turtlebot3_node:/home/deepak/turtlebot3_ws/install/turtlebot3_navigation2:/home/deepak/turtlebot3_ws/install/turtlebot3_fake_node:/home/deepak/turtlebot3_ws/install/turtlebot3_msgs:/home/deepak/turtlebot3_ws/install/turtlebot3_manipulation_gazebo:/home/deepak/turtlebot3_ws/install/turtlebot3_gazebo:/home/deepak/turtlebot3_ws/install/turtlebot3_description:/home/deepak/turtlebot3_ws/install/turtlebot3_cartographer:/home/deepak/turtlebot3_ws/install/turtlebot3_autorace:/home/deepak/turtlebot3_ws/install/multirobot_map_merge:/home/deepak/turtlebot3_ws/install/explore_lite:/home/deepak/turtlebot3_ws/install/dynamixel_sdk_examples:/home/deepak/turtlebot3_ws/install/dynamixel_sdk_custom_interfaces:/home/deepak/turtlebot3_ws/install/dynamixel_sdk:/home/deepak/turtlebot3_ws/install/turtlebot3_teleop:/home/deepak/turtlebot3_ws/install/turtlebot3_example:/home/deepak/turtlebot3_ws/install/turtlebot3_autorace_mission:/home/deepak/turtlebot3_ws/install/turtlebot3_autorace_detect:/home/deepak/turtlebot3_ws/install/turtlebot3_autorace_camera:/opt/ros/humble LD_LIBRARY_PATH=/home/deepak/ws_moveit/install/moveit_ros_planning_interface/lib:/home/deepak/ws_moveit/install/moveit_ros_move_group/lib:/home/deepak/ws_moveit/install/moveit_ros_warehouse/lib:/home/deepak/ws_moveit/install/moveit_ros_robot_interaction/lib:/home/deepak/ws_moveit/install/moveit_planners_ompl/lib:/home/deepak/ws_moveit/install/moveit_kinematics/lib:/home/deepak/ws_moveit/install/moveit_ros_planning/lib:/home/deepak/ws_moveit/install/moveit_simple_controller_manager/lib:/home/deepak/ws_moveit/install/moveit_ros_occupancy_map_monitor/lib:/home/deepak/ws_moveit/install/moveit_core/lib:/home/deepak/ws_moveit/install/srdfdom/lib:/home/deepak/turtlebot3_ws/install/turtlebot3_msgs/lib:/home/deepak/turtlebot3_ws/install/multirobot_map_merge/lib:/home/deepak/turtlebot3_ws/install/dynamixel_sdk_custom_interfaces/lib:/home/deepak/turtlebot3_ws/install/dynamixel_sdk/lib:/usr/lib/x86_64-linux-gnu/gazebo-11/plugins:/opt/ros/humble/opt/rviz_ogre_vendor/lib:/opt/ros/humble/lib/x86_64-linux-gnu:/opt/ros/humble/lib:/usr/lib/x86_64-linux-gnu/gazebo-11/plugins PATH=/home/deepak/ws_moveit/install/moveit_core/bin:${PATH} PYTHONPATH=/home/deepak/ws_moveit/install/moveit_configs_utils/lib/python3.10/site-packages:/home/deepak/ws_moveit/install/srdfdom/local/lib/python3.10/dist-packages:/home/deepak/ws_moveit/install/launch_param_builder/lib/python3.10/site-packages:${PYTHONPATH} /usr/bin/cmake --install /home/deepak/ws_moveit/build/moveit_ros_visualization
[118.621s] -- Install configuration: "Release"
[118.621s] -- Installing: /home/deepak/ws_moveit/install/moveit_ros_visualization/include
[118.621s] -- Installing: /home/deepak/ws_moveit/install/moveit_ros_visualization/include/ogre_helpers
[118.621s] -- Installing: /home/deepak/ws_moveit/install/moveit_ros_visualization/include/ogre_helpers/mesh_shape.hpp
[118.621s] -- Installing: /home/deepak/ws_moveit/install/moveit_ros_visualization/include/moveit
[118.621s] -- Installing: /home/deepak/ws_moveit/install/moveit_ros_visualization/include/moveit/rviz_plugin_render_tools
[118.621s] -- Installing: /home/deepak/ws_moveit/install/moveit_ros_visualization/include/moveit/rviz_plugin_render_tools/trajectory_visualization.h
[118.621s] -- Installing: /home/deepak/ws_moveit/install/moveit_ros_visualization/include/moveit/rviz_plugin_render_tools/render_shapes.h
[118.621s] -- Installing: /home/deepak/ws_moveit/install/moveit_ros_visualization/include/moveit/rviz_plugin_render_tools/planning_scene_render.h
[118.621s] -- Installing: /home/deepak/ws_moveit/install/moveit_ros_visualization/include/moveit/rviz_plugin_render_tools/octomap_render.h
[118.621s] -- Installing: /home/deepak/ws_moveit/install/moveit_ros_visualization/include/moveit/rviz_plugin_render_tools/planning_link_updater.h
[118.621s] -- Installing: /home/deepak/ws_moveit/install/moveit_ros_visualization/include/moveit/rviz_plugin_render_tools/trajectory_panel.h
[118.621s] -- Installing: /home/deepak/ws_moveit/install/moveit_ros_visualization/include/moveit/rviz_plugin_render_tools/robot_state_visualization.h
[118.621s] -- Up-to-date: /home/deepak/ws_moveit/install/moveit_ros_visualization/include
[118.621s] -- Up-to-date: /home/deepak/ws_moveit/install/moveit_ros_visualization/include/moveit
[118.622s] -- Installing: /home/deepak/ws_moveit/install/moveit_ros_visualization/include/moveit/robot_state_rviz_plugin
[118.622s] -- Installing: /home/deepak/ws_moveit/install/moveit_ros_visualization/include/moveit/robot_state_rviz_plugin/robot_state_display.h
[118.622s] -- Up-to-date: /home/deepak/ws_moveit/install/moveit_ros_visualization/include
[118.622s] -- Up-to-date: /home/deepak/ws_moveit/install/moveit_ros_visualization/include/moveit
[118.622s] -- Installing: /home/deepak/ws_moveit/install/moveit_ros_visualization/include/moveit/planning_scene_rviz_plugin
[118.622s] -- Installing: /home/deepak/ws_moveit/install/moveit_ros_visualization/include/moveit/planning_scene_rviz_plugin/planning_scene_display.h
[118.622s] -- Installing: /home/deepak/ws_moveit/install/moveit_ros_visualization/include/moveit/planning_scene_rviz_plugin/background_processing.hpp
[118.622s] -- Installing: /home/deepak/ws_moveit/install/moveit_ros_visualization/include/moveit_planning_scene_rviz_plugin_core_export.h
[118.622s] -- Up-to-date: /home/deepak/ws_moveit/install/moveit_ros_visualization/include
[118.622s] -- Up-to-date: /home/deepak/ws_moveit/install/moveit_ros_visualization/include/moveit
[118.622s] -- Installing: /home/deepak/ws_moveit/install/moveit_ros_visualization/include/moveit/motion_planning_rviz_plugin
[118.622s] -- Installing: /home/deepak/ws_moveit/install/moveit_ros_visualization/include/moveit/motion_planning_rviz_plugin/motion_planning_param_widget.h
[118.622s] -- Installing: /home/deepak/ws_moveit/install/moveit_ros_visualization/include/moveit/motion_planning_rviz_plugin/motion_planning_frame.h
[118.622s] -- Installing: /home/deepak/ws_moveit/install/moveit_ros_visualization/include/moveit/motion_planning_rviz_plugin/motion_planning_display.h
[118.622s] -- Installing: /home/deepak/ws_moveit/install/moveit_ros_visualization/include/moveit/motion_planning_rviz_plugin/motion_planning_frame_joints_widget.h
[118.622s] -- Installing: /home/deepak/ws_moveit/install/moveit_ros_visualization/include/moveit/motion_planning_rviz_plugin/interactive_marker_display.h
[118.622s] -- Up-to-date: /home/deepak/ws_moveit/install/moveit_ros_visualization/include
[118.622s] -- Up-to-date: /home/deepak/ws_moveit/install/moveit_ros_visualization/include/moveit
[118.623s] -- Installing: /home/deepak/ws_moveit/install/moveit_ros_visualization/include/moveit/trajectory_rviz_plugin
[118.623s] -- Installing: /home/deepak/ws_moveit/install/moveit_ros_visualization/include/moveit/trajectory_rviz_plugin/trajectory_display.h
[118.623s] -- Installing: /home/deepak/ws_moveit/install/moveit_ros_visualization/share/moveit_ros_visualization/icons
[118.623s] -- Installing: /home/deepak/ws_moveit/install/moveit_ros_visualization/share/moveit_ros_visualization/icons/classes
[118.623s] -- Installing: /home/deepak/ws_moveit/install/moveit_ros_visualization/share/moveit_ros_visualization/icons/classes/Trajectory.png
[118.623s] -- Installing: /home/deepak/ws_moveit/install/moveit_ros_visualization/share/moveit_ros_visualization/icons/classes/MotionPlanning.png
[118.624s] -- Installing: /home/deepak/ws_moveit/install/moveit_ros_visualization/share/moveit_ros_visualization/icons/classes/PlanningScene.png
[118.624s] -- Installing: /home/deepak/ws_moveit/install/moveit_ros_visualization/share/moveit_ros_visualization/icons/classes/RobotState.png
[118.624s] -- Installing: /home/deepak/ws_moveit/install/moveit_ros_visualization/share/moveit_ros_visualization/motion_planning_rviz_plugin_description.xml
[118.624s] -- Installing: /home/deepak/ws_moveit/install/moveit_ros_visualization/share/moveit_ros_visualization/trajectory_rviz_plugin_description.xml
[118.624s] -- Installing: /home/deepak/ws_moveit/install/moveit_ros_visualization/share/moveit_ros_visualization/planning_scene_rviz_plugin_description.xml
[118.624s] -- Installing: /home/deepak/ws_moveit/install/moveit_ros_visualization/share/moveit_ros_visualization/robot_state_rviz_plugin_description.xml
[118.625s] -- Installing: /home/deepak/ws_moveit/install/moveit_ros_visualization/lib/libmoveit_motion_planning_rviz_plugin.so.2.5.9
[118.625s] -- Set runtime path of "/home/deepak/ws_moveit/install/moveit_ros_visualization/lib/libmoveit_motion_planning_rviz_plugin.so.2.5.9" to ""
[118.625s] -- Installing: /home/deepak/ws_moveit/install/moveit_ros_visualization/lib/libmoveit_motion_planning_rviz_plugin.so
[118.625s] -- Installing: /home/deepak/ws_moveit/install/moveit_ros_visualization/lib/libmoveit_motion_planning_rviz_plugin_core.so.2.5.9
[118.627s] -- Set runtime path of "/home/deepak/ws_moveit/install/moveit_ros_visualization/lib/libmoveit_motion_planning_rviz_plugin_core.so.2.5.9" to ""
[118.627s] -- Installing: /home/deepak/ws_moveit/install/moveit_ros_visualization/lib/libmoveit_motion_planning_rviz_plugin_core.so
[118.627s] -- Installing: /home/deepak/ws_moveit/install/moveit_ros_visualization/lib/libmoveit_planning_scene_rviz_plugin.so.2.5.9
[118.627s] -- Set runtime path of "/home/deepak/ws_moveit/install/moveit_ros_visualization/lib/libmoveit_planning_scene_rviz_plugin.so.2.5.9" to ""
[118.627s] -- Installing: /home/deepak/ws_moveit/install/moveit_ros_visualization/lib/libmoveit_planning_scene_rviz_plugin.so
[118.627s] -- Installing: /home/deepak/ws_moveit/install/moveit_ros_visualization/lib/libmoveit_planning_scene_rviz_plugin_core.so.2.5.9
[118.627s] -- Set runtime path of "/home/deepak/ws_moveit/install/moveit_ros_visualization/lib/libmoveit_planning_scene_rviz_plugin_core.so.2.5.9" to ""
[118.628s] -- Installing: /home/deepak/ws_moveit/install/moveit_ros_visualization/lib/libmoveit_planning_scene_rviz_plugin_core.so
[118.628s] -- Installing: /home/deepak/ws_moveit/install/moveit_ros_visualization/lib/libmoveit_robot_state_rviz_plugin.so.2.5.9
[118.628s] -- Set runtime path of "/home/deepak/ws_moveit/install/moveit_ros_visualization/lib/libmoveit_robot_state_rviz_plugin.so.2.5.9" to ""
[118.628s] -- Installing: /home/deepak/ws_moveit/install/moveit_ros_visualization/lib/libmoveit_robot_state_rviz_plugin.so
[118.628s] -- Installing: /home/deepak/ws_moveit/install/moveit_ros_visualization/lib/libmoveit_robot_state_rviz_plugin_core.so.2.5.9
[118.628s] -- Set runtime path of "/home/deepak/ws_moveit/install/moveit_ros_visualization/lib/libmoveit_robot_state_rviz_plugin_core.so.2.5.9" to ""
[118.628s] -- Installing: /home/deepak/ws_moveit/install/moveit_ros_visualization/lib/libmoveit_robot_state_rviz_plugin_core.so
[118.628s] -- Installing: /home/deepak/ws_moveit/install/moveit_ros_visualization/lib/libmoveit_rviz_plugin_render_tools.so.2.5.9
[118.629s] -- Set runtime path of "/home/deepak/ws_moveit/install/moveit_ros_visualization/lib/libmoveit_rviz_plugin_render_tools.so.2.5.9" to ""
[118.629s] -- Installing: /home/deepak/ws_moveit/install/moveit_ros_visualization/lib/libmoveit_rviz_plugin_render_tools.so
[118.629s] -- Installing: /home/deepak/ws_moveit/install/moveit_ros_visualization/lib/libmoveit_trajectory_rviz_plugin.so.2.5.9
[118.629s] -- Set runtime path of "/home/deepak/ws_moveit/install/moveit_ros_visualization/lib/libmoveit_trajectory_rviz_plugin.so.2.5.9" to ""
[118.629s] -- Installing: /home/deepak/ws_moveit/install/moveit_ros_visualization/lib/libmoveit_trajectory_rviz_plugin.so
[118.629s] -- Installing: /home/deepak/ws_moveit/install/moveit_ros_visualization/lib/libmoveit_trajectory_rviz_plugin_core.so.2.5.9
[118.629s] -- Set runtime path of "/home/deepak/ws_moveit/install/moveit_ros_visualization/lib/libmoveit_trajectory_rviz_plugin_core.so.2.5.9" to ""
[118.629s] -- Installing: /home/deepak/ws_moveit/install/moveit_ros_visualization/lib/libmoveit_trajectory_rviz_plugin_core.so
[118.629s] -- Installing: /home/deepak/ws_moveit/install/moveit_ros_visualization/share/moveit_ros_visualization/environment/library_path.sh
[118.630s] -- Installing: /home/deepak/ws_moveit/install/moveit_ros_visualization/share/moveit_ros_visualization/environment/library_path.dsv
[118.630s] -- Installing: /home/deepak/ws_moveit/install/moveit_ros_visualization/share/ament_index/resource_index/package_run_dependencies/moveit_ros_visualization
[118.630s] -- Installing: /home/deepak/ws_moveit/install/moveit_ros_visualization/share/ament_index/resource_index/parent_prefix_path/moveit_ros_visualization
[118.630s] -- Installing: /home/deepak/ws_moveit/install/moveit_ros_visualization/share/moveit_ros_visualization/environment/ament_prefix_path.sh
[118.630s] -- Installing: /home/deepak/ws_moveit/install/moveit_ros_visualization/share/moveit_ros_visualization/environment/ament_prefix_path.dsv
[118.630s] -- Installing: /home/deepak/ws_moveit/install/moveit_ros_visualization/share/moveit_ros_visualization/environment/path.sh
[118.630s] -- Installing: /home/deepak/ws_moveit/install/moveit_ros_visualization/share/moveit_ros_visualization/environment/path.dsv
[118.630s] -- Installing: /home/deepak/ws_moveit/install/moveit_ros_visualization/share/moveit_ros_visualization/local_setup.bash
[118.630s] -- Installing: /home/deepak/ws_moveit/install/moveit_ros_visualization/share/moveit_ros_visualization/local_setup.sh
[118.630s] -- Installing: /home/deepak/ws_moveit/install/moveit_ros_visualization/share/moveit_ros_visualization/local_setup.zsh
[118.630s] -- Installing: /home/deepak/ws_moveit/install/moveit_ros_visualization/share/moveit_ros_visualization/local_setup.dsv
[118.630s] -- Installing: /home/deepak/ws_moveit/install/moveit_ros_visualization/share/moveit_ros_visualization/package.dsv
[118.630s] -- Installing: /home/deepak/ws_moveit/install/moveit_ros_visualization/share/ament_index/resource_index/packages/moveit_ros_visualization
[118.630s] -- Installing: /home/deepak/ws_moveit/install/moveit_ros_visualization/share/ament_index/resource_index/rviz_common__pluginlib__plugin/moveit_ros_visualization
[118.630s] -- Installing: /home/deepak/ws_moveit/install/moveit_ros_visualization/share/moveit_ros_visualization/cmake/export_moveit_ros_visualizationExport.cmake
[118.631s] -- Installing: /home/deepak/ws_moveit/install/moveit_ros_visualization/share/moveit_ros_visualization/cmake/export_moveit_ros_visualizationExport-release.cmake
[118.631s] -- Installing: /home/deepak/ws_moveit/install/moveit_ros_visualization/share/moveit_ros_visualization/cmake/ConfigExtras.cmake
[118.631s] -- Installing: /home/deepak/ws_moveit/install/moveit_ros_visualization/share/moveit_ros_visualization/cmake/ament_cmake_export_targets-extras.cmake
[118.631s] -- Installing: /home/deepak/ws_moveit/install/moveit_ros_visualization/share/moveit_ros_visualization/cmake/ament_cmake_export_dependencies-extras.cmake
[118.631s] -- Installing: /home/deepak/ws_moveit/install/moveit_ros_visualization/share/moveit_ros_visualization/cmake/moveit_ros_visualizationConfig.cmake
[118.631s] -- Installing: /home/deepak/ws_moveit/install/moveit_ros_visualization/share/moveit_ros_visualization/cmake/moveit_ros_visualizationConfig-version.cmake
[118.631s] -- Installing: /home/deepak/ws_moveit/install/moveit_ros_visualization/share/moveit_ros_visualization/package.xml
[118.632s] Invoked command in '/home/deepak/ws_moveit/build/moveit_ros_visualization' returned '0': AMENT_PREFIX_PATH=/home/deepak/ws_moveit/install/moveit_ros_planning_interface:/home/deepak/ws_moveit/install/moveit_ros_move_group:/home/deepak/ws_moveit/install/moveit_ros_warehouse:/home/deepak/ws_moveit/install/moveit_ros_robot_interaction:/home/deepak/ws_moveit/install/moveit_planners_ompl:/home/deepak/ws_moveit/install/moveit_kinematics:/home/deepak/ws_moveit/install/moveit_ros_planning:/home/deepak/ws_moveit/install/moveit_simple_controller_manager:/home/deepak/ws_moveit/install/moveit_ros_occupancy_map_monitor:/home/deepak/ws_moveit/install/moveit_core:/home/deepak/ws_moveit/install/moveit_resources_panda_moveit_config:/home/deepak/ws_moveit/install/moveit_resources_fanuc_moveit_config:/home/deepak/ws_moveit/install/moveit_configs_utils:/home/deepak/ws_moveit/install/srdfdom:/home/deepak/ws_moveit/install/moveit_resources_pr2_description:/home/deepak/ws_moveit/install/moveit_resources_panda_description:/home/deepak/ws_moveit/install/moveit_resources_fanuc_description:/home/deepak/ws_moveit/install/moveit_common:/home/deepak/ws_moveit/install/launch_param_builder:${AMENT_PREFIX_PATH} CMAKE_PREFIX_PATH=/home/deepak/ws_moveit/install/moveit_ros_planning_interface:/home/deepak/ws_moveit/install/moveit_ros_move_group:/home/deepak/ws_moveit/install/moveit_ros_warehouse:/home/deepak/ws_moveit/install/moveit_ros_robot_interaction:/home/deepak/ws_moveit/install/moveit_planners_ompl:/home/deepak/ws_moveit/install/moveit_kinematics:/home/deepak/ws_moveit/install/moveit_ros_planning:/home/deepak/ws_moveit/install/moveit_simple_controller_manager:/home/deepak/ws_moveit/install/moveit_ros_occupancy_map_monitor:/home/deepak/ws_moveit/install/moveit_core:/home/deepak/ws_moveit/install/moveit_resources_panda_moveit_config:/home/deepak/ws_moveit/install/moveit_resources_fanuc_moveit_config:/home/deepak/ws_moveit/install/srdfdom:/home/deepak/ws_moveit/install/moveit_resources_pr2_description:/home/deepak/ws_moveit/install/moveit_resources_panda_description:/home/deepak/ws_moveit/install/moveit_resources_fanuc_description:/home/deepak/ws_moveit/install/moveit_common:/home/deepak/turtlebot3_ws/install/turtlebot3:/home/deepak/turtlebot3_ws/install/turtlebot3_simulations:/home/deepak/turtlebot3_ws/install/turtlebot3_bringup:/home/deepak/turtlebot3_ws/install/turtlebot3_node:/home/deepak/turtlebot3_ws/install/turtlebot3_navigation2:/home/deepak/turtlebot3_ws/install/turtlebot3_fake_node:/home/deepak/turtlebot3_ws/install/turtlebot3_msgs:/home/deepak/turtlebot3_ws/install/turtlebot3_manipulation_gazebo:/home/deepak/turtlebot3_ws/install/turtlebot3_gazebo:/home/deepak/turtlebot3_ws/install/turtlebot3_description:/home/deepak/turtlebot3_ws/install/turtlebot3_cartographer:/home/deepak/turtlebot3_ws/install/turtlebot3_autorace:/home/deepak/turtlebot3_ws/install/multirobot_map_merge:/home/deepak/turtlebot3_ws/install/explore_lite:/home/deepak/turtlebot3_ws/install/dynamixel_sdk_examples:/home/deepak/turtlebot3_ws/install/dynamixel_sdk_custom_interfaces:/home/deepak/turtlebot3_ws/install/dynamixel_sdk:/home/deepak/turtlebot3_ws/install/turtlebot3_teleop:/home/deepak/turtlebot3_ws/install/turtlebot3_example:/home/deepak/turtlebot3_ws/install/turtlebot3_autorace_mission:/home/deepak/turtlebot3_ws/install/turtlebot3_autorace_detect:/home/deepak/turtlebot3_ws/install/turtlebot3_autorace_camera:/opt/ros/humble LD_LIBRARY_PATH=/home/deepak/ws_moveit/install/moveit_ros_planning_interface/lib:/home/deepak/ws_moveit/install/moveit_ros_move_group/lib:/home/deepak/ws_moveit/install/moveit_ros_warehouse/lib:/home/deepak/ws_moveit/install/moveit_ros_robot_interaction/lib:/home/deepak/ws_moveit/install/moveit_planners_ompl/lib:/home/deepak/ws_moveit/install/moveit_kinematics/lib:/home/deepak/ws_moveit/install/moveit_ros_planning/lib:/home/deepak/ws_moveit/install/moveit_simple_controller_manager/lib:/home/deepak/ws_moveit/install/moveit_ros_occupancy_map_monitor/lib:/home/deepak/ws_moveit/install/moveit_core/lib:/home/deepak/ws_moveit/install/srdfdom/lib:/home/deepak/turtlebot3_ws/install/turtlebot3_msgs/lib:/home/deepak/turtlebot3_ws/install/multirobot_map_merge/lib:/home/deepak/turtlebot3_ws/install/dynamixel_sdk_custom_interfaces/lib:/home/deepak/turtlebot3_ws/install/dynamixel_sdk/lib:/usr/lib/x86_64-linux-gnu/gazebo-11/plugins:/opt/ros/humble/opt/rviz_ogre_vendor/lib:/opt/ros/humble/lib/x86_64-linux-gnu:/opt/ros/humble/lib:/usr/lib/x86_64-linux-gnu/gazebo-11/plugins PATH=/home/deepak/ws_moveit/install/moveit_core/bin:${PATH} PYTHONPATH=/home/deepak/ws_moveit/install/moveit_configs_utils/lib/python3.10/site-packages:/home/deepak/ws_moveit/install/srdfdom/local/lib/python3.10/dist-packages:/home/deepak/ws_moveit/install/launch_param_builder/lib/python3.10/site-packages:${PYTHONPATH} /usr/bin/cmake --install /home/deepak/ws_moveit/build/moveit_ros_visualization
