[0.016s] Invoking command in '/home/deepak/ws_moveit/build/moveit_ros_planning': AMENT_PREFIX_PATH=/home/deepak/ws_moveit/install/moveit_ros_occupancy_map_monitor:/home/deepak/ws_moveit/install/moveit_core:/home/deepak/ws_moveit/install/moveit_resources_panda_moveit_config:/home/deepak/ws_moveit/install/moveit_configs_utils:/home/deepak/ws_moveit/install/srdfdom:/home/deepak/ws_moveit/install/moveit_resources_pr2_description:/home/deepak/ws_moveit/install/moveit_resources_panda_description:/home/deepak/ws_moveit/install/moveit_common:/home/deepak/ws_moveit/install/launch_param_builder:${AMENT_PREFIX_PATH} CMAKE_PREFIX_PATH=/home/deepak/ws_moveit/install/moveit_ros_occupancy_map_monitor:/home/deepak/ws_moveit/install/moveit_core:/home/deepak/ws_moveit/install/moveit_resources_panda_moveit_config:/home/deepak/ws_moveit/install/srdfdom:/home/deepak/ws_moveit/install/moveit_resources_pr2_description:/home/deepak/ws_moveit/install/moveit_resources_panda_description:/home/deepak/ws_moveit/install/moveit_common:/home/deepak/turtlebot3_ws/install/turtlebot3:/home/deepak/turtlebot3_ws/install/turtlebot3_simulations:/home/deepak/turtlebot3_ws/install/turtlebot3_bringup:/home/deepak/turtlebot3_ws/install/turtlebot3_node:/home/deepak/turtlebot3_ws/install/turtlebot3_navigation2:/home/deepak/turtlebot3_ws/install/turtlebot3_fake_node:/home/deepak/turtlebot3_ws/install/turtlebot3_msgs:/home/deepak/turtlebot3_ws/install/turtlebot3_manipulation_gazebo:/home/deepak/turtlebot3_ws/install/turtlebot3_gazebo:/home/deepak/turtlebot3_ws/install/turtlebot3_description:/home/deepak/turtlebot3_ws/install/turtlebot3_cartographer:/home/deepak/turtlebot3_ws/install/turtlebot3_autorace:/home/deepak/turtlebot3_ws/install/multirobot_map_merge:/home/deepak/turtlebot3_ws/install/explore_lite:/home/deepak/turtlebot3_ws/install/dynamixel_sdk_examples:/home/deepak/turtlebot3_ws/install/dynamixel_sdk_custom_interfaces:/home/deepak/turtlebot3_ws/install/dynamixel_sdk:/home/deepak/turtlebot3_ws/install/turtlebot3_teleop:/home/deepak/turtlebot3_ws/install/turtlebot3_example:/home/deepak/turtlebot3_ws/install/turtlebot3_autorace_mission:/home/deepak/turtlebot3_ws/install/turtlebot3_autorace_detect:/home/deepak/turtlebot3_ws/install/turtlebot3_autorace_camera:/opt/ros/humble LD_LIBRARY_PATH=/home/deepak/ws_moveit/install/moveit_ros_occupancy_map_monitor/lib:/home/deepak/ws_moveit/install/moveit_core/lib:/home/deepak/ws_moveit/install/srdfdom/lib:/home/deepak/turtlebot3_ws/install/turtlebot3_msgs/lib:/home/deepak/turtlebot3_ws/install/multirobot_map_merge/lib:/home/deepak/turtlebot3_ws/install/dynamixel_sdk_custom_interfaces/lib:/home/deepak/turtlebot3_ws/install/dynamixel_sdk/lib:/usr/lib/x86_64-linux-gnu/gazebo-11/plugins:/opt/ros/humble/opt/rviz_ogre_vendor/lib:/opt/ros/humble/lib/x86_64-linux-gnu:/opt/ros/humble/lib:/usr/lib/x86_64-linux-gnu/gazebo-11/plugins PATH=/home/deepak/ws_moveit/install/moveit_core/bin:${PATH} PYTHONPATH=/home/deepak/ws_moveit/install/moveit_configs_utils/lib/python3.10/site-packages:/home/deepak/ws_moveit/install/srdfdom/local/lib/python3.10/dist-packages:/home/deepak/ws_moveit/install/launch_param_builder/lib/python3.10/site-packages:${PYTHONPATH} /usr/bin/cmake /home/deepak/ws_moveit/src/moveit2/moveit_ros/planning -DBUILD_TESTING=OFF -DCMAKE_INSTALL_PREFIX=/home/deepak/ws_moveit/install/moveit_ros_planning
[0.059s] -- The C compiler identification is GNU 11.4.0
[0.100s] -- The CXX compiler identification is GNU 11.4.0
[0.105s] -- Detecting C compiler ABI info
[0.157s] -- Detecting C compiler ABI info - done
[0.161s] -- Check for working C compiler: /usr/bin/cc - skipped
[0.162s] -- Detecting C compile features
[0.162s] -- Detecting C compile features - done
[0.163s] -- Detecting CXX compiler ABI info
[0.221s] -- Detecting CXX compiler ABI info - done
[0.228s] -- Check for working CXX compiler: /usr/bin/c++ - skipped
[0.228s] -- Detecting CXX compile features
[0.228s] -- Detecting CXX compile features - done
[0.230s] -- Found moveit_common: 2.5.9 (/home/deepak/ws_moveit/install/moveit_common/share/moveit_common/cmake)
[0.234s] -- Found ament_cmake: 1.3.12 (/opt/ros/humble/share/ament_cmake/cmake)
[0.363s] -- Found Python3: /usr/bin/python3 (found version "3.10.12") found components: Interpreter 
[0.475s] [0mmoveit_ros_planning: You did not request a specific build type: Choosing 'Release' for maximum performance[0m
[0.477s] -- Found moveit_msgs: 2.2.1 (/opt/ros/humble/share/moveit_msgs/cmake)
[0.507s] -- Found rosidl_generator_c: 3.1.8 (/opt/ros/humble/share/rosidl_generator_c/cmake)
[0.512s] -- Found rosidl_adapter: 3.1.8 (/opt/ros/humble/share/rosidl_adapter/cmake)
[0.519s] -- Found rosidl_generator_cpp: 3.1.8 (/opt/ros/humble/share/rosidl_generator_cpp/cmake)
[0.528s] -- Using all available rosidl_typesupport_c: rosidl_typesupport_fastrtps_c;rosidl_typesupport_introspection_c
[0.540s] -- Using all available rosidl_typesupport_cpp: rosidl_typesupport_fastrtps_cpp;rosidl_typesupport_introspection_cpp
[0.654s] -- Found pluginlib: 5.1.3 (/opt/ros/humble/share/pluginlib/cmake)
[0.674s] -- Found rclcpp: 16.0.17 (/opt/ros/humble/share/rclcpp/cmake)
[0.703s] -- Found rmw_implementation_cmake: 6.1.2 (/opt/ros/humble/share/rmw_implementation_cmake/cmake)
[0.706s] -- Found rmw_fastrtps_cpp: 6.2.9 (/opt/ros/humble/share/rmw_fastrtps_cpp/cmake)
[0.725s] -- Found TinyXML2 via Config file: TinyXML2_DIR-NOTFOUND
[0.770s] -- Found OpenSSL: /usr/lib/x86_64-linux-gnu/libcrypto.so (found version "3.0.2")  
[0.772s] -- Found TinyXML2 via Config file: TinyXML2_DIR-NOTFOUND
[0.783s] -- Found FastRTPS: /opt/ros/humble/include  
[0.785s] -- Found TinyXML2 via Config file: TinyXML2_DIR-NOTFOUND
[0.791s] -- Found TinyXML2 via Config file: TinyXML2_DIR-NOTFOUND
[0.799s] -- Using RMW implementation 'rmw_fastrtps_cpp' as default
[0.807s] -- Looking for pthread.h
[0.880s] -- Looking for pthread.h - found
[0.880s] -- Performing Test CMAKE_HAVE_LIBC_PTHREAD
[0.954s] -- Performing Test CMAKE_HAVE_LIBC_PTHREAD - Success
[0.955s] -- Found Threads: TRUE  
[0.989s] -- Found message_filters: 4.3.11 (/opt/ros/humble/share/message_filters/cmake)
[0.991s] -- Found srdfdom: 2.0.8 (/home/deepak/ws_moveit/install/srdfdom/share/srdfdom/cmake)
[1.003s] -- Found tf2: 0.25.18 (/opt/ros/humble/share/tf2/cmake)
[1.006s] -- Found tf2_geometry_msgs: 0.25.18 (/opt/ros/humble/share/tf2_geometry_msgs/cmake)
[1.018s] -- Found eigen3_cmake_module: 0.1.1 (/opt/ros/humble/share/eigen3_cmake_module/cmake)
[1.018s] -- Found Eigen3: TRUE (found version "3.4.0") 
[1.018s] -- Ensuring Eigen3 include directory is part of orocos-kdl CMake target
[1.060s] -- Found tf2_eigen: 0.25.18 (/opt/ros/humble/share/tf2_eigen/cmake)
[1.062s] -- Found moveit_core: 2.5.9 (/home/deepak/ws_moveit/install/moveit_core/share/moveit_core/cmake)
[1.092s] -- Found Boost: /usr/lib/x86_64-linux-gnu/cmake/Boost-1.74.0/BoostConfig.cmake (found version "1.74.0") found components: chrono date_time filesystem iostreams program_options regex serialization system thread 
[1.122s] -- Found parameter_traits: 0.6.0 (/opt/ros/humble/share/parameter_traits/cmake)
[1.132s] -- Found rclcpp_lifecycle: 16.0.17 (/opt/ros/humble/share/rclcpp_lifecycle/cmake)
[1.149s] -- Found Boost: /usr/lib/x86_64-linux-gnu/cmake/Boost-1.74.0/BoostConfig.cmake (found version "1.74.0") found components: filesystem 
[1.220s] -- library: /usr/lib/x86_64-linux-gnu/libcurl.so
[1.257s] -- Found moveit_ros_occupancy_map_monitor: 2.5.9 (/home/deepak/ws_moveit/install/moveit_ros_occupancy_map_monitor/share/moveit_ros_occupancy_map_monitor/cmake)
[1.265s] -- Found Boost: /usr/lib/x86_64-linux-gnu/cmake/Boost-1.74.0/BoostConfig.cmake (found version "1.74.0") found components: system filesystem date_time program_options thread chrono 
[1.297s] -- Performing Test COMPILER_HAS_HIDDEN_VISIBILITY
[1.371s] -- Performing Test COMPILER_HAS_HIDDEN_VISIBILITY - Success
[1.372s] -- Performing Test COMPILER_HAS_HIDDEN_INLINE_VISIBILITY
[1.450s] -- Performing Test COMPILER_HAS_HIDDEN_INLINE_VISIBILITY - Success
[1.450s] -- Performing Test COMPILER_HAS_DEPRECATED_ATTR
[1.529s] -- Performing Test COMPILER_HAS_DEPRECATED_ATTR - Success
[1.588s] -- Configuring done
[1.726s] -- Generating done
[1.769s] -- Build files have been written to: /home/deepak/ws_moveit/build/moveit_ros_planning
[1.785s] Invoked command in '/home/deepak/ws_moveit/build/moveit_ros_planning' returned '0': AMENT_PREFIX_PATH=/home/deepak/ws_moveit/install/moveit_ros_occupancy_map_monitor:/home/deepak/ws_moveit/install/moveit_core:/home/deepak/ws_moveit/install/moveit_resources_panda_moveit_config:/home/deepak/ws_moveit/install/moveit_configs_utils:/home/deepak/ws_moveit/install/srdfdom:/home/deepak/ws_moveit/install/moveit_resources_pr2_description:/home/deepak/ws_moveit/install/moveit_resources_panda_description:/home/deepak/ws_moveit/install/moveit_common:/home/deepak/ws_moveit/install/launch_param_builder:${AMENT_PREFIX_PATH} CMAKE_PREFIX_PATH=/home/deepak/ws_moveit/install/moveit_ros_occupancy_map_monitor:/home/deepak/ws_moveit/install/moveit_core:/home/deepak/ws_moveit/install/moveit_resources_panda_moveit_config:/home/deepak/ws_moveit/install/srdfdom:/home/deepak/ws_moveit/install/moveit_resources_pr2_description:/home/deepak/ws_moveit/install/moveit_resources_panda_description:/home/deepak/ws_moveit/install/moveit_common:/home/deepak/turtlebot3_ws/install/turtlebot3:/home/deepak/turtlebot3_ws/install/turtlebot3_simulations:/home/deepak/turtlebot3_ws/install/turtlebot3_bringup:/home/deepak/turtlebot3_ws/install/turtlebot3_node:/home/deepak/turtlebot3_ws/install/turtlebot3_navigation2:/home/deepak/turtlebot3_ws/install/turtlebot3_fake_node:/home/deepak/turtlebot3_ws/install/turtlebot3_msgs:/home/deepak/turtlebot3_ws/install/turtlebot3_manipulation_gazebo:/home/deepak/turtlebot3_ws/install/turtlebot3_gazebo:/home/deepak/turtlebot3_ws/install/turtlebot3_description:/home/deepak/turtlebot3_ws/install/turtlebot3_cartographer:/home/deepak/turtlebot3_ws/install/turtlebot3_autorace:/home/deepak/turtlebot3_ws/install/multirobot_map_merge:/home/deepak/turtlebot3_ws/install/explore_lite:/home/deepak/turtlebot3_ws/install/dynamixel_sdk_examples:/home/deepak/turtlebot3_ws/install/dynamixel_sdk_custom_interfaces:/home/deepak/turtlebot3_ws/install/dynamixel_sdk:/home/deepak/turtlebot3_ws/install/turtlebot3_teleop:/home/deepak/turtlebot3_ws/install/turtlebot3_example:/home/deepak/turtlebot3_ws/install/turtlebot3_autorace_mission:/home/deepak/turtlebot3_ws/install/turtlebot3_autorace_detect:/home/deepak/turtlebot3_ws/install/turtlebot3_autorace_camera:/opt/ros/humble LD_LIBRARY_PATH=/home/deepak/ws_moveit/install/moveit_ros_occupancy_map_monitor/lib:/home/deepak/ws_moveit/install/moveit_core/lib:/home/deepak/ws_moveit/install/srdfdom/lib:/home/deepak/turtlebot3_ws/install/turtlebot3_msgs/lib:/home/deepak/turtlebot3_ws/install/multirobot_map_merge/lib:/home/deepak/turtlebot3_ws/install/dynamixel_sdk_custom_interfaces/lib:/home/deepak/turtlebot3_ws/install/dynamixel_sdk/lib:/usr/lib/x86_64-linux-gnu/gazebo-11/plugins:/opt/ros/humble/opt/rviz_ogre_vendor/lib:/opt/ros/humble/lib/x86_64-linux-gnu:/opt/ros/humble/lib:/usr/lib/x86_64-linux-gnu/gazebo-11/plugins PATH=/home/deepak/ws_moveit/install/moveit_core/bin:${PATH} PYTHONPATH=/home/deepak/ws_moveit/install/moveit_configs_utils/lib/python3.10/site-packages:/home/deepak/ws_moveit/install/srdfdom/local/lib/python3.10/dist-packages:/home/deepak/ws_moveit/install/launch_param_builder/lib/python3.10/site-packages:${PYTHONPATH} /usr/bin/cmake /home/deepak/ws_moveit/src/moveit2/moveit_ros/planning -DBUILD_TESTING=OFF -DCMAKE_INSTALL_PREFIX=/home/deepak/ws_moveit/install/moveit_ros_planning
[1.785s] Invoking command in '/home/deepak/ws_moveit/build/moveit_ros_planning': AMENT_PREFIX_PATH=/home/deepak/ws_moveit/install/moveit_ros_occupancy_map_monitor:/home/deepak/ws_moveit/install/moveit_core:/home/deepak/ws_moveit/install/moveit_resources_panda_moveit_config:/home/deepak/ws_moveit/install/moveit_configs_utils:/home/deepak/ws_moveit/install/srdfdom:/home/deepak/ws_moveit/install/moveit_resources_pr2_description:/home/deepak/ws_moveit/install/moveit_resources_panda_description:/home/deepak/ws_moveit/install/moveit_common:/home/deepak/ws_moveit/install/launch_param_builder:${AMENT_PREFIX_PATH} CMAKE_PREFIX_PATH=/home/deepak/ws_moveit/install/moveit_ros_occupancy_map_monitor:/home/deepak/ws_moveit/install/moveit_core:/home/deepak/ws_moveit/install/moveit_resources_panda_moveit_config:/home/deepak/ws_moveit/install/srdfdom:/home/deepak/ws_moveit/install/moveit_resources_pr2_description:/home/deepak/ws_moveit/install/moveit_resources_panda_description:/home/deepak/ws_moveit/install/moveit_common:/home/deepak/turtlebot3_ws/install/turtlebot3:/home/deepak/turtlebot3_ws/install/turtlebot3_simulations:/home/deepak/turtlebot3_ws/install/turtlebot3_bringup:/home/deepak/turtlebot3_ws/install/turtlebot3_node:/home/deepak/turtlebot3_ws/install/turtlebot3_navigation2:/home/deepak/turtlebot3_ws/install/turtlebot3_fake_node:/home/deepak/turtlebot3_ws/install/turtlebot3_msgs:/home/deepak/turtlebot3_ws/install/turtlebot3_manipulation_gazebo:/home/deepak/turtlebot3_ws/install/turtlebot3_gazebo:/home/deepak/turtlebot3_ws/install/turtlebot3_description:/home/deepak/turtlebot3_ws/install/turtlebot3_cartographer:/home/deepak/turtlebot3_ws/install/turtlebot3_autorace:/home/deepak/turtlebot3_ws/install/multirobot_map_merge:/home/deepak/turtlebot3_ws/install/explore_lite:/home/deepak/turtlebot3_ws/install/dynamixel_sdk_examples:/home/deepak/turtlebot3_ws/install/dynamixel_sdk_custom_interfaces:/home/deepak/turtlebot3_ws/install/dynamixel_sdk:/home/deepak/turtlebot3_ws/install/turtlebot3_teleop:/home/deepak/turtlebot3_ws/install/turtlebot3_example:/home/deepak/turtlebot3_ws/install/turtlebot3_autorace_mission:/home/deepak/turtlebot3_ws/install/turtlebot3_autorace_detect:/home/deepak/turtlebot3_ws/install/turtlebot3_autorace_camera:/opt/ros/humble LD_LIBRARY_PATH=/home/deepak/ws_moveit/install/moveit_ros_occupancy_map_monitor/lib:/home/deepak/ws_moveit/install/moveit_core/lib:/home/deepak/ws_moveit/install/srdfdom/lib:/home/deepak/turtlebot3_ws/install/turtlebot3_msgs/lib:/home/deepak/turtlebot3_ws/install/multirobot_map_merge/lib:/home/deepak/turtlebot3_ws/install/dynamixel_sdk_custom_interfaces/lib:/home/deepak/turtlebot3_ws/install/dynamixel_sdk/lib:/usr/lib/x86_64-linux-gnu/gazebo-11/plugins:/opt/ros/humble/opt/rviz_ogre_vendor/lib:/opt/ros/humble/lib/x86_64-linux-gnu:/opt/ros/humble/lib:/usr/lib/x86_64-linux-gnu/gazebo-11/plugins PATH=/home/deepak/ws_moveit/install/moveit_core/bin:${PATH} PYTHONPATH=/home/deepak/ws_moveit/install/moveit_configs_utils/lib/python3.10/site-packages:/home/deepak/ws_moveit/install/srdfdom/local/lib/python3.10/dist-packages:/home/deepak/ws_moveit/install/launch_param_builder/lib/python3.10/site-packages:${PYTHONPATH} /usr/bin/cmake --build /home/deepak/ws_moveit/build/moveit_ros_planning
[1.827s] [  1%] [32mBuilding CXX object planning_pipeline/CMakeFiles/moveit_planning_pipeline.dir/src/planning_pipeline.cpp.o[0m
[1.829s] [  5%] [32mBuilding CXX object collision_plugin_loader/CMakeFiles/moveit_collision_plugin_loader.dir/src/collision_plugin_loader.cpp.o[0m
[1.829s] [  5%] [32mBuilding CXX object rdf_loader/CMakeFiles/moveit_rdf_loader.dir/src/rdf_loader.cpp.o[0m
[4.019s] [  7%] [32mBuilding CXX object rdf_loader/CMakeFiles/moveit_rdf_loader.dir/src/synchronized_string_parameter.cpp.o[0m
[5.979s] [  9%] [32m[1mLinking CXX shared library libmoveit_collision_plugin_loader.so[0m
[6.100s] [  9%] Built target moveit_collision_plugin_loader
[6.120s] [ 11%] [32mBuilding CXX object planning_request_adapter_plugins/CMakeFiles/moveit_default_planning_request_adapter_plugins.dir/src/empty.cpp.o[0m
[10.042s] [ 13%] [32mBuilding CXX object planning_request_adapter_plugins/CMakeFiles/moveit_default_planning_request_adapter_plugins.dir/src/fix_start_state_bounds.cpp.o[0m
[10.854s] [ 15%] [32m[1mLinking CXX shared library libmoveit_rdf_loader.so[0m
[11.020s] [ 15%] Built target moveit_rdf_loader
[11.040s] [ 16%] [32mBuilding CXX object planning_request_adapter_plugins/CMakeFiles/moveit_list_request_adapter_plugins.dir/src/list.cpp.o[0m
[12.996s] [ 18%] [32m[1mLinking CXX shared library libmoveit_planning_pipeline.so[0m
[13.154s] [ 18%] Built target moveit_planning_pipeline
[13.171s] [ 20%] [32mBuilding CXX object kinematics_plugin_loader/CMakeFiles/moveit_kinematics_plugin_loader.dir/src/kinematics_plugin_loader.cpp.o[0m
[15.562s] [ 22%] [32mBuilding CXX object planning_request_adapter_plugins/CMakeFiles/moveit_default_planning_request_adapter_plugins.dir/src/fix_start_state_collision.cpp.o[0m
[18.227s] [ 24%] [32m[1mLinking CXX executable moveit_list_request_adapter_plugins[0m
[18.343s] [ 24%] Built target moveit_list_request_adapter_plugins
[18.363s] [ 26%] [32mBuilding CXX object constraint_sampler_manager_loader/CMakeFiles/moveit_constraint_sampler_manager_loader.dir/src/constraint_sampler_manager_loader.cpp.o[0m
[20.037s] [ 28%] [32m[1mLinking CXX shared library libmoveit_kinematics_plugin_loader.so[0m
[20.170s] [ 28%] Built target moveit_kinematics_plugin_loader
[20.187s] [ 30%] [32mBuilding CXX object robot_model_loader/CMakeFiles/moveit_robot_model_loader.dir/src/robot_model_loader.cpp.o[0m
[20.460s] [ 32%] [32mBuilding CXX object planning_request_adapter_plugins/CMakeFiles/moveit_default_planning_request_adapter_plugins.dir/src/fix_start_state_path_constraints.cpp.o[0m
[23.650s] [ 33%] [32m[1mLinking CXX shared library libmoveit_robot_model_loader.so[0m
[23.773s] [ 33%] Built target moveit_robot_model_loader
[23.792s] [ 35%] [32mBuilding CXX object planning_scene_monitor/CMakeFiles/moveit_planning_scene_monitor.dir/src/planning_scene_monitor.cpp.o[0m
[25.191s] [ 37%] [32mBuilding CXX object planning_request_adapter_plugins/CMakeFiles/moveit_default_planning_request_adapter_plugins.dir/src/fix_workspace_bounds.cpp.o[0m
[25.305s] [ 39%] [32m[1mLinking CXX shared library libmoveit_constraint_sampler_manager_loader.so[0m
[25.466s] [ 39%] Built target moveit_constraint_sampler_manager_loader
[25.484s] [ 41%] [32mBuilding CXX object planning_components_tools/CMakeFiles/moveit_print_planning_model_info.dir/src/print_planning_model_info.cpp.o[0m
[28.357s] [ 43%] [32m[1mLinking CXX executable moveit_print_planning_model_info[0m
[28.505s] [ 43%] Built target moveit_print_planning_model_info
[28.513s] [ 45%] [32mBuilding CXX object planning_scene_monitor/CMakeFiles/moveit_planning_scene_monitor.dir/src/current_state_monitor.cpp.o[0m
[29.482s] [ 47%] [32mBuilding CXX object planning_request_adapter_plugins/CMakeFiles/moveit_default_planning_request_adapter_plugins.dir/src/add_time_parameterization.cpp.o[0m
[33.100s] [ 49%] [32mBuilding CXX object planning_request_adapter_plugins/CMakeFiles/moveit_default_planning_request_adapter_plugins.dir/src/add_ruckig_traj_smoothing.cpp.o[0m
[33.789s] [ 50%] [32mBuilding CXX object planning_scene_monitor/CMakeFiles/moveit_planning_scene_monitor.dir/src/current_state_monitor_middleware_handle.cpp.o[0m
[36.719s] [ 52%] [32mBuilding CXX object planning_request_adapter_plugins/CMakeFiles/moveit_default_planning_request_adapter_plugins.dir/src/add_iterative_spline_parameterization.cpp.o[0m
[40.280s] [ 54%] [32mBuilding CXX object planning_request_adapter_plugins/CMakeFiles/moveit_default_planning_request_adapter_plugins.dir/src/add_time_optimal_parameterization.cpp.o[0m
[41.635s] [ 56%] [32mBuilding CXX object planning_scene_monitor/CMakeFiles/moveit_planning_scene_monitor.dir/src/trajectory_monitor.cpp.o[0m
[43.174s] [ 58%] [32mBuilding CXX object planning_scene_monitor/CMakeFiles/moveit_planning_scene_monitor.dir/src/trajectory_monitor_middleware_handle.cpp.o[0m
[43.959s] [ 60%] [32mBuilding CXX object planning_request_adapter_plugins/CMakeFiles/moveit_default_planning_request_adapter_plugins.dir/src/resolve_constraint_frames.cpp.o[0m
[47.297s] [ 62%] [32m[1mLinking CXX shared library libmoveit_planning_scene_monitor.so[0m
[47.546s] [ 62%] Built target moveit_planning_scene_monitor
[47.562s] [ 66%] [32mBuilding CXX object planning_scene_monitor/CMakeFiles/demo_scene.dir/demos/demo_scene.cpp.o[0m
[47.562s] [ 66%] [32mBuilding CXX object planning_components_tools/CMakeFiles/moveit_print_planning_scene_info.dir/src/print_planning_scene_info.cpp.o[0m
[48.092s] [ 67%] [32m[1mLinking CXX shared library libmoveit_default_planning_request_adapter_plugins.so[0m
[48.223s] [ 67%] Built target moveit_default_planning_request_adapter_plugins
[48.238s] [ 69%] [32mBuilding CXX object planning_components_tools/CMakeFiles/moveit_display_random_state.dir/src/display_random_state.cpp.o[0m
[52.454s] [ 71%] [32m[1mLinking CXX executable moveit_print_planning_scene_info[0m
[52.639s] [ 71%] Built target moveit_print_planning_scene_info
[52.656s] [ 73%] [32mBuilding CXX object planning_components_tools/CMakeFiles/moveit_visualize_robot_collision_volume.dir/src/visualize_robot_collision_volume.cpp.o[0m
[53.886s] [ 75%] [32m[1mLinking CXX executable demo_scene[0m
[54.003s] [ 75%] Built target demo_scene
[54.020s] [ 77%] [32mBuilding CXX object planning_components_tools/CMakeFiles/moveit_evaluate_collision_checking_speed.dir/src/evaluate_collision_checking_speed.cpp.o[0m
[54.732s] [ 79%] [32m[1mLinking CXX executable moveit_display_random_state[0m
[54.934s] [ 79%] Built target moveit_display_random_state
[54.950s] [ 81%] [32mBuilding CXX object planning_components_tools/CMakeFiles/moveit_publish_scene_from_text.dir/src/publish_scene_from_text.cpp.o[0m
[59.051s] [ 83%] [32m[1mLinking CXX executable moveit_visualize_robot_collision_volume[0m
[59.257s] [ 83%] Built target moveit_visualize_robot_collision_volume
[59.277s] [ 84%] [32mBuilding CXX object trajectory_execution_manager/CMakeFiles/moveit_trajectory_execution_manager.dir/src/trajectory_execution_manager.cpp.o[0m
[59.979s] [ 86%] [32m[1mLinking CXX executable moveit_evaluate_collision_checking_speed[0m
[60.182s] [ 86%] Built target moveit_evaluate_collision_checking_speed
[61.632s] [ 88%] [32m[1mLinking CXX executable moveit_publish_scene_from_text[0m
[61.825s] [ 88%] Built target moveit_publish_scene_from_text
[72.443s] [ 90%] [32m[1mLinking CXX shared library libmoveit_trajectory_execution_manager.so[0m
[72.612s] [ 90%] Built target moveit_trajectory_execution_manager
[72.628s] [ 94%] [32mBuilding CXX object moveit_cpp/CMakeFiles/moveit_cpp.dir/src/moveit_cpp.cpp.o[0m
[72.628s] [ 94%] [32mBuilding CXX object plan_execution/CMakeFiles/moveit_plan_execution.dir/src/plan_execution.cpp.o[0m
[72.628s] [ 96%] [32mBuilding CXX object moveit_cpp/CMakeFiles/moveit_cpp.dir/src/planning_component.cpp.o[0m
[78.418s] [ 98%] [32m[1mLinking CXX shared library libmoveit_plan_execution.so[0m
[78.576s] [ 98%] Built target moveit_plan_execution
[80.922s] [100%] [32m[1mLinking CXX shared library libmoveit_cpp.so[0m
[81.090s] [100%] Built target moveit_cpp
[81.099s] Invoked command in '/home/deepak/ws_moveit/build/moveit_ros_planning' returned '0': AMENT_PREFIX_PATH=/home/deepak/ws_moveit/install/moveit_ros_occupancy_map_monitor:/home/deepak/ws_moveit/install/moveit_core:/home/deepak/ws_moveit/install/moveit_resources_panda_moveit_config:/home/deepak/ws_moveit/install/moveit_configs_utils:/home/deepak/ws_moveit/install/srdfdom:/home/deepak/ws_moveit/install/moveit_resources_pr2_description:/home/deepak/ws_moveit/install/moveit_resources_panda_description:/home/deepak/ws_moveit/install/moveit_common:/home/deepak/ws_moveit/install/launch_param_builder:${AMENT_PREFIX_PATH} CMAKE_PREFIX_PATH=/home/deepak/ws_moveit/install/moveit_ros_occupancy_map_monitor:/home/deepak/ws_moveit/install/moveit_core:/home/deepak/ws_moveit/install/moveit_resources_panda_moveit_config:/home/deepak/ws_moveit/install/srdfdom:/home/deepak/ws_moveit/install/moveit_resources_pr2_description:/home/deepak/ws_moveit/install/moveit_resources_panda_description:/home/deepak/ws_moveit/install/moveit_common:/home/deepak/turtlebot3_ws/install/turtlebot3:/home/deepak/turtlebot3_ws/install/turtlebot3_simulations:/home/deepak/turtlebot3_ws/install/turtlebot3_bringup:/home/deepak/turtlebot3_ws/install/turtlebot3_node:/home/deepak/turtlebot3_ws/install/turtlebot3_navigation2:/home/deepak/turtlebot3_ws/install/turtlebot3_fake_node:/home/deepak/turtlebot3_ws/install/turtlebot3_msgs:/home/deepak/turtlebot3_ws/install/turtlebot3_manipulation_gazebo:/home/deepak/turtlebot3_ws/install/turtlebot3_gazebo:/home/deepak/turtlebot3_ws/install/turtlebot3_description:/home/deepak/turtlebot3_ws/install/turtlebot3_cartographer:/home/deepak/turtlebot3_ws/install/turtlebot3_autorace:/home/deepak/turtlebot3_ws/install/multirobot_map_merge:/home/deepak/turtlebot3_ws/install/explore_lite:/home/deepak/turtlebot3_ws/install/dynamixel_sdk_examples:/home/deepak/turtlebot3_ws/install/dynamixel_sdk_custom_interfaces:/home/deepak/turtlebot3_ws/install/dynamixel_sdk:/home/deepak/turtlebot3_ws/install/turtlebot3_teleop:/home/deepak/turtlebot3_ws/install/turtlebot3_example:/home/deepak/turtlebot3_ws/install/turtlebot3_autorace_mission:/home/deepak/turtlebot3_ws/install/turtlebot3_autorace_detect:/home/deepak/turtlebot3_ws/install/turtlebot3_autorace_camera:/opt/ros/humble LD_LIBRARY_PATH=/home/deepak/ws_moveit/install/moveit_ros_occupancy_map_monitor/lib:/home/deepak/ws_moveit/install/moveit_core/lib:/home/deepak/ws_moveit/install/srdfdom/lib:/home/deepak/turtlebot3_ws/install/turtlebot3_msgs/lib:/home/deepak/turtlebot3_ws/install/multirobot_map_merge/lib:/home/deepak/turtlebot3_ws/install/dynamixel_sdk_custom_interfaces/lib:/home/deepak/turtlebot3_ws/install/dynamixel_sdk/lib:/usr/lib/x86_64-linux-gnu/gazebo-11/plugins:/opt/ros/humble/opt/rviz_ogre_vendor/lib:/opt/ros/humble/lib/x86_64-linux-gnu:/opt/ros/humble/lib:/usr/lib/x86_64-linux-gnu/gazebo-11/plugins PATH=/home/deepak/ws_moveit/install/moveit_core/bin:${PATH} PYTHONPATH=/home/deepak/ws_moveit/install/moveit_configs_utils/lib/python3.10/site-packages:/home/deepak/ws_moveit/install/srdfdom/local/lib/python3.10/dist-packages:/home/deepak/ws_moveit/install/launch_param_builder/lib/python3.10/site-packages:${PYTHONPATH} /usr/bin/cmake --build /home/deepak/ws_moveit/build/moveit_ros_planning
[81.100s] Invoking command in '/home/deepak/ws_moveit/build/moveit_ros_planning': AMENT_PREFIX_PATH=/home/deepak/ws_moveit/install/moveit_ros_occupancy_map_monitor:/home/deepak/ws_moveit/install/moveit_core:/home/deepak/ws_moveit/install/moveit_resources_panda_moveit_config:/home/deepak/ws_moveit/install/moveit_configs_utils:/home/deepak/ws_moveit/install/srdfdom:/home/deepak/ws_moveit/install/moveit_resources_pr2_description:/home/deepak/ws_moveit/install/moveit_resources_panda_description:/home/deepak/ws_moveit/install/moveit_common:/home/deepak/ws_moveit/install/launch_param_builder:${AMENT_PREFIX_PATH} CMAKE_PREFIX_PATH=/home/deepak/ws_moveit/install/moveit_ros_occupancy_map_monitor:/home/deepak/ws_moveit/install/moveit_core:/home/deepak/ws_moveit/install/moveit_resources_panda_moveit_config:/home/deepak/ws_moveit/install/srdfdom:/home/deepak/ws_moveit/install/moveit_resources_pr2_description:/home/deepak/ws_moveit/install/moveit_resources_panda_description:/home/deepak/ws_moveit/install/moveit_common:/home/deepak/turtlebot3_ws/install/turtlebot3:/home/deepak/turtlebot3_ws/install/turtlebot3_simulations:/home/deepak/turtlebot3_ws/install/turtlebot3_bringup:/home/deepak/turtlebot3_ws/install/turtlebot3_node:/home/deepak/turtlebot3_ws/install/turtlebot3_navigation2:/home/deepak/turtlebot3_ws/install/turtlebot3_fake_node:/home/deepak/turtlebot3_ws/install/turtlebot3_msgs:/home/deepak/turtlebot3_ws/install/turtlebot3_manipulation_gazebo:/home/deepak/turtlebot3_ws/install/turtlebot3_gazebo:/home/deepak/turtlebot3_ws/install/turtlebot3_description:/home/deepak/turtlebot3_ws/install/turtlebot3_cartographer:/home/deepak/turtlebot3_ws/install/turtlebot3_autorace:/home/deepak/turtlebot3_ws/install/multirobot_map_merge:/home/deepak/turtlebot3_ws/install/explore_lite:/home/deepak/turtlebot3_ws/install/dynamixel_sdk_examples:/home/deepak/turtlebot3_ws/install/dynamixel_sdk_custom_interfaces:/home/deepak/turtlebot3_ws/install/dynamixel_sdk:/home/deepak/turtlebot3_ws/install/turtlebot3_teleop:/home/deepak/turtlebot3_ws/install/turtlebot3_example:/home/deepak/turtlebot3_ws/install/turtlebot3_autorace_mission:/home/deepak/turtlebot3_ws/install/turtlebot3_autorace_detect:/home/deepak/turtlebot3_ws/install/turtlebot3_autorace_camera:/opt/ros/humble LD_LIBRARY_PATH=/home/deepak/ws_moveit/install/moveit_ros_occupancy_map_monitor/lib:/home/deepak/ws_moveit/install/moveit_core/lib:/home/deepak/ws_moveit/install/srdfdom/lib:/home/deepak/turtlebot3_ws/install/turtlebot3_msgs/lib:/home/deepak/turtlebot3_ws/install/multirobot_map_merge/lib:/home/deepak/turtlebot3_ws/install/dynamixel_sdk_custom_interfaces/lib:/home/deepak/turtlebot3_ws/install/dynamixel_sdk/lib:/usr/lib/x86_64-linux-gnu/gazebo-11/plugins:/opt/ros/humble/opt/rviz_ogre_vendor/lib:/opt/ros/humble/lib/x86_64-linux-gnu:/opt/ros/humble/lib:/usr/lib/x86_64-linux-gnu/gazebo-11/plugins PATH=/home/deepak/ws_moveit/install/moveit_core/bin:${PATH} PYTHONPATH=/home/deepak/ws_moveit/install/moveit_configs_utils/lib/python3.10/site-packages:/home/deepak/ws_moveit/install/srdfdom/local/lib/python3.10/dist-packages:/home/deepak/ws_moveit/install/launch_param_builder/lib/python3.10/site-packages:${PYTHONPATH} /usr/bin/cmake --install /home/deepak/ws_moveit/build/moveit_ros_planning
[81.105s] -- Install configuration: "Release"
[81.105s] -- Installing: /home/deepak/ws_moveit/install/moveit_ros_planning/include
[81.106s] -- Installing: /home/deepak/ws_moveit/install/moveit_ros_planning/include/moveit
[81.106s] -- Installing: /home/deepak/ws_moveit/install/moveit_ros_planning/include/moveit/rdf_loader
[81.106s] -- Installing: /home/deepak/ws_moveit/install/moveit_ros_planning/include/moveit/rdf_loader/synchronized_string_parameter.h
[81.106s] -- Installing: /home/deepak/ws_moveit/install/moveit_ros_planning/include/moveit/rdf_loader/rdf_loader.h
[81.106s] -- Installing: /home/deepak/ws_moveit/install/moveit_ros_planning/share/moveit_ros_planning/rdf_loader/test/data
[81.106s] -- Installing: /home/deepak/ws_moveit/install/moveit_ros_planning/share/moveit_ros_planning/rdf_loader/test/data/robin.srdf.xacro
[81.107s] -- Installing: /home/deepak/ws_moveit/install/moveit_ros_planning/share/moveit_ros_planning/rdf_loader/test/data/gonzo.urdf
[81.107s] -- Installing: /home/deepak/ws_moveit/install/moveit_ros_planning/share/moveit_ros_planning/rdf_loader/test/data/gonzo.srdf
[81.107s] -- Installing: /home/deepak/ws_moveit/install/moveit_ros_planning/share/moveit_ros_planning/rdf_loader/test/data/kermit.srdf
[81.107s] -- Installing: /home/deepak/ws_moveit/install/moveit_ros_planning/share/moveit_ros_planning/rdf_loader/test/data/kermit.urdf
[81.107s] -- Installing: /home/deepak/ws_moveit/install/moveit_ros_planning/share/moveit_ros_planning/rdf_loader/test/launch
[81.107s] -- Installing: /home/deepak/ws_moveit/install/moveit_ros_planning/share/moveit_ros_planning/rdf_loader/test/launch/test_rdf_integration.test.py
[81.108s] -- Up-to-date: /home/deepak/ws_moveit/install/moveit_ros_planning/include
[81.108s] -- Up-to-date: /home/deepak/ws_moveit/install/moveit_ros_planning/include/moveit
[81.108s] -- Installing: /home/deepak/ws_moveit/install/moveit_ros_planning/include/moveit/collision_plugin_loader
[81.108s] -- Installing: /home/deepak/ws_moveit/install/moveit_ros_planning/include/moveit/collision_plugin_loader/collision_plugin_loader.h
[81.108s] -- Up-to-date: /home/deepak/ws_moveit/install/moveit_ros_planning/include
[81.108s] -- Up-to-date: /home/deepak/ws_moveit/install/moveit_ros_planning/include/moveit
[81.108s] -- Installing: /home/deepak/ws_moveit/install/moveit_ros_planning/include/moveit/kinematics_plugin_loader
[81.108s] -- Installing: /home/deepak/ws_moveit/install/moveit_ros_planning/include/moveit/kinematics_plugin_loader/kinematics_plugin_loader.h
[81.108s] -- Up-to-date: /home/deepak/ws_moveit/install/moveit_ros_planning/include
[81.108s] -- Up-to-date: /home/deepak/ws_moveit/install/moveit_ros_planning/include/moveit
[81.108s] -- Installing: /home/deepak/ws_moveit/install/moveit_ros_planning/include/moveit/robot_model_loader
[81.108s] -- Installing: /home/deepak/ws_moveit/install/moveit_ros_planning/include/moveit/robot_model_loader/robot_model_loader.h
[81.108s] -- Up-to-date: /home/deepak/ws_moveit/install/moveit_ros_planning/include
[81.108s] -- Up-to-date: /home/deepak/ws_moveit/install/moveit_ros_planning/include/moveit
[81.108s] -- Installing: /home/deepak/ws_moveit/install/moveit_ros_planning/include/moveit/constraint_sampler_manager_loader
[81.108s] -- Installing: /home/deepak/ws_moveit/install/moveit_ros_planning/include/moveit/constraint_sampler_manager_loader/constraint_sampler_manager_loader.h
[81.108s] -- Up-to-date: /home/deepak/ws_moveit/install/moveit_ros_planning/include
[81.108s] -- Up-to-date: /home/deepak/ws_moveit/install/moveit_ros_planning/include/moveit
[81.108s] -- Installing: /home/deepak/ws_moveit/install/moveit_ros_planning/include/moveit/planning_pipeline
[81.108s] -- Installing: /home/deepak/ws_moveit/install/moveit_ros_planning/include/moveit/planning_pipeline/planning_pipeline.h
[81.108s] -- Installing: /home/deepak/ws_moveit/install/moveit_ros_planning/include/moveit_planning_pipeline_export.h
[81.108s] -- Installing: /home/deepak/ws_moveit/install/moveit_ros_planning/lib/moveit_ros_planning/moveit_list_request_adapter_plugins
[81.108s] -- Set runtime path of "/home/deepak/ws_moveit/install/moveit_ros_planning/lib/moveit_ros_planning/moveit_list_request_adapter_plugins" to ""
[81.109s] -- Installing: /home/deepak/ws_moveit/install/moveit_ros_planning/lib/moveit_ros_planning/demo_scene
[81.109s] -- Set runtime path of "/home/deepak/ws_moveit/install/moveit_ros_planning/lib/moveit_ros_planning/demo_scene" to ""
[81.109s] -- Up-to-date: /home/deepak/ws_moveit/install/moveit_ros_planning/include
[81.109s] -- Up-to-date: /home/deepak/ws_moveit/install/moveit_ros_planning/include/moveit
[81.109s] -- Installing: /home/deepak/ws_moveit/install/moveit_ros_planning/include/moveit/planning_scene_monitor
[81.109s] -- Installing: /home/deepak/ws_moveit/install/moveit_ros_planning/include/moveit/planning_scene_monitor/trajectory_monitor_middleware_handle.hpp
[81.109s] -- Installing: /home/deepak/ws_moveit/install/moveit_ros_planning/include/moveit/planning_scene_monitor/trajectory_monitor.h
[81.109s] -- Installing: /home/deepak/ws_moveit/install/moveit_ros_planning/include/moveit/planning_scene_monitor/planning_scene_monitor.h
[81.109s] -- Installing: /home/deepak/ws_moveit/install/moveit_ros_planning/include/moveit/planning_scene_monitor/current_state_monitor_middleware_handle.hpp
[81.109s] -- Installing: /home/deepak/ws_moveit/install/moveit_ros_planning/include/moveit/planning_scene_monitor/current_state_monitor.h
[81.109s] -- Installing: /home/deepak/ws_moveit/install/moveit_ros_planning/include/moveit_planning_scene_monitor_export.h
[81.109s] -- Installing: /home/deepak/ws_moveit/install/moveit_ros_planning/lib/moveit_ros_planning/moveit_print_planning_model_info
[81.109s] -- Set runtime path of "/home/deepak/ws_moveit/install/moveit_ros_planning/lib/moveit_ros_planning/moveit_print_planning_model_info" to ""
[81.109s] -- Installing: /home/deepak/ws_moveit/install/moveit_ros_planning/lib/moveit_ros_planning/moveit_print_planning_scene_info
[81.110s] -- Set runtime path of "/home/deepak/ws_moveit/install/moveit_ros_planning/lib/moveit_ros_planning/moveit_print_planning_scene_info" to ""
[81.110s] -- Installing: /home/deepak/ws_moveit/install/moveit_ros_planning/lib/moveit_ros_planning/moveit_display_random_state
[81.110s] -- Set runtime path of "/home/deepak/ws_moveit/install/moveit_ros_planning/lib/moveit_ros_planning/moveit_display_random_state" to ""
[81.110s] -- Installing: /home/deepak/ws_moveit/install/moveit_ros_planning/lib/moveit_ros_planning/moveit_visualize_robot_collision_volume
[81.110s] -- Set runtime path of "/home/deepak/ws_moveit/install/moveit_ros_planning/lib/moveit_ros_planning/moveit_visualize_robot_collision_volume" to ""
[81.110s] -- Installing: /home/deepak/ws_moveit/install/moveit_ros_planning/lib/moveit_ros_planning/moveit_evaluate_collision_checking_speed
[81.110s] -- Set runtime path of "/home/deepak/ws_moveit/install/moveit_ros_planning/lib/moveit_ros_planning/moveit_evaluate_collision_checking_speed" to ""
[81.110s] -- Installing: /home/deepak/ws_moveit/install/moveit_ros_planning/lib/moveit_ros_planning/moveit_publish_scene_from_text
[81.110s] -- Set runtime path of "/home/deepak/ws_moveit/install/moveit_ros_planning/lib/moveit_ros_planning/moveit_publish_scene_from_text" to ""
[81.111s] -- Up-to-date: /home/deepak/ws_moveit/install/moveit_ros_planning/include
[81.111s] -- Up-to-date: /home/deepak/ws_moveit/install/moveit_ros_planning/include/moveit
[81.111s] -- Installing: /home/deepak/ws_moveit/install/moveit_ros_planning/include/moveit/trajectory_execution_manager
[81.111s] -- Installing: /home/deepak/ws_moveit/install/moveit_ros_planning/include/moveit/trajectory_execution_manager/trajectory_execution_manager.h
[81.111s] -- Installing: /home/deepak/ws_moveit/install/moveit_ros_planning/include/moveit_trajectory_execution_manager_export.h
[81.111s] -- Up-to-date: /home/deepak/ws_moveit/install/moveit_ros_planning/include
[81.111s] -- Up-to-date: /home/deepak/ws_moveit/install/moveit_ros_planning/include/moveit
[81.111s] -- Installing: /home/deepak/ws_moveit/install/moveit_ros_planning/include/moveit/plan_execution
[81.111s] -- Installing: /home/deepak/ws_moveit/install/moveit_ros_planning/include/moveit/plan_execution/plan_representation.h
[81.111s] -- Installing: /home/deepak/ws_moveit/install/moveit_ros_planning/include/moveit/plan_execution/plan_execution.h
[81.111s] -- Up-to-date: /home/deepak/ws_moveit/install/moveit_ros_planning/include
[81.111s] -- Up-to-date: /home/deepak/ws_moveit/install/moveit_ros_planning/include/moveit
[81.111s] -- Installing: /home/deepak/ws_moveit/install/moveit_ros_planning/include/moveit/moveit_cpp
[81.111s] -- Installing: /home/deepak/ws_moveit/install/moveit_ros_planning/include/moveit/moveit_cpp/moveit_cpp.h
[81.111s] -- Installing: /home/deepak/ws_moveit/install/moveit_ros_planning/include/moveit/moveit_cpp/planning_component.h
[81.111s] -- Installing: /home/deepak/ws_moveit/install/moveit_ros_planning/lib/libmoveit_rdf_loader.so.2.5.9
[81.112s] -- Set runtime path of "/home/deepak/ws_moveit/install/moveit_ros_planning/lib/libmoveit_rdf_loader.so.2.5.9" to ""
[81.112s] -- Installing: /home/deepak/ws_moveit/install/moveit_ros_planning/lib/libmoveit_rdf_loader.so
[81.112s] -- Installing: /home/deepak/ws_moveit/install/moveit_ros_planning/lib/libmoveit_kinematics_plugin_loader.so.2.5.9
[81.112s] -- Set runtime path of "/home/deepak/ws_moveit/install/moveit_ros_planning/lib/libmoveit_kinematics_plugin_loader.so.2.5.9" to ""
[81.112s] -- Installing: /home/deepak/ws_moveit/install/moveit_ros_planning/lib/libmoveit_kinematics_plugin_loader.so
[81.112s] -- Installing: /home/deepak/ws_moveit/install/moveit_ros_planning/lib/libmoveit_robot_model_loader.so.2.5.9
[81.112s] -- Set runtime path of "/home/deepak/ws_moveit/install/moveit_ros_planning/lib/libmoveit_robot_model_loader.so.2.5.9" to ""
[81.112s] -- Installing: /home/deepak/ws_moveit/install/moveit_ros_planning/lib/libmoveit_robot_model_loader.so
[81.112s] -- Installing: /home/deepak/ws_moveit/install/moveit_ros_planning/lib/libmoveit_constraint_sampler_manager_loader.so.2.5.9
[81.112s] -- Set runtime path of "/home/deepak/ws_moveit/install/moveit_ros_planning/lib/libmoveit_constraint_sampler_manager_loader.so.2.5.9" to ""
[81.113s] -- Installing: /home/deepak/ws_moveit/install/moveit_ros_planning/lib/libmoveit_constraint_sampler_manager_loader.so
[81.113s] -- Installing: /home/deepak/ws_moveit/install/moveit_ros_planning/lib/libmoveit_planning_pipeline.so.2.5.9
[81.113s] -- Set runtime path of "/home/deepak/ws_moveit/install/moveit_ros_planning/lib/libmoveit_planning_pipeline.so.2.5.9" to ""
[81.113s] -- Installing: /home/deepak/ws_moveit/install/moveit_ros_planning/lib/libmoveit_planning_pipeline.so
[81.113s] -- Installing: /home/deepak/ws_moveit/install/moveit_ros_planning/lib/libmoveit_trajectory_execution_manager.so.2.5.9
[81.114s] -- Set runtime path of "/home/deepak/ws_moveit/install/moveit_ros_planning/lib/libmoveit_trajectory_execution_manager.so.2.5.9" to ""
[81.114s] -- Installing: /home/deepak/ws_moveit/install/moveit_ros_planning/lib/libmoveit_trajectory_execution_manager.so
[81.114s] -- Installing: /home/deepak/ws_moveit/install/moveit_ros_planning/lib/libmoveit_plan_execution.so.2.5.9
[81.114s] -- Set runtime path of "/home/deepak/ws_moveit/install/moveit_ros_planning/lib/libmoveit_plan_execution.so.2.5.9" to ""
[81.114s] -- Installing: /home/deepak/ws_moveit/install/moveit_ros_planning/lib/libmoveit_plan_execution.so
[81.114s] -- Installing: /home/deepak/ws_moveit/install/moveit_ros_planning/lib/libmoveit_planning_scene_monitor.so.2.5.9
[81.116s] -- Set runtime path of "/home/deepak/ws_moveit/install/moveit_ros_planning/lib/libmoveit_planning_scene_monitor.so.2.5.9" to ""
[81.116s] -- Installing: /home/deepak/ws_moveit/install/moveit_ros_planning/lib/libmoveit_planning_scene_monitor.so
[81.116s] -- Installing: /home/deepak/ws_moveit/install/moveit_ros_planning/lib/libmoveit_collision_plugin_loader.so.2.5.9
[81.116s] -- Set runtime path of "/home/deepak/ws_moveit/install/moveit_ros_planning/lib/libmoveit_collision_plugin_loader.so.2.5.9" to ""
[81.116s] -- Installing: /home/deepak/ws_moveit/install/moveit_ros_planning/lib/libmoveit_collision_plugin_loader.so
[81.116s] -- Installing: /home/deepak/ws_moveit/install/moveit_ros_planning/lib/libmoveit_default_planning_request_adapter_plugins.so.2.5.9
[81.116s] -- Set runtime path of "/home/deepak/ws_moveit/install/moveit_ros_planning/lib/libmoveit_default_planning_request_adapter_plugins.so.2.5.9" to ""
[81.116s] -- Installing: /home/deepak/ws_moveit/install/moveit_ros_planning/lib/libmoveit_default_planning_request_adapter_plugins.so
[81.116s] -- Installing: /home/deepak/ws_moveit/install/moveit_ros_planning/lib/libmoveit_cpp.so.2.5.9
[81.117s] -- Set runtime path of "/home/deepak/ws_moveit/install/moveit_ros_planning/lib/libmoveit_cpp.so.2.5.9" to ""
[81.117s] -- Installing: /home/deepak/ws_moveit/install/moveit_ros_planning/lib/libmoveit_cpp.so
[81.117s] -- Installing: /home/deepak/ws_moveit/install/moveit_ros_planning/share/moveit_ros_planning/environment/library_path.sh
[81.117s] -- Installing: /home/deepak/ws_moveit/install/moveit_ros_planning/share/moveit_ros_planning/environment/library_path.dsv
[81.117s] -- Installing: /home/deepak/ws_moveit/install/moveit_ros_planning/share/moveit_ros_planning/planning_request_adapters_plugin_description.xml
[81.118s] -- Installing: /home/deepak/ws_moveit/install/moveit_ros_planning/share/ament_index/resource_index/package_run_dependencies/moveit_ros_planning
[81.118s] -- Installing: /home/deepak/ws_moveit/install/moveit_ros_planning/share/ament_index/resource_index/parent_prefix_path/moveit_ros_planning
[81.118s] -- Installing: /home/deepak/ws_moveit/install/moveit_ros_planning/share/moveit_ros_planning/environment/ament_prefix_path.sh
[81.118s] -- Installing: /home/deepak/ws_moveit/install/moveit_ros_planning/share/moveit_ros_planning/environment/ament_prefix_path.dsv
[81.118s] -- Installing: /home/deepak/ws_moveit/install/moveit_ros_planning/share/moveit_ros_planning/environment/path.sh
[81.118s] -- Installing: /home/deepak/ws_moveit/install/moveit_ros_planning/share/moveit_ros_planning/environment/path.dsv
[81.118s] -- Installing: /home/deepak/ws_moveit/install/moveit_ros_planning/share/moveit_ros_planning/local_setup.bash
[81.118s] -- Installing: /home/deepak/ws_moveit/install/moveit_ros_planning/share/moveit_ros_planning/local_setup.sh
[81.118s] -- Installing: /home/deepak/ws_moveit/install/moveit_ros_planning/share/moveit_ros_planning/local_setup.zsh
[81.119s] -- Installing: /home/deepak/ws_moveit/install/moveit_ros_planning/share/moveit_ros_planning/local_setup.dsv
[81.119s] -- Installing: /home/deepak/ws_moveit/install/moveit_ros_planning/share/moveit_ros_planning/package.dsv
[81.119s] -- Installing: /home/deepak/ws_moveit/install/moveit_ros_planning/share/ament_index/resource_index/packages/moveit_ros_planning
[81.119s] -- Installing: /home/deepak/ws_moveit/install/moveit_ros_planning/share/ament_index/resource_index/moveit_core__pluginlib__plugin/moveit_ros_planning
[81.119s] -- Installing: /home/deepak/ws_moveit/install/moveit_ros_planning/share/moveit_ros_planning/cmake/export_moveit_ros_planningExport.cmake
[81.119s] -- Installing: /home/deepak/ws_moveit/install/moveit_ros_planning/share/moveit_ros_planning/cmake/export_moveit_ros_planningExport-release.cmake
[81.119s] -- Installing: /home/deepak/ws_moveit/install/moveit_ros_planning/share/moveit_ros_planning/cmake/ConfigExtras.cmake
[81.119s] -- Installing: /home/deepak/ws_moveit/install/moveit_ros_planning/share/moveit_ros_planning/cmake/ament_cmake_export_targets-extras.cmake
[81.119s] -- Installing: /home/deepak/ws_moveit/install/moveit_ros_planning/share/moveit_ros_planning/cmake/ament_cmake_export_dependencies-extras.cmake
[81.119s] -- Installing: /home/deepak/ws_moveit/install/moveit_ros_planning/share/moveit_ros_planning/cmake/moveit_ros_planningConfig.cmake
[81.119s] -- Installing: /home/deepak/ws_moveit/install/moveit_ros_planning/share/moveit_ros_planning/cmake/moveit_ros_planningConfig-version.cmake
[81.119s] -- Installing: /home/deepak/ws_moveit/install/moveit_ros_planning/share/moveit_ros_planning/package.xml
[81.120s] Invoked command in '/home/deepak/ws_moveit/build/moveit_ros_planning' returned '0': AMENT_PREFIX_PATH=/home/deepak/ws_moveit/install/moveit_ros_occupancy_map_monitor:/home/deepak/ws_moveit/install/moveit_core:/home/deepak/ws_moveit/install/moveit_resources_panda_moveit_config:/home/deepak/ws_moveit/install/moveit_configs_utils:/home/deepak/ws_moveit/install/srdfdom:/home/deepak/ws_moveit/install/moveit_resources_pr2_description:/home/deepak/ws_moveit/install/moveit_resources_panda_description:/home/deepak/ws_moveit/install/moveit_common:/home/deepak/ws_moveit/install/launch_param_builder:${AMENT_PREFIX_PATH} CMAKE_PREFIX_PATH=/home/deepak/ws_moveit/install/moveit_ros_occupancy_map_monitor:/home/deepak/ws_moveit/install/moveit_core:/home/deepak/ws_moveit/install/moveit_resources_panda_moveit_config:/home/deepak/ws_moveit/install/srdfdom:/home/deepak/ws_moveit/install/moveit_resources_pr2_description:/home/deepak/ws_moveit/install/moveit_resources_panda_description:/home/deepak/ws_moveit/install/moveit_common:/home/deepak/turtlebot3_ws/install/turtlebot3:/home/deepak/turtlebot3_ws/install/turtlebot3_simulations:/home/deepak/turtlebot3_ws/install/turtlebot3_bringup:/home/deepak/turtlebot3_ws/install/turtlebot3_node:/home/deepak/turtlebot3_ws/install/turtlebot3_navigation2:/home/deepak/turtlebot3_ws/install/turtlebot3_fake_node:/home/deepak/turtlebot3_ws/install/turtlebot3_msgs:/home/deepak/turtlebot3_ws/install/turtlebot3_manipulation_gazebo:/home/deepak/turtlebot3_ws/install/turtlebot3_gazebo:/home/deepak/turtlebot3_ws/install/turtlebot3_description:/home/deepak/turtlebot3_ws/install/turtlebot3_cartographer:/home/deepak/turtlebot3_ws/install/turtlebot3_autorace:/home/deepak/turtlebot3_ws/install/multirobot_map_merge:/home/deepak/turtlebot3_ws/install/explore_lite:/home/deepak/turtlebot3_ws/install/dynamixel_sdk_examples:/home/deepak/turtlebot3_ws/install/dynamixel_sdk_custom_interfaces:/home/deepak/turtlebot3_ws/install/dynamixel_sdk:/home/deepak/turtlebot3_ws/install/turtlebot3_teleop:/home/deepak/turtlebot3_ws/install/turtlebot3_example:/home/deepak/turtlebot3_ws/install/turtlebot3_autorace_mission:/home/deepak/turtlebot3_ws/install/turtlebot3_autorace_detect:/home/deepak/turtlebot3_ws/install/turtlebot3_autorace_camera:/opt/ros/humble LD_LIBRARY_PATH=/home/deepak/ws_moveit/install/moveit_ros_occupancy_map_monitor/lib:/home/deepak/ws_moveit/install/moveit_core/lib:/home/deepak/ws_moveit/install/srdfdom/lib:/home/deepak/turtlebot3_ws/install/turtlebot3_msgs/lib:/home/deepak/turtlebot3_ws/install/multirobot_map_merge/lib:/home/deepak/turtlebot3_ws/install/dynamixel_sdk_custom_interfaces/lib:/home/deepak/turtlebot3_ws/install/dynamixel_sdk/lib:/usr/lib/x86_64-linux-gnu/gazebo-11/plugins:/opt/ros/humble/opt/rviz_ogre_vendor/lib:/opt/ros/humble/lib/x86_64-linux-gnu:/opt/ros/humble/lib:/usr/lib/x86_64-linux-gnu/gazebo-11/plugins PATH=/home/deepak/ws_moveit/install/moveit_core/bin:${PATH} PYTHONPATH=/home/deepak/ws_moveit/install/moveit_configs_utils/lib/python3.10/site-packages:/home/deepak/ws_moveit/install/srdfdom/local/lib/python3.10/dist-packages:/home/deepak/ws_moveit/install/launch_param_builder/lib/python3.10/site-packages:${PYTHONPATH} /usr/bin/cmake --install /home/deepak/ws_moveit/build/moveit_ros_planning
