[0.010s] Invoking command in '/home/deepak/ws_moveit/build/moveit_core': AMENT_PREFIX_PATH=/home/deepak/ws_moveit/install/moveit_resources_panda_moveit_config:/home/deepak/ws_moveit/install/srdfdom:/home/deepak/ws_moveit/install/moveit_resources_pr2_description:/home/deepak/ws_moveit/install/moveit_resources_panda_description:/home/deepak/ws_moveit/install/moveit_common:${AMENT_PREFIX_PATH} CMAKE_PREFIX_PATH=/home/deepak/ws_moveit/install/moveit_resources_panda_moveit_config:/home/deepak/ws_moveit/install/srdfdom:/home/deepak/ws_moveit/install/moveit_resources_pr2_description:/home/deepak/ws_moveit/install/moveit_resources_panda_description:/home/deepak/ws_moveit/install/moveit_common:/home/deepak/turtlebot3_ws/install/turtlebot3:/home/deepak/turtlebot3_ws/install/turtlebot3_simulations:/home/deepak/turtlebot3_ws/install/turtlebot3_bringup:/home/deepak/turtlebot3_ws/install/turtlebot3_node:/home/deepak/turtlebot3_ws/install/turtlebot3_navigation2:/home/deepak/turtlebot3_ws/install/turtlebot3_fake_node:/home/deepak/turtlebot3_ws/install/turtlebot3_msgs:/home/deepak/turtlebot3_ws/install/turtlebot3_manipulation_gazebo:/home/deepak/turtlebot3_ws/install/turtlebot3_gazebo:/home/deepak/turtlebot3_ws/install/turtlebot3_description:/home/deepak/turtlebot3_ws/install/turtlebot3_cartographer:/home/deepak/turtlebot3_ws/install/turtlebot3_autorace:/home/deepak/turtlebot3_ws/install/multirobot_map_merge:/home/deepak/turtlebot3_ws/install/explore_lite:/home/deepak/turtlebot3_ws/install/dynamixel_sdk_examples:/home/deepak/turtlebot3_ws/install/dynamixel_sdk_custom_interfaces:/home/deepak/turtlebot3_ws/install/dynamixel_sdk:/home/deepak/turtlebot3_ws/install/turtlebot3_teleop:/home/deepak/turtlebot3_ws/install/turtlebot3_example:/home/deepak/turtlebot3_ws/install/turtlebot3_autorace_mission:/home/deepak/turtlebot3_ws/install/turtlebot3_autorace_detect:/home/deepak/turtlebot3_ws/install/turtlebot3_autorace_camera:/opt/ros/humble LD_LIBRARY_PATH=/home/deepak/ws_moveit/install/srdfdom/lib:/home/deepak/turtlebot3_ws/install/turtlebot3_msgs/lib:/home/deepak/turtlebot3_ws/install/multirobot_map_merge/lib:/home/deepak/turtlebot3_ws/install/dynamixel_sdk_custom_interfaces/lib:/home/deepak/turtlebot3_ws/install/dynamixel_sdk/lib:/usr/lib/x86_64-linux-gnu/gazebo-11/plugins:/opt/ros/humble/opt/rviz_ogre_vendor/lib:/opt/ros/humble/lib/x86_64-linux-gnu:/opt/ros/humble/lib:/usr/lib/x86_64-linux-gnu/gazebo-11/plugins PYTHONPATH=/home/deepak/ws_moveit/install/srdfdom/local/lib/python3.10/dist-packages:${PYTHONPATH} /usr/bin/cmake /home/deepak/ws_moveit/src/moveit2/moveit_core -DBUILD_TESTING=OFF -DCMAKE_INSTALL_PREFIX=/home/deepak/ws_moveit/install/moveit_core
[0.051s] -- The CXX compiler identification is GNU 11.4.0
[0.055s] -- Detecting CXX compiler ABI info
[0.108s] -- Detecting CXX compiler ABI info - done
[0.114s] -- Check for working CXX compiler: /usr/bin/c++ - skipped
[0.114s] -- Detecting CXX compile features
[0.114s] -- Detecting CXX compile features - done
[0.115s] -- Found moveit_common: 2.5.9 (/home/deepak/ws_moveit/install/moveit_common/share/moveit_common/cmake)
[0.117s] -- Found ament_cmake: 1.3.12 (/opt/ros/humble/share/ament_cmake/cmake)
[0.221s] -- Found Python3: /usr/bin/python3 (found version "3.10.12") found components: Interpreter 
[0.325s] [0mmoveit_core: You did not request a specific build type: Choosing 'Release' for maximum performance[0m
[0.327s] -- Found angles: 1.15.0 (/opt/ros/humble/share/angles/cmake)
[0.342s] -- Found Bullet: /usr/lib/x86_64-linux-gnu/libBulletDynamics.so (Required is at least version "2.87") 
[0.344s] -- Found common_interfaces: 4.9.0 (/opt/ros/humble/share/common_interfaces/cmake)
[0.345s] -- Found eigen_stl_containers: 1.1.0 (/opt/ros/humble/share/eigen_stl_containers/cmake)
[0.352s] -- Found eigen3_cmake_module: 0.1.1 (/opt/ros/humble/share/eigen3_cmake_module/cmake)
[0.354s] -- Found Eigen3: TRUE (found version "3.4.0") 
[0.358s] -- Found generate_parameter_library: 0.6.0 (/opt/ros/humble/share/generate_parameter_library/cmake)
[0.361s] -- Found parameter_traits: 0.6.0 (/opt/ros/humble/share/parameter_traits/cmake)
[0.393s] -- Found rosidl_generator_c: 3.1.8 (/opt/ros/humble/share/rosidl_generator_c/cmake)
[0.397s] -- Found rosidl_adapter: 3.1.8 (/opt/ros/humble/share/rosidl_adapter/cmake)
[0.403s] -- Found rosidl_generator_cpp: 3.1.8 (/opt/ros/humble/share/rosidl_generator_cpp/cmake)
[0.412s] -- Using all available rosidl_typesupport_c: rosidl_typesupport_fastrtps_c;rosidl_typesupport_introspection_c
[0.423s] -- Using all available rosidl_typesupport_cpp: rosidl_typesupport_fastrtps_cpp;rosidl_typesupport_introspection_cpp
[0.455s] -- Found rmw_implementation_cmake: 6.1.2 (/opt/ros/humble/share/rmw_implementation_cmake/cmake)
[0.458s] -- Found rmw_fastrtps_cpp: 6.2.9 (/opt/ros/humble/share/rmw_fastrtps_cpp/cmake)
[0.531s] -- Found OpenSSL: /usr/lib/x86_64-linux-gnu/libcrypto.so (found version "3.0.2")  
[0.550s] -- Found FastRTPS: /opt/ros/humble/include  
[0.583s] -- Using RMW implementation 'rmw_fastrtps_cpp' as default
[0.591s] -- Looking for C++ include pthread.h
[0.665s] -- Looking for C++ include pthread.h - found
[0.665s] -- Performing Test CMAKE_HAVE_LIBC_PTHREAD
[0.734s] -- Performing Test CMAKE_HAVE_LIBC_PTHREAD - Success
[0.735s] -- Found Threads: TRUE  
[0.775s] -- Found rclcpp_lifecycle: 16.0.17 (/opt/ros/humble/share/rclcpp_lifecycle/cmake)
[0.788s] -- Found geometric_shapes: 2.3.2 (/opt/ros/humble/share/geometric_shapes/cmake)
[0.796s] -- Found Boost: /usr/lib/x86_64-linux-gnu/cmake/Boost-1.74.0/BoostConfig.cmake (found version "1.74.0") found components: filesystem 
[0.870s] -- library: /usr/lib/x86_64-linux-gnu/libcurl.so
[0.903s] -- Found kdl_parser: 2.6.4 (/opt/ros/humble/share/kdl_parser/cmake)
[0.909s] -- Ensuring Eigen3 include directory is part of orocos-kdl CMake target
[0.913s] -- Found moveit_msgs: 2.2.1 (/opt/ros/humble/share/moveit_msgs/cmake)
[0.979s] -- Found pluginlib: 5.1.3 (/opt/ros/humble/share/pluginlib/cmake)
[0.993s] -- Found srdfdom: 2.0.8 (/home/deepak/ws_moveit/install/srdfdom/share/srdfdom/cmake)
[1.002s] -- Found tf2_eigen: 0.25.18 (/opt/ros/humble/share/tf2_eigen/cmake)
[1.047s] -- Found tf2_geometry_msgs: 0.25.18 (/opt/ros/humble/share/tf2_geometry_msgs/cmake)
[1.051s] -- Found tf2_kdl: 0.25.18 (/opt/ros/humble/share/tf2_kdl/cmake)
[1.076s] -- Found Boost: /usr/lib/x86_64-linux-gnu/cmake/Boost-1.74.0/BoostConfig.cmake (found version "1.74.0") found components: chrono date_time filesystem iostreams program_options regex serialization system thread 
[1.077s] --  *** Building MoveIt 2.5.9-Alpha ***
[1.080s] -- Performing Test COMPILER_HAS_HIDDEN_VISIBILITY
[1.149s] -- Performing Test COMPILER_HAS_HIDDEN_VISIBILITY - Success
[1.150s] -- Performing Test COMPILER_HAS_HIDDEN_INLINE_VISIBILITY
[1.219s] -- Performing Test COMPILER_HAS_HIDDEN_INLINE_VISIBILITY - Success
[1.220s] -- Performing Test COMPILER_HAS_DEPRECATED_ATTR
[1.291s] -- Performing Test COMPILER_HAS_DEPRECATED_ATTR - Success
[1.397s] -- Configuring done
[1.532s] -- Generating done
[1.575s] -- Build files have been written to: /home/deepak/ws_moveit/build/moveit_core
[1.590s] Invoked command in '/home/deepak/ws_moveit/build/moveit_core' returned '0': AMENT_PREFIX_PATH=/home/deepak/ws_moveit/install/moveit_resources_panda_moveit_config:/home/deepak/ws_moveit/install/srdfdom:/home/deepak/ws_moveit/install/moveit_resources_pr2_description:/home/deepak/ws_moveit/install/moveit_resources_panda_description:/home/deepak/ws_moveit/install/moveit_common:${AMENT_PREFIX_PATH} CMAKE_PREFIX_PATH=/home/deepak/ws_moveit/install/moveit_resources_panda_moveit_config:/home/deepak/ws_moveit/install/srdfdom:/home/deepak/ws_moveit/install/moveit_resources_pr2_description:/home/deepak/ws_moveit/install/moveit_resources_panda_description:/home/deepak/ws_moveit/install/moveit_common:/home/deepak/turtlebot3_ws/install/turtlebot3:/home/deepak/turtlebot3_ws/install/turtlebot3_simulations:/home/deepak/turtlebot3_ws/install/turtlebot3_bringup:/home/deepak/turtlebot3_ws/install/turtlebot3_node:/home/deepak/turtlebot3_ws/install/turtlebot3_navigation2:/home/deepak/turtlebot3_ws/install/turtlebot3_fake_node:/home/deepak/turtlebot3_ws/install/turtlebot3_msgs:/home/deepak/turtlebot3_ws/install/turtlebot3_manipulation_gazebo:/home/deepak/turtlebot3_ws/install/turtlebot3_gazebo:/home/deepak/turtlebot3_ws/install/turtlebot3_description:/home/deepak/turtlebot3_ws/install/turtlebot3_cartographer:/home/deepak/turtlebot3_ws/install/turtlebot3_autorace:/home/deepak/turtlebot3_ws/install/multirobot_map_merge:/home/deepak/turtlebot3_ws/install/explore_lite:/home/deepak/turtlebot3_ws/install/dynamixel_sdk_examples:/home/deepak/turtlebot3_ws/install/dynamixel_sdk_custom_interfaces:/home/deepak/turtlebot3_ws/install/dynamixel_sdk:/home/deepak/turtlebot3_ws/install/turtlebot3_teleop:/home/deepak/turtlebot3_ws/install/turtlebot3_example:/home/deepak/turtlebot3_ws/install/turtlebot3_autorace_mission:/home/deepak/turtlebot3_ws/install/turtlebot3_autorace_detect:/home/deepak/turtlebot3_ws/install/turtlebot3_autorace_camera:/opt/ros/humble LD_LIBRARY_PATH=/home/deepak/ws_moveit/install/srdfdom/lib:/home/deepak/turtlebot3_ws/install/turtlebot3_msgs/lib:/home/deepak/turtlebot3_ws/install/multirobot_map_merge/lib:/home/deepak/turtlebot3_ws/install/dynamixel_sdk_custom_interfaces/lib:/home/deepak/turtlebot3_ws/install/dynamixel_sdk/lib:/usr/lib/x86_64-linux-gnu/gazebo-11/plugins:/opt/ros/humble/opt/rviz_ogre_vendor/lib:/opt/ros/humble/lib/x86_64-linux-gnu:/opt/ros/humble/lib:/usr/lib/x86_64-linux-gnu/gazebo-11/plugins PYTHONPATH=/home/deepak/ws_moveit/install/srdfdom/local/lib/python3.10/dist-packages:${PYTHONPATH} /usr/bin/cmake /home/deepak/ws_moveit/src/moveit2/moveit_core -DBUILD_TESTING=OFF -DCMAKE_INSTALL_PREFIX=/home/deepak/ws_moveit/install/moveit_core
[1.591s] Invoking command in '/home/deepak/ws_moveit/build/moveit_core': AMENT_PREFIX_PATH=/home/deepak/ws_moveit/install/moveit_resources_panda_moveit_config:/home/deepak/ws_moveit/install/srdfdom:/home/deepak/ws_moveit/install/moveit_resources_pr2_description:/home/deepak/ws_moveit/install/moveit_resources_panda_description:/home/deepak/ws_moveit/install/moveit_common:${AMENT_PREFIX_PATH} CMAKE_PREFIX_PATH=/home/deepak/ws_moveit/install/moveit_resources_panda_moveit_config:/home/deepak/ws_moveit/install/srdfdom:/home/deepak/ws_moveit/install/moveit_resources_pr2_description:/home/deepak/ws_moveit/install/moveit_resources_panda_description:/home/deepak/ws_moveit/install/moveit_common:/home/deepak/turtlebot3_ws/install/turtlebot3:/home/deepak/turtlebot3_ws/install/turtlebot3_simulations:/home/deepak/turtlebot3_ws/install/turtlebot3_bringup:/home/deepak/turtlebot3_ws/install/turtlebot3_node:/home/deepak/turtlebot3_ws/install/turtlebot3_navigation2:/home/deepak/turtlebot3_ws/install/turtlebot3_fake_node:/home/deepak/turtlebot3_ws/install/turtlebot3_msgs:/home/deepak/turtlebot3_ws/install/turtlebot3_manipulation_gazebo:/home/deepak/turtlebot3_ws/install/turtlebot3_gazebo:/home/deepak/turtlebot3_ws/install/turtlebot3_description:/home/deepak/turtlebot3_ws/install/turtlebot3_cartographer:/home/deepak/turtlebot3_ws/install/turtlebot3_autorace:/home/deepak/turtlebot3_ws/install/multirobot_map_merge:/home/deepak/turtlebot3_ws/install/explore_lite:/home/deepak/turtlebot3_ws/install/dynamixel_sdk_examples:/home/deepak/turtlebot3_ws/install/dynamixel_sdk_custom_interfaces:/home/deepak/turtlebot3_ws/install/dynamixel_sdk:/home/deepak/turtlebot3_ws/install/turtlebot3_teleop:/home/deepak/turtlebot3_ws/install/turtlebot3_example:/home/deepak/turtlebot3_ws/install/turtlebot3_autorace_mission:/home/deepak/turtlebot3_ws/install/turtlebot3_autorace_detect:/home/deepak/turtlebot3_ws/install/turtlebot3_autorace_camera:/opt/ros/humble LD_LIBRARY_PATH=/home/deepak/ws_moveit/install/srdfdom/lib:/home/deepak/turtlebot3_ws/install/turtlebot3_msgs/lib:/home/deepak/turtlebot3_ws/install/multirobot_map_merge/lib:/home/deepak/turtlebot3_ws/install/dynamixel_sdk_custom_interfaces/lib:/home/deepak/turtlebot3_ws/install/dynamixel_sdk/lib:/usr/lib/x86_64-linux-gnu/gazebo-11/plugins:/opt/ros/humble/opt/rviz_ogre_vendor/lib:/opt/ros/humble/lib/x86_64-linux-gnu:/opt/ros/humble/lib:/usr/lib/x86_64-linux-gnu/gazebo-11/plugins PYTHONPATH=/home/deepak/ws_moveit/install/srdfdom/local/lib/python3.10/dist-packages:${PYTHONPATH} /usr/bin/cmake --build /home/deepak/ws_moveit/build/moveit_core
[1.633s] [  1%] [32mBuilding CXX object transforms/CMakeFiles/moveit_transforms.dir/src/transforms.cpp.o[0m
[1.636s] [  3%] [32mBuilding CXX object kinematics_base/CMakeFiles/moveit_kinematics_base.dir/src/kinematics_base.cpp.o[0m
[1.636s] [  3%] [32mBuilding CXX object exceptions/CMakeFiles/moveit_exceptions.dir/src/exceptions.cpp.o[0m
[2.000s] [  4%] [32m[1mLinking CXX shared library libmoveit_exceptions.so[0m
[2.079s] [  4%] Built target moveit_exceptions
[2.095s] [  5%] [32mBuilding CXX object distance_field/CMakeFiles/moveit_distance_field.dir/src/distance_field.cpp.o[0m
[4.618s] [  6%] [32m[1mLinking CXX shared library libmoveit_kinematics_base.so[0m
[4.723s] [  6%] Built target moveit_kinematics_base
[4.741s] [  7%] [32mBuilding CXX object utils/CMakeFiles/moveit_utils.dir/src/lexical_casts.cpp.o[0m
[4.988s] [  8%] [32mBuilding CXX object utils/CMakeFiles/moveit_utils.dir/src/message_checks.cpp.o[0m
[5.517s] [  9%] [32mBuilding CXX object utils/CMakeFiles/moveit_utils.dir/src/rclcpp_utils.cpp.o[0m
[5.653s] [ 10%] [32m[1mLinking CXX shared library libmoveit_utils.so[0m
[5.696s] [ 11%] [32m[1mLinking CXX shared library libmoveit_transforms.so[0m
[5.797s] [ 11%] Built target moveit_transforms
[5.816s] [ 12%] [32mBuilding CXX object online_signal_smoothing/CMakeFiles/moveit_smoothing_base.dir/src/smoothing_base_class.cpp.o[0m
[6.048s] [ 13%] [32mBuilding CXX object distance_field/CMakeFiles/moveit_distance_field.dir/src/find_internal_points.cpp.o[0m
[6.082s] [ 13%] Built target moveit_utils
[6.098s] [ 14%] [34m[1mRunning `/opt/ros/humble/bin/generate_parameter_library_cpp /home/deepak/ws_moveit/build/moveit_core/online_signal_smoothing/include/moveit_core/moveit_butterworth_parameters.hpp /home/deepak/ws_moveit/src/moveit2/moveit_core/online_signal_smoothing/src/butterworth_parameters.yaml `[0m
[6.250s] [ 15%] [34m[1mCreating deprecated header file /home/deepak/ws_moveit/build/moveit_core/online_signal_smoothing/include/moveit_butterworth_parameters.hpp[0m
[6.267s] [ 15%] Built target moveit_butterworth_parameters
[6.286s] [ 16%] [32mBuilding CXX object version/CMakeFiles/moveit_version.dir/version.cpp.o[0m
[6.319s] [ 17%] [32m[1mLinking CXX executable moveit_version[0m
[6.385s] [ 17%] Built target moveit_version
[6.394s] [ 18%] [32mBuilding CXX object distance_field/CMakeFiles/moveit_distance_field.dir/src/propagation_distance_field.cpp.o[0m
[6.863s] [ 19%] [32mBuilding CXX object robot_model/CMakeFiles/moveit_robot_model.dir/src/aabb.cpp.o[0m
[7.565s] [ 20%] [32m[1mLinking CXX shared library libmoveit_smoothing_base.so[0m
[7.645s] [ 20%] Built target moveit_smoothing_base
[7.653s] [ 21%] [32mBuilding CXX object robot_model/CMakeFiles/moveit_robot_model.dir/src/fixed_joint_model.cpp.o[0m
[7.984s] [ 22%] [32mBuilding CXX object robot_model/CMakeFiles/moveit_robot_model.dir/src/floating_joint_model.cpp.o[0m
[8.434s] [ 23%] [32mBuilding CXX object robot_model/CMakeFiles/moveit_robot_model.dir/src/joint_model.cpp.o[0m
[9.913s] [ 24%] [32mBuilding CXX object robot_model/CMakeFiles/moveit_robot_model.dir/src/joint_model_group.cpp.o[0m
[9.969s] [ 25%] [32mBuilding CXX object robot_model/CMakeFiles/moveit_robot_model.dir/src/link_model.cpp.o[0m
[10.832s] [ 26%] [32m[1mLinking CXX shared library libmoveit_distance_field.so[0m
[10.938s] [ 26%] Built target moveit_distance_field
[10.944s] [ 27%] [32mBuilding CXX object robot_model/CMakeFiles/moveit_robot_model.dir/src/planar_joint_model.cpp.o[0m
[11.882s] [ 28%] [32mBuilding CXX object robot_model/CMakeFiles/moveit_robot_model.dir/src/prismatic_joint_model.cpp.o[0m
[12.622s] [ 29%] [32mBuilding CXX object robot_model/CMakeFiles/moveit_robot_model.dir/src/revolute_joint_model.cpp.o[0m
[12.760s] [ 30%] [32mBuilding CXX object robot_model/CMakeFiles/moveit_robot_model.dir/src/robot_model.cpp.o[0m
[17.321s] [ 31%] [32m[1mLinking CXX shared library libmoveit_robot_model.so[0m
[17.423s] [ 31%] Built target moveit_robot_model
[17.439s] [ 33%] [32mBuilding CXX object online_signal_smoothing/CMakeFiles/moveit_butterworth_filter.dir/src/butterworth_filter.cpp.o[0m
[17.439s] [ 33%] [32mBuilding CXX object robot_state/CMakeFiles/moveit_robot_state.dir/src/attached_body.cpp.o[0m
[17.439s] [ 34%] [32mBuilding CXX object utils/CMakeFiles/moveit_test_utils.dir/src/robot_model_test_utils.cpp.o[0m
[19.152s] [ 35%] [32mBuilding CXX object robot_state/CMakeFiles/moveit_robot_state.dir/src/conversions.cpp.o[0m
[20.667s] [ 36%] [32m[1mLinking CXX shared library libmoveit_butterworth_filter.so[0m
[20.762s] [ 36%] Built target moveit_butterworth_filter
[20.769s] [ 37%] [32mBuilding CXX object robot_state/CMakeFiles/moveit_robot_state.dir/src/robot_state.cpp.o[0m
[22.015s] [ 38%] [32m[1mLinking CXX shared library libmoveit_test_utils.so[0m
[22.123s] [ 38%] Built target moveit_test_utils
[22.131s] [ 39%] [32mBuilding CXX object robot_state/CMakeFiles/moveit_robot_state.dir/src/cartesian_interpolator.cpp.o[0m
[31.911s] [ 40%] [32m[1mLinking CXX shared library libmoveit_robot_state.so[0m
[32.014s] [ 40%] Built target moveit_robot_state
[32.032s] [ 43%] [32mBuilding CXX object collision_detection/CMakeFiles/moveit_collision_detection.dir/src/allvalid/collision_env_allvalid.cpp.o[0m
[32.032s] [ 43%] [32mBuilding CXX object dynamics_solver/CMakeFiles/moveit_dynamics_solver.dir/src/dynamics_solver.cpp.o[0m
[32.032s] [ 43%] [32mBuilding CXX object robot_trajectory/CMakeFiles/moveit_robot_trajectory.dir/src/robot_trajectory.cpp.o[0m
[34.697s] [ 44%] [32mBuilding CXX object collision_detection/CMakeFiles/moveit_collision_detection.dir/src/collision_common.cpp.o[0m
[35.156s] [ 45%] [32m[1mLinking CXX shared library libmoveit_dynamics_solver.so[0m
[35.258s] [ 45%] Built target moveit_dynamics_solver
[35.271s] [ 46%] [32mBuilding CXX object kinematics_metrics/CMakeFiles/moveit_kinematics_metrics.dir/src/kinematics_metrics.cpp.o[0m
[36.625s] [ 47%] [32m[1mLinking CXX shared library libmoveit_robot_trajectory.so[0m
[36.728s] [ 47%] Built target moveit_robot_trajectory
[36.745s] [ 48%] [32mBuilding CXX object trajectory_processing/CMakeFiles/moveit_trajectory_processing.dir/src/iterative_time_parameterization.cpp.o[0m
[36.964s] [ 50%] [32mBuilding CXX object collision_detection/CMakeFiles/moveit_collision_detection.dir/src/collision_matrix.cpp.o[0m
[39.926s] [ 51%] [32mBuilding CXX object collision_detection/CMakeFiles/moveit_collision_detection.dir/src/collision_octomap_filter.cpp.o[0m
[40.217s] [ 52%] [32mBuilding CXX object trajectory_processing/CMakeFiles/moveit_trajectory_processing.dir/src/iterative_spline_parameterization.cpp.o[0m
[42.921s] [ 53%] [32mBuilding CXX object collision_detection/CMakeFiles/moveit_collision_detection.dir/src/collision_tools.cpp.o[0m
[43.920s] [ 54%] [32mBuilding CXX object trajectory_processing/CMakeFiles/moveit_trajectory_processing.dir/src/ruckig_traj_smoothing.cpp.o[0m
[44.893s] [ 55%] [32m[1mLinking CXX shared library libmoveit_kinematics_metrics.so[0m
[44.995s] [ 55%] Built target moveit_kinematics_metrics
[45.012s] [ 56%] [32mBuilding CXX object planning_interface/CMakeFiles/moveit_planning_interface.dir/src/planning_interface.cpp.o[0m
[46.617s] [ 57%] [32mBuilding CXX object collision_detection/CMakeFiles/moveit_collision_detection.dir/src/world.cpp.o[0m
[48.569s] [ 58%] [32mBuilding CXX object trajectory_processing/CMakeFiles/moveit_trajectory_processing.dir/src/trajectory_tools.cpp.o[0m
[48.712s] [ 59%] [32mBuilding CXX object collision_detection/CMakeFiles/moveit_collision_detection.dir/src/world_diff.cpp.o[0m
[48.899s] [ 60%] [32mBuilding CXX object trajectory_processing/CMakeFiles/moveit_trajectory_processing.dir/src/time_optimal_trajectory_generation.cpp.o[0m
[49.544s] [ 61%] [32mBuilding CXX object planning_interface/CMakeFiles/moveit_planning_interface.dir/src/planning_response.cpp.o[0m
[49.781s] [ 62%] [32mBuilding CXX object collision_detection/CMakeFiles/moveit_collision_detection.dir/src/collision_env.cpp.o[0m
[52.788s] [ 63%] [32mBuilding CXX object collision_detection/CMakeFiles/moveit_collision_detection.dir/src/collision_plugin_cache.cpp.o[0m
[52.868s] [ 64%] [32m[1mLinking CXX shared library libmoveit_planning_interface.so[0m
[52.967s] [ 64%] Built target moveit_planning_interface
[53.263s] [ 65%] [32m[1mLinking CXX shared library libmoveit_trajectory_processing.so[0m
[53.362s] [ 65%] Built target moveit_trajectory_processing
[58.953s] [ 66%] [32m[1mLinking CXX shared library libmoveit_collision_detection.so[0m
[59.059s] [ 66%] Built target moveit_collision_detection
[59.071s] [ 67%] [32mBuilding CXX object collision_detection_fcl/CMakeFiles/moveit_collision_detection_fcl.dir/src/collision_common.cpp.o[0m
[59.073s] [ 68%] [32mBuilding CXX object collision_detection_fcl/CMakeFiles/moveit_collision_detection_fcl.dir/src/collision_env_fcl.cpp.o[0m
[59.074s] [ 69%] [32mBuilding CXX object collision_detection_bullet/CMakeFiles/moveit_collision_detection_bullet.dir/src/bullet_integration/bullet_utils.cpp.o[0m
[62.998s] [ 70%] [32mBuilding CXX object collision_detection_bullet/CMakeFiles/moveit_collision_detection_bullet.dir/src/bullet_integration/bullet_discrete_bvh_manager.cpp.o[0m
[63.040s] [ 71%] [32mBuilding CXX object collision_detection_bullet/CMakeFiles/moveit_collision_detection_bullet.dir/src/bullet_integration/bullet_cast_bvh_manager.cpp.o[0m
[63.611s] [ 72%] [32m[1mLinking CXX shared library libmoveit_collision_detection_fcl.so[0m
[63.736s] [ 72%] Built target moveit_collision_detection_fcl
[63.752s] [ 73%] [32mBuilding CXX object kinematic_constraints/CMakeFiles/moveit_kinematic_constraints.dir/src/kinematic_constraint.cpp.o[0m
[65.723s] [ 74%] [32mBuilding CXX object collision_detection_bullet/CMakeFiles/moveit_collision_detection_bullet.dir/src/collision_env_bullet.cpp.o[0m
[65.892s] [ 75%] [32mBuilding CXX object collision_detection_bullet/CMakeFiles/moveit_collision_detection_bullet.dir/src/bullet_integration/bullet_bvh_manager.cpp.o[0m
[68.630s] [ 76%] [32mBuilding CXX object collision_detection_bullet/CMakeFiles/moveit_collision_detection_bullet.dir/src/bullet_integration/contact_checker_common.cpp.o[0m
[69.497s] [ 77%] [32mBuilding CXX object collision_detection_bullet/CMakeFiles/moveit_collision_detection_bullet.dir/src/bullet_integration/ros_bullet_utils.cpp.o[0m
[70.902s] [ 78%] [32mBuilding CXX object kinematic_constraints/CMakeFiles/moveit_kinematic_constraints.dir/src/utils.cpp.o[0m
[72.119s] [ 79%] [32m[1mLinking CXX shared library libmoveit_collision_detection_bullet.so[0m
[72.242s] [ 79%] Built target moveit_collision_detection_bullet
[76.142s] [ 80%] [32m[1mLinking CXX shared library libmoveit_kinematic_constraints.so[0m
[76.253s] [ 80%] Built target moveit_kinematic_constraints
[76.267s] [ 81%] [32mBuilding CXX object planning_scene/CMakeFiles/moveit_planning_scene.dir/src/planning_scene.cpp.o[0m
[85.283s] [ 82%] [32m[1mLinking CXX shared library libmoveit_planning_scene.so[0m
[85.398s] [ 82%] Built target moveit_planning_scene
[85.414s] [ 83%] [32mBuilding CXX object planning_request_adapter/CMakeFiles/moveit_planning_request_adapter.dir/src/planning_request_adapter.cpp.o[0m
[85.414s] [ 84%] [32mBuilding CXX object collision_distance_field/CMakeFiles/moveit_collision_distance_field.dir/src/collision_distance_field_types.cpp.o[0m
[85.415s] [ 85%] [32mBuilding CXX object constraint_samplers/CMakeFiles/moveit_constraint_samplers.dir/src/constraint_sampler.cpp.o[0m
[88.828s] [ 86%] [32mBuilding CXX object collision_distance_field/CMakeFiles/moveit_collision_distance_field.dir/src/collision_common_distance_field.cpp.o[0m
[88.866s] [ 87%] [32mBuilding CXX object constraint_samplers/CMakeFiles/moveit_constraint_samplers.dir/src/constraint_sampler_manager.cpp.o[0m
[89.076s] [ 88%] [32m[1mLinking CXX shared library libmoveit_planning_request_adapter.so[0m
[89.176s] [ 88%] Built target moveit_planning_request_adapter
[89.193s] [ 89%] [32mBuilding CXX object collision_detection_bullet/CMakeFiles/collision_detector_bullet_plugin.dir/src/collision_detector_bullet_plugin_loader.cpp.o[0m
[93.069s] [ 90%] [32m[1mLinking CXX shared library libcollision_detector_bullet_plugin.so[0m
[93.170s] [ 90%] Built target collision_detector_bullet_plugin
[93.171s] [ 91%] [32mBuilding CXX object constraint_samplers/CMakeFiles/moveit_constraint_samplers.dir/src/constraint_sampler_tools.cpp.o[0m
[93.186s] [ 92%] [32mBuilding CXX object collision_detection_fcl/CMakeFiles/collision_detector_fcl_plugin.dir/src/collision_detector_fcl_plugin_loader.cpp.o[0m
[93.307s] [ 93%] [32mBuilding CXX object collision_distance_field/CMakeFiles/moveit_collision_distance_field.dir/src/collision_env_distance_field.cpp.o[0m
[96.823s] [ 94%] [32mBuilding CXX object constraint_samplers/CMakeFiles/moveit_constraint_samplers.dir/src/default_constraint_samplers.cpp.o[0m
[97.558s] [ 95%] [32m[1mLinking CXX shared library libcollision_detector_fcl_plugin.so[0m
[97.655s] [ 95%] Built target collision_detector_fcl_plugin
[97.661s] [ 96%] [32mBuilding CXX object constraint_samplers/CMakeFiles/moveit_constraint_samplers.dir/src/union_constraint_sampler.cpp.o[0m
[100.857s] [ 97%] [32mBuilding CXX object collision_distance_field/CMakeFiles/moveit_collision_distance_field.dir/src/collision_env_hybrid.cpp.o[0m
[102.129s] [ 98%] [32m[1mLinking CXX shared library libmoveit_constraint_samplers.so[0m
[102.233s] [ 98%] Built target moveit_constraint_samplers
[105.223s] [100%] [32m[1mLinking CXX shared library libmoveit_collision_distance_field.so[0m
[105.339s] [100%] Built target moveit_collision_distance_field
[105.346s] Invoked command in '/home/deepak/ws_moveit/build/moveit_core' returned '0': AMENT_PREFIX_PATH=/home/deepak/ws_moveit/install/moveit_resources_panda_moveit_config:/home/deepak/ws_moveit/install/srdfdom:/home/deepak/ws_moveit/install/moveit_resources_pr2_description:/home/deepak/ws_moveit/install/moveit_resources_panda_description:/home/deepak/ws_moveit/install/moveit_common:${AMENT_PREFIX_PATH} CMAKE_PREFIX_PATH=/home/deepak/ws_moveit/install/moveit_resources_panda_moveit_config:/home/deepak/ws_moveit/install/srdfdom:/home/deepak/ws_moveit/install/moveit_resources_pr2_description:/home/deepak/ws_moveit/install/moveit_resources_panda_description:/home/deepak/ws_moveit/install/moveit_common:/home/deepak/turtlebot3_ws/install/turtlebot3:/home/deepak/turtlebot3_ws/install/turtlebot3_simulations:/home/deepak/turtlebot3_ws/install/turtlebot3_bringup:/home/deepak/turtlebot3_ws/install/turtlebot3_node:/home/deepak/turtlebot3_ws/install/turtlebot3_navigation2:/home/deepak/turtlebot3_ws/install/turtlebot3_fake_node:/home/deepak/turtlebot3_ws/install/turtlebot3_msgs:/home/deepak/turtlebot3_ws/install/turtlebot3_manipulation_gazebo:/home/deepak/turtlebot3_ws/install/turtlebot3_gazebo:/home/deepak/turtlebot3_ws/install/turtlebot3_description:/home/deepak/turtlebot3_ws/install/turtlebot3_cartographer:/home/deepak/turtlebot3_ws/install/turtlebot3_autorace:/home/deepak/turtlebot3_ws/install/multirobot_map_merge:/home/deepak/turtlebot3_ws/install/explore_lite:/home/deepak/turtlebot3_ws/install/dynamixel_sdk_examples:/home/deepak/turtlebot3_ws/install/dynamixel_sdk_custom_interfaces:/home/deepak/turtlebot3_ws/install/dynamixel_sdk:/home/deepak/turtlebot3_ws/install/turtlebot3_teleop:/home/deepak/turtlebot3_ws/install/turtlebot3_example:/home/deepak/turtlebot3_ws/install/turtlebot3_autorace_mission:/home/deepak/turtlebot3_ws/install/turtlebot3_autorace_detect:/home/deepak/turtlebot3_ws/install/turtlebot3_autorace_camera:/opt/ros/humble LD_LIBRARY_PATH=/home/deepak/ws_moveit/install/srdfdom/lib:/home/deepak/turtlebot3_ws/install/turtlebot3_msgs/lib:/home/deepak/turtlebot3_ws/install/multirobot_map_merge/lib:/home/deepak/turtlebot3_ws/install/dynamixel_sdk_custom_interfaces/lib:/home/deepak/turtlebot3_ws/install/dynamixel_sdk/lib:/usr/lib/x86_64-linux-gnu/gazebo-11/plugins:/opt/ros/humble/opt/rviz_ogre_vendor/lib:/opt/ros/humble/lib/x86_64-linux-gnu:/opt/ros/humble/lib:/usr/lib/x86_64-linux-gnu/gazebo-11/plugins PYTHONPATH=/home/deepak/ws_moveit/install/srdfdom/local/lib/python3.10/dist-packages:${PYTHONPATH} /usr/bin/cmake --build /home/deepak/ws_moveit/build/moveit_core
[105.348s] Invoking command in '/home/deepak/ws_moveit/build/moveit_core': AMENT_PREFIX_PATH=/home/deepak/ws_moveit/install/moveit_resources_panda_moveit_config:/home/deepak/ws_moveit/install/srdfdom:/home/deepak/ws_moveit/install/moveit_resources_pr2_description:/home/deepak/ws_moveit/install/moveit_resources_panda_description:/home/deepak/ws_moveit/install/moveit_common:${AMENT_PREFIX_PATH} CMAKE_PREFIX_PATH=/home/deepak/ws_moveit/install/moveit_resources_panda_moveit_config:/home/deepak/ws_moveit/install/srdfdom:/home/deepak/ws_moveit/install/moveit_resources_pr2_description:/home/deepak/ws_moveit/install/moveit_resources_panda_description:/home/deepak/ws_moveit/install/moveit_common:/home/deepak/turtlebot3_ws/install/turtlebot3:/home/deepak/turtlebot3_ws/install/turtlebot3_simulations:/home/deepak/turtlebot3_ws/install/turtlebot3_bringup:/home/deepak/turtlebot3_ws/install/turtlebot3_node:/home/deepak/turtlebot3_ws/install/turtlebot3_navigation2:/home/deepak/turtlebot3_ws/install/turtlebot3_fake_node:/home/deepak/turtlebot3_ws/install/turtlebot3_msgs:/home/deepak/turtlebot3_ws/install/turtlebot3_manipulation_gazebo:/home/deepak/turtlebot3_ws/install/turtlebot3_gazebo:/home/deepak/turtlebot3_ws/install/turtlebot3_description:/home/deepak/turtlebot3_ws/install/turtlebot3_cartographer:/home/deepak/turtlebot3_ws/install/turtlebot3_autorace:/home/deepak/turtlebot3_ws/install/multirobot_map_merge:/home/deepak/turtlebot3_ws/install/explore_lite:/home/deepak/turtlebot3_ws/install/dynamixel_sdk_examples:/home/deepak/turtlebot3_ws/install/dynamixel_sdk_custom_interfaces:/home/deepak/turtlebot3_ws/install/dynamixel_sdk:/home/deepak/turtlebot3_ws/install/turtlebot3_teleop:/home/deepak/turtlebot3_ws/install/turtlebot3_example:/home/deepak/turtlebot3_ws/install/turtlebot3_autorace_mission:/home/deepak/turtlebot3_ws/install/turtlebot3_autorace_detect:/home/deepak/turtlebot3_ws/install/turtlebot3_autorace_camera:/opt/ros/humble LD_LIBRARY_PATH=/home/deepak/ws_moveit/install/srdfdom/lib:/home/deepak/turtlebot3_ws/install/turtlebot3_msgs/lib:/home/deepak/turtlebot3_ws/install/multirobot_map_merge/lib:/home/deepak/turtlebot3_ws/install/dynamixel_sdk_custom_interfaces/lib:/home/deepak/turtlebot3_ws/install/dynamixel_sdk/lib:/usr/lib/x86_64-linux-gnu/gazebo-11/plugins:/opt/ros/humble/opt/rviz_ogre_vendor/lib:/opt/ros/humble/lib/x86_64-linux-gnu:/opt/ros/humble/lib:/usr/lib/x86_64-linux-gnu/gazebo-11/plugins PYTHONPATH=/home/deepak/ws_moveit/install/srdfdom/local/lib/python3.10/dist-packages:${PYTHONPATH} /usr/bin/cmake --install /home/deepak/ws_moveit/build/moveit_core
[105.355s] -- Install configuration: "Release"
[105.355s] -- Installing: /home/deepak/ws_moveit/install/moveit_core/include/moveit/version.h
[105.355s] -- Up-to-date: /home/deepak/ws_moveit/install/moveit_core/include
[105.355s] -- Up-to-date: /home/deepak/ws_moveit/install/moveit_core/include/moveit
[105.355s] -- Installing: /home/deepak/ws_moveit/install/moveit_core/include/moveit/collision_distance_field
[105.355s] -- Installing: /home/deepak/ws_moveit/install/moveit_core/include/moveit/collision_distance_field/collision_common_distance_field.h
[105.355s] -- Installing: /home/deepak/ws_moveit/install/moveit_core/include/moveit/collision_distance_field/collision_detector_allocator_hybrid.h
[105.355s] -- Installing: /home/deepak/ws_moveit/install/moveit_core/include/moveit/collision_distance_field/collision_detector_allocator_distance_field.h
[105.355s] -- Installing: /home/deepak/ws_moveit/install/moveit_core/include/moveit/collision_distance_field/collision_env_distance_field.h
[105.355s] -- Installing: /home/deepak/ws_moveit/install/moveit_core/include/moveit/collision_distance_field/collision_env_hybrid.h
[105.355s] -- Installing: /home/deepak/ws_moveit/install/moveit_core/include/moveit/collision_distance_field/collision_distance_field_types.h
[105.356s] -- Installing: /home/deepak/ws_moveit/install/moveit_core/include/moveit_collision_distance_field_export.h
[105.356s] -- Up-to-date: /home/deepak/ws_moveit/install/moveit_core/include
[105.356s] -- Up-to-date: /home/deepak/ws_moveit/install/moveit_core/include/moveit
[105.356s] -- Installing: /home/deepak/ws_moveit/install/moveit_core/include/moveit/constraint_samplers
[105.356s] -- Installing: /home/deepak/ws_moveit/install/moveit_core/include/moveit/constraint_samplers/default_constraint_samplers.h
[105.356s] -- Installing: /home/deepak/ws_moveit/install/moveit_core/include/moveit/constraint_samplers/constraint_sampler.h
[105.356s] -- Installing: /home/deepak/ws_moveit/install/moveit_core/include/moveit/constraint_samplers/constraint_sampler_tools.h
[105.356s] -- Installing: /home/deepak/ws_moveit/install/moveit_core/include/moveit/constraint_samplers/union_constraint_sampler.h
[105.356s] -- Installing: /home/deepak/ws_moveit/install/moveit_core/include/moveit/constraint_samplers/constraint_sampler_allocator.h
[105.356s] -- Installing: /home/deepak/ws_moveit/install/moveit_core/include/moveit/constraint_samplers/constraint_sampler_manager.h
[105.356s] -- Up-to-date: /home/deepak/ws_moveit/install/moveit_core/include
[105.356s] -- Up-to-date: /home/deepak/ws_moveit/install/moveit_core/include/moveit
[105.356s] -- Installing: /home/deepak/ws_moveit/install/moveit_core/include/moveit/controller_manager
[105.356s] -- Installing: /home/deepak/ws_moveit/install/moveit_core/include/moveit/controller_manager/controller_manager.h
[105.358s] -- Up-to-date: /home/deepak/ws_moveit/install/moveit_core/include
[105.358s] -- Up-to-date: /home/deepak/ws_moveit/install/moveit_core/include/moveit
[105.358s] -- Installing: /home/deepak/ws_moveit/install/moveit_core/include/moveit/distance_field
[105.358s] -- Installing: /home/deepak/ws_moveit/install/moveit_core/include/moveit/distance_field/propagation_distance_field.h
[105.358s] -- Installing: /home/deepak/ws_moveit/install/moveit_core/include/moveit/distance_field/voxel_grid.h
[105.358s] -- Installing: /home/deepak/ws_moveit/install/moveit_core/include/moveit/distance_field/find_internal_points.h
[105.358s] -- Installing: /home/deepak/ws_moveit/install/moveit_core/include/moveit/distance_field/distance_field.h
[105.358s] -- Up-to-date: /home/deepak/ws_moveit/install/moveit_core/include
[105.358s] -- Up-to-date: /home/deepak/ws_moveit/install/moveit_core/include/moveit
[105.358s] -- Installing: /home/deepak/ws_moveit/install/moveit_core/include/moveit/dynamics_solver
[105.358s] -- Installing: /home/deepak/ws_moveit/install/moveit_core/include/moveit/dynamics_solver/dynamics_solver.h
[105.358s] -- Up-to-date: /home/deepak/ws_moveit/install/moveit_core/include
[105.359s] -- Up-to-date: /home/deepak/ws_moveit/install/moveit_core/include/moveit
[105.359s] -- Installing: /home/deepak/ws_moveit/install/moveit_core/include/moveit/exceptions
[105.359s] -- Installing: /home/deepak/ws_moveit/install/moveit_core/include/moveit/exceptions/exceptions.h
[105.359s] -- Up-to-date: /home/deepak/ws_moveit/install/moveit_core/include
[105.359s] -- Up-to-date: /home/deepak/ws_moveit/install/moveit_core/include/moveit
[105.359s] -- Installing: /home/deepak/ws_moveit/install/moveit_core/include/moveit/kinematics_base
[105.359s] -- Installing: /home/deepak/ws_moveit/install/moveit_core/include/moveit/kinematics_base/kinematics_base.h
[105.359s] -- Installing: /home/deepak/ws_moveit/install/moveit_core/include/moveit_kinematics_base_export.h
[105.359s] -- Up-to-date: /home/deepak/ws_moveit/install/moveit_core/include
[105.359s] -- Up-to-date: /home/deepak/ws_moveit/install/moveit_core/include/moveit
[105.359s] -- Installing: /home/deepak/ws_moveit/install/moveit_core/include/moveit/kinematic_constraints
[105.359s] -- Installing: /home/deepak/ws_moveit/install/moveit_core/include/moveit/kinematic_constraints/utils.h
[105.359s] -- Installing: /home/deepak/ws_moveit/install/moveit_core/include/moveit/kinematic_constraints/kinematic_constraint.h
[105.359s] -- Up-to-date: /home/deepak/ws_moveit/install/moveit_core/include
[105.359s] -- Up-to-date: /home/deepak/ws_moveit/install/moveit_core/include/moveit
[105.359s] -- Installing: /home/deepak/ws_moveit/install/moveit_core/include/moveit/kinematics_metrics
[105.359s] -- Installing: /home/deepak/ws_moveit/install/moveit_core/include/moveit/kinematics_metrics/kinematics_metrics.h
[105.359s] -- Up-to-date: /home/deepak/ws_moveit/install/moveit_core/include
[105.360s] -- Up-to-date: /home/deepak/ws_moveit/install/moveit_core/include/moveit
[105.360s] -- Installing: /home/deepak/ws_moveit/install/moveit_core/include/moveit/macros
[105.360s] -- Installing: /home/deepak/ws_moveit/install/moveit_core/include/moveit/macros/console_colors.h
[105.360s] -- Installing: /home/deepak/ws_moveit/install/moveit_core/include/moveit/macros/class_forward.h
[105.360s] -- Installing: /home/deepak/ws_moveit/install/moveit_core/include/moveit/macros/declare_ptr.h
[105.360s] -- Installing: /home/deepak/ws_moveit/install/moveit_core/include/moveit/macros/deprecation.h
[105.360s] -- Installing: /home/deepak/ws_moveit/install/moveit_core/include/moveit_core
[105.360s] -- Installing: /home/deepak/ws_moveit/install/moveit_core/include/moveit_core/moveit_butterworth_parameters.hpp
[105.360s] -- Up-to-date: /home/deepak/ws_moveit/install/moveit_core/include
[105.360s] -- Up-to-date: /home/deepak/ws_moveit/install/moveit_core/include/moveit
[105.360s] -- Installing: /home/deepak/ws_moveit/install/moveit_core/include/moveit/online_signal_smoothing
[105.360s] -- Installing: /home/deepak/ws_moveit/install/moveit_core/include/moveit/online_signal_smoothing/butterworth_filter.h
[105.361s] -- Installing: /home/deepak/ws_moveit/install/moveit_core/include/moveit/online_signal_smoothing/smoothing_base_class.h
[105.361s] -- Installing: /home/deepak/ws_moveit/install/moveit_core/include/moveit_smoothing_base_export.h
[105.361s] -- Installing: /home/deepak/ws_moveit/install/moveit_core/include/moveit_butterworth_filter_export.h
[105.361s] -- Up-to-date: /home/deepak/ws_moveit/install/moveit_core/include
[105.361s] -- Up-to-date: /home/deepak/ws_moveit/install/moveit_core/include/moveit
[105.361s] -- Installing: /home/deepak/ws_moveit/install/moveit_core/include/moveit/planning_interface
[105.361s] -- Installing: /home/deepak/ws_moveit/install/moveit_core/include/moveit/planning_interface/planning_request.h
[105.361s] -- Installing: /home/deepak/ws_moveit/install/moveit_core/include/moveit/planning_interface/planning_response.h
[105.361s] -- Installing: /home/deepak/ws_moveit/install/moveit_core/include/moveit/planning_interface/planning_interface.h
[105.361s] -- Up-to-date: /home/deepak/ws_moveit/install/moveit_core/include
[105.361s] -- Up-to-date: /home/deepak/ws_moveit/install/moveit_core/include/moveit
[105.361s] -- Installing: /home/deepak/ws_moveit/install/moveit_core/include/moveit/planning_request_adapter
[105.361s] -- Installing: /home/deepak/ws_moveit/install/moveit_core/include/moveit/planning_request_adapter/planning_request_adapter.h
[105.361s] -- Up-to-date: /home/deepak/ws_moveit/install/moveit_core/include
[105.361s] -- Up-to-date: /home/deepak/ws_moveit/install/moveit_core/include/moveit
[105.361s] -- Installing: /home/deepak/ws_moveit/install/moveit_core/include/moveit/planning_scene
[105.361s] -- Installing: /home/deepak/ws_moveit/install/moveit_core/include/moveit/planning_scene/planning_scene.h
[105.361s] -- Installing: /home/deepak/ws_moveit/install/moveit_core/include/moveit_planning_scene_export.h
[105.361s] -- Up-to-date: /home/deepak/ws_moveit/install/moveit_core/include
[105.361s] -- Up-to-date: /home/deepak/ws_moveit/install/moveit_core/include/moveit
[105.361s] -- Installing: /home/deepak/ws_moveit/install/moveit_core/include/moveit/robot_model
[105.361s] -- Installing: /home/deepak/ws_moveit/install/moveit_core/include/moveit/robot_model/aabb.h
[105.361s] -- Installing: /home/deepak/ws_moveit/install/moveit_core/include/moveit/robot_model/prismatic_joint_model.h
[105.361s] -- Installing: /home/deepak/ws_moveit/install/moveit_core/include/moveit/robot_model/joint_model.h
[105.361s] -- Installing: /home/deepak/ws_moveit/install/moveit_core/include/moveit/robot_model/revolute_joint_model.h
[105.361s] -- Installing: /home/deepak/ws_moveit/install/moveit_core/include/moveit/robot_model/robot_model.h
[105.361s] -- Installing: /home/deepak/ws_moveit/install/moveit_core/include/moveit/robot_model/link_model.h
[105.361s] -- Installing: /home/deepak/ws_moveit/install/moveit_core/include/moveit/robot_model/joint_model_group.h
[105.361s] -- Installing: /home/deepak/ws_moveit/install/moveit_core/include/moveit/robot_model/planar_joint_model.h
[105.361s] -- Installing: /home/deepak/ws_moveit/install/moveit_core/include/moveit/robot_model/floating_joint_model.h
[105.361s] -- Installing: /home/deepak/ws_moveit/install/moveit_core/include/moveit/robot_model/fixed_joint_model.h
[105.361s] -- Up-to-date: /home/deepak/ws_moveit/install/moveit_core/include
[105.361s] -- Up-to-date: /home/deepak/ws_moveit/install/moveit_core/include/moveit
[105.361s] -- Installing: /home/deepak/ws_moveit/install/moveit_core/include/moveit/robot_state
[105.362s] -- Installing: /home/deepak/ws_moveit/install/moveit_core/include/moveit/robot_state/attached_body.h
[105.362s] -- Installing: /home/deepak/ws_moveit/install/moveit_core/include/moveit/robot_state/cartesian_interpolator.h
[105.362s] -- Installing: /home/deepak/ws_moveit/install/moveit_core/include/moveit/robot_state/robot_state.h
[105.362s] -- Installing: /home/deepak/ws_moveit/install/moveit_core/include/moveit/robot_state/conversions.h
[105.362s] -- Up-to-date: /home/deepak/ws_moveit/install/moveit_core/include
[105.362s] -- Up-to-date: /home/deepak/ws_moveit/install/moveit_core/include/moveit
[105.362s] -- Installing: /home/deepak/ws_moveit/install/moveit_core/include/moveit/robot_trajectory
[105.362s] -- Installing: /home/deepak/ws_moveit/install/moveit_core/include/moveit/robot_trajectory/robot_trajectory.h
[105.362s] -- Up-to-date: /home/deepak/ws_moveit/install/moveit_core/include
[105.362s] -- Up-to-date: /home/deepak/ws_moveit/install/moveit_core/include/moveit
[105.362s] -- Installing: /home/deepak/ws_moveit/install/moveit_core/include/moveit/sensor_manager
[105.362s] -- Installing: /home/deepak/ws_moveit/install/moveit_core/include/moveit/sensor_manager/sensor_manager.h
[105.362s] -- Up-to-date: /home/deepak/ws_moveit/install/moveit_core/include
[105.362s] -- Up-to-date: /home/deepak/ws_moveit/install/moveit_core/include/moveit
[105.362s] -- Installing: /home/deepak/ws_moveit/install/moveit_core/include/moveit/trajectory_processing
[105.362s] -- Installing: /home/deepak/ws_moveit/install/moveit_core/include/moveit/trajectory_processing/trajectory_tools.h
[105.362s] -- Installing: /home/deepak/ws_moveit/install/moveit_core/include/moveit/trajectory_processing/time_optimal_trajectory_generation.h
[105.362s] -- Installing: /home/deepak/ws_moveit/install/moveit_core/include/moveit/trajectory_processing/time_parameterization.h
[105.362s] -- Installing: /home/deepak/ws_moveit/install/moveit_core/include/moveit/trajectory_processing/iterative_spline_parameterization.h
[105.362s] -- Installing: /home/deepak/ws_moveit/install/moveit_core/include/moveit/trajectory_processing/ruckig_traj_smoothing.h
[105.362s] -- Installing: /home/deepak/ws_moveit/install/moveit_core/include/moveit/trajectory_processing/iterative_time_parameterization.h
[105.362s] -- Up-to-date: /home/deepak/ws_moveit/install/moveit_core/include
[105.362s] -- Up-to-date: /home/deepak/ws_moveit/install/moveit_core/include/moveit
[105.362s] -- Installing: /home/deepak/ws_moveit/install/moveit_core/include/moveit/transforms
[105.362s] -- Installing: /home/deepak/ws_moveit/install/moveit_core/include/moveit/transforms/transforms.h
[105.362s] -- Up-to-date: /home/deepak/ws_moveit/install/moveit_core/include
[105.363s] -- Up-to-date: /home/deepak/ws_moveit/install/moveit_core/include/moveit
[105.363s] -- Installing: /home/deepak/ws_moveit/install/moveit_core/include/moveit/utils
[105.363s] -- Installing: /home/deepak/ws_moveit/install/moveit_core/include/moveit/utils/moveit_error_code.h
[105.363s] -- Installing: /home/deepak/ws_moveit/install/moveit_core/include/moveit/utils/robot_model_test_utils.h
[105.363s] -- Installing: /home/deepak/ws_moveit/install/moveit_core/include/moveit/utils/message_checks.h
[105.363s] -- Installing: /home/deepak/ws_moveit/install/moveit_core/include/moveit/utils/rclcpp_utils.h
[105.363s] -- Installing: /home/deepak/ws_moveit/install/moveit_core/include/moveit/utils/lexical_casts.h
[105.363s] -- Installing: /home/deepak/ws_moveit/install/moveit_core/bin/moveit_version
[105.363s] -- Up-to-date: /home/deepak/ws_moveit/install/moveit_core/include
[105.363s] -- Up-to-date: /home/deepak/ws_moveit/install/moveit_core/include/moveit
[105.363s] -- Installing: /home/deepak/ws_moveit/install/moveit_core/include/moveit/collision_detection
[105.363s] -- Installing: /home/deepak/ws_moveit/install/moveit_core/include/moveit/collision_detection/occupancy_map.h
[105.363s] -- Installing: /home/deepak/ws_moveit/install/moveit_core/include/moveit/collision_detection/allvalid
[105.363s] -- Installing: /home/deepak/ws_moveit/install/moveit_core/include/moveit/collision_detection/allvalid/collision_env_allvalid.h
[105.363s] -- Installing: /home/deepak/ws_moveit/install/moveit_core/include/moveit/collision_detection/allvalid/collision_detector_allocator_allvalid.h
[105.363s] -- Installing: /home/deepak/ws_moveit/install/moveit_core/include/moveit/collision_detection/test_collision_common_pr2.h
[105.364s] -- Installing: /home/deepak/ws_moveit/install/moveit_core/include/moveit/collision_detection/collision_env.h
[105.364s] -- Installing: /home/deepak/ws_moveit/install/moveit_core/include/moveit/collision_detection/collision_tools.h
[105.364s] -- Installing: /home/deepak/ws_moveit/install/moveit_core/include/moveit/collision_detection/collision_plugin.h
[105.364s] -- Installing: /home/deepak/ws_moveit/install/moveit_core/include/moveit/collision_detection/world.h
[105.364s] -- Installing: /home/deepak/ws_moveit/install/moveit_core/include/moveit/collision_detection/collision_octomap_filter.h
[105.364s] -- Installing: /home/deepak/ws_moveit/install/moveit_core/include/moveit/collision_detection/collision_common.h
[105.364s] -- Installing: /home/deepak/ws_moveit/install/moveit_core/include/moveit/collision_detection/test_collision_common_panda.h
[105.364s] -- Installing: /home/deepak/ws_moveit/install/moveit_core/include/moveit/collision_detection/world_diff.h
[105.364s] -- Installing: /home/deepak/ws_moveit/install/moveit_core/include/moveit/collision_detection/collision_plugin_cache.h
[105.364s] -- Installing: /home/deepak/ws_moveit/install/moveit_core/include/moveit/collision_detection/collision_detector_allocator.h
[105.364s] -- Installing: /home/deepak/ws_moveit/install/moveit_core/include/moveit/collision_detection/collision_matrix.h
[105.364s] -- Installing: /home/deepak/ws_moveit/install/moveit_core/include/moveit_collision_detection_export.h
[105.364s] -- Up-to-date: /home/deepak/ws_moveit/install/moveit_core/include
[105.364s] -- Up-to-date: /home/deepak/ws_moveit/install/moveit_core/include/moveit
[105.364s] -- Installing: /home/deepak/ws_moveit/install/moveit_core/include/moveit/collision_detection_bullet
[105.364s] -- Installing: /home/deepak/ws_moveit/install/moveit_core/include/moveit/collision_detection_bullet/collision_detector_bullet_plugin_loader.h
[105.364s] -- Installing: /home/deepak/ws_moveit/install/moveit_core/include/moveit/collision_detection_bullet/bullet_integration
[105.364s] -- Installing: /home/deepak/ws_moveit/install/moveit_core/include/moveit/collision_detection_bullet/bullet_integration/contact_checker_common.h
[105.364s] -- Installing: /home/deepak/ws_moveit/install/moveit_core/include/moveit/collision_detection_bullet/bullet_integration/basic_types.h
[105.364s] -- Installing: /home/deepak/ws_moveit/install/moveit_core/include/moveit/collision_detection_bullet/bullet_integration/bullet_cast_bvh_manager.h
[105.365s] -- Installing: /home/deepak/ws_moveit/install/moveit_core/include/moveit/collision_detection_bullet/bullet_integration/bullet_utils.h
[105.365s] -- Installing: /home/deepak/ws_moveit/install/moveit_core/include/moveit/collision_detection_bullet/bullet_integration/bullet_bvh_manager.h
[105.365s] -- Installing: /home/deepak/ws_moveit/install/moveit_core/include/moveit/collision_detection_bullet/bullet_integration/ros_bullet_utils.h
[105.365s] -- Installing: /home/deepak/ws_moveit/install/moveit_core/include/moveit/collision_detection_bullet/bullet_integration/bullet_discrete_bvh_manager.h
[105.365s] -- Installing: /home/deepak/ws_moveit/install/moveit_core/include/moveit/collision_detection_bullet/collision_env_bullet.h
[105.365s] -- Installing: /home/deepak/ws_moveit/install/moveit_core/include/moveit/collision_detection_bullet/collision_detector_allocator_bullet.h
[105.365s] -- Installing: /home/deepak/ws_moveit/install/moveit_core/include/moveit_collision_detection_bullet_export.h
[105.365s] -- Up-to-date: /home/deepak/ws_moveit/install/moveit_core/include
[105.365s] -- Up-to-date: /home/deepak/ws_moveit/install/moveit_core/include/moveit
[105.365s] -- Installing: /home/deepak/ws_moveit/install/moveit_core/include/moveit/collision_detection_fcl
[105.365s] -- Installing: /home/deepak/ws_moveit/install/moveit_core/include/moveit/collision_detection_fcl/collision_detector_allocator_fcl.h
[105.365s] -- Installing: /home/deepak/ws_moveit/install/moveit_core/include/moveit/collision_detection_fcl/collision_detector_fcl_plugin_loader.h
[105.365s] -- Installing: /home/deepak/ws_moveit/install/moveit_core/include/moveit/collision_detection_fcl/fcl_compat.h
[105.365s] -- Installing: /home/deepak/ws_moveit/install/moveit_core/include/moveit/collision_detection_fcl/collision_env_fcl.h
[105.365s] -- Installing: /home/deepak/ws_moveit/install/moveit_core/include/moveit/collision_detection_fcl/collision_common.h
[105.365s] -- Installing: /home/deepak/ws_moveit/install/moveit_core/include/moveit_collision_detection_fcl_export.h
[105.365s] -- Installing: /home/deepak/ws_moveit/install/moveit_core/lib/libcollision_detector_bullet_plugin.so.2.5.9
[105.365s] -- Set runtime path of "/home/deepak/ws_moveit/install/moveit_core/lib/libcollision_detector_bullet_plugin.so.2.5.9" to ""
[105.365s] -- Installing: /home/deepak/ws_moveit/install/moveit_core/lib/libcollision_detector_bullet_plugin.so
[105.365s] -- Installing: /home/deepak/ws_moveit/install/moveit_core/lib/libmoveit_butterworth_filter.so.2.5.9
[105.365s] -- Set runtime path of "/home/deepak/ws_moveit/install/moveit_core/lib/libmoveit_butterworth_filter.so.2.5.9" to ""
[105.365s] -- Installing: /home/deepak/ws_moveit/install/moveit_core/lib/libmoveit_butterworth_filter.so
[105.365s] -- Installing: /home/deepak/ws_moveit/install/moveit_core/lib/libmoveit_collision_distance_field.so.2.5.9
[105.366s] -- Set runtime path of "/home/deepak/ws_moveit/install/moveit_core/lib/libmoveit_collision_distance_field.so.2.5.9" to ""
[105.366s] -- Installing: /home/deepak/ws_moveit/install/moveit_core/lib/libmoveit_collision_distance_field.so
[105.366s] -- Installing: /home/deepak/ws_moveit/install/moveit_core/lib/libmoveit_collision_detection.so.2.5.9
[105.366s] -- Set runtime path of "/home/deepak/ws_moveit/install/moveit_core/lib/libmoveit_collision_detection.so.2.5.9" to ""
[105.366s] -- Installing: /home/deepak/ws_moveit/install/moveit_core/lib/libmoveit_collision_detection.so
[105.366s] -- Installing: /home/deepak/ws_moveit/install/moveit_core/lib/libmoveit_collision_detection_fcl.so.2.5.9
[105.367s] -- Set runtime path of "/home/deepak/ws_moveit/install/moveit_core/lib/libmoveit_collision_detection_fcl.so.2.5.9" to ""
[105.367s] -- Installing: /home/deepak/ws_moveit/install/moveit_core/lib/libmoveit_collision_detection_fcl.so
[105.367s] -- Installing: /home/deepak/ws_moveit/install/moveit_core/lib/libmoveit_collision_detection_bullet.so.2.5.9
[105.367s] -- Set runtime path of "/home/deepak/ws_moveit/install/moveit_core/lib/libmoveit_collision_detection_bullet.so.2.5.9" to ""
[105.367s] -- Installing: /home/deepak/ws_moveit/install/moveit_core/lib/libmoveit_collision_detection_bullet.so
[105.367s] -- Installing: /home/deepak/ws_moveit/install/moveit_core/lib/libmoveit_dynamics_solver.so.2.5.9
[105.367s] -- Set runtime path of "/home/deepak/ws_moveit/install/moveit_core/lib/libmoveit_dynamics_solver.so.2.5.9" to ""
[105.367s] -- Installing: /home/deepak/ws_moveit/install/moveit_core/lib/libmoveit_dynamics_solver.so
[105.367s] -- Installing: /home/deepak/ws_moveit/install/moveit_core/lib/libmoveit_constraint_samplers.so.2.5.9
[105.367s] -- Set runtime path of "/home/deepak/ws_moveit/install/moveit_core/lib/libmoveit_constraint_samplers.so.2.5.9" to ""
[105.367s] -- Installing: /home/deepak/ws_moveit/install/moveit_core/lib/libmoveit_constraint_samplers.so
[105.367s] -- Installing: /home/deepak/ws_moveit/install/moveit_core/lib/libmoveit_distance_field.so.2.5.9
[105.368s] -- Set runtime path of "/home/deepak/ws_moveit/install/moveit_core/lib/libmoveit_distance_field.so.2.5.9" to ""
[105.368s] -- Installing: /home/deepak/ws_moveit/install/moveit_core/lib/libmoveit_distance_field.so
[105.368s] -- Installing: /home/deepak/ws_moveit/install/moveit_core/lib/libmoveit_exceptions.so.2.5.9
[105.368s] -- Set runtime path of "/home/deepak/ws_moveit/install/moveit_core/lib/libmoveit_exceptions.so.2.5.9" to ""
[105.368s] -- Installing: /home/deepak/ws_moveit/install/moveit_core/lib/libmoveit_exceptions.so
[105.368s] -- Installing: /home/deepak/ws_moveit/install/moveit_core/lib/libmoveit_kinematics_base.so
[105.368s] -- Set runtime path of "/home/deepak/ws_moveit/install/moveit_core/lib/libmoveit_kinematics_base.so" to ""
[105.368s] -- Installing: /home/deepak/ws_moveit/install/moveit_core/lib/libmoveit_kinematic_constraints.so.2.5.9
[105.368s] -- Set runtime path of "/home/deepak/ws_moveit/install/moveit_core/lib/libmoveit_kinematic_constraints.so.2.5.9" to ""
[105.368s] -- Installing: /home/deepak/ws_moveit/install/moveit_core/lib/libmoveit_kinematic_constraints.so
[105.368s] -- Installing: /home/deepak/ws_moveit/install/moveit_core/lib/libmoveit_kinematics_metrics.so.2.5.9
[105.368s] -- Set runtime path of "/home/deepak/ws_moveit/install/moveit_core/lib/libmoveit_kinematics_metrics.so.2.5.9" to ""
[105.368s] -- Installing: /home/deepak/ws_moveit/install/moveit_core/lib/libmoveit_kinematics_metrics.so
[105.368s] -- Installing: /home/deepak/ws_moveit/install/moveit_core/lib/libmoveit_planning_interface.so.2.5.9
[105.369s] -- Set runtime path of "/home/deepak/ws_moveit/install/moveit_core/lib/libmoveit_planning_interface.so.2.5.9" to ""
[105.369s] -- Installing: /home/deepak/ws_moveit/install/moveit_core/lib/libmoveit_planning_interface.so
[105.369s] -- Installing: /home/deepak/ws_moveit/install/moveit_core/lib/libmoveit_planning_scene.so.2.5.9
[105.369s] -- Set runtime path of "/home/deepak/ws_moveit/install/moveit_core/lib/libmoveit_planning_scene.so.2.5.9" to ""
[105.369s] -- Installing: /home/deepak/ws_moveit/install/moveit_core/lib/libmoveit_planning_scene.so
[105.369s] -- Installing: /home/deepak/ws_moveit/install/moveit_core/lib/libmoveit_planning_request_adapter.so.2.5.9
[105.369s] -- Set runtime path of "/home/deepak/ws_moveit/install/moveit_core/lib/libmoveit_planning_request_adapter.so.2.5.9" to ""
[105.369s] -- Installing: /home/deepak/ws_moveit/install/moveit_core/lib/libmoveit_planning_request_adapter.so
[105.369s] -- Installing: /home/deepak/ws_moveit/install/moveit_core/lib/libmoveit_robot_model.so.2.5.9
[105.370s] -- Set runtime path of "/home/deepak/ws_moveit/install/moveit_core/lib/libmoveit_robot_model.so.2.5.9" to ""
[105.370s] -- Installing: /home/deepak/ws_moveit/install/moveit_core/lib/libmoveit_robot_model.so
[105.370s] -- Installing: /home/deepak/ws_moveit/install/moveit_core/lib/libmoveit_robot_state.so.2.5.9
[105.370s] -- Set runtime path of "/home/deepak/ws_moveit/install/moveit_core/lib/libmoveit_robot_state.so.2.5.9" to ""
[105.370s] -- Installing: /home/deepak/ws_moveit/install/moveit_core/lib/libmoveit_robot_state.so
[105.370s] -- Installing: /home/deepak/ws_moveit/install/moveit_core/lib/libmoveit_robot_trajectory.so.2.5.9
[105.370s] -- Set runtime path of "/home/deepak/ws_moveit/install/moveit_core/lib/libmoveit_robot_trajectory.so.2.5.9" to ""
[105.370s] -- Installing: /home/deepak/ws_moveit/install/moveit_core/lib/libmoveit_robot_trajectory.so
[105.370s] -- Installing: /home/deepak/ws_moveit/install/moveit_core/lib/libmoveit_smoothing_base.so.2.5.9
[105.370s] -- Set runtime path of "/home/deepak/ws_moveit/install/moveit_core/lib/libmoveit_smoothing_base.so.2.5.9" to ""
[105.370s] -- Installing: /home/deepak/ws_moveit/install/moveit_core/lib/libmoveit_smoothing_base.so
[105.370s] -- Installing: /home/deepak/ws_moveit/install/moveit_core/lib/libmoveit_test_utils.so.2.5.9
[105.371s] -- Set runtime path of "/home/deepak/ws_moveit/install/moveit_core/lib/libmoveit_test_utils.so.2.5.9" to ""
[105.371s] -- Installing: /home/deepak/ws_moveit/install/moveit_core/lib/libmoveit_test_utils.so
[105.371s] -- Installing: /home/deepak/ws_moveit/install/moveit_core/lib/libmoveit_trajectory_processing.so.2.5.9
[105.371s] -- Set runtime path of "/home/deepak/ws_moveit/install/moveit_core/lib/libmoveit_trajectory_processing.so.2.5.9" to ""
[105.371s] -- Installing: /home/deepak/ws_moveit/install/moveit_core/lib/libmoveit_trajectory_processing.so
[105.371s] -- Installing: /home/deepak/ws_moveit/install/moveit_core/lib/libmoveit_transforms.so.2.5.9
[105.371s] -- Set runtime path of "/home/deepak/ws_moveit/install/moveit_core/lib/libmoveit_transforms.so.2.5.9" to ""
[105.371s] -- Installing: /home/deepak/ws_moveit/install/moveit_core/lib/libmoveit_transforms.so
[105.371s] -- Installing: /home/deepak/ws_moveit/install/moveit_core/lib/libmoveit_utils.so.2.5.9
[105.371s] -- Set runtime path of "/home/deepak/ws_moveit/install/moveit_core/lib/libmoveit_utils.so.2.5.9" to ""
[105.371s] -- Installing: /home/deepak/ws_moveit/install/moveit_core/lib/libmoveit_utils.so
[105.371s] -- Installing: /home/deepak/ws_moveit/install/moveit_core/share/moveit_core/environment/library_path.sh
[105.371s] -- Installing: /home/deepak/ws_moveit/install/moveit_core/share/moveit_core/environment/library_path.dsv
[105.371s] -- Installing: /home/deepak/ws_moveit/install/moveit_core/share/moveit_core/collision_detector_fcl_description.xml
[105.373s] -- Installing: /home/deepak/ws_moveit/install/moveit_core/share/moveit_core/collision_detector_bullet_description.xml
[105.373s] -- Installing: /home/deepak/ws_moveit/install/moveit_core/share/moveit_core/filter_plugin_butterworth.xml
[105.373s] -- Installing: /home/deepak/ws_moveit/install/moveit_core/share/ament_index/resource_index/package_run_dependencies/moveit_core
[105.373s] -- Installing: /home/deepak/ws_moveit/install/moveit_core/share/ament_index/resource_index/parent_prefix_path/moveit_core
[105.373s] -- Installing: /home/deepak/ws_moveit/install/moveit_core/share/moveit_core/environment/ament_prefix_path.sh
[105.373s] -- Installing: /home/deepak/ws_moveit/install/moveit_core/share/moveit_core/environment/ament_prefix_path.dsv
[105.373s] -- Installing: /home/deepak/ws_moveit/install/moveit_core/share/moveit_core/environment/path.sh
[105.373s] -- Installing: /home/deepak/ws_moveit/install/moveit_core/share/moveit_core/environment/path.dsv
[105.373s] -- Installing: /home/deepak/ws_moveit/install/moveit_core/share/moveit_core/local_setup.bash
[105.373s] -- Installing: /home/deepak/ws_moveit/install/moveit_core/share/moveit_core/local_setup.sh
[105.373s] -- Installing: /home/deepak/ws_moveit/install/moveit_core/share/moveit_core/local_setup.zsh
[105.373s] -- Installing: /home/deepak/ws_moveit/install/moveit_core/share/moveit_core/local_setup.dsv
[105.373s] -- Installing: /home/deepak/ws_moveit/install/moveit_core/share/moveit_core/package.dsv
[105.373s] -- Installing: /home/deepak/ws_moveit/install/moveit_core/share/ament_index/resource_index/packages/moveit_core
[105.373s] -- Installing: /home/deepak/ws_moveit/install/moveit_core/share/ament_index/resource_index/moveit_core__pluginlib__plugin/moveit_core
[105.374s] -- Installing: /home/deepak/ws_moveit/install/moveit_core/share/moveit_core/cmake/export_moveit_coreExport.cmake
[105.374s] -- Installing: /home/deepak/ws_moveit/install/moveit_core/share/moveit_core/cmake/export_moveit_coreExport-release.cmake
[105.374s] -- Installing: /home/deepak/ws_moveit/install/moveit_core/share/moveit_core/cmake/ConfigExtras.cmake
[105.374s] -- Installing: /home/deepak/ws_moveit/install/moveit_core/share/moveit_core/cmake/ament_cmake_export_targets-extras.cmake
[105.374s] -- Installing: /home/deepak/ws_moveit/install/moveit_core/share/moveit_core/cmake/ament_cmake_export_dependencies-extras.cmake
[105.374s] -- Installing: /home/deepak/ws_moveit/install/moveit_core/share/moveit_core/cmake/moveit_coreConfig.cmake
[105.374s] -- Installing: /home/deepak/ws_moveit/install/moveit_core/share/moveit_core/cmake/moveit_coreConfig-version.cmake
[105.374s] -- Installing: /home/deepak/ws_moveit/install/moveit_core/share/moveit_core/package.xml
[105.375s] Invoked command in '/home/deepak/ws_moveit/build/moveit_core' returned '0': AMENT_PREFIX_PATH=/home/deepak/ws_moveit/install/moveit_resources_panda_moveit_config:/home/deepak/ws_moveit/install/srdfdom:/home/deepak/ws_moveit/install/moveit_resources_pr2_description:/home/deepak/ws_moveit/install/moveit_resources_panda_description:/home/deepak/ws_moveit/install/moveit_common:${AMENT_PREFIX_PATH} CMAKE_PREFIX_PATH=/home/deepak/ws_moveit/install/moveit_resources_panda_moveit_config:/home/deepak/ws_moveit/install/srdfdom:/home/deepak/ws_moveit/install/moveit_resources_pr2_description:/home/deepak/ws_moveit/install/moveit_resources_panda_description:/home/deepak/ws_moveit/install/moveit_common:/home/deepak/turtlebot3_ws/install/turtlebot3:/home/deepak/turtlebot3_ws/install/turtlebot3_simulations:/home/deepak/turtlebot3_ws/install/turtlebot3_bringup:/home/deepak/turtlebot3_ws/install/turtlebot3_node:/home/deepak/turtlebot3_ws/install/turtlebot3_navigation2:/home/deepak/turtlebot3_ws/install/turtlebot3_fake_node:/home/deepak/turtlebot3_ws/install/turtlebot3_msgs:/home/deepak/turtlebot3_ws/install/turtlebot3_manipulation_gazebo:/home/deepak/turtlebot3_ws/install/turtlebot3_gazebo:/home/deepak/turtlebot3_ws/install/turtlebot3_description:/home/deepak/turtlebot3_ws/install/turtlebot3_cartographer:/home/deepak/turtlebot3_ws/install/turtlebot3_autorace:/home/deepak/turtlebot3_ws/install/multirobot_map_merge:/home/deepak/turtlebot3_ws/install/explore_lite:/home/deepak/turtlebot3_ws/install/dynamixel_sdk_examples:/home/deepak/turtlebot3_ws/install/dynamixel_sdk_custom_interfaces:/home/deepak/turtlebot3_ws/install/dynamixel_sdk:/home/deepak/turtlebot3_ws/install/turtlebot3_teleop:/home/deepak/turtlebot3_ws/install/turtlebot3_example:/home/deepak/turtlebot3_ws/install/turtlebot3_autorace_mission:/home/deepak/turtlebot3_ws/install/turtlebot3_autorace_detect:/home/deepak/turtlebot3_ws/install/turtlebot3_autorace_camera:/opt/ros/humble LD_LIBRARY_PATH=/home/deepak/ws_moveit/install/srdfdom/lib:/home/deepak/turtlebot3_ws/install/turtlebot3_msgs/lib:/home/deepak/turtlebot3_ws/install/multirobot_map_merge/lib:/home/deepak/turtlebot3_ws/install/dynamixel_sdk_custom_interfaces/lib:/home/deepak/turtlebot3_ws/install/dynamixel_sdk/lib:/usr/lib/x86_64-linux-gnu/gazebo-11/plugins:/opt/ros/humble/opt/rviz_ogre_vendor/lib:/opt/ros/humble/lib/x86_64-linux-gnu:/opt/ros/humble/lib:/usr/lib/x86_64-linux-gnu/gazebo-11/plugins PYTHONPATH=/home/deepak/ws_moveit/install/srdfdom/local/lib/python3.10/dist-packages:${PYTHONPATH} /usr/bin/cmake --install /home/deepak/ws_moveit/build/moveit_core
