[0.018s] Invoking command in '/home/deepak/ws_moveit/build/moveit_ros_perception': AMENT_PREFIX_PATH=/home/deepak/ws_moveit/install/moveit_ros_planning:/home/deepak/ws_moveit/install/moveit_ros_occupancy_map_monitor:/home/deepak/ws_moveit/install/moveit_core:/home/deepak/ws_moveit/install/moveit_resources_panda_moveit_config:/home/deepak/ws_moveit/install/moveit_configs_utils:/home/deepak/ws_moveit/install/srdfdom:/home/deepak/ws_moveit/install/moveit_resources_pr2_description:/home/deepak/ws_moveit/install/moveit_resources_panda_description:/home/deepak/ws_moveit/install/moveit_common:/home/deepak/ws_moveit/install/launch_param_builder:${AMENT_PREFIX_PATH} CMAKE_PREFIX_PATH=/home/deepak/ws_moveit/install/moveit_ros_planning:/home/deepak/ws_moveit/install/moveit_ros_occupancy_map_monitor:/home/deepak/ws_moveit/install/moveit_core:/home/deepak/ws_moveit/install/moveit_resources_panda_moveit_config:/home/deepak/ws_moveit/install/srdfdom:/home/deepak/ws_moveit/install/moveit_resources_pr2_description:/home/deepak/ws_moveit/install/moveit_resources_panda_description:/home/deepak/ws_moveit/install/moveit_common:/home/deepak/turtlebot3_ws/install/turtlebot3:/home/deepak/turtlebot3_ws/install/turtlebot3_simulations:/home/deepak/turtlebot3_ws/install/turtlebot3_bringup:/home/deepak/turtlebot3_ws/install/turtlebot3_node:/home/deepak/turtlebot3_ws/install/turtlebot3_navigation2:/home/deepak/turtlebot3_ws/install/turtlebot3_fake_node:/home/deepak/turtlebot3_ws/install/turtlebot3_msgs:/home/deepak/turtlebot3_ws/install/turtlebot3_manipulation_gazebo:/home/deepak/turtlebot3_ws/install/turtlebot3_gazebo:/home/deepak/turtlebot3_ws/install/turtlebot3_description:/home/deepak/turtlebot3_ws/install/turtlebot3_cartographer:/home/deepak/turtlebot3_ws/install/turtlebot3_autorace:/home/deepak/turtlebot3_ws/install/multirobot_map_merge:/home/deepak/turtlebot3_ws/install/explore_lite:/home/deepak/turtlebot3_ws/install/dynamixel_sdk_examples:/home/deepak/turtlebot3_ws/install/dynamixel_sdk_custom_interfaces:/home/deepak/turtlebot3_ws/install/dynamixel_sdk:/home/deepak/turtlebot3_ws/install/turtlebot3_teleop:/home/deepak/turtlebot3_ws/install/turtlebot3_example:/home/deepak/turtlebot3_ws/install/turtlebot3_autorace_mission:/home/deepak/turtlebot3_ws/install/turtlebot3_autorace_detect:/home/deepak/turtlebot3_ws/install/turtlebot3_autorace_camera:/opt/ros/humble LD_LIBRARY_PATH=/home/deepak/ws_moveit/install/moveit_ros_planning/lib:/home/deepak/ws_moveit/install/moveit_ros_occupancy_map_monitor/lib:/home/deepak/ws_moveit/install/moveit_core/lib:/home/deepak/ws_moveit/install/srdfdom/lib:/home/deepak/turtlebot3_ws/install/turtlebot3_msgs/lib:/home/deepak/turtlebot3_ws/install/multirobot_map_merge/lib:/home/deepak/turtlebot3_ws/install/dynamixel_sdk_custom_interfaces/lib:/home/deepak/turtlebot3_ws/install/dynamixel_sdk/lib:/usr/lib/x86_64-linux-gnu/gazebo-11/plugins:/opt/ros/humble/opt/rviz_ogre_vendor/lib:/opt/ros/humble/lib/x86_64-linux-gnu:/opt/ros/humble/lib:/usr/lib/x86_64-linux-gnu/gazebo-11/plugins PATH=/home/deepak/ws_moveit/install/moveit_core/bin:${PATH} PYTHONPATH=/home/deepak/ws_moveit/install/moveit_configs_utils/lib/python3.10/site-packages:/home/deepak/ws_moveit/install/srdfdom/local/lib/python3.10/dist-packages:/home/deepak/ws_moveit/install/launch_param_builder/lib/python3.10/site-packages:${PYTHONPATH} /usr/bin/cmake /home/deepak/ws_moveit/src/moveit2/moveit_ros/perception -DBUILD_TESTING=OFF -DCMAKE_INSTALL_PREFIX=/home/deepak/ws_moveit/install/moveit_ros_perception
[0.062s] -- The C compiler identification is GNU 11.4.0
[0.109s] -- The CXX compiler identification is GNU 11.4.0
[0.115s] -- Detecting C compiler ABI info
[0.178s] -- Detecting C compiler ABI info - done
[0.184s] -- Check for working C compiler: /usr/bin/cc - skipped
[0.185s] -- Detecting C compile features
[0.185s] -- Detecting C compile features - done
[0.186s] -- Detecting CXX compiler ABI info
[0.256s] -- Detecting CXX compiler ABI info - done
[0.263s] -- Check for working CXX compiler: /usr/bin/c++ - skipped
[0.263s] -- Detecting CXX compile features
[0.264s] -- Detecting CXX compile features - done
[0.265s] -- Found moveit_common: 2.5.9 (/home/deepak/ws_moveit/install/moveit_common/share/moveit_common/cmake)
[0.269s] -- Found ament_cmake: 1.3.12 (/opt/ros/humble/share/ament_cmake/cmake)
[0.402s] -- Found Python3: /usr/bin/python3 (found version "3.10.12") found components: Interpreter 
[0.516s] [0mmoveit_ros_perception: You did not request a specific build type: Choosing 'Release' for maximum performance[0m
[0.530s] -- Found OpenGL: /usr/lib/x86_64-linux-gnu/libOpenGL.so   
[0.565s] -- Found GLEW: /usr/include (found version "2.2.0") 
[0.569s] -- Found PkgConfig: /usr/bin/pkg-config (found version "0.29.2") 
[0.570s] -- Checking for module 'glut'
[0.572s] --   No package 'glut' found
[0.576s] -- Found GLUT: /usr/lib/x86_64-linux-gnu/libglut.so  
[0.581s] -- Found cv_bridge: 3.2.1 (/opt/ros/humble/share/cv_bridge/cmake)
[0.617s] -- Found rosidl_generator_c: 3.1.8 (/opt/ros/humble/share/rosidl_generator_c/cmake)
[0.622s] -- Found rosidl_adapter: 3.1.8 (/opt/ros/humble/share/rosidl_adapter/cmake)
[0.629s] -- Found rosidl_generator_cpp: 3.1.8 (/opt/ros/humble/share/rosidl_generator_cpp/cmake)
[0.638s] -- Using all available rosidl_typesupport_c: rosidl_typesupport_fastrtps_c;rosidl_typesupport_introspection_c
[0.651s] -- Using all available rosidl_typesupport_cpp: rosidl_typesupport_fastrtps_cpp;rosidl_typesupport_introspection_cpp
[0.693s] -- Found moveit_core: 2.5.9 (/home/deepak/ws_moveit/install/moveit_core/share/moveit_core/cmake)
[0.870s] -- Found Boost: /usr/lib/x86_64-linux-gnu/cmake/Boost-1.74.0/BoostConfig.cmake (found version "1.74.0") found components: chrono date_time filesystem iostreams program_options regex serialization system thread 
[0.915s] -- Found parameter_traits: 0.6.0 (/opt/ros/humble/share/parameter_traits/cmake)
[0.949s] -- Found rmw_implementation_cmake: 6.1.2 (/opt/ros/humble/share/rmw_implementation_cmake/cmake)
[0.953s] -- Found rmw_fastrtps_cpp: 6.2.9 (/opt/ros/humble/share/rmw_fastrtps_cpp/cmake)
[1.027s] -- Found OpenSSL: /usr/lib/x86_64-linux-gnu/libcrypto.so (found version "3.0.2")  
[1.053s] -- Found FastRTPS: /opt/ros/humble/include  
[1.093s] -- Using RMW implementation 'rmw_fastrtps_cpp' as default
[1.104s] -- Found Threads: TRUE  
[1.138s] -- Found rclcpp_lifecycle: 16.0.17 (/opt/ros/humble/share/rclcpp_lifecycle/cmake)
[1.155s] -- Found Boost: /usr/lib/x86_64-linux-gnu/cmake/Boost-1.74.0/BoostConfig.cmake (found version "1.74.0") found components: filesystem 
[1.228s] -- library: /usr/lib/x86_64-linux-gnu/libcurl.so
[1.261s] -- Found Eigen3: TRUE (found version "3.4.0") 
[1.261s] -- Ensuring Eigen3 include directory is part of orocos-kdl CMake target
[1.432s] -- Found image_transport: 3.1.12 (/opt/ros/humble/share/image_transport/cmake)
[1.438s] -- Found moveit_ros_occupancy_map_monitor: 2.5.9 (/home/deepak/ws_moveit/install/moveit_ros_occupancy_map_monitor/share/moveit_ros_occupancy_map_monitor/cmake)
[1.690s] -- Found OpenMP_C: -fopenmp (found version "4.5") 
[1.775s] -- Found OpenMP_CXX: -fopenmp (found version "4.5") 
[1.775s] -- Found OpenMP: TRUE (found version "4.5")  
[1.780s] -- Found OpenCV: /usr (found version "4.5.4") 
[1.785s] -- Found Boost: /usr/lib/x86_64-linux-gnu/cmake/Boost-1.74.0/BoostConfig.cmake (found version "1.74.0") found components: thread 
[1.818s] -- Performing Test COMPILER_HAS_HIDDEN_VISIBILITY
[1.895s] -- Performing Test COMPILER_HAS_HIDDEN_VISIBILITY - Success
[1.895s] -- Performing Test COMPILER_HAS_HIDDEN_INLINE_VISIBILITY
[1.976s] -- Performing Test COMPILER_HAS_HIDDEN_INLINE_VISIBILITY - Success
[1.976s] -- Performing Test COMPILER_HAS_DEPRECATED_ATTR
[2.059s] -- Performing Test COMPILER_HAS_DEPRECATED_ATTR - Success
[2.097s] -- Configuring done
[2.165s] -- Generating done
[2.184s] -- Build files have been written to: /home/deepak/ws_moveit/build/moveit_ros_perception
[2.196s] Invoked command in '/home/deepak/ws_moveit/build/moveit_ros_perception' returned '0': AMENT_PREFIX_PATH=/home/deepak/ws_moveit/install/moveit_ros_planning:/home/deepak/ws_moveit/install/moveit_ros_occupancy_map_monitor:/home/deepak/ws_moveit/install/moveit_core:/home/deepak/ws_moveit/install/moveit_resources_panda_moveit_config:/home/deepak/ws_moveit/install/moveit_configs_utils:/home/deepak/ws_moveit/install/srdfdom:/home/deepak/ws_moveit/install/moveit_resources_pr2_description:/home/deepak/ws_moveit/install/moveit_resources_panda_description:/home/deepak/ws_moveit/install/moveit_common:/home/deepak/ws_moveit/install/launch_param_builder:${AMENT_PREFIX_PATH} CMAKE_PREFIX_PATH=/home/deepak/ws_moveit/install/moveit_ros_planning:/home/deepak/ws_moveit/install/moveit_ros_occupancy_map_monitor:/home/deepak/ws_moveit/install/moveit_core:/home/deepak/ws_moveit/install/moveit_resources_panda_moveit_config:/home/deepak/ws_moveit/install/srdfdom:/home/deepak/ws_moveit/install/moveit_resources_pr2_description:/home/deepak/ws_moveit/install/moveit_resources_panda_description:/home/deepak/ws_moveit/install/moveit_common:/home/deepak/turtlebot3_ws/install/turtlebot3:/home/deepak/turtlebot3_ws/install/turtlebot3_simulations:/home/deepak/turtlebot3_ws/install/turtlebot3_bringup:/home/deepak/turtlebot3_ws/install/turtlebot3_node:/home/deepak/turtlebot3_ws/install/turtlebot3_navigation2:/home/deepak/turtlebot3_ws/install/turtlebot3_fake_node:/home/deepak/turtlebot3_ws/install/turtlebot3_msgs:/home/deepak/turtlebot3_ws/install/turtlebot3_manipulation_gazebo:/home/deepak/turtlebot3_ws/install/turtlebot3_gazebo:/home/deepak/turtlebot3_ws/install/turtlebot3_description:/home/deepak/turtlebot3_ws/install/turtlebot3_cartographer:/home/deepak/turtlebot3_ws/install/turtlebot3_autorace:/home/deepak/turtlebot3_ws/install/multirobot_map_merge:/home/deepak/turtlebot3_ws/install/explore_lite:/home/deepak/turtlebot3_ws/install/dynamixel_sdk_examples:/home/deepak/turtlebot3_ws/install/dynamixel_sdk_custom_interfaces:/home/deepak/turtlebot3_ws/install/dynamixel_sdk:/home/deepak/turtlebot3_ws/install/turtlebot3_teleop:/home/deepak/turtlebot3_ws/install/turtlebot3_example:/home/deepak/turtlebot3_ws/install/turtlebot3_autorace_mission:/home/deepak/turtlebot3_ws/install/turtlebot3_autorace_detect:/home/deepak/turtlebot3_ws/install/turtlebot3_autorace_camera:/opt/ros/humble LD_LIBRARY_PATH=/home/deepak/ws_moveit/install/moveit_ros_planning/lib:/home/deepak/ws_moveit/install/moveit_ros_occupancy_map_monitor/lib:/home/deepak/ws_moveit/install/moveit_core/lib:/home/deepak/ws_moveit/install/srdfdom/lib:/home/deepak/turtlebot3_ws/install/turtlebot3_msgs/lib:/home/deepak/turtlebot3_ws/install/multirobot_map_merge/lib:/home/deepak/turtlebot3_ws/install/dynamixel_sdk_custom_interfaces/lib:/home/deepak/turtlebot3_ws/install/dynamixel_sdk/lib:/usr/lib/x86_64-linux-gnu/gazebo-11/plugins:/opt/ros/humble/opt/rviz_ogre_vendor/lib:/opt/ros/humble/lib/x86_64-linux-gnu:/opt/ros/humble/lib:/usr/lib/x86_64-linux-gnu/gazebo-11/plugins PATH=/home/deepak/ws_moveit/install/moveit_core/bin:${PATH} PYTHONPATH=/home/deepak/ws_moveit/install/moveit_configs_utils/lib/python3.10/site-packages:/home/deepak/ws_moveit/install/srdfdom/local/lib/python3.10/dist-packages:/home/deepak/ws_moveit/install/launch_param_builder/lib/python3.10/site-packages:${PYTHONPATH} /usr/bin/cmake /home/deepak/ws_moveit/src/moveit2/moveit_ros/perception -DBUILD_TESTING=OFF -DCMAKE_INSTALL_PREFIX=/home/deepak/ws_moveit/install/moveit_ros_perception
[2.197s] Invoking command in '/home/deepak/ws_moveit/build/moveit_ros_perception': AMENT_PREFIX_PATH=/home/deepak/ws_moveit/install/moveit_ros_planning:/home/deepak/ws_moveit/install/moveit_ros_occupancy_map_monitor:/home/deepak/ws_moveit/install/moveit_core:/home/deepak/ws_moveit/install/moveit_resources_panda_moveit_config:/home/deepak/ws_moveit/install/moveit_configs_utils:/home/deepak/ws_moveit/install/srdfdom:/home/deepak/ws_moveit/install/moveit_resources_pr2_description:/home/deepak/ws_moveit/install/moveit_resources_panda_description:/home/deepak/ws_moveit/install/moveit_common:/home/deepak/ws_moveit/install/launch_param_builder:${AMENT_PREFIX_PATH} CMAKE_PREFIX_PATH=/home/deepak/ws_moveit/install/moveit_ros_planning:/home/deepak/ws_moveit/install/moveit_ros_occupancy_map_monitor:/home/deepak/ws_moveit/install/moveit_core:/home/deepak/ws_moveit/install/moveit_resources_panda_moveit_config:/home/deepak/ws_moveit/install/srdfdom:/home/deepak/ws_moveit/install/moveit_resources_pr2_description:/home/deepak/ws_moveit/install/moveit_resources_panda_description:/home/deepak/ws_moveit/install/moveit_common:/home/deepak/turtlebot3_ws/install/turtlebot3:/home/deepak/turtlebot3_ws/install/turtlebot3_simulations:/home/deepak/turtlebot3_ws/install/turtlebot3_bringup:/home/deepak/turtlebot3_ws/install/turtlebot3_node:/home/deepak/turtlebot3_ws/install/turtlebot3_navigation2:/home/deepak/turtlebot3_ws/install/turtlebot3_fake_node:/home/deepak/turtlebot3_ws/install/turtlebot3_msgs:/home/deepak/turtlebot3_ws/install/turtlebot3_manipulation_gazebo:/home/deepak/turtlebot3_ws/install/turtlebot3_gazebo:/home/deepak/turtlebot3_ws/install/turtlebot3_description:/home/deepak/turtlebot3_ws/install/turtlebot3_cartographer:/home/deepak/turtlebot3_ws/install/turtlebot3_autorace:/home/deepak/turtlebot3_ws/install/multirobot_map_merge:/home/deepak/turtlebot3_ws/install/explore_lite:/home/deepak/turtlebot3_ws/install/dynamixel_sdk_examples:/home/deepak/turtlebot3_ws/install/dynamixel_sdk_custom_interfaces:/home/deepak/turtlebot3_ws/install/dynamixel_sdk:/home/deepak/turtlebot3_ws/install/turtlebot3_teleop:/home/deepak/turtlebot3_ws/install/turtlebot3_example:/home/deepak/turtlebot3_ws/install/turtlebot3_autorace_mission:/home/deepak/turtlebot3_ws/install/turtlebot3_autorace_detect:/home/deepak/turtlebot3_ws/install/turtlebot3_autorace_camera:/opt/ros/humble LD_LIBRARY_PATH=/home/deepak/ws_moveit/install/moveit_ros_planning/lib:/home/deepak/ws_moveit/install/moveit_ros_occupancy_map_monitor/lib:/home/deepak/ws_moveit/install/moveit_core/lib:/home/deepak/ws_moveit/install/srdfdom/lib:/home/deepak/turtlebot3_ws/install/turtlebot3_msgs/lib:/home/deepak/turtlebot3_ws/install/multirobot_map_merge/lib:/home/deepak/turtlebot3_ws/install/dynamixel_sdk_custom_interfaces/lib:/home/deepak/turtlebot3_ws/install/dynamixel_sdk/lib:/usr/lib/x86_64-linux-gnu/gazebo-11/plugins:/opt/ros/humble/opt/rviz_ogre_vendor/lib:/opt/ros/humble/lib/x86_64-linux-gnu:/opt/ros/humble/lib:/usr/lib/x86_64-linux-gnu/gazebo-11/plugins PATH=/home/deepak/ws_moveit/install/moveit_core/bin:${PATH} PYTHONPATH=/home/deepak/ws_moveit/install/moveit_configs_utils/lib/python3.10/site-packages:/home/deepak/ws_moveit/install/srdfdom/local/lib/python3.10/dist-packages:/home/deepak/ws_moveit/install/launch_param_builder/lib/python3.10/site-packages:${PYTHONPATH} /usr/bin/cmake --build /home/deepak/ws_moveit/build/moveit_ros_perception
[2.245s] [  5%] [32mBuilding CXX object point_containment_filter/CMakeFiles/moveit_point_containment_filter.dir/src/shape_mask.cpp.o[0m
[2.245s] [ 10%] [32mBuilding CXX object lazy_free_space_updater/CMakeFiles/moveit_lazy_free_space_updater.dir/src/lazy_free_space_updater.cpp.o[0m
[2.245s] [ 15%] [32mBuilding CXX object mesh_filter/CMakeFiles/moveit_mesh_filter.dir/src/mesh_filter_base.cpp.o[0m
[3.767s] [ 20%] [32m[1mLinking CXX shared library libmoveit_lazy_free_space_updater.so[0m
[3.820s] [ 25%] [32m[1mLinking CXX shared library libmoveit_point_containment_filter.so[0m
[3.931s] [ 25%] Built target moveit_lazy_free_space_updater
[3.940s] [ 25%] Built target moveit_point_containment_filter
[3.950s] [ 30%] [32mBuilding CXX object semantic_world/CMakeFiles/moveit_semantic_world.dir/src/semantic_world.cpp.o[0m
[3.960s] [ 35%] [32mBuilding CXX object pointcloud_octomap_updater/CMakeFiles/moveit_pointcloud_octomap_updater_core.dir/src/pointcloud_octomap_updater.cpp.o[0m
[4.379s] [ 40%] [32mBuilding CXX object mesh_filter/CMakeFiles/moveit_mesh_filter.dir/src/sensor_model.cpp.o[0m
[4.917s] [ 45%] [32mBuilding CXX object mesh_filter/CMakeFiles/moveit_mesh_filter.dir/src/stereo_camera_model.cpp.o[0m
[5.548s] [ 50%] [32mBuilding CXX object mesh_filter/CMakeFiles/moveit_mesh_filter.dir/src/gl_renderer.cpp.o[0m
[6.192s] [ 55%] [32mBuilding CXX object mesh_filter/CMakeFiles/moveit_mesh_filter.dir/src/gl_mesh.cpp.o[0m
[6.954s] [ 60%] [32m[1mLinking CXX shared library libmoveit_mesh_filter.so[0m
[7.129s] [ 60%] Built target moveit_mesh_filter
[7.149s] [ 65%] [32mBuilding CXX object depth_image_octomap_updater/CMakeFiles/moveit_depth_image_octomap_updater_core.dir/src/depth_image_octomap_updater.cpp.o[0m
[10.793s] [ 70%] [32m[1mLinking CXX shared library libmoveit_depth_image_octomap_updater_core.so[0m
[10.920s] [ 70%] Built target moveit_depth_image_octomap_updater_core
[10.938s] [ 75%] [32mBuilding CXX object depth_image_octomap_updater/CMakeFiles/moveit_depth_image_octomap_updater.dir/src/updater_plugin.cpp.o[0m
[12.868s] [ 80%] [32m[1mLinking CXX shared library libmoveit_pointcloud_octomap_updater_core.so[0m
[13.038s] [ 80%] Built target moveit_pointcloud_octomap_updater_core
[13.058s] [ 85%] [32mBuilding CXX object pointcloud_octomap_updater/CMakeFiles/moveit_pointcloud_octomap_updater.dir/src/plugin_init.cpp.o[0m
[13.433s] [ 90%] [32m[1mLinking CXX shared library libmoveit_depth_image_octomap_updater.so[0m
[13.544s] [ 90%] Built target moveit_depth_image_octomap_updater
[15.742s] [ 95%] [32m[1mLinking CXX shared library libmoveit_pointcloud_octomap_updater.so[0m
[15.864s] [ 95%] Built target moveit_pointcloud_octomap_updater
[16.269s] [100%] [32m[1mLinking CXX shared library libmoveit_semantic_world.so[0m
[16.477s] [100%] Built target moveit_semantic_world
[16.486s] Invoked command in '/home/deepak/ws_moveit/build/moveit_ros_perception' returned '0': AMENT_PREFIX_PATH=/home/deepak/ws_moveit/install/moveit_ros_planning:/home/deepak/ws_moveit/install/moveit_ros_occupancy_map_monitor:/home/deepak/ws_moveit/install/moveit_core:/home/deepak/ws_moveit/install/moveit_resources_panda_moveit_config:/home/deepak/ws_moveit/install/moveit_configs_utils:/home/deepak/ws_moveit/install/srdfdom:/home/deepak/ws_moveit/install/moveit_resources_pr2_description:/home/deepak/ws_moveit/install/moveit_resources_panda_description:/home/deepak/ws_moveit/install/moveit_common:/home/deepak/ws_moveit/install/launch_param_builder:${AMENT_PREFIX_PATH} CMAKE_PREFIX_PATH=/home/deepak/ws_moveit/install/moveit_ros_planning:/home/deepak/ws_moveit/install/moveit_ros_occupancy_map_monitor:/home/deepak/ws_moveit/install/moveit_core:/home/deepak/ws_moveit/install/moveit_resources_panda_moveit_config:/home/deepak/ws_moveit/install/srdfdom:/home/deepak/ws_moveit/install/moveit_resources_pr2_description:/home/deepak/ws_moveit/install/moveit_resources_panda_description:/home/deepak/ws_moveit/install/moveit_common:/home/deepak/turtlebot3_ws/install/turtlebot3:/home/deepak/turtlebot3_ws/install/turtlebot3_simulations:/home/deepak/turtlebot3_ws/install/turtlebot3_bringup:/home/deepak/turtlebot3_ws/install/turtlebot3_node:/home/deepak/turtlebot3_ws/install/turtlebot3_navigation2:/home/deepak/turtlebot3_ws/install/turtlebot3_fake_node:/home/deepak/turtlebot3_ws/install/turtlebot3_msgs:/home/deepak/turtlebot3_ws/install/turtlebot3_manipulation_gazebo:/home/deepak/turtlebot3_ws/install/turtlebot3_gazebo:/home/deepak/turtlebot3_ws/install/turtlebot3_description:/home/deepak/turtlebot3_ws/install/turtlebot3_cartographer:/home/deepak/turtlebot3_ws/install/turtlebot3_autorace:/home/deepak/turtlebot3_ws/install/multirobot_map_merge:/home/deepak/turtlebot3_ws/install/explore_lite:/home/deepak/turtlebot3_ws/install/dynamixel_sdk_examples:/home/deepak/turtlebot3_ws/install/dynamixel_sdk_custom_interfaces:/home/deepak/turtlebot3_ws/install/dynamixel_sdk:/home/deepak/turtlebot3_ws/install/turtlebot3_teleop:/home/deepak/turtlebot3_ws/install/turtlebot3_example:/home/deepak/turtlebot3_ws/install/turtlebot3_autorace_mission:/home/deepak/turtlebot3_ws/install/turtlebot3_autorace_detect:/home/deepak/turtlebot3_ws/install/turtlebot3_autorace_camera:/opt/ros/humble LD_LIBRARY_PATH=/home/deepak/ws_moveit/install/moveit_ros_planning/lib:/home/deepak/ws_moveit/install/moveit_ros_occupancy_map_monitor/lib:/home/deepak/ws_moveit/install/moveit_core/lib:/home/deepak/ws_moveit/install/srdfdom/lib:/home/deepak/turtlebot3_ws/install/turtlebot3_msgs/lib:/home/deepak/turtlebot3_ws/install/multirobot_map_merge/lib:/home/deepak/turtlebot3_ws/install/dynamixel_sdk_custom_interfaces/lib:/home/deepak/turtlebot3_ws/install/dynamixel_sdk/lib:/usr/lib/x86_64-linux-gnu/gazebo-11/plugins:/opt/ros/humble/opt/rviz_ogre_vendor/lib:/opt/ros/humble/lib/x86_64-linux-gnu:/opt/ros/humble/lib:/usr/lib/x86_64-linux-gnu/gazebo-11/plugins PATH=/home/deepak/ws_moveit/install/moveit_core/bin:${PATH} PYTHONPATH=/home/deepak/ws_moveit/install/moveit_configs_utils/lib/python3.10/site-packages:/home/deepak/ws_moveit/install/srdfdom/local/lib/python3.10/dist-packages:/home/deepak/ws_moveit/install/launch_param_builder/lib/python3.10/site-packages:${PYTHONPATH} /usr/bin/cmake --build /home/deepak/ws_moveit/build/moveit_ros_perception
[16.488s] Invoking command in '/home/deepak/ws_moveit/build/moveit_ros_perception': AMENT_PREFIX_PATH=/home/deepak/ws_moveit/install/moveit_ros_planning:/home/deepak/ws_moveit/install/moveit_ros_occupancy_map_monitor:/home/deepak/ws_moveit/install/moveit_core:/home/deepak/ws_moveit/install/moveit_resources_panda_moveit_config:/home/deepak/ws_moveit/install/moveit_configs_utils:/home/deepak/ws_moveit/install/srdfdom:/home/deepak/ws_moveit/install/moveit_resources_pr2_description:/home/deepak/ws_moveit/install/moveit_resources_panda_description:/home/deepak/ws_moveit/install/moveit_common:/home/deepak/ws_moveit/install/launch_param_builder:${AMENT_PREFIX_PATH} CMAKE_PREFIX_PATH=/home/deepak/ws_moveit/install/moveit_ros_planning:/home/deepak/ws_moveit/install/moveit_ros_occupancy_map_monitor:/home/deepak/ws_moveit/install/moveit_core:/home/deepak/ws_moveit/install/moveit_resources_panda_moveit_config:/home/deepak/ws_moveit/install/srdfdom:/home/deepak/ws_moveit/install/moveit_resources_pr2_description:/home/deepak/ws_moveit/install/moveit_resources_panda_description:/home/deepak/ws_moveit/install/moveit_common:/home/deepak/turtlebot3_ws/install/turtlebot3:/home/deepak/turtlebot3_ws/install/turtlebot3_simulations:/home/deepak/turtlebot3_ws/install/turtlebot3_bringup:/home/deepak/turtlebot3_ws/install/turtlebot3_node:/home/deepak/turtlebot3_ws/install/turtlebot3_navigation2:/home/deepak/turtlebot3_ws/install/turtlebot3_fake_node:/home/deepak/turtlebot3_ws/install/turtlebot3_msgs:/home/deepak/turtlebot3_ws/install/turtlebot3_manipulation_gazebo:/home/deepak/turtlebot3_ws/install/turtlebot3_gazebo:/home/deepak/turtlebot3_ws/install/turtlebot3_description:/home/deepak/turtlebot3_ws/install/turtlebot3_cartographer:/home/deepak/turtlebot3_ws/install/turtlebot3_autorace:/home/deepak/turtlebot3_ws/install/multirobot_map_merge:/home/deepak/turtlebot3_ws/install/explore_lite:/home/deepak/turtlebot3_ws/install/dynamixel_sdk_examples:/home/deepak/turtlebot3_ws/install/dynamixel_sdk_custom_interfaces:/home/deepak/turtlebot3_ws/install/dynamixel_sdk:/home/deepak/turtlebot3_ws/install/turtlebot3_teleop:/home/deepak/turtlebot3_ws/install/turtlebot3_example:/home/deepak/turtlebot3_ws/install/turtlebot3_autorace_mission:/home/deepak/turtlebot3_ws/install/turtlebot3_autorace_detect:/home/deepak/turtlebot3_ws/install/turtlebot3_autorace_camera:/opt/ros/humble LD_LIBRARY_PATH=/home/deepak/ws_moveit/install/moveit_ros_planning/lib:/home/deepak/ws_moveit/install/moveit_ros_occupancy_map_monitor/lib:/home/deepak/ws_moveit/install/moveit_core/lib:/home/deepak/ws_moveit/install/srdfdom/lib:/home/deepak/turtlebot3_ws/install/turtlebot3_msgs/lib:/home/deepak/turtlebot3_ws/install/multirobot_map_merge/lib:/home/deepak/turtlebot3_ws/install/dynamixel_sdk_custom_interfaces/lib:/home/deepak/turtlebot3_ws/install/dynamixel_sdk/lib:/usr/lib/x86_64-linux-gnu/gazebo-11/plugins:/opt/ros/humble/opt/rviz_ogre_vendor/lib:/opt/ros/humble/lib/x86_64-linux-gnu:/opt/ros/humble/lib:/usr/lib/x86_64-linux-gnu/gazebo-11/plugins PATH=/home/deepak/ws_moveit/install/moveit_core/bin:${PATH} PYTHONPATH=/home/deepak/ws_moveit/install/moveit_configs_utils/lib/python3.10/site-packages:/home/deepak/ws_moveit/install/srdfdom/local/lib/python3.10/dist-packages:/home/deepak/ws_moveit/install/launch_param_builder/lib/python3.10/site-packages:${PYTHONPATH} /usr/bin/cmake --install /home/deepak/ws_moveit/build/moveit_ros_perception
[16.495s] -- Install configuration: "Release"
[16.495s] -- Installing: /home/deepak/ws_moveit/install/moveit_ros_perception/include
[16.495s] -- Installing: /home/deepak/ws_moveit/install/moveit_ros_perception/include/moveit
[16.495s] -- Installing: /home/deepak/ws_moveit/install/moveit_ros_perception/include/moveit/lazy_free_space_updater
[16.495s] -- Installing: /home/deepak/ws_moveit/install/moveit_ros_perception/include/moveit/lazy_free_space_updater/lazy_free_space_updater.h
[16.495s] -- Up-to-date: /home/deepak/ws_moveit/install/moveit_ros_perception/include
[16.495s] -- Up-to-date: /home/deepak/ws_moveit/install/moveit_ros_perception/include/moveit
[16.495s] -- Installing: /home/deepak/ws_moveit/install/moveit_ros_perception/include/moveit/point_containment_filter
[16.495s] -- Installing: /home/deepak/ws_moveit/install/moveit_ros_perception/include/moveit/point_containment_filter/shape_mask.h
[16.495s] -- Up-to-date: /home/deepak/ws_moveit/install/moveit_ros_perception/include
[16.495s] -- Up-to-date: /home/deepak/ws_moveit/install/moveit_ros_perception/include/moveit
[16.495s] -- Installing: /home/deepak/ws_moveit/install/moveit_ros_perception/include/moveit/pointcloud_octomap_updater
[16.495s] -- Installing: /home/deepak/ws_moveit/install/moveit_ros_perception/include/moveit/pointcloud_octomap_updater/pointcloud_octomap_updater.h
[16.495s] -- Up-to-date: /home/deepak/ws_moveit/install/moveit_ros_perception/include
[16.495s] -- Up-to-date: /home/deepak/ws_moveit/install/moveit_ros_perception/include/moveit
[16.495s] -- Installing: /home/deepak/ws_moveit/install/moveit_ros_perception/include/moveit/mesh_filter
[16.496s] -- Installing: /home/deepak/ws_moveit/install/moveit_ros_perception/include/moveit/mesh_filter/filter_job.h
[16.496s] -- Installing: /home/deepak/ws_moveit/install/moveit_ros_perception/include/moveit/mesh_filter/depth_self_filter_nodelet.h
[16.496s] -- Installing: /home/deepak/ws_moveit/install/moveit_ros_perception/include/moveit/mesh_filter/stereo_camera_model.h
[16.496s] -- Installing: /home/deepak/ws_moveit/install/moveit_ros_perception/include/moveit/mesh_filter/gl_mesh.h
[16.496s] -- Installing: /home/deepak/ws_moveit/install/moveit_ros_perception/include/moveit/mesh_filter/mesh_filter_base.h
[16.496s] -- Installing: /home/deepak/ws_moveit/install/moveit_ros_perception/include/moveit/mesh_filter/mesh_filter.h
[16.496s] -- Installing: /home/deepak/ws_moveit/install/moveit_ros_perception/include/moveit/mesh_filter/gl_renderer.h
[16.496s] -- Installing: /home/deepak/ws_moveit/install/moveit_ros_perception/include/moveit/mesh_filter/transform_provider.h
[16.496s] -- Installing: /home/deepak/ws_moveit/install/moveit_ros_perception/include/moveit/mesh_filter/sensor_model.h
[16.496s] -- Installing: /home/deepak/ws_moveit/install/moveit_ros_perception/include/moveit_mesh_filter_export.h
[16.496s] -- Up-to-date: /home/deepak/ws_moveit/install/moveit_ros_perception/include
[16.496s] -- Up-to-date: /home/deepak/ws_moveit/install/moveit_ros_perception/include/moveit
[16.496s] -- Installing: /home/deepak/ws_moveit/install/moveit_ros_perception/include/moveit/depth_image_octomap_updater
[16.496s] -- Installing: /home/deepak/ws_moveit/install/moveit_ros_perception/include/moveit/depth_image_octomap_updater/depth_image_octomap_updater.h
[16.496s] -- Up-to-date: /home/deepak/ws_moveit/install/moveit_ros_perception/include
[16.496s] -- Up-to-date: /home/deepak/ws_moveit/install/moveit_ros_perception/include/moveit
[16.496s] -- Installing: /home/deepak/ws_moveit/install/moveit_ros_perception/include/moveit/semantic_world
[16.497s] -- Installing: /home/deepak/ws_moveit/install/moveit_ros_perception/include/moveit/semantic_world/semantic_world.h
[16.497s] -- Installing: /home/deepak/ws_moveit/install/moveit_ros_perception/lib/libmoveit_depth_image_octomap_updater.so.2.5.9
[16.497s] -- Set runtime path of "/home/deepak/ws_moveit/install/moveit_ros_perception/lib/libmoveit_depth_image_octomap_updater.so.2.5.9" to ""
[16.497s] -- Installing: /home/deepak/ws_moveit/install/moveit_ros_perception/lib/libmoveit_depth_image_octomap_updater.so
[16.497s] -- Installing: /home/deepak/ws_moveit/install/moveit_ros_perception/lib/libmoveit_depth_image_octomap_updater_core.so.2.5.9
[16.497s] -- Set runtime path of "/home/deepak/ws_moveit/install/moveit_ros_perception/lib/libmoveit_depth_image_octomap_updater_core.so.2.5.9" to ""
[16.497s] -- Installing: /home/deepak/ws_moveit/install/moveit_ros_perception/lib/libmoveit_depth_image_octomap_updater_core.so
[16.497s] -- Installing: /home/deepak/ws_moveit/install/moveit_ros_perception/lib/libmoveit_lazy_free_space_updater.so.2.5.9
[16.497s] -- Set runtime path of "/home/deepak/ws_moveit/install/moveit_ros_perception/lib/libmoveit_lazy_free_space_updater.so.2.5.9" to ""
[16.497s] -- Installing: /home/deepak/ws_moveit/install/moveit_ros_perception/lib/libmoveit_lazy_free_space_updater.so
[16.497s] -- Installing: /home/deepak/ws_moveit/install/moveit_ros_perception/lib/libmoveit_mesh_filter.so.2.5.9
[16.497s] -- Set runtime path of "/home/deepak/ws_moveit/install/moveit_ros_perception/lib/libmoveit_mesh_filter.so.2.5.9" to ""
[16.497s] -- Installing: /home/deepak/ws_moveit/install/moveit_ros_perception/lib/libmoveit_mesh_filter.so
[16.497s] -- Installing: /home/deepak/ws_moveit/install/moveit_ros_perception/lib/libmoveit_point_containment_filter.so.2.5.9
[16.497s] -- Set runtime path of "/home/deepak/ws_moveit/install/moveit_ros_perception/lib/libmoveit_point_containment_filter.so.2.5.9" to ""
[16.497s] -- Installing: /home/deepak/ws_moveit/install/moveit_ros_perception/lib/libmoveit_point_containment_filter.so
[16.497s] -- Installing: /home/deepak/ws_moveit/install/moveit_ros_perception/lib/libmoveit_pointcloud_octomap_updater.so.2.5.9
[16.497s] -- Set runtime path of "/home/deepak/ws_moveit/install/moveit_ros_perception/lib/libmoveit_pointcloud_octomap_updater.so.2.5.9" to ""
[16.498s] -- Installing: /home/deepak/ws_moveit/install/moveit_ros_perception/lib/libmoveit_pointcloud_octomap_updater.so
[16.498s] -- Installing: /home/deepak/ws_moveit/install/moveit_ros_perception/lib/libmoveit_pointcloud_octomap_updater_core.so.2.5.9
[16.498s] -- Set runtime path of "/home/deepak/ws_moveit/install/moveit_ros_perception/lib/libmoveit_pointcloud_octomap_updater_core.so.2.5.9" to ""
[16.498s] -- Installing: /home/deepak/ws_moveit/install/moveit_ros_perception/lib/libmoveit_pointcloud_octomap_updater_core.so
[16.498s] -- Installing: /home/deepak/ws_moveit/install/moveit_ros_perception/lib/libmoveit_semantic_world.so.2.5.9
[16.498s] -- Set runtime path of "/home/deepak/ws_moveit/install/moveit_ros_perception/lib/libmoveit_semantic_world.so.2.5.9" to ""
[16.498s] -- Installing: /home/deepak/ws_moveit/install/moveit_ros_perception/lib/libmoveit_semantic_world.so
[16.498s] -- Installing: /home/deepak/ws_moveit/install/moveit_ros_perception/share/moveit_ros_perception/environment/library_path.sh
[16.498s] -- Installing: /home/deepak/ws_moveit/install/moveit_ros_perception/share/moveit_ros_perception/environment/library_path.dsv
[16.498s] -- Installing: /home/deepak/ws_moveit/install/moveit_ros_perception/share/moveit_ros_perception/pointcloud_octomap_updater_plugin_description.xml
[16.498s] -- Installing: /home/deepak/ws_moveit/install/moveit_ros_perception/share/moveit_ros_perception/depth_image_octomap_updater_plugin_description.xml
[16.499s] -- Installing: /home/deepak/ws_moveit/install/moveit_ros_perception/share/ament_index/resource_index/package_run_dependencies/moveit_ros_perception
[16.499s] -- Installing: /home/deepak/ws_moveit/install/moveit_ros_perception/share/ament_index/resource_index/parent_prefix_path/moveit_ros_perception
[16.499s] -- Installing: /home/deepak/ws_moveit/install/moveit_ros_perception/share/moveit_ros_perception/environment/ament_prefix_path.sh
[16.499s] -- Installing: /home/deepak/ws_moveit/install/moveit_ros_perception/share/moveit_ros_perception/environment/ament_prefix_path.dsv
[16.499s] -- Installing: /home/deepak/ws_moveit/install/moveit_ros_perception/share/moveit_ros_perception/environment/path.sh
[16.499s] -- Installing: /home/deepak/ws_moveit/install/moveit_ros_perception/share/moveit_ros_perception/environment/path.dsv
[16.499s] -- Installing: /home/deepak/ws_moveit/install/moveit_ros_perception/share/moveit_ros_perception/local_setup.bash
[16.499s] -- Installing: /home/deepak/ws_moveit/install/moveit_ros_perception/share/moveit_ros_perception/local_setup.sh
[16.499s] -- Installing: /home/deepak/ws_moveit/install/moveit_ros_perception/share/moveit_ros_perception/local_setup.zsh
[16.499s] -- Installing: /home/deepak/ws_moveit/install/moveit_ros_perception/share/moveit_ros_perception/local_setup.dsv
[16.499s] -- Installing: /home/deepak/ws_moveit/install/moveit_ros_perception/share/moveit_ros_perception/package.dsv
[16.499s] -- Installing: /home/deepak/ws_moveit/install/moveit_ros_perception/share/ament_index/resource_index/packages/moveit_ros_perception
[16.499s] -- Installing: /home/deepak/ws_moveit/install/moveit_ros_perception/share/ament_index/resource_index/moveit_ros_occupancy_map_monitor__pluginlib__plugin/moveit_ros_perception
[16.499s] -- Installing: /home/deepak/ws_moveit/install/moveit_ros_perception/share/moveit_ros_perception/cmake/export_moveit_ros_perceptionExport.cmake
[16.499s] -- Installing: /home/deepak/ws_moveit/install/moveit_ros_perception/share/moveit_ros_perception/cmake/export_moveit_ros_perceptionExport-release.cmake
[16.500s] -- Installing: /home/deepak/ws_moveit/install/moveit_ros_perception/share/moveit_ros_perception/cmake/ConfigExtras.cmake
[16.500s] -- Installing: /home/deepak/ws_moveit/install/moveit_ros_perception/share/moveit_ros_perception/cmake/ament_cmake_export_targets-extras.cmake
[16.500s] -- Installing: /home/deepak/ws_moveit/install/moveit_ros_perception/share/moveit_ros_perception/cmake/ament_cmake_export_dependencies-extras.cmake
[16.500s] -- Installing: /home/deepak/ws_moveit/install/moveit_ros_perception/share/moveit_ros_perception/cmake/moveit_ros_perceptionConfig.cmake
[16.500s] -- Installing: /home/deepak/ws_moveit/install/moveit_ros_perception/share/moveit_ros_perception/cmake/moveit_ros_perceptionConfig-version.cmake
[16.500s] -- Installing: /home/deepak/ws_moveit/install/moveit_ros_perception/share/moveit_ros_perception/package.xml
[16.501s] Invoked command in '/home/deepak/ws_moveit/build/moveit_ros_perception' returned '0': AMENT_PREFIX_PATH=/home/deepak/ws_moveit/install/moveit_ros_planning:/home/deepak/ws_moveit/install/moveit_ros_occupancy_map_monitor:/home/deepak/ws_moveit/install/moveit_core:/home/deepak/ws_moveit/install/moveit_resources_panda_moveit_config:/home/deepak/ws_moveit/install/moveit_configs_utils:/home/deepak/ws_moveit/install/srdfdom:/home/deepak/ws_moveit/install/moveit_resources_pr2_description:/home/deepak/ws_moveit/install/moveit_resources_panda_description:/home/deepak/ws_moveit/install/moveit_common:/home/deepak/ws_moveit/install/launch_param_builder:${AMENT_PREFIX_PATH} CMAKE_PREFIX_PATH=/home/deepak/ws_moveit/install/moveit_ros_planning:/home/deepak/ws_moveit/install/moveit_ros_occupancy_map_monitor:/home/deepak/ws_moveit/install/moveit_core:/home/deepak/ws_moveit/install/moveit_resources_panda_moveit_config:/home/deepak/ws_moveit/install/srdfdom:/home/deepak/ws_moveit/install/moveit_resources_pr2_description:/home/deepak/ws_moveit/install/moveit_resources_panda_description:/home/deepak/ws_moveit/install/moveit_common:/home/deepak/turtlebot3_ws/install/turtlebot3:/home/deepak/turtlebot3_ws/install/turtlebot3_simulations:/home/deepak/turtlebot3_ws/install/turtlebot3_bringup:/home/deepak/turtlebot3_ws/install/turtlebot3_node:/home/deepak/turtlebot3_ws/install/turtlebot3_navigation2:/home/deepak/turtlebot3_ws/install/turtlebot3_fake_node:/home/deepak/turtlebot3_ws/install/turtlebot3_msgs:/home/deepak/turtlebot3_ws/install/turtlebot3_manipulation_gazebo:/home/deepak/turtlebot3_ws/install/turtlebot3_gazebo:/home/deepak/turtlebot3_ws/install/turtlebot3_description:/home/deepak/turtlebot3_ws/install/turtlebot3_cartographer:/home/deepak/turtlebot3_ws/install/turtlebot3_autorace:/home/deepak/turtlebot3_ws/install/multirobot_map_merge:/home/deepak/turtlebot3_ws/install/explore_lite:/home/deepak/turtlebot3_ws/install/dynamixel_sdk_examples:/home/deepak/turtlebot3_ws/install/dynamixel_sdk_custom_interfaces:/home/deepak/turtlebot3_ws/install/dynamixel_sdk:/home/deepak/turtlebot3_ws/install/turtlebot3_teleop:/home/deepak/turtlebot3_ws/install/turtlebot3_example:/home/deepak/turtlebot3_ws/install/turtlebot3_autorace_mission:/home/deepak/turtlebot3_ws/install/turtlebot3_autorace_detect:/home/deepak/turtlebot3_ws/install/turtlebot3_autorace_camera:/opt/ros/humble LD_LIBRARY_PATH=/home/deepak/ws_moveit/install/moveit_ros_planning/lib:/home/deepak/ws_moveit/install/moveit_ros_occupancy_map_monitor/lib:/home/deepak/ws_moveit/install/moveit_core/lib:/home/deepak/ws_moveit/install/srdfdom/lib:/home/deepak/turtlebot3_ws/install/turtlebot3_msgs/lib:/home/deepak/turtlebot3_ws/install/multirobot_map_merge/lib:/home/deepak/turtlebot3_ws/install/dynamixel_sdk_custom_interfaces/lib:/home/deepak/turtlebot3_ws/install/dynamixel_sdk/lib:/usr/lib/x86_64-linux-gnu/gazebo-11/plugins:/opt/ros/humble/opt/rviz_ogre_vendor/lib:/opt/ros/humble/lib/x86_64-linux-gnu:/opt/ros/humble/lib:/usr/lib/x86_64-linux-gnu/gazebo-11/plugins PATH=/home/deepak/ws_moveit/install/moveit_core/bin:${PATH} PYTHONPATH=/home/deepak/ws_moveit/install/moveit_configs_utils/lib/python3.10/site-packages:/home/deepak/ws_moveit/install/srdfdom/local/lib/python3.10/dist-packages:/home/deepak/ws_moveit/install/launch_param_builder/lib/python3.10/site-packages:${PYTHONPATH} /usr/bin/cmake --install /home/deepak/ws_moveit/build/moveit_ros_perception
