[0.005s] Invoking command in '/home/deepak/ws_moveit/build/rosparam_shortcuts': CMAKE_PREFIX_PATH=${CMAKE_PREFIX_PATH}:/home/deepak/turtlebot3_ws/install/turtlebot3_teleop:/home/deepak/turtlebot3_ws/install/turtlebot3_example:/home/deepak/turtlebot3_ws/install/turtlebot3_autorace_mission:/home/deepak/turtlebot3_ws/install/turtlebot3_autorace_detect:/home/deepak/turtlebot3_ws/install/turtlebot3_autorace_camera:/opt/ros/humble /usr/bin/cmake /home/deepak/ws_moveit/src/rosparam_shortcuts -DBUILD_TESTING=OFF -DCMAKE_INSTALL_PREFIX=/home/deepak/ws_moveit/install/rosparam_shortcuts
[0.047s] -- The C compiler identification is GNU 11.4.0
[0.086s] -- The CXX compiler identification is GNU 11.4.0
[0.091s] -- Detecting C compiler ABI info
[0.144s] -- Detecting C compiler ABI info - done
[0.150s] -- Check for working C compiler: /usr/bin/cc - skipped
[0.150s] -- Detecting C compile features
[0.151s] -- Detecting C compile features - done
[0.153s] -- Detecting CXX compiler ABI info
[0.215s] -- Detecting CXX compiler ABI info - done
[0.222s] -- Check for working CXX compiler: /usr/bin/c++ - skipped
[0.222s] -- Detecting CXX compile features
[0.222s] -- Detecting CXX compile features - done
[0.226s] -- Found ament_cmake: 1.3.12 (/opt/ros/humble/share/ament_cmake/cmake)
[0.340s] -- Found Python3: /usr/bin/python3 (found version "3.10.12") found components: Interpreter 
[0.406s] -- Found eigen3_cmake_module: 0.1.1 (/opt/ros/humble/share/eigen3_cmake_module/cmake)
[0.411s] -- Found Eigen3: TRUE (found version "3.4.0") 
[0.412s] -- Found geometry_msgs: 4.9.0 (/opt/ros/humble/share/geometry_msgs/cmake)
[0.440s] -- Found rosidl_generator_c: 3.1.8 (/opt/ros/humble/share/rosidl_generator_c/cmake)
[0.444s] -- Found rosidl_adapter: 3.1.8 (/opt/ros/humble/share/rosidl_adapter/cmake)
[0.451s] -- Found rosidl_generator_cpp: 3.1.8 (/opt/ros/humble/share/rosidl_generator_cpp/cmake)
[0.459s] -- Using all available rosidl_typesupport_c: rosidl_typesupport_fastrtps_c;rosidl_typesupport_introspection_c
[0.471s] -- Using all available rosidl_typesupport_cpp: rosidl_typesupport_fastrtps_cpp;rosidl_typesupport_introspection_cpp
[0.496s] -- Found rclcpp: 16.0.17 (/opt/ros/humble/share/rclcpp/cmake)
[0.524s] -- Found rmw_implementation_cmake: 6.1.2 (/opt/ros/humble/share/rmw_implementation_cmake/cmake)
[0.527s] -- Found rmw_fastrtps_cpp: 6.2.9 (/opt/ros/humble/share/rmw_fastrtps_cpp/cmake)
[0.591s] -- Found OpenSSL: /usr/lib/x86_64-linux-gnu/libcrypto.so (found version "3.0.2")  
[0.614s] -- Found FastRTPS: /opt/ros/humble/include  
[0.648s] -- Using RMW implementation 'rmw_fastrtps_cpp' as default
[0.657s] -- Looking for pthread.h
[0.713s] -- Looking for pthread.h - found
[0.713s] -- Performing Test CMAKE_HAVE_LIBC_PTHREAD
[0.773s] -- Performing Test CMAKE_HAVE_LIBC_PTHREAD - Success
[0.774s] -- Found Threads: TRUE  
[0.799s] -- Found tf2_eigen: 0.25.18 (/opt/ros/humble/share/tf2_eigen/cmake)
[0.912s] -- Configuring done
[0.922s] -- Generating done
[0.926s] -- Build files have been written to: /home/deepak/ws_moveit/build/rosparam_shortcuts
[0.932s] Invoked command in '/home/deepak/ws_moveit/build/rosparam_shortcuts' returned '0': CMAKE_PREFIX_PATH=${CMAKE_PREFIX_PATH}:/home/deepak/turtlebot3_ws/install/turtlebot3_teleop:/home/deepak/turtlebot3_ws/install/turtlebot3_example:/home/deepak/turtlebot3_ws/install/turtlebot3_autorace_mission:/home/deepak/turtlebot3_ws/install/turtlebot3_autorace_detect:/home/deepak/turtlebot3_ws/install/turtlebot3_autorace_camera:/opt/ros/humble /usr/bin/cmake /home/deepak/ws_moveit/src/rosparam_shortcuts -DBUILD_TESTING=OFF -DCMAKE_INSTALL_PREFIX=/home/deepak/ws_moveit/install/rosparam_shortcuts
[0.934s] Invoking command in '/home/deepak/ws_moveit/build/rosparam_shortcuts': CMAKE_PREFIX_PATH=${CMAKE_PREFIX_PATH}:/home/deepak/turtlebot3_ws/install/turtlebot3_teleop:/home/deepak/turtlebot3_ws/install/turtlebot3_example:/home/deepak/turtlebot3_ws/install/turtlebot3_autorace_mission:/home/deepak/turtlebot3_ws/install/turtlebot3_autorace_detect:/home/deepak/turtlebot3_ws/install/turtlebot3_autorace_camera:/opt/ros/humble /usr/bin/cmake --build /home/deepak/ws_moveit/build/rosparam_shortcuts
[0.975s] [ 14%] [32mBuilding CXX object CMakeFiles/rosparam_shortcuts.dir/src/rosparam_shortcuts.cpp.o[0m
[0.975s] [ 28%] [32mBuilding CXX object CMakeFiles/rosparam_shortcuts.dir/src/node_parameters.cpp.o[0m
[4.151s] [ 42%] [32m[1mLinking CXX shared library librosparam_shortcuts.so[0m
[4.249s] [ 42%] Built target rosparam_shortcuts
[4.267s] [ 57%] [32mBuilding CXX object CMakeFiles/rosparam_shortcuts_node_parameters_example.dir/src/node_parameters_example.cpp.o[0m
[4.268s] [ 71%] [32mBuilding CXX object CMakeFiles/rosparam_shortcuts_example.dir/src/example.cpp.o[0m
[6.243s] [ 85%] [32m[1mLinking CXX executable example[0m
[6.243s] [100%] [32m[1mLinking CXX executable node_parameters_example[0m
[6.336s] [100%] Built target rosparam_shortcuts_example
[6.339s] [100%] Built target rosparam_shortcuts_node_parameters_example
[6.349s] Invoked command in '/home/deepak/ws_moveit/build/rosparam_shortcuts' returned '0': CMAKE_PREFIX_PATH=${CMAKE_PREFIX_PATH}:/home/deepak/turtlebot3_ws/install/turtlebot3_teleop:/home/deepak/turtlebot3_ws/install/turtlebot3_example:/home/deepak/turtlebot3_ws/install/turtlebot3_autorace_mission:/home/deepak/turtlebot3_ws/install/turtlebot3_autorace_detect:/home/deepak/turtlebot3_ws/install/turtlebot3_autorace_camera:/opt/ros/humble /usr/bin/cmake --build /home/deepak/ws_moveit/build/rosparam_shortcuts
[6.351s] Invoking command in '/home/deepak/ws_moveit/build/rosparam_shortcuts': CMAKE_PREFIX_PATH=${CMAKE_PREFIX_PATH}:/home/deepak/turtlebot3_ws/install/turtlebot3_teleop:/home/deepak/turtlebot3_ws/install/turtlebot3_example:/home/deepak/turtlebot3_ws/install/turtlebot3_autorace_mission:/home/deepak/turtlebot3_ws/install/turtlebot3_autorace_detect:/home/deepak/turtlebot3_ws/install/turtlebot3_autorace_camera:/opt/ros/humble /usr/bin/cmake --install /home/deepak/ws_moveit/build/rosparam_shortcuts
[6.356s] -- Install configuration: ""
[6.356s] -- Installing: /home/deepak/ws_moveit/install/rosparam_shortcuts/lib/librosparam_shortcuts.so
[6.356s] -- Set runtime path of "/home/deepak/ws_moveit/install/rosparam_shortcuts/lib/librosparam_shortcuts.so" to ""
[6.356s] -- Installing: /home/deepak/ws_moveit/install/rosparam_shortcuts/lib/rosparam_shortcuts/example
[6.356s] -- Set runtime path of "/home/deepak/ws_moveit/install/rosparam_shortcuts/lib/rosparam_shortcuts/example" to ""
[6.356s] -- Installing: /home/deepak/ws_moveit/install/rosparam_shortcuts/lib/rosparam_shortcuts/node_parameters_example
[6.357s] -- Set runtime path of "/home/deepak/ws_moveit/install/rosparam_shortcuts/lib/rosparam_shortcuts/node_parameters_example" to ""
[6.357s] -- Installing: /home/deepak/ws_moveit/install/rosparam_shortcuts/include
[6.357s] -- Installing: /home/deepak/ws_moveit/install/rosparam_shortcuts/include/rosparam_shortcuts
[6.357s] -- Installing: /home/deepak/ws_moveit/install/rosparam_shortcuts/include/rosparam_shortcuts/rosparam_shortcuts.h
[6.357s] -- Installing: /home/deepak/ws_moveit/install/rosparam_shortcuts/include/rosparam_shortcuts/node_parameters.h
[6.357s] -- Installing: /home/deepak/ws_moveit/install/rosparam_shortcuts/share/rosparam_shortcuts/launch
[6.357s] -- Installing: /home/deepak/ws_moveit/install/rosparam_shortcuts/share/rosparam_shortcuts/launch/example.launch.py
[6.358s] -- Installing: /home/deepak/ws_moveit/install/rosparam_shortcuts/share/rosparam_shortcuts/config
[6.358s] -- Installing: /home/deepak/ws_moveit/install/rosparam_shortcuts/share/rosparam_shortcuts/config/example.yaml
[6.358s] -- Installing: /home/deepak/ws_moveit/install/rosparam_shortcuts/share/rosparam_shortcuts/environment/library_path.sh
[6.358s] -- Installing: /home/deepak/ws_moveit/install/rosparam_shortcuts/share/rosparam_shortcuts/environment/library_path.dsv
[6.358s] -- Installing: /home/deepak/ws_moveit/install/rosparam_shortcuts/share/ament_index/resource_index/package_run_dependencies/rosparam_shortcuts
[6.358s] -- Installing: /home/deepak/ws_moveit/install/rosparam_shortcuts/share/ament_index/resource_index/parent_prefix_path/rosparam_shortcuts
[6.358s] -- Installing: /home/deepak/ws_moveit/install/rosparam_shortcuts/share/rosparam_shortcuts/environment/ament_prefix_path.sh
[6.358s] -- Installing: /home/deepak/ws_moveit/install/rosparam_shortcuts/share/rosparam_shortcuts/environment/ament_prefix_path.dsv
[6.358s] -- Installing: /home/deepak/ws_moveit/install/rosparam_shortcuts/share/rosparam_shortcuts/environment/path.sh
[6.359s] -- Installing: /home/deepak/ws_moveit/install/rosparam_shortcuts/share/rosparam_shortcuts/environment/path.dsv
[6.359s] -- Installing: /home/deepak/ws_moveit/install/rosparam_shortcuts/share/rosparam_shortcuts/local_setup.bash
[6.359s] -- Installing: /home/deepak/ws_moveit/install/rosparam_shortcuts/share/rosparam_shortcuts/local_setup.sh
[6.359s] -- Installing: /home/deepak/ws_moveit/install/rosparam_shortcuts/share/rosparam_shortcuts/local_setup.zsh
[6.359s] -- Installing: /home/deepak/ws_moveit/install/rosparam_shortcuts/share/rosparam_shortcuts/local_setup.dsv
[6.359s] -- Installing: /home/deepak/ws_moveit/install/rosparam_shortcuts/share/rosparam_shortcuts/package.dsv
[6.359s] -- Installing: /home/deepak/ws_moveit/install/rosparam_shortcuts/share/ament_index/resource_index/packages/rosparam_shortcuts
[6.359s] -- Installing: /home/deepak/ws_moveit/install/rosparam_shortcuts/share/rosparam_shortcuts/cmake/export_rosparam_shortcutsExport.cmake
[6.359s] -- Installing: /home/deepak/ws_moveit/install/rosparam_shortcuts/share/rosparam_shortcuts/cmake/export_rosparam_shortcutsExport-noconfig.cmake
[6.359s] -- Installing: /home/deepak/ws_moveit/install/rosparam_shortcuts/share/rosparam_shortcuts/cmake/ament_cmake_export_targets-extras.cmake
[6.359s] -- Installing: /home/deepak/ws_moveit/install/rosparam_shortcuts/share/rosparam_shortcuts/cmake/ament_cmake_export_dependencies-extras.cmake
[6.359s] -- Installing: /home/deepak/ws_moveit/install/rosparam_shortcuts/share/rosparam_shortcuts/cmake/rosparam_shortcutsConfig.cmake
[6.359s] -- Installing: /home/deepak/ws_moveit/install/rosparam_shortcuts/share/rosparam_shortcuts/cmake/rosparam_shortcutsConfig-version.cmake
[6.359s] -- Installing: /home/deepak/ws_moveit/install/rosparam_shortcuts/share/rosparam_shortcuts/package.xml
[6.361s] Invoked command in '/home/deepak/ws_moveit/build/rosparam_shortcuts' returned '0': CMAKE_PREFIX_PATH=${CMAKE_PREFIX_PATH}:/home/deepak/turtlebot3_ws/install/turtlebot3_teleop:/home/deepak/turtlebot3_ws/install/turtlebot3_example:/home/deepak/turtlebot3_ws/install/turtlebot3_autorace_mission:/home/deepak/turtlebot3_ws/install/turtlebot3_autorace_detect:/home/deepak/turtlebot3_ws/install/turtlebot3_autorace_camera:/opt/ros/humble /usr/bin/cmake --install /home/deepak/ws_moveit/build/rosparam_shortcuts
