[0.463s] Invoking command in '/home/deepak/ws_moveit/src/moveit2/moveit_configs_utils': AMENT_PREFIX_PATH=/home/deepak/ws_moveit/install/srdfdom:/home/deepak/ws_moveit/install/launch_param_builder:${AMENT_PREFIX_PATH} CMAKE_PREFIX_PATH=/home/deepak/ws_moveit/install/srdfdom:${CMAKE_PREFIX_PATH} LD_LIBRARY_PATH=/home/deepak/ws_moveit/install/srdfdom/lib:/home/deepak/turtlebot3_ws/install/turtlebot3_msgs/lib:/home/deepak/turtlebot3_ws/install/multirobot_map_merge/lib:/home/deepak/turtlebot3_ws/install/dynamixel_sdk_custom_interfaces/lib:/home/deepak/turtlebot3_ws/install/dynamixel_sdk/lib:/usr/lib/x86_64-linux-gnu/gazebo-11/plugins:/opt/ros/humble/opt/rviz_ogre_vendor/lib:/opt/ros/humble/lib/x86_64-linux-gnu:/opt/ros/humble/lib:/usr/lib/x86_64-linux-gnu/gazebo-11/plugins PYTHONPATH=/home/deepak/ws_moveit/build/moveit_configs_utils/prefix_override:/usr/lib/python3/dist-packages/colcon_core/task/python/colcon_distutils_commands:/home/deepak/ws_moveit/install/moveit_configs_utils/lib/python3.10/site-packages:/home/deepak/ws_moveit/install/srdfdom/local/lib/python3.10/dist-packages:/home/deepak/ws_moveit/install/launch_param_builder/lib/python3.10/site-packages:${PYTHONPATH} /usr/bin/python3 -W ignore:setup.py install is deprecated -W ignore:easy_install command is deprecated setup.py egg_info --egg-base ../../../build/moveit_configs_utils build --build-base /home/deepak/ws_moveit/build/moveit_configs_utils/build install --record /home/deepak/ws_moveit/build/moveit_configs_utils/install.log --single-version-externally-managed install_data
[0.595s] running egg_info
[0.596s] creating ../../../build/moveit_configs_utils/moveit_configs_utils.egg-info
[0.596s] writing ../../../build/moveit_configs_utils/moveit_configs_utils.egg-info/PKG-INFO
[0.596s] writing dependency_links to ../../../build/moveit_configs_utils/moveit_configs_utils.egg-info/dependency_links.txt
[0.596s] writing entry points to ../../../build/moveit_configs_utils/moveit_configs_utils.egg-info/entry_points.txt
[0.596s] writing requirements to ../../../build/moveit_configs_utils/moveit_configs_utils.egg-info/requires.txt
[0.596s] writing top-level names to ../../../build/moveit_configs_utils/moveit_configs_utils.egg-info/top_level.txt
[0.596s] writing manifest file '../../../build/moveit_configs_utils/moveit_configs_utils.egg-info/SOURCES.txt'
[0.598s] reading manifest file '../../../build/moveit_configs_utils/moveit_configs_utils.egg-info/SOURCES.txt'
[0.598s] writing manifest file '../../../build/moveit_configs_utils/moveit_configs_utils.egg-info/SOURCES.txt'
[0.598s] running build
[0.598s] running build_py
[0.598s] creating /home/deepak/ws_moveit/build/moveit_configs_utils/build
[0.599s] creating /home/deepak/ws_moveit/build/moveit_configs_utils/build/lib
[0.599s] creating /home/deepak/ws_moveit/build/moveit_configs_utils/build/lib/moveit_configs_utils
[0.599s] copying moveit_configs_utils/launches.py -> /home/deepak/ws_moveit/build/moveit_configs_utils/build/lib/moveit_configs_utils
[0.599s] copying moveit_configs_utils/__init__.py -> /home/deepak/ws_moveit/build/moveit_configs_utils/build/lib/moveit_configs_utils
[0.600s] copying moveit_configs_utils/launch_utils.py -> /home/deepak/ws_moveit/build/moveit_configs_utils/build/lib/moveit_configs_utils
[0.601s] copying moveit_configs_utils/moveit_configs_builder.py -> /home/deepak/ws_moveit/build/moveit_configs_utils/build/lib/moveit_configs_utils
[0.603s] creating /home/deepak/ws_moveit/build/moveit_configs_utils/build/lib/moveit_configs_utils/substitutions
[0.603s] copying moveit_configs_utils/substitutions/xacro.py -> /home/deepak/ws_moveit/build/moveit_configs_utils/build/lib/moveit_configs_utils/substitutions
[0.603s] copying moveit_configs_utils/substitutions/__init__.py -> /home/deepak/ws_moveit/build/moveit_configs_utils/build/lib/moveit_configs_utils/substitutions
[0.605s] running install
[0.605s] running install_lib
[0.606s] creating /home/deepak/ws_moveit/install/moveit_configs_utils/lib/python3.10/site-packages/moveit_configs_utils
[0.606s] copying /home/deepak/ws_moveit/build/moveit_configs_utils/build/lib/moveit_configs_utils/launches.py -> /home/deepak/ws_moveit/install/moveit_configs_utils/lib/python3.10/site-packages/moveit_configs_utils
[0.606s] copying /home/deepak/ws_moveit/build/moveit_configs_utils/build/lib/moveit_configs_utils/__init__.py -> /home/deepak/ws_moveit/install/moveit_configs_utils/lib/python3.10/site-packages/moveit_configs_utils
[0.606s] creating /home/deepak/ws_moveit/install/moveit_configs_utils/lib/python3.10/site-packages/moveit_configs_utils/substitutions
[0.606s] copying /home/deepak/ws_moveit/build/moveit_configs_utils/build/lib/moveit_configs_utils/substitutions/xacro.py -> /home/deepak/ws_moveit/install/moveit_configs_utils/lib/python3.10/site-packages/moveit_configs_utils/substitutions
[0.606s] copying /home/deepak/ws_moveit/build/moveit_configs_utils/build/lib/moveit_configs_utils/substitutions/__init__.py -> /home/deepak/ws_moveit/install/moveit_configs_utils/lib/python3.10/site-packages/moveit_configs_utils/substitutions
[0.606s] copying /home/deepak/ws_moveit/build/moveit_configs_utils/build/lib/moveit_configs_utils/launch_utils.py -> /home/deepak/ws_moveit/install/moveit_configs_utils/lib/python3.10/site-packages/moveit_configs_utils
[0.606s] copying /home/deepak/ws_moveit/build/moveit_configs_utils/build/lib/moveit_configs_utils/moveit_configs_builder.py -> /home/deepak/ws_moveit/install/moveit_configs_utils/lib/python3.10/site-packages/moveit_configs_utils
[0.607s] byte-compiling /home/deepak/ws_moveit/install/moveit_configs_utils/lib/python3.10/site-packages/moveit_configs_utils/launches.py to launches.cpython-310.pyc
[0.608s] byte-compiling /home/deepak/ws_moveit/install/moveit_configs_utils/lib/python3.10/site-packages/moveit_configs_utils/__init__.py to __init__.cpython-310.pyc
[0.609s] byte-compiling /home/deepak/ws_moveit/install/moveit_configs_utils/lib/python3.10/site-packages/moveit_configs_utils/substitutions/xacro.py to xacro.cpython-310.pyc
[0.609s] byte-compiling /home/deepak/ws_moveit/install/moveit_configs_utils/lib/python3.10/site-packages/moveit_configs_utils/substitutions/__init__.py to __init__.cpython-310.pyc
[0.609s] byte-compiling /home/deepak/ws_moveit/install/moveit_configs_utils/lib/python3.10/site-packages/moveit_configs_utils/launch_utils.py to launch_utils.cpython-310.pyc
[0.610s] byte-compiling /home/deepak/ws_moveit/install/moveit_configs_utils/lib/python3.10/site-packages/moveit_configs_utils/moveit_configs_builder.py to moveit_configs_builder.cpython-310.pyc
[0.612s] running install_data
[0.612s] creating /home/deepak/ws_moveit/install/moveit_configs_utils/share/ament_index
[0.612s] creating /home/deepak/ws_moveit/install/moveit_configs_utils/share/ament_index/resource_index
[0.612s] creating /home/deepak/ws_moveit/install/moveit_configs_utils/share/ament_index/resource_index/packages
[0.612s] copying resource/moveit_configs_utils -> /home/deepak/ws_moveit/install/moveit_configs_utils/share/ament_index/resource_index/packages
[0.612s] copying package.xml -> /home/deepak/ws_moveit/install/moveit_configs_utils/share/moveit_configs_utils
[0.612s] creating /home/deepak/ws_moveit/install/moveit_configs_utils/share/moveit_configs_utils/default_configs
[0.612s] copying default_configs/chomp_planning.yaml -> /home/deepak/ws_moveit/install/moveit_configs_utils/share/moveit_configs_utils/default_configs
[0.613s] copying default_configs/pilz_industrial_motion_planner_planning.yaml -> /home/deepak/ws_moveit/install/moveit_configs_utils/share/moveit_configs_utils/default_configs
[0.613s] copying default_configs/ompl_planning.yaml -> /home/deepak/ws_moveit/install/moveit_configs_utils/share/moveit_configs_utils/default_configs
[0.614s] copying default_configs/ompl_defaults.yaml -> /home/deepak/ws_moveit/install/moveit_configs_utils/share/moveit_configs_utils/default_configs
[0.614s] running install_egg_info
[0.616s] Copying ../../../build/moveit_configs_utils/moveit_configs_utils.egg-info to /home/deepak/ws_moveit/install/moveit_configs_utils/lib/python3.10/site-packages/moveit_configs_utils-2.5.9-py3.10.egg-info
[0.617s] running install_scripts
[0.636s] writing list of installed files to '/home/deepak/ws_moveit/build/moveit_configs_utils/install.log'
[0.663s] Invoked command in '/home/deepak/ws_moveit/src/moveit2/moveit_configs_utils' returned '0': AMENT_PREFIX_PATH=/home/deepak/ws_moveit/install/srdfdom:/home/deepak/ws_moveit/install/launch_param_builder:${AMENT_PREFIX_PATH} CMAKE_PREFIX_PATH=/home/deepak/ws_moveit/install/srdfdom:${CMAKE_PREFIX_PATH} LD_LIBRARY_PATH=/home/deepak/ws_moveit/install/srdfdom/lib:/home/deepak/turtlebot3_ws/install/turtlebot3_msgs/lib:/home/deepak/turtlebot3_ws/install/multirobot_map_merge/lib:/home/deepak/turtlebot3_ws/install/dynamixel_sdk_custom_interfaces/lib:/home/deepak/turtlebot3_ws/install/dynamixel_sdk/lib:/usr/lib/x86_64-linux-gnu/gazebo-11/plugins:/opt/ros/humble/opt/rviz_ogre_vendor/lib:/opt/ros/humble/lib/x86_64-linux-gnu:/opt/ros/humble/lib:/usr/lib/x86_64-linux-gnu/gazebo-11/plugins PYTHONPATH=/home/deepak/ws_moveit/build/moveit_configs_utils/prefix_override:/usr/lib/python3/dist-packages/colcon_core/task/python/colcon_distutils_commands:/home/deepak/ws_moveit/install/moveit_configs_utils/lib/python3.10/site-packages:/home/deepak/ws_moveit/install/srdfdom/local/lib/python3.10/dist-packages:/home/deepak/ws_moveit/install/launch_param_builder/lib/python3.10/site-packages:${PYTHONPATH} /usr/bin/python3 -W ignore:setup.py install is deprecated -W ignore:easy_install command is deprecated setup.py egg_info --egg-base ../../../build/moveit_configs_utils build --build-base /home/deepak/ws_moveit/build/moveit_configs_utils/build install --record /home/deepak/ws_moveit/build/moveit_configs_utils/install.log --single-version-externally-managed install_data
