[0.005s] Invoking command in '/home/remandey/my-programs/rovercore/build/rover_hardware': CMAKE_PREFIX_PATH=/opt/ros/humble /usr/bin/cmake --build /home/remandey/my-programs/rovercore/build/rover_hardware -- -j16 -l16
[0.045s] [ 50%] [32mBuilding CXX object CMakeFiles/rover_hardware.dir/src/rover_can_interface.cpp.o[0m
[2.083s] [100%] [32m[1mLinking CXX shared library librover_hardware.so[0m
[2.198s] [100%] Built target rover_hardware
[2.205s] Invoked command in '/home/remandey/my-programs/rovercore/build/rover_hardware' returned '0': CMAKE_PREFIX_PATH=/opt/ros/humble /usr/bin/cmake --build /home/remandey/my-programs/rovercore/build/rover_hardware -- -j16 -l16
[2.206s] Invoking command in '/home/remandey/my-programs/rovercore/build/rover_hardware': CMAKE_PREFIX_PATH=/opt/ros/humble /usr/bin/cmake --install /home/remandey/my-programs/rovercore/build/rover_hardware
[2.210s] -- Install configuration: ""
[2.210s] -- Installing: /home/remandey/my-programs/rovercore/install/rover_hardware/share/rover_hardware/rover_hardware.xml
[2.210s] -- Installing: /home/remandey/my-programs/rovercore/install/rover_hardware/lib/librover_hardware.so
[2.211s] -- Set runtime path of "/home/remandey/my-programs/rovercore/install/rover_hardware/lib/librover_hardware.so" to ""
[2.211s] -- Installing: /home/remandey/my-programs/rovercore/install/rover_hardware/include
[2.211s] -- Installing: /home/remandey/my-programs/rovercore/install/rover_hardware/include/rover_hardware
[2.211s] -- Installing: /home/remandey/my-programs/rovercore/install/rover_hardware/include/rover_hardware/rover_can_interface.hpp
[2.211s] -- Installing: /home/remandey/my-programs/rovercore/install/rover_hardware/share/rover_hardware/launch
[2.211s] -- Installing: /home/remandey/my-programs/rovercore/install/rover_hardware/share/rover_hardware/launch/bringup.launch.py
[2.211s] -- Installing: /home/remandey/my-programs/rovercore/install/rover_hardware/share/rover_hardware/config
[2.211s] -- Installing: /home/remandey/my-programs/rovercore/install/rover_hardware/share/rover_hardware/config/controllers.yaml
[2.211s] -- Up-to-date: /home/remandey/my-programs/rovercore/install/rover_hardware/share/rover_hardware/rover_hardware.xml
[2.211s] -- Installing: /home/remandey/my-programs/rovercore/install/rover_hardware/share/ament_index/resource_index/package_run_dependencies/rover_hardware
[2.211s] -- Installing: /home/remandey/my-programs/rovercore/install/rover_hardware/share/ament_index/resource_index/parent_prefix_path/rover_hardware
[2.211s] -- Installing: /home/remandey/my-programs/rovercore/install/rover_hardware/share/rover_hardware/environment/ament_prefix_path.sh
[2.211s] -- Installing: /home/remandey/my-programs/rovercore/install/rover_hardware/share/rover_hardware/environment/ament_prefix_path.dsv
[2.211s] -- Installing: /home/remandey/my-programs/rovercore/install/rover_hardware/share/rover_hardware/environment/path.sh
[2.211s] -- Installing: /home/remandey/my-programs/rovercore/install/rover_hardware/share/rover_hardware/environment/path.dsv
[2.211s] -- Installing: /home/remandey/my-programs/rovercore/install/rover_hardware/share/rover_hardware/local_setup.bash
[2.211s] -- Installing: /home/remandey/my-programs/rovercore/install/rover_hardware/share/rover_hardware/local_setup.sh
[2.211s] -- Installing: /home/remandey/my-programs/rovercore/install/rover_hardware/share/rover_hardware/local_setup.zsh
[2.211s] -- Installing: /home/remandey/my-programs/rovercore/install/rover_hardware/share/rover_hardware/local_setup.dsv
[2.211s] -- Installing: /home/remandey/my-programs/rovercore/install/rover_hardware/share/rover_hardware/package.dsv
[2.211s] -- Installing: /home/remandey/my-programs/rovercore/install/rover_hardware/share/ament_index/resource_index/packages/rover_hardware
[2.211s] -- Installing: /home/remandey/my-programs/rovercore/install/rover_hardware/share/ament_index/resource_index/hardware_interface__pluginlib__plugin/rover_hardware
[2.211s] -- Installing: /home/remandey/my-programs/rovercore/install/rover_hardware/share/rover_hardware/cmake/export_rover_hardwareExport.cmake
[2.212s] -- Installing: /home/remandey/my-programs/rovercore/install/rover_hardware/share/rover_hardware/cmake/export_rover_hardwareExport-noconfig.cmake
[2.212s] -- Installing: /home/remandey/my-programs/rovercore/install/rover_hardware/share/rover_hardware/cmake/ament_cmake_export_targets-extras.cmake
[2.212s] -- Installing: /home/remandey/my-programs/rovercore/install/rover_hardware/share/rover_hardware/cmake/ament_cmake_export_dependencies-extras.cmake
[2.212s] -- Installing: /home/remandey/my-programs/rovercore/install/rover_hardware/share/rover_hardware/cmake/rover_hardwareConfig.cmake
[2.212s] -- Installing: /home/remandey/my-programs/rovercore/install/rover_hardware/share/rover_hardware/cmake/rover_hardwareConfig-version.cmake
[2.212s] -- Installing: /home/remandey/my-programs/rovercore/install/rover_hardware/share/rover_hardware/package.xml
[2.213s] Invoked command in '/home/remandey/my-programs/rovercore/build/rover_hardware' returned '0': CMAKE_PREFIX_PATH=/opt/ros/humble /usr/bin/cmake --install /home/remandey/my-programs/rovercore/build/rover_hardware
