-- The C compiler identification is GNU 11.4.0
-- The CXX compiler identification is GNU 11.4.0
-- Detecting C compiler ABI info
-- Detecting C compiler ABI info - done
-- Check for working C compiler: /usr/bin/cc - skipped
-- Detecting C compile features
-- Detecting C compile features - done
-- Detecting CXX compiler ABI info
-- Detecting CXX compiler ABI info - done
-- Check for working CXX compiler: /usr/bin/c++ - skipped
-- Detecting CXX compile features
-- Detecting CXX compile features - done
-- Found ament_cmake: 1.3.14 (/opt/ros/humble/share/ament_cmake/cmake)
-- Found Python3: /usr/bin/python3 (found version "3.10.12") found components: Interpreter 
-- Found hardware_interface: 2.54.0 (/opt/ros/humble/share/hardware_interface/cmake)
-- Found rosidl_generator_c: 3.1.8 (/opt/ros/humble/share/rosidl_generator_c/cmake)
-- Found rosidl_adapter: 3.1.8 (/opt/ros/humble/share/rosidl_adapter/cmake)
-- Found rosidl_generator_cpp: 3.1.8 (/opt/ros/humble/share/rosidl_generator_cpp/cmake)
-- Using all available rosidl_typesupport_c: rosidl_typesupport_fastrtps_c;rosidl_typesupport_introspection_c
-- Using all available rosidl_typesupport_cpp: rosidl_typesupport_fastrtps_cpp;rosidl_typesupport_introspection_cpp
-- Found rmw_implementation_cmake: 6.1.2 (/opt/ros/humble/share/rmw_implementation_cmake/cmake)
-- Found rmw_fastrtps_cpp: 6.2.10 (/opt/ros/humble/share/rmw_fastrtps_cpp/cmake)
-- Found TinyXML2 via Config file: TinyXML2_DIR-NOTFOUND
-- Found OpenSSL: /usr/lib/x86_64-linux-gnu/libcrypto.so (found version "3.0.2")  
-- Found TinyXML2 via Config file: TinyXML2_DIR-NOTFOUND
-- Found FastRTPS: /opt/ros/humble/include  
-- Found TinyXML2 via Config file: TinyXML2_DIR-NOTFOUND
-- Found TinyXML2 via Config file: TinyXML2_DIR-NOTFOUND
-- Using RMW implementation 'rmw_fastrtps_cpp' as default
-- Looking for pthread.h
-- Looking for pthread.h - found
-- Performing Test CMAKE_HAVE_LIBC_PTHREAD
-- Performing Test CMAKE_HAVE_LIBC_PTHREAD - Success
-- Found Threads: TRUE  
-- Configuring done
-- Generating done
-- Build files have been written to: /home/remandey/my-programs/rovercore/build/rover_hardware
[ 50%] [32mBuilding CXX object CMakeFiles/rover_hardware.dir/src/rover_can_interface.cpp.o[0m
[100%] [32m[1mLinking CXX shared library librover_hardware.so[0m
[100%] Built target rover_hardware
-- Install configuration: ""
-- Installing: /home/remandey/my-programs/rovercore/install/rover_hardware/share/rover_hardware/rover_hardware.xml
-- Installing: /home/remandey/my-programs/rovercore/install/rover_hardware/lib/librover_hardware.so
-- Set runtime path of "/home/remandey/my-programs/rovercore/install/rover_hardware/lib/librover_hardware.so" to ""
-- Installing: /home/remandey/my-programs/rovercore/install/rover_hardware/include
-- Installing: /home/remandey/my-programs/rovercore/install/rover_hardware/include/rover_hardware
-- Installing: /home/remandey/my-programs/rovercore/install/rover_hardware/include/rover_hardware/rover_can_interface.hpp
-- Installing: /home/remandey/my-programs/rovercore/install/rover_hardware/share/rover_hardware/launch
-- Installing: /home/remandey/my-programs/rovercore/install/rover_hardware/share/rover_hardware/launch/bringup.launch.py
-- Installing: /home/remandey/my-programs/rovercore/install/rover_hardware/share/rover_hardware/config
-- Installing: /home/remandey/my-programs/rovercore/install/rover_hardware/share/rover_hardware/config/controllers.yaml
-- Up-to-date: /home/remandey/my-programs/rovercore/install/rover_hardware/share/rover_hardware/rover_hardware.xml
-- Installing: /home/remandey/my-programs/rovercore/install/rover_hardware/share/ament_index/resource_index/package_run_dependencies/rover_hardware
-- Installing: /home/remandey/my-programs/rovercore/install/rover_hardware/share/ament_index/resource_index/parent_prefix_path/rover_hardware
-- Installing: /home/remandey/my-programs/rovercore/install/rover_hardware/share/rover_hardware/environment/ament_prefix_path.sh
-- Installing: /home/remandey/my-programs/rovercore/install/rover_hardware/share/rover_hardware/environment/ament_prefix_path.dsv
-- Installing: /home/remandey/my-programs/rovercore/install/rover_hardware/share/rover_hardware/environment/path.sh
-- Installing: /home/remandey/my-programs/rovercore/install/rover_hardware/share/rover_hardware/environment/path.dsv
-- Installing: /home/remandey/my-programs/rovercore/install/rover_hardware/share/rover_hardware/local_setup.bash
-- Installing: /home/remandey/my-programs/rovercore/install/rover_hardware/share/rover_hardware/local_setup.sh
-- Installing: /home/remandey/my-programs/rovercore/install/rover_hardware/share/rover_hardware/local_setup.zsh
-- Installing: /home/remandey/my-programs/rovercore/install/rover_hardware/share/rover_hardware/local_setup.dsv
-- Installing: /home/remandey/my-programs/rovercore/install/rover_hardware/share/rover_hardware/package.dsv
-- Installing: /home/remandey/my-programs/rovercore/install/rover_hardware/share/ament_index/resource_index/packages/rover_hardware
-- Installing: /home/remandey/my-programs/rovercore/install/rover_hardware/share/ament_index/resource_index/hardware_interface__pluginlib__plugin/rover_hardware
-- Installing: /home/remandey/my-programs/rovercore/install/rover_hardware/share/rover_hardware/cmake/export_rover_hardwareExport.cmake
-- Installing: /home/remandey/my-programs/rovercore/install/rover_hardware/share/rover_hardware/cmake/export_rover_hardwareExport-noconfig.cmake
-- Installing: /home/remandey/my-programs/rovercore/install/rover_hardware/share/rover_hardware/cmake/ament_cmake_export_targets-extras.cmake
-- Installing: /home/remandey/my-programs/rovercore/install/rover_hardware/share/rover_hardware/cmake/ament_cmake_export_dependencies-extras.cmake
-- Installing: /home/remandey/my-programs/rovercore/install/rover_hardware/share/rover_hardware/cmake/rover_hardwareConfig.cmake
-- Installing: /home/remandey/my-programs/rovercore/install/rover_hardware/share/rover_hardware/cmake/rover_hardwareConfig-version.cmake
-- Installing: /home/remandey/my-programs/rovercore/install/rover_hardware/share/rover_hardware/package.xml
