[0.005s] Invoking command in '/home/remandey/my-programs/rovercore/build/rover_hardware': CMAKE_PREFIX_PATH=${CMAKE_PREFIX_PATH}:/opt/ros/humble /usr/bin/cmake /home/remandey/my-programs/rovercore/rover_hardware -DCMAKE_INSTALL_PREFIX=/home/remandey/my-programs/rovercore/install/rover_hardware
[0.059s] -- The C compiler identification is GNU 11.4.0
[0.098s] -- The CXX compiler identification is GNU 11.4.0
[0.105s] -- Detecting C compiler ABI info
[0.152s] -- Detecting C compiler ABI info - done
[0.156s] -- Check for working C compiler: /usr/bin/cc - skipped
[0.157s] -- Detecting C compile features
[0.158s] -- Detecting C compile features - done
[0.160s] -- Detecting CXX compiler ABI info
[0.209s] -- Detecting CXX compiler ABI info - done
[0.213s] -- Check for working CXX compiler: /usr/bin/c++ - skipped
[0.213s] -- Detecting CXX compile features
[0.214s] -- Detecting CXX compile features - done
[0.223s] -- Found ament_cmake: 1.3.14 (/opt/ros/humble/share/ament_cmake/cmake)
[0.306s] -- Found Python3: /usr/bin/python3 (found version "3.10.12") found components: Interpreter 
[0.368s] -- Found hardware_interface: 2.54.0 (/opt/ros/humble/share/hardware_interface/cmake)
[0.403s] -- Found rosidl_generator_c: 3.1.8 (/opt/ros/humble/share/rosidl_generator_c/cmake)
[0.407s] -- Found rosidl_adapter: 3.1.8 (/opt/ros/humble/share/rosidl_adapter/cmake)
[0.413s] -- Found rosidl_generator_cpp: 3.1.8 (/opt/ros/humble/share/rosidl_generator_cpp/cmake)
[0.424s] -- Using all available rosidl_typesupport_c: rosidl_typesupport_fastrtps_c;rosidl_typesupport_introspection_c
[0.436s] -- Using all available rosidl_typesupport_cpp: rosidl_typesupport_fastrtps_cpp;rosidl_typesupport_introspection_cpp
[0.594s] -- Found rmw_implementation_cmake: 6.1.2 (/opt/ros/humble/share/rmw_implementation_cmake/cmake)
[0.596s] -- Found rmw_fastrtps_cpp: 6.2.10 (/opt/ros/humble/share/rmw_fastrtps_cpp/cmake)
[0.617s] -- Found TinyXML2 via Config file: TinyXML2_DIR-NOTFOUND
[0.661s] -- Found OpenSSL: /usr/lib/x86_64-linux-gnu/libcrypto.so (found version "3.0.2")  
[0.664s] -- Found TinyXML2 via Config file: TinyXML2_DIR-NOTFOUND
[0.674s] -- Found FastRTPS: /opt/ros/humble/include  
[0.676s] -- Found TinyXML2 via Config file: TinyXML2_DIR-NOTFOUND
[0.682s] -- Found TinyXML2 via Config file: TinyXML2_DIR-NOTFOUND
[0.688s] -- Using RMW implementation 'rmw_fastrtps_cpp' as default
[0.694s] -- Looking for pthread.h
[0.746s] -- Looking for pthread.h - found
[0.746s] -- Performing Test CMAKE_HAVE_LIBC_PTHREAD
[0.796s] -- Performing Test CMAKE_HAVE_LIBC_PTHREAD - Success
[0.797s] -- Found Threads: TRUE  
[0.885s] -- Configuring done
[0.892s] -- Generating done
[0.895s] -- Build files have been written to: /home/remandey/my-programs/rovercore/build/rover_hardware
[0.901s] Invoked command in '/home/remandey/my-programs/rovercore/build/rover_hardware' returned '0': CMAKE_PREFIX_PATH=${CMAKE_PREFIX_PATH}:/opt/ros/humble /usr/bin/cmake /home/remandey/my-programs/rovercore/rover_hardware -DCMAKE_INSTALL_PREFIX=/home/remandey/my-programs/rovercore/install/rover_hardware
[0.902s] Invoking command in '/home/remandey/my-programs/rovercore/build/rover_hardware': CMAKE_PREFIX_PATH=${CMAKE_PREFIX_PATH}:/opt/ros/humble /usr/bin/cmake --build /home/remandey/my-programs/rovercore/build/rover_hardware -- -j16 -l16
[0.936s] [ 50%] [32mBuilding CXX object CMakeFiles/rover_hardware.dir/src/rover_can_interface.cpp.o[0m
[2.794s] [100%] [32m[1mLinking CXX shared library librover_hardware.so[0m
[2.899s] [100%] Built target rover_hardware
[2.905s] Invoked command in '/home/remandey/my-programs/rovercore/build/rover_hardware' returned '0': CMAKE_PREFIX_PATH=${CMAKE_PREFIX_PATH}:/opt/ros/humble /usr/bin/cmake --build /home/remandey/my-programs/rovercore/build/rover_hardware -- -j16 -l16
[2.906s] Invoking command in '/home/remandey/my-programs/rovercore/build/rover_hardware': CMAKE_PREFIX_PATH=${CMAKE_PREFIX_PATH}:/opt/ros/humble /usr/bin/cmake --install /home/remandey/my-programs/rovercore/build/rover_hardware
[2.910s] -- Install configuration: ""
[2.910s] -- Installing: /home/remandey/my-programs/rovercore/install/rover_hardware/share/rover_hardware/rover_hardware.xml
[2.910s] -- Installing: /home/remandey/my-programs/rovercore/install/rover_hardware/lib/librover_hardware.so
[2.911s] -- Set runtime path of "/home/remandey/my-programs/rovercore/install/rover_hardware/lib/librover_hardware.so" to ""
[2.911s] -- Installing: /home/remandey/my-programs/rovercore/install/rover_hardware/include
[2.911s] -- Installing: /home/remandey/my-programs/rovercore/install/rover_hardware/include/rover_hardware
[2.911s] -- Installing: /home/remandey/my-programs/rovercore/install/rover_hardware/include/rover_hardware/rover_can_interface.hpp
[2.911s] -- Installing: /home/remandey/my-programs/rovercore/install/rover_hardware/share/rover_hardware/launch
[2.911s] -- Installing: /home/remandey/my-programs/rovercore/install/rover_hardware/share/rover_hardware/launch/bringup.launch.py
[2.911s] -- Installing: /home/remandey/my-programs/rovercore/install/rover_hardware/share/rover_hardware/config
[2.911s] -- Installing: /home/remandey/my-programs/rovercore/install/rover_hardware/share/rover_hardware/config/controllers.yaml
[2.911s] -- Up-to-date: /home/remandey/my-programs/rovercore/install/rover_hardware/share/rover_hardware/rover_hardware.xml
[2.911s] -- Installing: /home/remandey/my-programs/rovercore/install/rover_hardware/share/ament_index/resource_index/package_run_dependencies/rover_hardware
[2.912s] -- Installing: /home/remandey/my-programs/rovercore/install/rover_hardware/share/ament_index/resource_index/parent_prefix_path/rover_hardware
[2.912s] -- Installing: /home/remandey/my-programs/rovercore/install/rover_hardware/share/rover_hardware/environment/ament_prefix_path.sh
[2.912s] -- Installing: /home/remandey/my-programs/rovercore/install/rover_hardware/share/rover_hardware/environment/ament_prefix_path.dsv
[2.912s] -- Installing: /home/remandey/my-programs/rovercore/install/rover_hardware/share/rover_hardware/environment/path.sh
[2.912s] -- Installing: /home/remandey/my-programs/rovercore/install/rover_hardware/share/rover_hardware/environment/path.dsv
[2.912s] -- Installing: /home/remandey/my-programs/rovercore/install/rover_hardware/share/rover_hardware/local_setup.bash
[2.912s] -- Installing: /home/remandey/my-programs/rovercore/install/rover_hardware/share/rover_hardware/local_setup.sh
[2.912s] -- Installing: /home/remandey/my-programs/rovercore/install/rover_hardware/share/rover_hardware/local_setup.zsh
[2.912s] -- Installing: /home/remandey/my-programs/rovercore/install/rover_hardware/share/rover_hardware/local_setup.dsv
[2.912s] -- Installing: /home/remandey/my-programs/rovercore/install/rover_hardware/share/rover_hardware/package.dsv
[2.912s] -- Installing: /home/remandey/my-programs/rovercore/install/rover_hardware/share/ament_index/resource_index/packages/rover_hardware
[2.912s] -- Installing: /home/remandey/my-programs/rovercore/install/rover_hardware/share/ament_index/resource_index/hardware_interface__pluginlib__plugin/rover_hardware
[2.912s] -- Installing: /home/remandey/my-programs/rovercore/install/rover_hardware/share/rover_hardware/cmake/export_rover_hardwareExport.cmake
[2.912s] -- Installing: /home/remandey/my-programs/rovercore/install/rover_hardware/share/rover_hardware/cmake/export_rover_hardwareExport-noconfig.cmake
[2.912s] -- Installing: /home/remandey/my-programs/rovercore/install/rover_hardware/share/rover_hardware/cmake/ament_cmake_export_targets-extras.cmake
[2.912s] -- Installing: /home/remandey/my-programs/rovercore/install/rover_hardware/share/rover_hardware/cmake/ament_cmake_export_dependencies-extras.cmake
[2.912s] -- Installing: /home/remandey/my-programs/rovercore/install/rover_hardware/share/rover_hardware/cmake/rover_hardwareConfig.cmake
[2.913s] -- Installing: /home/remandey/my-programs/rovercore/install/rover_hardware/share/rover_hardware/cmake/rover_hardwareConfig-version.cmake
[2.913s] -- Installing: /home/remandey/my-programs/rovercore/install/rover_hardware/share/rover_hardware/package.xml
[2.913s] Invoked command in '/home/remandey/my-programs/rovercore/build/rover_hardware' returned '0': CMAKE_PREFIX_PATH=${CMAKE_PREFIX_PATH}:/opt/ros/humble /usr/bin/cmake --install /home/remandey/my-programs/rovercore/build/rover_hardware
