[0.015s] Invoking command in '/home/deepak/rovercore/build/rover_hardware': CMAKE_PREFIX_PATH=${CMAKE_PREFIX_PATH}:/opt/ros/humble /usr/bin/cmake /home/deepak/rovercore/rover_hardware -DCMAKE_INSTALL_PREFIX=/home/deepak/rovercore/install/rover_hardware
[0.094s] -- The C compiler identification is GNU 11.4.0
[0.171s] -- The CXX compiler identification is GNU 11.4.0
[0.181s] -- Detecting C compiler ABI info
[0.286s] -- Detecting C compiler ABI info - done
[0.297s] -- Check for working C compiler: /usr/bin/cc - skipped
[0.297s] -- Detecting C compile features
[0.298s] -- Detecting C compile features - done
[0.302s] -- Detecting CXX compiler ABI info
[0.419s] -- Detecting CXX compiler ABI info - done
[0.430s] -- Check for working CXX compiler: /usr/bin/c++ - skipped
[0.430s] -- Detecting CXX compile features
[0.431s] -- Detecting CXX compile features - done
[0.437s] -- Found ament_cmake: 1.3.14 (/opt/ros/humble/share/ament_cmake/cmake)
[0.666s] -- Found Python3: /usr/bin/python3 (found version "3.10.12") found components: Interpreter 
[0.829s] -- Found hardware_interface: 2.53.1 (/opt/ros/humble/share/hardware_interface/cmake)
[0.913s] -- Found rosidl_generator_c: 3.1.8 (/opt/ros/humble/share/rosidl_generator_c/cmake)
[0.925s] -- Found rosidl_adapter: 3.1.8 (/opt/ros/humble/share/rosidl_adapter/cmake)
[0.942s] -- Found rosidl_generator_cpp: 3.1.8 (/opt/ros/humble/share/rosidl_generator_cpp/cmake)
[0.965s] -- Using all available rosidl_typesupport_c: rosidl_typesupport_fastrtps_c;rosidl_typesupport_introspection_c
[0.996s] -- Using all available rosidl_typesupport_cpp: rosidl_typesupport_fastrtps_cpp;rosidl_typesupport_introspection_cpp
[1.325s] -- Found rmw_implementation_cmake: 6.1.2 (/opt/ros/humble/share/rmw_implementation_cmake/cmake)
[1.331s] -- Found rmw_cyclonedds_cpp: 1.3.4 (/opt/ros/humble/share/rmw_cyclonedds_cpp/cmake)
[1.369s] -- Using RMW implementation 'rmw_cyclonedds_cpp' as default
[1.385s] -- Looking for pthread.h
[1.476s] -- Looking for pthread.h - found
[1.476s] -- Performing Test CMAKE_HAVE_LIBC_PTHREAD
[1.571s] -- Performing Test CMAKE_HAVE_LIBC_PTHREAD - Success
[1.572s] -- Found Threads: TRUE  
[1.734s] -- Configuring done
[1.750s] -- Generating done
[1.755s] -- Build files have been written to: /home/deepak/rovercore/build/rover_hardware
[1.770s] Invoked command in '/home/deepak/rovercore/build/rover_hardware' returned '0': CMAKE_PREFIX_PATH=${CMAKE_PREFIX_PATH}:/opt/ros/humble /usr/bin/cmake /home/deepak/rovercore/rover_hardware -DCMAKE_INSTALL_PREFIX=/home/deepak/rovercore/install/rover_hardware
[1.770s] Invoking command in '/home/deepak/rovercore/build/rover_hardware': CMAKE_PREFIX_PATH=${CMAKE_PREFIX_PATH}:/opt/ros/humble /usr/bin/cmake --build /home/deepak/rovercore/build/rover_hardware -- -j20 -l20
[1.849s] [ 50%] [32mBuilding CXX object CMakeFiles/rover_hardware.dir/src/rover_can_interface.cpp.o[0m
[5.709s] [100%] [32m[1mLinking CXX shared library librover_hardware.so[0m
[5.991s] [100%] Built target rover_hardware
[6.004s] Invoked command in '/home/deepak/rovercore/build/rover_hardware' returned '0': CMAKE_PREFIX_PATH=${CMAKE_PREFIX_PATH}:/opt/ros/humble /usr/bin/cmake --build /home/deepak/rovercore/build/rover_hardware -- -j20 -l20
[6.006s] Invoking command in '/home/deepak/rovercore/build/rover_hardware': CMAKE_PREFIX_PATH=${CMAKE_PREFIX_PATH}:/opt/ros/humble /usr/bin/cmake --install /home/deepak/rovercore/build/rover_hardware
[6.016s] -- Install configuration: ""
[6.016s] -- Installing: /home/deepak/rovercore/install/rover_hardware/share/rover_hardware/rover_hardware.xml
[6.016s] -- Installing: /home/deepak/rovercore/install/rover_hardware/lib/librover_hardware.so
[6.017s] -- Set runtime path of "/home/deepak/rovercore/install/rover_hardware/lib/librover_hardware.so" to ""
[6.017s] -- Installing: /home/deepak/rovercore/install/rover_hardware/include
[6.017s] -- Installing: /home/deepak/rovercore/install/rover_hardware/include/rover_hardware
[6.017s] -- Installing: /home/deepak/rovercore/install/rover_hardware/include/rover_hardware/rover_can_interface.hpp
[6.017s] -- Installing: /home/deepak/rovercore/install/rover_hardware/share/rover_hardware/launch
[6.017s] -- Installing: /home/deepak/rovercore/install/rover_hardware/share/rover_hardware/launch/bringup.launch.py
[6.017s] -- Installing: /home/deepak/rovercore/install/rover_hardware/share/rover_hardware/config
[6.017s] -- Installing: /home/deepak/rovercore/install/rover_hardware/share/rover_hardware/config/controllers.yaml
[6.017s] -- Up-to-date: /home/deepak/rovercore/install/rover_hardware/share/rover_hardware/rover_hardware.xml
[6.017s] -- Installing: /home/deepak/rovercore/install/rover_hardware/share/ament_index/resource_index/package_run_dependencies/rover_hardware
[6.017s] -- Installing: /home/deepak/rovercore/install/rover_hardware/share/ament_index/resource_index/parent_prefix_path/rover_hardware
[6.018s] -- Installing: /home/deepak/rovercore/install/rover_hardware/share/rover_hardware/environment/ament_prefix_path.sh
[6.018s] -- Installing: /home/deepak/rovercore/install/rover_hardware/share/rover_hardware/environment/ament_prefix_path.dsv
[6.018s] -- Installing: /home/deepak/rovercore/install/rover_hardware/share/rover_hardware/environment/path.sh
[6.018s] -- Installing: /home/deepak/rovercore/install/rover_hardware/share/rover_hardware/environment/path.dsv
[6.018s] -- Installing: /home/deepak/rovercore/install/rover_hardware/share/rover_hardware/local_setup.bash
[6.018s] -- Installing: /home/deepak/rovercore/install/rover_hardware/share/rover_hardware/local_setup.sh
[6.018s] -- Installing: /home/deepak/rovercore/install/rover_hardware/share/rover_hardware/local_setup.zsh
[6.018s] -- Installing: /home/deepak/rovercore/install/rover_hardware/share/rover_hardware/local_setup.dsv
[6.018s] -- Installing: /home/deepak/rovercore/install/rover_hardware/share/rover_hardware/package.dsv
[6.018s] -- Installing: /home/deepak/rovercore/install/rover_hardware/share/ament_index/resource_index/packages/rover_hardware
[6.018s] -- Installing: /home/deepak/rovercore/install/rover_hardware/share/ament_index/resource_index/hardware_interface__pluginlib__plugin/rover_hardware
[6.018s] -- Installing: /home/deepak/rovercore/install/rover_hardware/share/rover_hardware/cmake/export_rover_hardwareExport.cmake
[6.019s] -- Installing: /home/deepak/rovercore/install/rover_hardware/share/rover_hardware/cmake/export_rover_hardwareExport-noconfig.cmake
[6.019s] -- Installing: /home/deepak/rovercore/install/rover_hardware/share/rover_hardware/cmake/ament_cmake_export_targets-extras.cmake
[6.019s] -- Installing: /home/deepak/rovercore/install/rover_hardware/share/rover_hardware/cmake/ament_cmake_export_dependencies-extras.cmake
[6.019s] -- Installing: /home/deepak/rovercore/install/rover_hardware/share/rover_hardware/cmake/rover_hardwareConfig.cmake
[6.019s] -- Installing: /home/deepak/rovercore/install/rover_hardware/share/rover_hardware/cmake/rover_hardwareConfig-version.cmake
[6.019s] -- Installing: /home/deepak/rovercore/install/rover_hardware/share/rover_hardware/package.xml
[6.021s] Invoked command in '/home/deepak/rovercore/build/rover_hardware' returned '0': CMAKE_PREFIX_PATH=${CMAKE_PREFIX_PATH}:/opt/ros/humble /usr/bin/cmake --install /home/deepak/rovercore/build/rover_hardware
