-- The CXX compiler identification is GNU 11.4.0
-- Detecting CXX compiler ABI info
-- Detecting CXX compiler ABI info - done
-- Check for working CXX compiler: /usr/bin/c++ - skipped
-- Detecting CXX compile features
-- Detecting CXX compile features - done
-- Found Boost: /usr/lib/x86_64-linux-gnu/cmake/Boost-1.74.0/BoostConfig.cmake (found version "1.74.0")  
-- Found ament_cmake: 1.3.12 (/opt/ros/humble/share/ament_cmake/cmake)
-- Found Python3: /usr/bin/python3 (found version "3.10.12") found components: Interpreter 
-- Found urdf: 2.6.1 (/opt/ros/humble/share/urdf/cmake)
-- Found TinyXML2 via Config file: TinyXML2_DIR-NOTFOUND
-- Configuring done
-- Generating done
-- Build files have been written to: /home/deepak/ws_moveit/build/srdfdom
[ 33%] [32mBuilding CXX object CMakeFiles/srdfdom.dir/src/model.cpp.o[0m
[ 66%] [32mBuilding CXX object CMakeFiles/srdfdom.dir/src/srdf_writer.cpp.o[0m
[ 66%] Built target ament_cmake_python_copy_srdfdom
running egg_info
creating srdfdom.egg-info
writing srdfdom.egg-info/PKG-INFO
writing dependency_links to srdfdom.egg-info/dependency_links.txt
writing top-level names to srdfdom.egg-info/top_level.txt
writing manifest file 'srdfdom.egg-info/SOURCES.txt'
reading manifest file 'srdfdom.egg-info/SOURCES.txt'
writing manifest file 'srdfdom.egg-info/SOURCES.txt'
[ 66%] Built target ament_cmake_python_build_srdfdom_egg
[100%] [32m[1mLinking CXX shared library libsrdfdom.so[0m
[100%] Built target srdfdom
-- Install configuration: ""
-- Installing: /home/deepak/ws_moveit/install/srdfdom/lib/libsrdfdom.so.2.0.8
-- Set runtime path of "/home/deepak/ws_moveit/install/srdfdom/lib/libsrdfdom.so.2.0.8" to ""
-- Installing: /home/deepak/ws_moveit/install/srdfdom/lib/libsrdfdom.so
-- Installing: /home/deepak/ws_moveit/install/srdfdom/include/srdfdom
-- Installing: /home/deepak/ws_moveit/install/srdfdom/include/srdfdom/srdfdom
-- Installing: /home/deepak/ws_moveit/install/srdfdom/include/srdfdom/srdfdom/srdf_writer.h
-- Installing: /home/deepak/ws_moveit/install/srdfdom/include/srdfdom/srdfdom/visibility_control.h
-- Installing: /home/deepak/ws_moveit/install/srdfdom/include/srdfdom/srdfdom/model.h
-- Installing: /home/deepak/ws_moveit/install/srdfdom/lib/srdfdom/display_srdf
-- Installing: /home/deepak/ws_moveit/install/srdfdom/share/srdfdom/environment/pythonpath.sh
-- Installing: /home/deepak/ws_moveit/install/srdfdom/share/srdfdom/environment/pythonpath.dsv
-- Installing: /home/deepak/ws_moveit/install/srdfdom/local/lib/python3.10/dist-packages/srdfdom-2.0.8-py3.10.egg-info
-- Installing: /home/deepak/ws_moveit/install/srdfdom/local/lib/python3.10/dist-packages/srdfdom-2.0.8-py3.10.egg-info/dependency_links.txt
-- Installing: /home/deepak/ws_moveit/install/srdfdom/local/lib/python3.10/dist-packages/srdfdom-2.0.8-py3.10.egg-info/top_level.txt
-- Installing: /home/deepak/ws_moveit/install/srdfdom/local/lib/python3.10/dist-packages/srdfdom-2.0.8-py3.10.egg-info/SOURCES.txt
-- Installing: /home/deepak/ws_moveit/install/srdfdom/local/lib/python3.10/dist-packages/srdfdom-2.0.8-py3.10.egg-info/PKG-INFO
-- Installing: /home/deepak/ws_moveit/install/srdfdom/local/lib/python3.10/dist-packages/srdfdom
-- Installing: /home/deepak/ws_moveit/install/srdfdom/local/lib/python3.10/dist-packages/srdfdom/__init__.py
-- Installing: /home/deepak/ws_moveit/install/srdfdom/local/lib/python3.10/dist-packages/srdfdom/srdf.py
Listing '/home/deepak/ws_moveit/install/srdfdom/local/lib/python3.10/dist-packages/srdfdom'...
Compiling '/home/deepak/ws_moveit/install/srdfdom/local/lib/python3.10/dist-packages/srdfdom/__init__.py'...
Compiling '/home/deepak/ws_moveit/install/srdfdom/local/lib/python3.10/dist-packages/srdfdom/srdf.py'...
-- Installing: /home/deepak/ws_moveit/install/srdfdom/share/srdfdom/environment/library_path.sh
-- Installing: /home/deepak/ws_moveit/install/srdfdom/share/srdfdom/environment/library_path.dsv
-- Installing: /home/deepak/ws_moveit/install/srdfdom/share/ament_index/resource_index/package_run_dependencies/srdfdom
-- Installing: /home/deepak/ws_moveit/install/srdfdom/share/ament_index/resource_index/parent_prefix_path/srdfdom
-- Installing: /home/deepak/ws_moveit/install/srdfdom/share/srdfdom/environment/ament_prefix_path.sh
-- Installing: /home/deepak/ws_moveit/install/srdfdom/share/srdfdom/environment/ament_prefix_path.dsv
-- Installing: /home/deepak/ws_moveit/install/srdfdom/share/srdfdom/environment/path.sh
-- Installing: /home/deepak/ws_moveit/install/srdfdom/share/srdfdom/environment/path.dsv
-- Installing: /home/deepak/ws_moveit/install/srdfdom/share/srdfdom/local_setup.bash
-- Installing: /home/deepak/ws_moveit/install/srdfdom/share/srdfdom/local_setup.sh
-- Installing: /home/deepak/ws_moveit/install/srdfdom/share/srdfdom/local_setup.zsh
-- Installing: /home/deepak/ws_moveit/install/srdfdom/share/srdfdom/local_setup.dsv
-- Installing: /home/deepak/ws_moveit/install/srdfdom/share/srdfdom/package.dsv
-- Installing: /home/deepak/ws_moveit/install/srdfdom/share/ament_index/resource_index/packages/srdfdom
-- Installing: /home/deepak/ws_moveit/install/srdfdom/share/srdfdom/cmake/srdfdomTargetsExport.cmake
-- Installing: /home/deepak/ws_moveit/install/srdfdom/share/srdfdom/cmake/srdfdomTargetsExport-noconfig.cmake
-- Installing: /home/deepak/ws_moveit/install/srdfdom/share/srdfdom/cmake/ament_cmake_export_targets-extras.cmake
-- Installing: /home/deepak/ws_moveit/install/srdfdom/share/srdfdom/cmake/ament_cmake_export_dependencies-extras.cmake
-- Installing: /home/deepak/ws_moveit/install/srdfdom/share/srdfdom/cmake/srdfdomConfig.cmake
-- Installing: /home/deepak/ws_moveit/install/srdfdom/share/srdfdom/cmake/srdfdomConfig-version.cmake
-- Installing: /home/deepak/ws_moveit/install/srdfdom/share/srdfdom/package.xml
