[0.005s] Invoking command in '/home/deepak/ws_moveit/build/srdfdom': CMAKE_PREFIX_PATH=${CMAKE_PREFIX_PATH}:/home/deepak/turtlebot3_ws/install/turtlebot3_teleop:/home/deepak/turtlebot3_ws/install/turtlebot3_example:/home/deepak/turtlebot3_ws/install/turtlebot3_autorace_mission:/home/deepak/turtlebot3_ws/install/turtlebot3_autorace_detect:/home/deepak/turtlebot3_ws/install/turtlebot3_autorace_camera:/opt/ros/humble /usr/bin/cmake /home/deepak/ws_moveit/src/srdfdom -DBUILD_TESTING=OFF -DCMAKE_INSTALL_PREFIX=/home/deepak/ws_moveit/install/srdfdom
[0.050s] -- The CXX compiler identification is GNU 11.4.0
[0.055s] -- Detecting CXX compiler ABI info
[0.109s] -- Detecting CXX compiler ABI info - done
[0.114s] -- Check for working CXX compiler: /usr/bin/c++ - skipped
[0.114s] -- Detecting CXX compile features
[0.114s] -- Detecting CXX compile features - done
[0.121s] -- Found Boost: /usr/lib/x86_64-linux-gnu/cmake/Boost-1.74.0/BoostConfig.cmake (found version "1.74.0")  
[0.127s] -- Found ament_cmake: 1.3.12 (/opt/ros/humble/share/ament_cmake/cmake)
[0.225s] -- Found Python3: /usr/bin/python3 (found version "3.10.12") found components: Interpreter 
[0.285s] -- Found urdf: 2.6.1 (/opt/ros/humble/share/urdf/cmake)
[0.315s] -- Found TinyXML2 via Config file: TinyXML2_DIR-NOTFOUND
[0.369s] -- Configuring done
[0.371s] -- Generating done
[0.373s] -- Build files have been written to: /home/deepak/ws_moveit/build/srdfdom
[0.488s] Invoked command in '/home/deepak/ws_moveit/build/srdfdom' returned '0': CMAKE_PREFIX_PATH=${CMAKE_PREFIX_PATH}:/home/deepak/turtlebot3_ws/install/turtlebot3_teleop:/home/deepak/turtlebot3_ws/install/turtlebot3_example:/home/deepak/turtlebot3_ws/install/turtlebot3_autorace_mission:/home/deepak/turtlebot3_ws/install/turtlebot3_autorace_detect:/home/deepak/turtlebot3_ws/install/turtlebot3_autorace_camera:/opt/ros/humble /usr/bin/cmake /home/deepak/ws_moveit/src/srdfdom -DBUILD_TESTING=OFF -DCMAKE_INSTALL_PREFIX=/home/deepak/ws_moveit/install/srdfdom
[0.489s] Invoking command in '/home/deepak/ws_moveit/build/srdfdom': CMAKE_PREFIX_PATH=${CMAKE_PREFIX_PATH}:/home/deepak/turtlebot3_ws/install/turtlebot3_teleop:/home/deepak/turtlebot3_ws/install/turtlebot3_example:/home/deepak/turtlebot3_ws/install/turtlebot3_autorace_mission:/home/deepak/turtlebot3_ws/install/turtlebot3_autorace_detect:/home/deepak/turtlebot3_ws/install/turtlebot3_autorace_camera:/opt/ros/humble /usr/bin/cmake --build /home/deepak/ws_moveit/build/srdfdom
[0.522s] [ 33%] [32mBuilding CXX object CMakeFiles/srdfdom.dir/src/model.cpp.o[0m
[0.522s] [ 66%] [32mBuilding CXX object CMakeFiles/srdfdom.dir/src/srdf_writer.cpp.o[0m
[0.525s] [ 66%] Built target ament_cmake_python_copy_srdfdom
[0.657s] running egg_info
[0.657s] creating srdfdom.egg-info
[0.658s] writing srdfdom.egg-info/PKG-INFO
[0.658s] writing dependency_links to srdfdom.egg-info/dependency_links.txt
[0.658s] writing top-level names to srdfdom.egg-info/top_level.txt
[0.658s] writing manifest file 'srdfdom.egg-info/SOURCES.txt'
[0.659s] reading manifest file 'srdfdom.egg-info/SOURCES.txt'
[0.659s] writing manifest file 'srdfdom.egg-info/SOURCES.txt'
[0.677s] [ 66%] Built target ament_cmake_python_build_srdfdom_egg
[1.539s] [100%] [32m[1mLinking CXX shared library libsrdfdom.so[0m
[1.622s] [100%] Built target srdfdom
[1.629s] Invoked command in '/home/deepak/ws_moveit/build/srdfdom' returned '0': CMAKE_PREFIX_PATH=${CMAKE_PREFIX_PATH}:/home/deepak/turtlebot3_ws/install/turtlebot3_teleop:/home/deepak/turtlebot3_ws/install/turtlebot3_example:/home/deepak/turtlebot3_ws/install/turtlebot3_autorace_mission:/home/deepak/turtlebot3_ws/install/turtlebot3_autorace_detect:/home/deepak/turtlebot3_ws/install/turtlebot3_autorace_camera:/opt/ros/humble /usr/bin/cmake --build /home/deepak/ws_moveit/build/srdfdom
[1.630s] Invoking command in '/home/deepak/ws_moveit/build/srdfdom': CMAKE_PREFIX_PATH=${CMAKE_PREFIX_PATH}:/home/deepak/turtlebot3_ws/install/turtlebot3_teleop:/home/deepak/turtlebot3_ws/install/turtlebot3_example:/home/deepak/turtlebot3_ws/install/turtlebot3_autorace_mission:/home/deepak/turtlebot3_ws/install/turtlebot3_autorace_detect:/home/deepak/turtlebot3_ws/install/turtlebot3_autorace_camera:/opt/ros/humble /usr/bin/cmake --install /home/deepak/ws_moveit/build/srdfdom
[1.634s] -- Install configuration: ""
[1.634s] -- Installing: /home/deepak/ws_moveit/install/srdfdom/lib/libsrdfdom.so.2.0.8
[1.635s] -- Set runtime path of "/home/deepak/ws_moveit/install/srdfdom/lib/libsrdfdom.so.2.0.8" to ""
[1.635s] -- Installing: /home/deepak/ws_moveit/install/srdfdom/lib/libsrdfdom.so
[1.635s] -- Installing: /home/deepak/ws_moveit/install/srdfdom/include/srdfdom
[1.635s] -- Installing: /home/deepak/ws_moveit/install/srdfdom/include/srdfdom/srdfdom
[1.635s] -- Installing: /home/deepak/ws_moveit/install/srdfdom/include/srdfdom/srdfdom/srdf_writer.h
[1.635s] -- Installing: /home/deepak/ws_moveit/install/srdfdom/include/srdfdom/srdfdom/visibility_control.h
[1.635s] -- Installing: /home/deepak/ws_moveit/install/srdfdom/include/srdfdom/srdfdom/model.h
[1.635s] -- Installing: /home/deepak/ws_moveit/install/srdfdom/lib/srdfdom/display_srdf
[1.636s] -- Installing: /home/deepak/ws_moveit/install/srdfdom/share/srdfdom/environment/pythonpath.sh
[1.636s] -- Installing: /home/deepak/ws_moveit/install/srdfdom/share/srdfdom/environment/pythonpath.dsv
[1.636s] -- Installing: /home/deepak/ws_moveit/install/srdfdom/local/lib/python3.10/dist-packages/srdfdom-2.0.8-py3.10.egg-info
[1.636s] -- Installing: /home/deepak/ws_moveit/install/srdfdom/local/lib/python3.10/dist-packages/srdfdom-2.0.8-py3.10.egg-info/dependency_links.txt
[1.636s] -- Installing: /home/deepak/ws_moveit/install/srdfdom/local/lib/python3.10/dist-packages/srdfdom-2.0.8-py3.10.egg-info/top_level.txt
[1.636s] -- Installing: /home/deepak/ws_moveit/install/srdfdom/local/lib/python3.10/dist-packages/srdfdom-2.0.8-py3.10.egg-info/SOURCES.txt
[1.636s] -- Installing: /home/deepak/ws_moveit/install/srdfdom/local/lib/python3.10/dist-packages/srdfdom-2.0.8-py3.10.egg-info/PKG-INFO
[1.636s] -- Installing: /home/deepak/ws_moveit/install/srdfdom/local/lib/python3.10/dist-packages/srdfdom
[1.636s] -- Installing: /home/deepak/ws_moveit/install/srdfdom/local/lib/python3.10/dist-packages/srdfdom/__init__.py
[1.636s] -- Installing: /home/deepak/ws_moveit/install/srdfdom/local/lib/python3.10/dist-packages/srdfdom/srdf.py
[1.660s] Listing '/home/deepak/ws_moveit/install/srdfdom/local/lib/python3.10/dist-packages/srdfdom'...
[1.660s] Compiling '/home/deepak/ws_moveit/install/srdfdom/local/lib/python3.10/dist-packages/srdfdom/__init__.py'...
[1.660s] Compiling '/home/deepak/ws_moveit/install/srdfdom/local/lib/python3.10/dist-packages/srdfdom/srdf.py'...
[1.663s] -- Installing: /home/deepak/ws_moveit/install/srdfdom/share/srdfdom/environment/library_path.sh
[1.663s] -- Installing: /home/deepak/ws_moveit/install/srdfdom/share/srdfdom/environment/library_path.dsv
[1.663s] -- Installing: /home/deepak/ws_moveit/install/srdfdom/share/ament_index/resource_index/package_run_dependencies/srdfdom
[1.663s] -- Installing: /home/deepak/ws_moveit/install/srdfdom/share/ament_index/resource_index/parent_prefix_path/srdfdom
[1.664s] -- Installing: /home/deepak/ws_moveit/install/srdfdom/share/srdfdom/environment/ament_prefix_path.sh
[1.664s] -- Installing: /home/deepak/ws_moveit/install/srdfdom/share/srdfdom/environment/ament_prefix_path.dsv
[1.664s] -- Installing: /home/deepak/ws_moveit/install/srdfdom/share/srdfdom/environment/path.sh
[1.664s] -- Installing: /home/deepak/ws_moveit/install/srdfdom/share/srdfdom/environment/path.dsv
[1.664s] -- Installing: /home/deepak/ws_moveit/install/srdfdom/share/srdfdom/local_setup.bash
[1.664s] -- Installing: /home/deepak/ws_moveit/install/srdfdom/share/srdfdom/local_setup.sh
[1.664s] -- Installing: /home/deepak/ws_moveit/install/srdfdom/share/srdfdom/local_setup.zsh
[1.664s] -- Installing: /home/deepak/ws_moveit/install/srdfdom/share/srdfdom/local_setup.dsv
[1.664s] -- Installing: /home/deepak/ws_moveit/install/srdfdom/share/srdfdom/package.dsv
[1.664s] -- Installing: /home/deepak/ws_moveit/install/srdfdom/share/ament_index/resource_index/packages/srdfdom
[1.664s] -- Installing: /home/deepak/ws_moveit/install/srdfdom/share/srdfdom/cmake/srdfdomTargetsExport.cmake
[1.664s] -- Installing: /home/deepak/ws_moveit/install/srdfdom/share/srdfdom/cmake/srdfdomTargetsExport-noconfig.cmake
[1.664s] -- Installing: /home/deepak/ws_moveit/install/srdfdom/share/srdfdom/cmake/ament_cmake_export_targets-extras.cmake
[1.664s] -- Installing: /home/deepak/ws_moveit/install/srdfdom/share/srdfdom/cmake/ament_cmake_export_dependencies-extras.cmake
[1.664s] -- Installing: /home/deepak/ws_moveit/install/srdfdom/share/srdfdom/cmake/srdfdomConfig.cmake
[1.664s] -- Installing: /home/deepak/ws_moveit/install/srdfdom/share/srdfdom/cmake/srdfdomConfig-version.cmake
[1.664s] -- Installing: /home/deepak/ws_moveit/install/srdfdom/share/srdfdom/package.xml
[1.666s] Invoked command in '/home/deepak/ws_moveit/build/srdfdom' returned '0': CMAKE_PREFIX_PATH=${CMAKE_PREFIX_PATH}:/home/deepak/turtlebot3_ws/install/turtlebot3_teleop:/home/deepak/turtlebot3_ws/install/turtlebot3_example:/home/deepak/turtlebot3_ws/install/turtlebot3_autorace_mission:/home/deepak/turtlebot3_ws/install/turtlebot3_autorace_detect:/home/deepak/turtlebot3_ws/install/turtlebot3_autorace_camera:/opt/ros/humble /usr/bin/cmake --install /home/deepak/ws_moveit/build/srdfdom
