[0.037s] Invoking command in '/home/deepak/ws_moveit/build/moveit_setup_app_plugins': AMENT_PREFIX_PATH=/home/deepak/ws_moveit/install/moveit_setup_framework:/home/deepak/ws_moveit/install/moveit_ros_visualization:/home/deepak/ws_moveit/install/moveit_ros_planning_interface:/home/deepak/ws_moveit/install/moveit_ros_move_group:/home/deepak/ws_moveit/install/moveit_ros_warehouse:/home/deepak/ws_moveit/install/moveit_ros_robot_interaction:/home/deepak/ws_moveit/install/moveit_planners_ompl:/home/deepak/ws_moveit/install/moveit_kinematics:/home/deepak/ws_moveit/install/moveit_ros_planning:/home/deepak/ws_moveit/install/moveit_simple_controller_manager:/home/deepak/ws_moveit/install/moveit_ros_occupancy_map_monitor:/home/deepak/ws_moveit/install/moveit_core:/home/deepak/ws_moveit/install/moveit_resources_panda_moveit_config:/home/deepak/ws_moveit/install/moveit_resources_fanuc_moveit_config:/home/deepak/ws_moveit/install/moveit_configs_utils:/home/deepak/ws_moveit/install/srdfdom:/home/deepak/ws_moveit/install/moveit_resources_pr2_description:/home/deepak/ws_moveit/install/moveit_resources_panda_description:/home/deepak/ws_moveit/install/moveit_resources_fanuc_description:/home/deepak/ws_moveit/install/moveit_common:/home/deepak/ws_moveit/install/launch_param_builder:${AMENT_PREFIX_PATH} CMAKE_PREFIX_PATH=/home/deepak/ws_moveit/install/moveit_setup_framework:/home/deepak/ws_moveit/install/moveit_ros_visualization:/home/deepak/ws_moveit/install/moveit_ros_planning_interface:/home/deepak/ws_moveit/install/moveit_ros_move_group:/home/deepak/ws_moveit/install/moveit_ros_warehouse:/home/deepak/ws_moveit/install/moveit_ros_robot_interaction:/home/deepak/ws_moveit/install/moveit_planners_ompl:/home/deepak/ws_moveit/install/moveit_kinematics:/home/deepak/ws_moveit/install/moveit_ros_planning:/home/deepak/ws_moveit/install/moveit_simple_controller_manager:/home/deepak/ws_moveit/install/moveit_ros_occupancy_map_monitor:/home/deepak/ws_moveit/install/moveit_core:/home/deepak/ws_moveit/install/moveit_resources_panda_moveit_config:/home/deepak/ws_moveit/install/moveit_resources_fanuc_moveit_config:/home/deepak/ws_moveit/install/srdfdom:/home/deepak/ws_moveit/install/moveit_resources_pr2_description:/home/deepak/ws_moveit/install/moveit_resources_panda_description:/home/deepak/ws_moveit/install/moveit_resources_fanuc_description:/home/deepak/ws_moveit/install/moveit_common:/home/deepak/turtlebot3_ws/install/turtlebot3:/home/deepak/turtlebot3_ws/install/turtlebot3_simulations:/home/deepak/turtlebot3_ws/install/turtlebot3_bringup:/home/deepak/turtlebot3_ws/install/turtlebot3_node:/home/deepak/turtlebot3_ws/install/turtlebot3_navigation2:/home/deepak/turtlebot3_ws/install/turtlebot3_fake_node:/home/deepak/turtlebot3_ws/install/turtlebot3_msgs:/home/deepak/turtlebot3_ws/install/turtlebot3_manipulation_gazebo:/home/deepak/turtlebot3_ws/install/turtlebot3_gazebo:/home/deepak/turtlebot3_ws/install/turtlebot3_description:/home/deepak/turtlebot3_ws/install/turtlebot3_cartographer:/home/deepak/turtlebot3_ws/install/turtlebot3_autorace:/home/deepak/turtlebot3_ws/install/multirobot_map_merge:/home/deepak/turtlebot3_ws/install/explore_lite:/home/deepak/turtlebot3_ws/install/dynamixel_sdk_examples:/home/deepak/turtlebot3_ws/install/dynamixel_sdk_custom_interfaces:/home/deepak/turtlebot3_ws/install/dynamixel_sdk:/home/deepak/turtlebot3_ws/install/turtlebot3_teleop:/home/deepak/turtlebot3_ws/install/turtlebot3_example:/home/deepak/turtlebot3_ws/install/turtlebot3_autorace_mission:/home/deepak/turtlebot3_ws/install/turtlebot3_autorace_detect:/home/deepak/turtlebot3_ws/install/turtlebot3_autorace_camera:/opt/ros/humble LD_LIBRARY_PATH=/home/deepak/ws_moveit/install/moveit_setup_framework/lib:/home/deepak/ws_moveit/install/moveit_ros_visualization/lib:/home/deepak/ws_moveit/install/moveit_ros_planning_interface/lib:/home/deepak/ws_moveit/install/moveit_ros_move_group/lib:/home/deepak/ws_moveit/install/moveit_ros_warehouse/lib:/home/deepak/ws_moveit/install/moveit_ros_robot_interaction/lib:/home/deepak/ws_moveit/install/moveit_planners_ompl/lib:/home/deepak/ws_moveit/install/moveit_kinematics/lib:/home/deepak/ws_moveit/install/moveit_ros_planning/lib:/home/deepak/ws_moveit/install/moveit_simple_controller_manager/lib:/home/deepak/ws_moveit/install/moveit_ros_occupancy_map_monitor/lib:/home/deepak/ws_moveit/install/moveit_core/lib:/home/deepak/ws_moveit/install/srdfdom/lib:/home/deepak/turtlebot3_ws/install/turtlebot3_msgs/lib:/home/deepak/turtlebot3_ws/install/multirobot_map_merge/lib:/home/deepak/turtlebot3_ws/install/dynamixel_sdk_custom_interfaces/lib:/home/deepak/turtlebot3_ws/install/dynamixel_sdk/lib:/usr/lib/x86_64-linux-gnu/gazebo-11/plugins:/opt/ros/humble/opt/rviz_ogre_vendor/lib:/opt/ros/humble/lib/x86_64-linux-gnu:/opt/ros/humble/lib:/usr/lib/x86_64-linux-gnu/gazebo-11/plugins PATH=/home/deepak/ws_moveit/install/moveit_core/bin:${PATH} PYTHONPATH=/home/deepak/ws_moveit/install/moveit_configs_utils/lib/python3.10/site-packages:/home/deepak/ws_moveit/install/srdfdom/local/lib/python3.10/dist-packages:/home/deepak/ws_moveit/install/launch_param_builder/lib/python3.10/site-packages:${PYTHONPATH} /usr/bin/cmake /home/deepak/ws_moveit/src/moveit2/moveit_setup_assistant/moveit_setup_app_plugins -DBUILD_TESTING=OFF -DCMAKE_INSTALL_PREFIX=/home/deepak/ws_moveit/install/moveit_setup_app_plugins
[0.082s] -- The C compiler identification is GNU 11.4.0
[0.121s] -- The CXX compiler identification is GNU 11.4.0
[0.127s] -- Detecting C compiler ABI info
[0.189s] -- Detecting C compiler ABI info - done
[0.193s] -- Check for working C compiler: /usr/bin/cc - skipped
[0.193s] -- Detecting C compile features
[0.193s] -- Detecting C compile features - done
[0.195s] -- Detecting CXX compiler ABI info
[0.257s] -- Detecting CXX compiler ABI info - done
[0.263s] -- Check for working CXX compiler: /usr/bin/c++ - skipped
[0.263s] -- Detecting CXX compile features
[0.264s] -- Detecting CXX compile features - done
[0.266s] -- Found moveit_common: 2.5.9 (/home/deepak/ws_moveit/install/moveit_common/share/moveit_common/cmake)
[0.271s] -- Found ament_cmake: 1.3.12 (/opt/ros/humble/share/ament_cmake/cmake)
[0.400s] -- Found Python3: /usr/bin/python3 (found version "3.10.12") found components: Interpreter 
[0.525s] [0mmoveit_setup_app_plugins: You did not request a specific build type: Choosing 'Release' for maximum performance[0m
[0.527s] -- Found ament_cmake_ros: 0.10.0 (/opt/ros/humble/share/ament_cmake_ros/cmake)
[0.537s] -- Found ament_index_cpp: 1.4.0 (/opt/ros/humble/share/ament_index_cpp/cmake)
[0.537s] -- Found moveit_ros_visualization: 2.5.9 (/home/deepak/ws_moveit/install/moveit_ros_visualization/share/moveit_ros_visualization/cmake)
[0.713s] -- Found Boost: /usr/lib/x86_64-linux-gnu/cmake/Boost-1.74.0/BoostConfig.cmake (found version "1.74.0") found components: thread date_time system filesystem 
[0.738s] -- Found Boost: /usr/lib/x86_64-linux-gnu/cmake/Boost-1.74.0/BoostConfig.cmake (found version "1.74.0") found components: filesystem 
[0.779s] -- Found rosidl_generator_c: 3.1.8 (/opt/ros/humble/share/rosidl_generator_c/cmake)
[0.785s] -- Found rosidl_adapter: 3.1.8 (/opt/ros/humble/share/rosidl_adapter/cmake)
[0.792s] -- Found rosidl_generator_cpp: 3.1.8 (/opt/ros/humble/share/rosidl_generator_cpp/cmake)
[0.803s] -- Using all available rosidl_typesupport_c: rosidl_typesupport_fastrtps_c;rosidl_typesupport_introspection_c
[0.814s] -- Using all available rosidl_typesupport_cpp: rosidl_typesupport_fastrtps_cpp;rosidl_typesupport_introspection_cpp
[0.880s] -- Found rmw_implementation_cmake: 6.1.2 (/opt/ros/humble/share/rmw_implementation_cmake/cmake)
[0.884s] -- Found rmw_fastrtps_cpp: 6.2.9 (/opt/ros/humble/share/rmw_fastrtps_cpp/cmake)
[0.959s] -- Found OpenSSL: /usr/lib/x86_64-linux-gnu/libcrypto.so (found version "3.0.2")  
[0.979s] -- Found FastRTPS: /opt/ros/humble/include  
[1.013s] -- Using RMW implementation 'rmw_fastrtps_cpp' as default
[1.024s] -- Found Threads: TRUE  
[1.119s] -- library: /usr/lib/x86_64-linux-gnu/libcurl.so
[1.172s] -- Found Boost: /usr/lib/x86_64-linux-gnu/cmake/Boost-1.74.0/BoostConfig.cmake (found version "1.74.0") found components: system filesystem date_time program_options thread chrono 
[1.279s] -- Found Boost: /usr/lib/x86_64-linux-gnu/cmake/Boost-1.74.0/BoostConfig.cmake (found version "1.74.0") found components: chrono date_time filesystem iostreams program_options regex serialization system thread 
[1.307s] -- Found parameter_traits: 0.6.0 (/opt/ros/humble/share/parameter_traits/cmake)
[1.320s] -- Found rclcpp_lifecycle: 16.0.17 (/opt/ros/humble/share/rclcpp_lifecycle/cmake)
[1.344s] -- Found Eigen3: TRUE (found version "3.4.0") 
[1.344s] -- Ensuring Eigen3 include directory is part of orocos-kdl CMake target
[1.436s] -- Found Boost: /usr/lib/x86_64-linux-gnu/cmake/Boost-1.74.0/BoostConfig.cmake (found version "1.74.0") found components: date_time filesystem program_options system thread 
[1.445s] -- Found Boost: /usr/lib/x86_64-linux-gnu/cmake/Boost-1.74.0/BoostConfig.cmake (found version "1.74.0") found components: thread system filesystem regex date_time program_options 
[1.459s] -- Found Boost: /usr/lib/x86_64-linux-gnu/cmake/Boost-1.74.0/BoostConfig.cmake (found version "1.74.0") found components: system filesystem date_time program_options thread 
[1.497s] -- Setting OGRE_DIR to: '/opt/ros/humble/share/rviz_ogre_vendor/cmake/../../../opt/rviz_ogre_vendor/lib/OGRE/cmake'
[1.498s] -- Found OGRE
[1.498s] --   static     : OFF
[1.498s] --   components : HLMS;MeshLodGenerator;Overlay;Paging;Property;RTShaderSystem;Terrain;Volume
[1.498s] --   plugins    : Plugin_BSPSceneManager;Plugin_OctreeSceneManager;Plugin_PCZSceneManager;Plugin_ParticleFX;RenderSystem_GL;RenderSystem_GL3Plus;Codec_STBI
[1.498s] --   media      : /opt/ros/humble/opt/rviz_ogre_vendor/share/OGRE/Media
[1.498s] -- OGRE_LIBRARIES: OgreHLMS;OgreMeshLodGenerator;OgreOverlay;OgrePaging;OgreProperty;OgreRTShaderSystem;OgreTerrain;OgreVolume;OgreMain
[1.498s] -- OGRE_LIBRARY_DIRS: /opt/ros/humble/opt/rviz_ogre_vendor/lib
[1.498s] -- OGRE_PLUGINS: Plugin_BSPSceneManager;Plugin_OctreeSceneManager;Plugin_PCZSceneManager;Plugin_ParticleFX;RenderSystem_GL;RenderSystem_GL3Plus;Codec_STBI
[1.498s] -- OGRE_PLUGIN_DIR: /opt/ros/humble/opt/rviz_ogre_vendor/lib/OGRE
[1.498s] -- rviz_ogre_vendor::OgreOverlay for IMPORTED_LOCATION_RELEASE: /opt/ros/humble/opt/rviz_ogre_vendor/lib/libOgreOverlay.so
[1.498s] -- rviz_ogre_vendor::OgreOverlay for IMPORTED_LOCATION_DEBUG: /opt/ros/humble/opt/rviz_ogre_vendor/lib/libOgreOverlay.so
[1.498s] -- rviz_ogre_vendor::OgreMain for IMPORTED_LOCATION_RELEASE: /opt/ros/humble/opt/rviz_ogre_vendor/lib/libOgreMain.so
[1.498s] -- rviz_ogre_vendor::OgreMain for IMPORTED_LOCATION_DEBUG: /opt/ros/humble/opt/rviz_ogre_vendor/lib/libOgreMain.so
[1.512s] -- Found ZLIB: /usr/lib/x86_64-linux-gnu/libz.so (found version "1.2.11") 
[1.517s] -- Found OpenGL: /usr/lib/x86_64-linux-gnu/libOpenGL.so   
[1.599s] -- Found X11: /usr/include   
[1.599s] -- Looking for XOpenDisplay in /usr/lib/x86_64-linux-gnu/libX11.so;/usr/lib/x86_64-linux-gnu/libXext.so
[1.672s] -- Looking for XOpenDisplay in /usr/lib/x86_64-linux-gnu/libX11.so;/usr/lib/x86_64-linux-gnu/libXext.so - found
[1.672s] -- Looking for gethostbyname
[1.744s] -- Looking for gethostbyname - found
[1.744s] -- Looking for connect
[1.819s] -- Looking for connect - found
[1.819s] -- Looking for remove
[1.894s] -- Looking for remove - found
[1.894s] -- Looking for shmat
[1.968s] -- Looking for shmat - found
[1.968s] -- Looking for IceConnectionNumber in ICE
[2.042s] -- Looking for IceConnectionNumber in ICE - found
[2.062s] -- Setting assimp_DIR to: '/opt/ros/humble/share/rviz_assimp_vendor/cmake/../../../opt/rviz_assimp_vendor/lib/cmake/assimp-4.1'
[2.122s] -- Found moveit_setup_framework: 2.5.9 (/home/deepak/ws_moveit/install/moveit_setup_framework/share/moveit_setup_framework/cmake)
[2.137s] -- Configuring done
[2.176s] -- Generating done
[2.181s] -- Build files have been written to: /home/deepak/ws_moveit/build/moveit_setup_app_plugins
[2.193s] Invoked command in '/home/deepak/ws_moveit/build/moveit_setup_app_plugins' returned '0': AMENT_PREFIX_PATH=/home/deepak/ws_moveit/install/moveit_setup_framework:/home/deepak/ws_moveit/install/moveit_ros_visualization:/home/deepak/ws_moveit/install/moveit_ros_planning_interface:/home/deepak/ws_moveit/install/moveit_ros_move_group:/home/deepak/ws_moveit/install/moveit_ros_warehouse:/home/deepak/ws_moveit/install/moveit_ros_robot_interaction:/home/deepak/ws_moveit/install/moveit_planners_ompl:/home/deepak/ws_moveit/install/moveit_kinematics:/home/deepak/ws_moveit/install/moveit_ros_planning:/home/deepak/ws_moveit/install/moveit_simple_controller_manager:/home/deepak/ws_moveit/install/moveit_ros_occupancy_map_monitor:/home/deepak/ws_moveit/install/moveit_core:/home/deepak/ws_moveit/install/moveit_resources_panda_moveit_config:/home/deepak/ws_moveit/install/moveit_resources_fanuc_moveit_config:/home/deepak/ws_moveit/install/moveit_configs_utils:/home/deepak/ws_moveit/install/srdfdom:/home/deepak/ws_moveit/install/moveit_resources_pr2_description:/home/deepak/ws_moveit/install/moveit_resources_panda_description:/home/deepak/ws_moveit/install/moveit_resources_fanuc_description:/home/deepak/ws_moveit/install/moveit_common:/home/deepak/ws_moveit/install/launch_param_builder:${AMENT_PREFIX_PATH} CMAKE_PREFIX_PATH=/home/deepak/ws_moveit/install/moveit_setup_framework:/home/deepak/ws_moveit/install/moveit_ros_visualization:/home/deepak/ws_moveit/install/moveit_ros_planning_interface:/home/deepak/ws_moveit/install/moveit_ros_move_group:/home/deepak/ws_moveit/install/moveit_ros_warehouse:/home/deepak/ws_moveit/install/moveit_ros_robot_interaction:/home/deepak/ws_moveit/install/moveit_planners_ompl:/home/deepak/ws_moveit/install/moveit_kinematics:/home/deepak/ws_moveit/install/moveit_ros_planning:/home/deepak/ws_moveit/install/moveit_simple_controller_manager:/home/deepak/ws_moveit/install/moveit_ros_occupancy_map_monitor:/home/deepak/ws_moveit/install/moveit_core:/home/deepak/ws_moveit/install/moveit_resources_panda_moveit_config:/home/deepak/ws_moveit/install/moveit_resources_fanuc_moveit_config:/home/deepak/ws_moveit/install/srdfdom:/home/deepak/ws_moveit/install/moveit_resources_pr2_description:/home/deepak/ws_moveit/install/moveit_resources_panda_description:/home/deepak/ws_moveit/install/moveit_resources_fanuc_description:/home/deepak/ws_moveit/install/moveit_common:/home/deepak/turtlebot3_ws/install/turtlebot3:/home/deepak/turtlebot3_ws/install/turtlebot3_simulations:/home/deepak/turtlebot3_ws/install/turtlebot3_bringup:/home/deepak/turtlebot3_ws/install/turtlebot3_node:/home/deepak/turtlebot3_ws/install/turtlebot3_navigation2:/home/deepak/turtlebot3_ws/install/turtlebot3_fake_node:/home/deepak/turtlebot3_ws/install/turtlebot3_msgs:/home/deepak/turtlebot3_ws/install/turtlebot3_manipulation_gazebo:/home/deepak/turtlebot3_ws/install/turtlebot3_gazebo:/home/deepak/turtlebot3_ws/install/turtlebot3_description:/home/deepak/turtlebot3_ws/install/turtlebot3_cartographer:/home/deepak/turtlebot3_ws/install/turtlebot3_autorace:/home/deepak/turtlebot3_ws/install/multirobot_map_merge:/home/deepak/turtlebot3_ws/install/explore_lite:/home/deepak/turtlebot3_ws/install/dynamixel_sdk_examples:/home/deepak/turtlebot3_ws/install/dynamixel_sdk_custom_interfaces:/home/deepak/turtlebot3_ws/install/dynamixel_sdk:/home/deepak/turtlebot3_ws/install/turtlebot3_teleop:/home/deepak/turtlebot3_ws/install/turtlebot3_example:/home/deepak/turtlebot3_ws/install/turtlebot3_autorace_mission:/home/deepak/turtlebot3_ws/install/turtlebot3_autorace_detect:/home/deepak/turtlebot3_ws/install/turtlebot3_autorace_camera:/opt/ros/humble LD_LIBRARY_PATH=/home/deepak/ws_moveit/install/moveit_setup_framework/lib:/home/deepak/ws_moveit/install/moveit_ros_visualization/lib:/home/deepak/ws_moveit/install/moveit_ros_planning_interface/lib:/home/deepak/ws_moveit/install/moveit_ros_move_group/lib:/home/deepak/ws_moveit/install/moveit_ros_warehouse/lib:/home/deepak/ws_moveit/install/moveit_ros_robot_interaction/lib:/home/deepak/ws_moveit/install/moveit_planners_ompl/lib:/home/deepak/ws_moveit/install/moveit_kinematics/lib:/home/deepak/ws_moveit/install/moveit_ros_planning/lib:/home/deepak/ws_moveit/install/moveit_simple_controller_manager/lib:/home/deepak/ws_moveit/install/moveit_ros_occupancy_map_monitor/lib:/home/deepak/ws_moveit/install/moveit_core/lib:/home/deepak/ws_moveit/install/srdfdom/lib:/home/deepak/turtlebot3_ws/install/turtlebot3_msgs/lib:/home/deepak/turtlebot3_ws/install/multirobot_map_merge/lib:/home/deepak/turtlebot3_ws/install/dynamixel_sdk_custom_interfaces/lib:/home/deepak/turtlebot3_ws/install/dynamixel_sdk/lib:/usr/lib/x86_64-linux-gnu/gazebo-11/plugins:/opt/ros/humble/opt/rviz_ogre_vendor/lib:/opt/ros/humble/lib/x86_64-linux-gnu:/opt/ros/humble/lib:/usr/lib/x86_64-linux-gnu/gazebo-11/plugins PATH=/home/deepak/ws_moveit/install/moveit_core/bin:${PATH} PYTHONPATH=/home/deepak/ws_moveit/install/moveit_configs_utils/lib/python3.10/site-packages:/home/deepak/ws_moveit/install/srdfdom/local/lib/python3.10/dist-packages:/home/deepak/ws_moveit/install/launch_param_builder/lib/python3.10/site-packages:${PYTHONPATH} /usr/bin/cmake /home/deepak/ws_moveit/src/moveit2/moveit_setup_assistant/moveit_setup_app_plugins -DBUILD_TESTING=OFF -DCMAKE_INSTALL_PREFIX=/home/deepak/ws_moveit/install/moveit_setup_app_plugins
[2.194s] Invoking command in '/home/deepak/ws_moveit/build/moveit_setup_app_plugins': AMENT_PREFIX_PATH=/home/deepak/ws_moveit/install/moveit_setup_framework:/home/deepak/ws_moveit/install/moveit_ros_visualization:/home/deepak/ws_moveit/install/moveit_ros_planning_interface:/home/deepak/ws_moveit/install/moveit_ros_move_group:/home/deepak/ws_moveit/install/moveit_ros_warehouse:/home/deepak/ws_moveit/install/moveit_ros_robot_interaction:/home/deepak/ws_moveit/install/moveit_planners_ompl:/home/deepak/ws_moveit/install/moveit_kinematics:/home/deepak/ws_moveit/install/moveit_ros_planning:/home/deepak/ws_moveit/install/moveit_simple_controller_manager:/home/deepak/ws_moveit/install/moveit_ros_occupancy_map_monitor:/home/deepak/ws_moveit/install/moveit_core:/home/deepak/ws_moveit/install/moveit_resources_panda_moveit_config:/home/deepak/ws_moveit/install/moveit_resources_fanuc_moveit_config:/home/deepak/ws_moveit/install/moveit_configs_utils:/home/deepak/ws_moveit/install/srdfdom:/home/deepak/ws_moveit/install/moveit_resources_pr2_description:/home/deepak/ws_moveit/install/moveit_resources_panda_description:/home/deepak/ws_moveit/install/moveit_resources_fanuc_description:/home/deepak/ws_moveit/install/moveit_common:/home/deepak/ws_moveit/install/launch_param_builder:${AMENT_PREFIX_PATH} CMAKE_PREFIX_PATH=/home/deepak/ws_moveit/install/moveit_setup_framework:/home/deepak/ws_moveit/install/moveit_ros_visualization:/home/deepak/ws_moveit/install/moveit_ros_planning_interface:/home/deepak/ws_moveit/install/moveit_ros_move_group:/home/deepak/ws_moveit/install/moveit_ros_warehouse:/home/deepak/ws_moveit/install/moveit_ros_robot_interaction:/home/deepak/ws_moveit/install/moveit_planners_ompl:/home/deepak/ws_moveit/install/moveit_kinematics:/home/deepak/ws_moveit/install/moveit_ros_planning:/home/deepak/ws_moveit/install/moveit_simple_controller_manager:/home/deepak/ws_moveit/install/moveit_ros_occupancy_map_monitor:/home/deepak/ws_moveit/install/moveit_core:/home/deepak/ws_moveit/install/moveit_resources_panda_moveit_config:/home/deepak/ws_moveit/install/moveit_resources_fanuc_moveit_config:/home/deepak/ws_moveit/install/srdfdom:/home/deepak/ws_moveit/install/moveit_resources_pr2_description:/home/deepak/ws_moveit/install/moveit_resources_panda_description:/home/deepak/ws_moveit/install/moveit_resources_fanuc_description:/home/deepak/ws_moveit/install/moveit_common:/home/deepak/turtlebot3_ws/install/turtlebot3:/home/deepak/turtlebot3_ws/install/turtlebot3_simulations:/home/deepak/turtlebot3_ws/install/turtlebot3_bringup:/home/deepak/turtlebot3_ws/install/turtlebot3_node:/home/deepak/turtlebot3_ws/install/turtlebot3_navigation2:/home/deepak/turtlebot3_ws/install/turtlebot3_fake_node:/home/deepak/turtlebot3_ws/install/turtlebot3_msgs:/home/deepak/turtlebot3_ws/install/turtlebot3_manipulation_gazebo:/home/deepak/turtlebot3_ws/install/turtlebot3_gazebo:/home/deepak/turtlebot3_ws/install/turtlebot3_description:/home/deepak/turtlebot3_ws/install/turtlebot3_cartographer:/home/deepak/turtlebot3_ws/install/turtlebot3_autorace:/home/deepak/turtlebot3_ws/install/multirobot_map_merge:/home/deepak/turtlebot3_ws/install/explore_lite:/home/deepak/turtlebot3_ws/install/dynamixel_sdk_examples:/home/deepak/turtlebot3_ws/install/dynamixel_sdk_custom_interfaces:/home/deepak/turtlebot3_ws/install/dynamixel_sdk:/home/deepak/turtlebot3_ws/install/turtlebot3_teleop:/home/deepak/turtlebot3_ws/install/turtlebot3_example:/home/deepak/turtlebot3_ws/install/turtlebot3_autorace_mission:/home/deepak/turtlebot3_ws/install/turtlebot3_autorace_detect:/home/deepak/turtlebot3_ws/install/turtlebot3_autorace_camera:/opt/ros/humble LD_LIBRARY_PATH=/home/deepak/ws_moveit/install/moveit_setup_framework/lib:/home/deepak/ws_moveit/install/moveit_ros_visualization/lib:/home/deepak/ws_moveit/install/moveit_ros_planning_interface/lib:/home/deepak/ws_moveit/install/moveit_ros_move_group/lib:/home/deepak/ws_moveit/install/moveit_ros_warehouse/lib:/home/deepak/ws_moveit/install/moveit_ros_robot_interaction/lib:/home/deepak/ws_moveit/install/moveit_planners_ompl/lib:/home/deepak/ws_moveit/install/moveit_kinematics/lib:/home/deepak/ws_moveit/install/moveit_ros_planning/lib:/home/deepak/ws_moveit/install/moveit_simple_controller_manager/lib:/home/deepak/ws_moveit/install/moveit_ros_occupancy_map_monitor/lib:/home/deepak/ws_moveit/install/moveit_core/lib:/home/deepak/ws_moveit/install/srdfdom/lib:/home/deepak/turtlebot3_ws/install/turtlebot3_msgs/lib:/home/deepak/turtlebot3_ws/install/multirobot_map_merge/lib:/home/deepak/turtlebot3_ws/install/dynamixel_sdk_custom_interfaces/lib:/home/deepak/turtlebot3_ws/install/dynamixel_sdk/lib:/usr/lib/x86_64-linux-gnu/gazebo-11/plugins:/opt/ros/humble/opt/rviz_ogre_vendor/lib:/opt/ros/humble/lib/x86_64-linux-gnu:/opt/ros/humble/lib:/usr/lib/x86_64-linux-gnu/gazebo-11/plugins PATH=/home/deepak/ws_moveit/install/moveit_core/bin:${PATH} PYTHONPATH=/home/deepak/ws_moveit/install/moveit_configs_utils/lib/python3.10/site-packages:/home/deepak/ws_moveit/install/srdfdom/local/lib/python3.10/dist-packages:/home/deepak/ws_moveit/install/launch_param_builder/lib/python3.10/site-packages:${PYTHONPATH} /usr/bin/cmake --build /home/deepak/ws_moveit/build/moveit_setup_app_plugins
[2.244s] [  7%] [34m[1mAutomatic MOC for target moveit_setup_app_plugins[0m
[2.274s] [  7%] Built target moveit_setup_app_plugins_autogen
[2.282s] [ 23%] [34m[1mGenerating include/moveit_setup_app_plugins/moc_launches_widget.cpp[0m
[2.282s] [ 23%] [34m[1mGenerating include/moveit_setup_app_plugins/moc_perception_widget.cpp[0m
[2.301s] [ 30%] [32mBuilding CXX object CMakeFiles/moveit_setup_app_plugins.dir/src/launches.cpp.o[0m
[2.304s] [ 46%] [32mBuilding CXX object CMakeFiles/moveit_setup_app_plugins.dir/moveit_setup_app_plugins_autogen/mocs_compilation.cpp.o[0m
[2.304s] [ 46%] [32mBuilding CXX object CMakeFiles/moveit_setup_app_plugins.dir/src/launches_widget.cpp.o[0m
[2.323s] [ 53%] [32mBuilding CXX object CMakeFiles/moveit_setup_app_plugins.dir/src/launches_config.cpp.o[0m
[4.184s] [ 61%] [32mBuilding CXX object CMakeFiles/moveit_setup_app_plugins.dir/src/perception_config.cpp.o[0m
[5.634s] [ 69%] [32mBuilding CXX object CMakeFiles/moveit_setup_app_plugins.dir/src/perception.cpp.o[0m
[6.852s] [ 76%] [32mBuilding CXX object CMakeFiles/moveit_setup_app_plugins.dir/src/perception_widget.cpp.o[0m
[7.823s] [ 84%] [32mBuilding CXX object CMakeFiles/moveit_setup_app_plugins.dir/include/moveit_setup_app_plugins/moc_launches_widget.cpp.o[0m
[9.382s] [ 92%] [32mBuilding CXX object CMakeFiles/moveit_setup_app_plugins.dir/include/moveit_setup_app_plugins/moc_perception_widget.cpp.o[0m
[16.270s] [100%] [32m[1mLinking CXX shared library libmoveit_setup_app_plugins.so[0m
[16.693s] [100%] Built target moveit_setup_app_plugins
[16.703s] Invoked command in '/home/deepak/ws_moveit/build/moveit_setup_app_plugins' returned '0': AMENT_PREFIX_PATH=/home/deepak/ws_moveit/install/moveit_setup_framework:/home/deepak/ws_moveit/install/moveit_ros_visualization:/home/deepak/ws_moveit/install/moveit_ros_planning_interface:/home/deepak/ws_moveit/install/moveit_ros_move_group:/home/deepak/ws_moveit/install/moveit_ros_warehouse:/home/deepak/ws_moveit/install/moveit_ros_robot_interaction:/home/deepak/ws_moveit/install/moveit_planners_ompl:/home/deepak/ws_moveit/install/moveit_kinematics:/home/deepak/ws_moveit/install/moveit_ros_planning:/home/deepak/ws_moveit/install/moveit_simple_controller_manager:/home/deepak/ws_moveit/install/moveit_ros_occupancy_map_monitor:/home/deepak/ws_moveit/install/moveit_core:/home/deepak/ws_moveit/install/moveit_resources_panda_moveit_config:/home/deepak/ws_moveit/install/moveit_resources_fanuc_moveit_config:/home/deepak/ws_moveit/install/moveit_configs_utils:/home/deepak/ws_moveit/install/srdfdom:/home/deepak/ws_moveit/install/moveit_resources_pr2_description:/home/deepak/ws_moveit/install/moveit_resources_panda_description:/home/deepak/ws_moveit/install/moveit_resources_fanuc_description:/home/deepak/ws_moveit/install/moveit_common:/home/deepak/ws_moveit/install/launch_param_builder:${AMENT_PREFIX_PATH} CMAKE_PREFIX_PATH=/home/deepak/ws_moveit/install/moveit_setup_framework:/home/deepak/ws_moveit/install/moveit_ros_visualization:/home/deepak/ws_moveit/install/moveit_ros_planning_interface:/home/deepak/ws_moveit/install/moveit_ros_move_group:/home/deepak/ws_moveit/install/moveit_ros_warehouse:/home/deepak/ws_moveit/install/moveit_ros_robot_interaction:/home/deepak/ws_moveit/install/moveit_planners_ompl:/home/deepak/ws_moveit/install/moveit_kinematics:/home/deepak/ws_moveit/install/moveit_ros_planning:/home/deepak/ws_moveit/install/moveit_simple_controller_manager:/home/deepak/ws_moveit/install/moveit_ros_occupancy_map_monitor:/home/deepak/ws_moveit/install/moveit_core:/home/deepak/ws_moveit/install/moveit_resources_panda_moveit_config:/home/deepak/ws_moveit/install/moveit_resources_fanuc_moveit_config:/home/deepak/ws_moveit/install/srdfdom:/home/deepak/ws_moveit/install/moveit_resources_pr2_description:/home/deepak/ws_moveit/install/moveit_resources_panda_description:/home/deepak/ws_moveit/install/moveit_resources_fanuc_description:/home/deepak/ws_moveit/install/moveit_common:/home/deepak/turtlebot3_ws/install/turtlebot3:/home/deepak/turtlebot3_ws/install/turtlebot3_simulations:/home/deepak/turtlebot3_ws/install/turtlebot3_bringup:/home/deepak/turtlebot3_ws/install/turtlebot3_node:/home/deepak/turtlebot3_ws/install/turtlebot3_navigation2:/home/deepak/turtlebot3_ws/install/turtlebot3_fake_node:/home/deepak/turtlebot3_ws/install/turtlebot3_msgs:/home/deepak/turtlebot3_ws/install/turtlebot3_manipulation_gazebo:/home/deepak/turtlebot3_ws/install/turtlebot3_gazebo:/home/deepak/turtlebot3_ws/install/turtlebot3_description:/home/deepak/turtlebot3_ws/install/turtlebot3_cartographer:/home/deepak/turtlebot3_ws/install/turtlebot3_autorace:/home/deepak/turtlebot3_ws/install/multirobot_map_merge:/home/deepak/turtlebot3_ws/install/explore_lite:/home/deepak/turtlebot3_ws/install/dynamixel_sdk_examples:/home/deepak/turtlebot3_ws/install/dynamixel_sdk_custom_interfaces:/home/deepak/turtlebot3_ws/install/dynamixel_sdk:/home/deepak/turtlebot3_ws/install/turtlebot3_teleop:/home/deepak/turtlebot3_ws/install/turtlebot3_example:/home/deepak/turtlebot3_ws/install/turtlebot3_autorace_mission:/home/deepak/turtlebot3_ws/install/turtlebot3_autorace_detect:/home/deepak/turtlebot3_ws/install/turtlebot3_autorace_camera:/opt/ros/humble LD_LIBRARY_PATH=/home/deepak/ws_moveit/install/moveit_setup_framework/lib:/home/deepak/ws_moveit/install/moveit_ros_visualization/lib:/home/deepak/ws_moveit/install/moveit_ros_planning_interface/lib:/home/deepak/ws_moveit/install/moveit_ros_move_group/lib:/home/deepak/ws_moveit/install/moveit_ros_warehouse/lib:/home/deepak/ws_moveit/install/moveit_ros_robot_interaction/lib:/home/deepak/ws_moveit/install/moveit_planners_ompl/lib:/home/deepak/ws_moveit/install/moveit_kinematics/lib:/home/deepak/ws_moveit/install/moveit_ros_planning/lib:/home/deepak/ws_moveit/install/moveit_simple_controller_manager/lib:/home/deepak/ws_moveit/install/moveit_ros_occupancy_map_monitor/lib:/home/deepak/ws_moveit/install/moveit_core/lib:/home/deepak/ws_moveit/install/srdfdom/lib:/home/deepak/turtlebot3_ws/install/turtlebot3_msgs/lib:/home/deepak/turtlebot3_ws/install/multirobot_map_merge/lib:/home/deepak/turtlebot3_ws/install/dynamixel_sdk_custom_interfaces/lib:/home/deepak/turtlebot3_ws/install/dynamixel_sdk/lib:/usr/lib/x86_64-linux-gnu/gazebo-11/plugins:/opt/ros/humble/opt/rviz_ogre_vendor/lib:/opt/ros/humble/lib/x86_64-linux-gnu:/opt/ros/humble/lib:/usr/lib/x86_64-linux-gnu/gazebo-11/plugins PATH=/home/deepak/ws_moveit/install/moveit_core/bin:${PATH} PYTHONPATH=/home/deepak/ws_moveit/install/moveit_configs_utils/lib/python3.10/site-packages:/home/deepak/ws_moveit/install/srdfdom/local/lib/python3.10/dist-packages:/home/deepak/ws_moveit/install/launch_param_builder/lib/python3.10/site-packages:${PYTHONPATH} /usr/bin/cmake --build /home/deepak/ws_moveit/build/moveit_setup_app_plugins
[16.705s] Invoking command in '/home/deepak/ws_moveit/build/moveit_setup_app_plugins': AMENT_PREFIX_PATH=/home/deepak/ws_moveit/install/moveit_setup_framework:/home/deepak/ws_moveit/install/moveit_ros_visualization:/home/deepak/ws_moveit/install/moveit_ros_planning_interface:/home/deepak/ws_moveit/install/moveit_ros_move_group:/home/deepak/ws_moveit/install/moveit_ros_warehouse:/home/deepak/ws_moveit/install/moveit_ros_robot_interaction:/home/deepak/ws_moveit/install/moveit_planners_ompl:/home/deepak/ws_moveit/install/moveit_kinematics:/home/deepak/ws_moveit/install/moveit_ros_planning:/home/deepak/ws_moveit/install/moveit_simple_controller_manager:/home/deepak/ws_moveit/install/moveit_ros_occupancy_map_monitor:/home/deepak/ws_moveit/install/moveit_core:/home/deepak/ws_moveit/install/moveit_resources_panda_moveit_config:/home/deepak/ws_moveit/install/moveit_resources_fanuc_moveit_config:/home/deepak/ws_moveit/install/moveit_configs_utils:/home/deepak/ws_moveit/install/srdfdom:/home/deepak/ws_moveit/install/moveit_resources_pr2_description:/home/deepak/ws_moveit/install/moveit_resources_panda_description:/home/deepak/ws_moveit/install/moveit_resources_fanuc_description:/home/deepak/ws_moveit/install/moveit_common:/home/deepak/ws_moveit/install/launch_param_builder:${AMENT_PREFIX_PATH} CMAKE_PREFIX_PATH=/home/deepak/ws_moveit/install/moveit_setup_framework:/home/deepak/ws_moveit/install/moveit_ros_visualization:/home/deepak/ws_moveit/install/moveit_ros_planning_interface:/home/deepak/ws_moveit/install/moveit_ros_move_group:/home/deepak/ws_moveit/install/moveit_ros_warehouse:/home/deepak/ws_moveit/install/moveit_ros_robot_interaction:/home/deepak/ws_moveit/install/moveit_planners_ompl:/home/deepak/ws_moveit/install/moveit_kinematics:/home/deepak/ws_moveit/install/moveit_ros_planning:/home/deepak/ws_moveit/install/moveit_simple_controller_manager:/home/deepak/ws_moveit/install/moveit_ros_occupancy_map_monitor:/home/deepak/ws_moveit/install/moveit_core:/home/deepak/ws_moveit/install/moveit_resources_panda_moveit_config:/home/deepak/ws_moveit/install/moveit_resources_fanuc_moveit_config:/home/deepak/ws_moveit/install/srdfdom:/home/deepak/ws_moveit/install/moveit_resources_pr2_description:/home/deepak/ws_moveit/install/moveit_resources_panda_description:/home/deepak/ws_moveit/install/moveit_resources_fanuc_description:/home/deepak/ws_moveit/install/moveit_common:/home/deepak/turtlebot3_ws/install/turtlebot3:/home/deepak/turtlebot3_ws/install/turtlebot3_simulations:/home/deepak/turtlebot3_ws/install/turtlebot3_bringup:/home/deepak/turtlebot3_ws/install/turtlebot3_node:/home/deepak/turtlebot3_ws/install/turtlebot3_navigation2:/home/deepak/turtlebot3_ws/install/turtlebot3_fake_node:/home/deepak/turtlebot3_ws/install/turtlebot3_msgs:/home/deepak/turtlebot3_ws/install/turtlebot3_manipulation_gazebo:/home/deepak/turtlebot3_ws/install/turtlebot3_gazebo:/home/deepak/turtlebot3_ws/install/turtlebot3_description:/home/deepak/turtlebot3_ws/install/turtlebot3_cartographer:/home/deepak/turtlebot3_ws/install/turtlebot3_autorace:/home/deepak/turtlebot3_ws/install/multirobot_map_merge:/home/deepak/turtlebot3_ws/install/explore_lite:/home/deepak/turtlebot3_ws/install/dynamixel_sdk_examples:/home/deepak/turtlebot3_ws/install/dynamixel_sdk_custom_interfaces:/home/deepak/turtlebot3_ws/install/dynamixel_sdk:/home/deepak/turtlebot3_ws/install/turtlebot3_teleop:/home/deepak/turtlebot3_ws/install/turtlebot3_example:/home/deepak/turtlebot3_ws/install/turtlebot3_autorace_mission:/home/deepak/turtlebot3_ws/install/turtlebot3_autorace_detect:/home/deepak/turtlebot3_ws/install/turtlebot3_autorace_camera:/opt/ros/humble LD_LIBRARY_PATH=/home/deepak/ws_moveit/install/moveit_setup_framework/lib:/home/deepak/ws_moveit/install/moveit_ros_visualization/lib:/home/deepak/ws_moveit/install/moveit_ros_planning_interface/lib:/home/deepak/ws_moveit/install/moveit_ros_move_group/lib:/home/deepak/ws_moveit/install/moveit_ros_warehouse/lib:/home/deepak/ws_moveit/install/moveit_ros_robot_interaction/lib:/home/deepak/ws_moveit/install/moveit_planners_ompl/lib:/home/deepak/ws_moveit/install/moveit_kinematics/lib:/home/deepak/ws_moveit/install/moveit_ros_planning/lib:/home/deepak/ws_moveit/install/moveit_simple_controller_manager/lib:/home/deepak/ws_moveit/install/moveit_ros_occupancy_map_monitor/lib:/home/deepak/ws_moveit/install/moveit_core/lib:/home/deepak/ws_moveit/install/srdfdom/lib:/home/deepak/turtlebot3_ws/install/turtlebot3_msgs/lib:/home/deepak/turtlebot3_ws/install/multirobot_map_merge/lib:/home/deepak/turtlebot3_ws/install/dynamixel_sdk_custom_interfaces/lib:/home/deepak/turtlebot3_ws/install/dynamixel_sdk/lib:/usr/lib/x86_64-linux-gnu/gazebo-11/plugins:/opt/ros/humble/opt/rviz_ogre_vendor/lib:/opt/ros/humble/lib/x86_64-linux-gnu:/opt/ros/humble/lib:/usr/lib/x86_64-linux-gnu/gazebo-11/plugins PATH=/home/deepak/ws_moveit/install/moveit_core/bin:${PATH} PYTHONPATH=/home/deepak/ws_moveit/install/moveit_configs_utils/lib/python3.10/site-packages:/home/deepak/ws_moveit/install/srdfdom/local/lib/python3.10/dist-packages:/home/deepak/ws_moveit/install/launch_param_builder/lib/python3.10/site-packages:${PYTHONPATH} /usr/bin/cmake --install /home/deepak/ws_moveit/build/moveit_setup_app_plugins
[16.710s] -- Install configuration: "Release"
[16.710s] -- Installing: /home/deepak/ws_moveit/install/moveit_setup_app_plugins/share/moveit_setup_app_plugins/templates
[16.712s] -- Installing: /home/deepak/ws_moveit/install/moveit_setup_app_plugins/share/moveit_setup_app_plugins/templates/launch
[16.712s] -- Installing: /home/deepak/ws_moveit/install/moveit_setup_app_plugins/share/moveit_setup_app_plugins/templates/launch/generic.launch.py.template
[16.712s] -- Installing: /home/deepak/ws_moveit/install/moveit_setup_app_plugins/share/moveit_setup_app_plugins/templates/config
[16.712s] -- Installing: /home/deepak/ws_moveit/install/moveit_setup_app_plugins/share/moveit_setup_app_plugins/templates/config/sensors_3d.yaml
[16.712s] -- Installing: /home/deepak/ws_moveit/install/moveit_setup_app_plugins/share/moveit_setup_app_plugins/templates/config/moveit.rviz
[16.712s] -- Installing: /home/deepak/ws_moveit/install/moveit_setup_app_plugins/lib/libmoveit_setup_app_plugins.so
[16.712s] -- Set runtime path of "/home/deepak/ws_moveit/install/moveit_setup_app_plugins/lib/libmoveit_setup_app_plugins.so" to ""
[16.712s] -- Installing: /home/deepak/ws_moveit/install/moveit_setup_app_plugins/share/moveit_setup_app_plugins/moveit_setup_framework_plugins.xml
[16.712s] -- Installing: /home/deepak/ws_moveit/install/moveit_setup_app_plugins/include
[16.713s] -- Installing: /home/deepak/ws_moveit/install/moveit_setup_app_plugins/include/moveit_setup_app_plugins
[16.713s] -- Installing: /home/deepak/ws_moveit/install/moveit_setup_app_plugins/include/moveit_setup_app_plugins/launches_widget.hpp
[16.713s] -- Installing: /home/deepak/ws_moveit/install/moveit_setup_app_plugins/include/moveit_setup_app_plugins/perception_widget.hpp
[16.713s] -- Installing: /home/deepak/ws_moveit/install/moveit_setup_app_plugins/include/moveit_setup_app_plugins/launch_bundle.hpp
[16.713s] -- Installing: /home/deepak/ws_moveit/install/moveit_setup_app_plugins/include/moveit_setup_app_plugins/perception.hpp
[16.713s] -- Installing: /home/deepak/ws_moveit/install/moveit_setup_app_plugins/include/moveit_setup_app_plugins/perception_config.hpp
[16.713s] -- Installing: /home/deepak/ws_moveit/install/moveit_setup_app_plugins/include/moveit_setup_app_plugins/launches.hpp
[16.713s] -- Installing: /home/deepak/ws_moveit/install/moveit_setup_app_plugins/include/moveit_setup_app_plugins/launches_config.hpp
[16.713s] -- Installing: /home/deepak/ws_moveit/install/moveit_setup_app_plugins/share/moveit_setup_app_plugins/environment/library_path.sh
[16.713s] -- Installing: /home/deepak/ws_moveit/install/moveit_setup_app_plugins/share/moveit_setup_app_plugins/environment/library_path.dsv
[16.713s] -- Up-to-date: /home/deepak/ws_moveit/install/moveit_setup_app_plugins/share/moveit_setup_app_plugins/moveit_setup_framework_plugins.xml
[16.713s] -- Installing: /home/deepak/ws_moveit/install/moveit_setup_app_plugins/share/ament_index/resource_index/package_run_dependencies/moveit_setup_app_plugins
[16.713s] -- Installing: /home/deepak/ws_moveit/install/moveit_setup_app_plugins/share/ament_index/resource_index/parent_prefix_path/moveit_setup_app_plugins
[16.713s] -- Installing: /home/deepak/ws_moveit/install/moveit_setup_app_plugins/share/moveit_setup_app_plugins/environment/ament_prefix_path.sh
[16.713s] -- Installing: /home/deepak/ws_moveit/install/moveit_setup_app_plugins/share/moveit_setup_app_plugins/environment/ament_prefix_path.dsv
[16.713s] -- Installing: /home/deepak/ws_moveit/install/moveit_setup_app_plugins/share/moveit_setup_app_plugins/environment/path.sh
[16.713s] -- Installing: /home/deepak/ws_moveit/install/moveit_setup_app_plugins/share/moveit_setup_app_plugins/environment/path.dsv
[16.714s] -- Installing: /home/deepak/ws_moveit/install/moveit_setup_app_plugins/share/moveit_setup_app_plugins/local_setup.bash
[16.714s] -- Installing: /home/deepak/ws_moveit/install/moveit_setup_app_plugins/share/moveit_setup_app_plugins/local_setup.sh
[16.714s] -- Installing: /home/deepak/ws_moveit/install/moveit_setup_app_plugins/share/moveit_setup_app_plugins/local_setup.zsh
[16.714s] -- Installing: /home/deepak/ws_moveit/install/moveit_setup_app_plugins/share/moveit_setup_app_plugins/local_setup.dsv
[16.714s] -- Installing: /home/deepak/ws_moveit/install/moveit_setup_app_plugins/share/moveit_setup_app_plugins/package.dsv
[16.714s] -- Installing: /home/deepak/ws_moveit/install/moveit_setup_app_plugins/share/ament_index/resource_index/packages/moveit_setup_app_plugins
[16.714s] -- Installing: /home/deepak/ws_moveit/install/moveit_setup_app_plugins/share/ament_index/resource_index/moveit_setup_framework__pluginlib__plugin/moveit_setup_app_plugins
[16.714s] -- Installing: /home/deepak/ws_moveit/install/moveit_setup_app_plugins/share/moveit_setup_app_plugins/cmake/export_moveit_setup_app_pluginsExport.cmake
[16.714s] -- Installing: /home/deepak/ws_moveit/install/moveit_setup_app_plugins/share/moveit_setup_app_plugins/cmake/export_moveit_setup_app_pluginsExport-release.cmake
[16.714s] -- Installing: /home/deepak/ws_moveit/install/moveit_setup_app_plugins/share/moveit_setup_app_plugins/cmake/ament_cmake_export_include_directories-extras.cmake
[16.714s] -- Installing: /home/deepak/ws_moveit/install/moveit_setup_app_plugins/share/moveit_setup_app_plugins/cmake/ament_cmake_export_libraries-extras.cmake
[16.714s] -- Installing: /home/deepak/ws_moveit/install/moveit_setup_app_plugins/share/moveit_setup_app_plugins/cmake/ament_cmake_export_targets-extras.cmake
[16.714s] -- Installing: /home/deepak/ws_moveit/install/moveit_setup_app_plugins/share/moveit_setup_app_plugins/cmake/moveit_setup_app_pluginsConfig.cmake
[16.714s] -- Installing: /home/deepak/ws_moveit/install/moveit_setup_app_plugins/share/moveit_setup_app_plugins/cmake/moveit_setup_app_pluginsConfig-version.cmake
[16.714s] -- Installing: /home/deepak/ws_moveit/install/moveit_setup_app_plugins/share/moveit_setup_app_plugins/package.xml
[16.716s] Invoked command in '/home/deepak/ws_moveit/build/moveit_setup_app_plugins' returned '0': AMENT_PREFIX_PATH=/home/deepak/ws_moveit/install/moveit_setup_framework:/home/deepak/ws_moveit/install/moveit_ros_visualization:/home/deepak/ws_moveit/install/moveit_ros_planning_interface:/home/deepak/ws_moveit/install/moveit_ros_move_group:/home/deepak/ws_moveit/install/moveit_ros_warehouse:/home/deepak/ws_moveit/install/moveit_ros_robot_interaction:/home/deepak/ws_moveit/install/moveit_planners_ompl:/home/deepak/ws_moveit/install/moveit_kinematics:/home/deepak/ws_moveit/install/moveit_ros_planning:/home/deepak/ws_moveit/install/moveit_simple_controller_manager:/home/deepak/ws_moveit/install/moveit_ros_occupancy_map_monitor:/home/deepak/ws_moveit/install/moveit_core:/home/deepak/ws_moveit/install/moveit_resources_panda_moveit_config:/home/deepak/ws_moveit/install/moveit_resources_fanuc_moveit_config:/home/deepak/ws_moveit/install/moveit_configs_utils:/home/deepak/ws_moveit/install/srdfdom:/home/deepak/ws_moveit/install/moveit_resources_pr2_description:/home/deepak/ws_moveit/install/moveit_resources_panda_description:/home/deepak/ws_moveit/install/moveit_resources_fanuc_description:/home/deepak/ws_moveit/install/moveit_common:/home/deepak/ws_moveit/install/launch_param_builder:${AMENT_PREFIX_PATH} CMAKE_PREFIX_PATH=/home/deepak/ws_moveit/install/moveit_setup_framework:/home/deepak/ws_moveit/install/moveit_ros_visualization:/home/deepak/ws_moveit/install/moveit_ros_planning_interface:/home/deepak/ws_moveit/install/moveit_ros_move_group:/home/deepak/ws_moveit/install/moveit_ros_warehouse:/home/deepak/ws_moveit/install/moveit_ros_robot_interaction:/home/deepak/ws_moveit/install/moveit_planners_ompl:/home/deepak/ws_moveit/install/moveit_kinematics:/home/deepak/ws_moveit/install/moveit_ros_planning:/home/deepak/ws_moveit/install/moveit_simple_controller_manager:/home/deepak/ws_moveit/install/moveit_ros_occupancy_map_monitor:/home/deepak/ws_moveit/install/moveit_core:/home/deepak/ws_moveit/install/moveit_resources_panda_moveit_config:/home/deepak/ws_moveit/install/moveit_resources_fanuc_moveit_config:/home/deepak/ws_moveit/install/srdfdom:/home/deepak/ws_moveit/install/moveit_resources_pr2_description:/home/deepak/ws_moveit/install/moveit_resources_panda_description:/home/deepak/ws_moveit/install/moveit_resources_fanuc_description:/home/deepak/ws_moveit/install/moveit_common:/home/deepak/turtlebot3_ws/install/turtlebot3:/home/deepak/turtlebot3_ws/install/turtlebot3_simulations:/home/deepak/turtlebot3_ws/install/turtlebot3_bringup:/home/deepak/turtlebot3_ws/install/turtlebot3_node:/home/deepak/turtlebot3_ws/install/turtlebot3_navigation2:/home/deepak/turtlebot3_ws/install/turtlebot3_fake_node:/home/deepak/turtlebot3_ws/install/turtlebot3_msgs:/home/deepak/turtlebot3_ws/install/turtlebot3_manipulation_gazebo:/home/deepak/turtlebot3_ws/install/turtlebot3_gazebo:/home/deepak/turtlebot3_ws/install/turtlebot3_description:/home/deepak/turtlebot3_ws/install/turtlebot3_cartographer:/home/deepak/turtlebot3_ws/install/turtlebot3_autorace:/home/deepak/turtlebot3_ws/install/multirobot_map_merge:/home/deepak/turtlebot3_ws/install/explore_lite:/home/deepak/turtlebot3_ws/install/dynamixel_sdk_examples:/home/deepak/turtlebot3_ws/install/dynamixel_sdk_custom_interfaces:/home/deepak/turtlebot3_ws/install/dynamixel_sdk:/home/deepak/turtlebot3_ws/install/turtlebot3_teleop:/home/deepak/turtlebot3_ws/install/turtlebot3_example:/home/deepak/turtlebot3_ws/install/turtlebot3_autorace_mission:/home/deepak/turtlebot3_ws/install/turtlebot3_autorace_detect:/home/deepak/turtlebot3_ws/install/turtlebot3_autorace_camera:/opt/ros/humble LD_LIBRARY_PATH=/home/deepak/ws_moveit/install/moveit_setup_framework/lib:/home/deepak/ws_moveit/install/moveit_ros_visualization/lib:/home/deepak/ws_moveit/install/moveit_ros_planning_interface/lib:/home/deepak/ws_moveit/install/moveit_ros_move_group/lib:/home/deepak/ws_moveit/install/moveit_ros_warehouse/lib:/home/deepak/ws_moveit/install/moveit_ros_robot_interaction/lib:/home/deepak/ws_moveit/install/moveit_planners_ompl/lib:/home/deepak/ws_moveit/install/moveit_kinematics/lib:/home/deepak/ws_moveit/install/moveit_ros_planning/lib:/home/deepak/ws_moveit/install/moveit_simple_controller_manager/lib:/home/deepak/ws_moveit/install/moveit_ros_occupancy_map_monitor/lib:/home/deepak/ws_moveit/install/moveit_core/lib:/home/deepak/ws_moveit/install/srdfdom/lib:/home/deepak/turtlebot3_ws/install/turtlebot3_msgs/lib:/home/deepak/turtlebot3_ws/install/multirobot_map_merge/lib:/home/deepak/turtlebot3_ws/install/dynamixel_sdk_custom_interfaces/lib:/home/deepak/turtlebot3_ws/install/dynamixel_sdk/lib:/usr/lib/x86_64-linux-gnu/gazebo-11/plugins:/opt/ros/humble/opt/rviz_ogre_vendor/lib:/opt/ros/humble/lib/x86_64-linux-gnu:/opt/ros/humble/lib:/usr/lib/x86_64-linux-gnu/gazebo-11/plugins PATH=/home/deepak/ws_moveit/install/moveit_core/bin:${PATH} PYTHONPATH=/home/deepak/ws_moveit/install/moveit_configs_utils/lib/python3.10/site-packages:/home/deepak/ws_moveit/install/srdfdom/local/lib/python3.10/dist-packages:/home/deepak/ws_moveit/install/launch_param_builder/lib/python3.10/site-packages:${PYTHONPATH} /usr/bin/cmake --install /home/deepak/ws_moveit/build/moveit_setup_app_plugins
