[0.330s] Invoking command in '/home/deepak/ws_moveit/src/launch_param_builder': PYTHONPATH=/home/deepak/ws_moveit/build/launch_param_builder/prefix_override:/usr/lib/python3/dist-packages/colcon_core/task/python/colcon_distutils_commands:/home/deepak/ws_moveit/install/launch_param_builder/lib/python3.10/site-packages:${PYTHONPATH} /usr/bin/python3 -W ignore:setup.py install is deprecated -W ignore:easy_install command is deprecated setup.py egg_info --egg-base ../../build/launch_param_builder build --build-base /home/deepak/ws_moveit/build/launch_param_builder/build install --record /home/deepak/ws_moveit/build/launch_param_builder/install.log --single-version-externally-managed install_data
[0.454s] running egg_info
[0.454s] creating ../../build/launch_param_builder/launch_param_builder.egg-info
[0.454s] writing ../../build/launch_param_builder/launch_param_builder.egg-info/PKG-INFO
[0.454s] writing dependency_links to ../../build/launch_param_builder/launch_param_builder.egg-info/dependency_links.txt
[0.454s] writing entry points to ../../build/launch_param_builder/launch_param_builder.egg-info/entry_points.txt
[0.454s] writing requirements to ../../build/launch_param_builder/launch_param_builder.egg-info/requires.txt
[0.455s] writing top-level names to ../../build/launch_param_builder/launch_param_builder.egg-info/top_level.txt
[0.455s] writing manifest file '../../build/launch_param_builder/launch_param_builder.egg-info/SOURCES.txt'
[0.456s] reading manifest file '../../build/launch_param_builder/launch_param_builder.egg-info/SOURCES.txt'
[0.456s] adding license file 'LICENSE'
[0.456s] writing manifest file '../../build/launch_param_builder/launch_param_builder.egg-info/SOURCES.txt'
[0.456s] running build
[0.456s] running build_py
[0.456s] creating /home/deepak/ws_moveit/build/launch_param_builder/build
[0.456s] creating /home/deepak/ws_moveit/build/launch_param_builder/build/lib
[0.456s] creating /home/deepak/ws_moveit/build/launch_param_builder/build/lib/launch_param_builder
[0.457s] copying launch_param_builder/utils.py -> /home/deepak/ws_moveit/build/launch_param_builder/build/lib/launch_param_builder
[0.457s] copying launch_param_builder/__init__.py -> /home/deepak/ws_moveit/build/launch_param_builder/build/lib/launch_param_builder
[0.457s] copying launch_param_builder/launch_param_builder.py -> /home/deepak/ws_moveit/build/launch_param_builder/build/lib/launch_param_builder
[0.457s] running install
[0.457s] running install_lib
[0.457s] creating /home/deepak/ws_moveit/install/launch_param_builder/lib/python3.10/site-packages/launch_param_builder
[0.457s] copying /home/deepak/ws_moveit/build/launch_param_builder/build/lib/launch_param_builder/utils.py -> /home/deepak/ws_moveit/install/launch_param_builder/lib/python3.10/site-packages/launch_param_builder
[0.457s] copying /home/deepak/ws_moveit/build/launch_param_builder/build/lib/launch_param_builder/__init__.py -> /home/deepak/ws_moveit/install/launch_param_builder/lib/python3.10/site-packages/launch_param_builder
[0.457s] copying /home/deepak/ws_moveit/build/launch_param_builder/build/lib/launch_param_builder/launch_param_builder.py -> /home/deepak/ws_moveit/install/launch_param_builder/lib/python3.10/site-packages/launch_param_builder
[0.458s] byte-compiling /home/deepak/ws_moveit/install/launch_param_builder/lib/python3.10/site-packages/launch_param_builder/utils.py to utils.cpython-310.pyc
[0.458s] byte-compiling /home/deepak/ws_moveit/install/launch_param_builder/lib/python3.10/site-packages/launch_param_builder/__init__.py to __init__.cpython-310.pyc
[0.458s] byte-compiling /home/deepak/ws_moveit/install/launch_param_builder/lib/python3.10/site-packages/launch_param_builder/launch_param_builder.py to launch_param_builder.cpython-310.pyc
[0.458s] running install_data
[0.458s] creating /home/deepak/ws_moveit/install/launch_param_builder/share/ament_index
[0.458s] creating /home/deepak/ws_moveit/install/launch_param_builder/share/ament_index/resource_index
[0.458s] creating /home/deepak/ws_moveit/install/launch_param_builder/share/ament_index/resource_index/packages
[0.458s] copying resource/launch_param_builder -> /home/deepak/ws_moveit/install/launch_param_builder/share/ament_index/resource_index/packages
[0.458s] creating /home/deepak/ws_moveit/install/launch_param_builder/share/launch_param_builder/launch
[0.459s] copying example/launch_param_builder_example.launch.py -> /home/deepak/ws_moveit/install/launch_param_builder/share/launch_param_builder/launch
[0.459s] creating /home/deepak/ws_moveit/install/launch_param_builder/share/launch_param_builder/config
[0.459s] copying test/data/parameters_injection.yaml -> /home/deepak/ws_moveit/install/launch_param_builder/share/launch_param_builder/config
[0.459s] copying test/data/param_file_to_inject.yaml -> /home/deepak/ws_moveit/install/launch_param_builder/share/launch_param_builder/config
[0.459s] copying test/data/parameters.yaml -> /home/deepak/ws_moveit/install/launch_param_builder/share/launch_param_builder/config
[0.459s] copying test/data/parameter_file -> /home/deepak/ws_moveit/install/launch_param_builder/share/launch_param_builder/config
[0.459s] copying test/data/parameter.xacro -> /home/deepak/ws_moveit/install/launch_param_builder/share/launch_param_builder/config
[0.459s] copying package.xml -> /home/deepak/ws_moveit/install/launch_param_builder/share/launch_param_builder
[0.459s] creating /home/deepak/ws_moveit/install/launch_param_builder/lib/launch_param_builder
[0.459s] copying example/example_node.py -> /home/deepak/ws_moveit/install/launch_param_builder/lib/launch_param_builder
[0.459s] running install_egg_info
[0.460s] Copying ../../build/launch_param_builder/launch_param_builder.egg-info to /home/deepak/ws_moveit/install/launch_param_builder/lib/python3.10/site-packages/launch_param_builder-0.1.1-py3.10.egg-info
[0.460s] running install_scripts
[0.472s] writing list of installed files to '/home/deepak/ws_moveit/build/launch_param_builder/install.log'
[0.487s] Invoked command in '/home/deepak/ws_moveit/src/launch_param_builder' returned '0': PYTHONPATH=/home/deepak/ws_moveit/build/launch_param_builder/prefix_override:/usr/lib/python3/dist-packages/colcon_core/task/python/colcon_distutils_commands:/home/deepak/ws_moveit/install/launch_param_builder/lib/python3.10/site-packages:${PYTHONPATH} /usr/bin/python3 -W ignore:setup.py install is deprecated -W ignore:easy_install command is deprecated setup.py egg_info --egg-base ../../build/launch_param_builder build --build-base /home/deepak/ws_moveit/build/launch_param_builder/build install --record /home/deepak/ws_moveit/build/launch_param_builder/install.log --single-version-externally-managed install_data
