[0.096s] DEBUG:colcon:Command line arguments: ['/usr/bin/colcon', 'build', '--packages-select', 'rover_description', '--symlink-install']
[0.096s] DEBUG:colcon:Parsed command line arguments: Namespace(log_base=None, log_level=None, verb_name='build', build_base='build', install_base='install', merge_install=False, symlink_install=True, test_result_base=None, continue_on_error=False, executor='parallel', parallel_workers=20, event_handlers=None, ignore_user_meta=False, metas=['./colcon.meta'], base_paths=['.'], packages_ignore=None, packages_ignore_regex=None, paths=None, packages_up_to=None, packages_up_to_regex=None, packages_above=None, packages_above_and_dependencies=None, packages_above_depth=None, packages_select_by_dep=None, packages_skip_by_dep=None, packages_skip_up_to=None, packages_select_build_failed=False, packages_skip_build_finished=False, packages_select_test_failures=False, packages_skip_test_passed=False, packages_select=['rover_description'], packages_skip=None, packages_select_regex=None, packages_skip_regex=None, packages_start=None, packages_end=None, allow_overriding=[], cmake_args=None, cmake_target=None, cmake_target_skip_unavailable=False, cmake_clean_cache=False, cmake_clean_first=False, cmake_force_configure=False, ament_cmake_args=None, catkin_cmake_args=None, catkin_skip_building_tests=False, mixin_files=None, mixin=None, verb_parser=<colcon_mixin.mixin.mixin_argument.MixinArgumentDecorator object at 0x77400226aec0>, verb_extension=<colcon_core.verb.build.BuildVerb object at 0x7740023e3bb0>, main=<bound method BuildVerb.main of <colcon_core.verb.build.BuildVerb object at 0x7740023e3bb0>>, mixin_verb=('build',))
[0.227s] Level 1:colcon.colcon_core.package_discovery:discover_packages(colcon_meta) check parameters
[0.227s] Level 1:colcon.colcon_core.package_discovery:discover_packages(recursive) check parameters
[0.227s] Level 1:colcon.colcon_core.package_discovery:discover_packages(ignore) check parameters
[0.227s] Level 1:colcon.colcon_core.package_discovery:discover_packages(path) check parameters
[0.227s] Level 1:colcon.colcon_core.package_discovery:discover_packages(colcon_meta) discover
[0.227s] Level 1:colcon.colcon_core.package_discovery:discover_packages(recursive) discover
[0.227s] INFO:colcon.colcon_core.package_discovery:Crawling recursively for packages in '/home/deepak/rovercore'
[0.227s] Level 1:colcon.colcon_core.package_identification:_identify(.) by extensions ['ignore', 'ignore_ament_install']
[0.227s] Level 1:colcon.colcon_core.package_identification:_identify(.) by extension 'ignore'
[0.227s] Level 1:colcon.colcon_core.package_identification:_identify(.) by extension 'ignore_ament_install'
[0.227s] Level 1:colcon.colcon_core.package_identification:_identify(.) by extensions ['colcon_pkg']
[0.227s] Level 1:colcon.colcon_core.package_identification:_identify(.) by extension 'colcon_pkg'
[0.227s] Level 1:colcon.colcon_core.package_identification:_identify(.) by extensions ['colcon_meta']
[0.227s] Level 1:colcon.colcon_core.package_identification:_identify(.) by extension 'colcon_meta'
[0.227s] Level 1:colcon.colcon_core.package_identification:_identify(.) by extensions ['ros']
[0.227s] Level 1:colcon.colcon_core.package_identification:_identify(.) by extension 'ros'
[0.233s] Level 1:colcon.colcon_core.package_identification:_identify(.) by extensions ['cmake', 'python']
[0.233s] Level 1:colcon.colcon_core.package_identification:_identify(.) by extension 'cmake'
[0.233s] Level 1:colcon.colcon_core.package_identification:_identify(.) by extension 'python'
[0.233s] Level 1:colcon.colcon_core.package_identification:_identify(.) by extensions ['python_setup_py']
[0.233s] Level 1:colcon.colcon_core.package_identification:_identify(.) by extension 'python_setup_py'
[0.233s] Level 1:colcon.colcon_core.package_identification:_identify(build) by extensions ['ignore', 'ignore_ament_install']
[0.233s] Level 1:colcon.colcon_core.package_identification:_identify(build) by extension 'ignore'
[0.233s] Level 1:colcon.colcon_core.package_identification:_identify(build) ignored
[0.233s] Level 1:colcon.colcon_core.package_identification:_identify(install) by extensions ['ignore', 'ignore_ament_install']
[0.233s] Level 1:colcon.colcon_core.package_identification:_identify(install) by extension 'ignore'
[0.234s] Level 1:colcon.colcon_core.package_identification:_identify(install) ignored
[0.234s] Level 1:colcon.colcon_core.package_identification:_identify(log) by extensions ['ignore', 'ignore_ament_install']
[0.234s] Level 1:colcon.colcon_core.package_identification:_identify(log) by extension 'ignore'
[0.234s] Level 1:colcon.colcon_core.package_identification:_identify(log) ignored
[0.234s] Level 1:colcon.colcon_core.package_identification:_identify(models) by extensions ['ignore', 'ignore_ament_install']
[0.234s] Level 1:colcon.colcon_core.package_identification:_identify(models) by extension 'ignore'
[0.234s] Level 1:colcon.colcon_core.package_identification:_identify(models) by extension 'ignore_ament_install'
[0.234s] Level 1:colcon.colcon_core.package_identification:_identify(models) by extensions ['colcon_pkg']
[0.234s] Level 1:colcon.colcon_core.package_identification:_identify(models) by extension 'colcon_pkg'
[0.234s] Level 1:colcon.colcon_core.package_identification:_identify(models) by extensions ['colcon_meta']
[0.234s] Level 1:colcon.colcon_core.package_identification:_identify(models) by extension 'colcon_meta'
[0.234s] Level 1:colcon.colcon_core.package_identification:_identify(models) by extensions ['ros']
[0.234s] Level 1:colcon.colcon_core.package_identification:_identify(models) by extension 'ros'
[0.234s] Level 1:colcon.colcon_core.package_identification:_identify(models) by extensions ['cmake', 'python']
[0.234s] Level 1:colcon.colcon_core.package_identification:_identify(models) by extension 'cmake'
[0.234s] Level 1:colcon.colcon_core.package_identification:_identify(models) by extension 'python'
[0.234s] Level 1:colcon.colcon_core.package_identification:_identify(models) by extensions ['python_setup_py']
[0.234s] Level 1:colcon.colcon_core.package_identification:_identify(models) by extension 'python_setup_py'
[0.234s] Level 1:colcon.colcon_core.package_identification:_identify(models/cpr_agriculture) by extensions ['ignore', 'ignore_ament_install']
[0.234s] Level 1:colcon.colcon_core.package_identification:_identify(models/cpr_agriculture) by extension 'ignore'
[0.234s] Level 1:colcon.colcon_core.package_identification:_identify(models/cpr_agriculture) by extension 'ignore_ament_install'
[0.234s] Level 1:colcon.colcon_core.package_identification:_identify(models/cpr_agriculture) by extensions ['colcon_pkg']
[0.234s] Level 1:colcon.colcon_core.package_identification:_identify(models/cpr_agriculture) by extension 'colcon_pkg'
[0.234s] Level 1:colcon.colcon_core.package_identification:_identify(models/cpr_agriculture) by extensions ['colcon_meta']
[0.234s] Level 1:colcon.colcon_core.package_identification:_identify(models/cpr_agriculture) by extension 'colcon_meta'
[0.234s] Level 1:colcon.colcon_core.package_identification:_identify(models/cpr_agriculture) by extensions ['ros']
[0.234s] Level 1:colcon.colcon_core.package_identification:_identify(models/cpr_agriculture) by extension 'ros'
[0.234s] Level 1:colcon.colcon_core.package_identification:_identify(models/cpr_agriculture) by extensions ['cmake', 'python']
[0.234s] Level 1:colcon.colcon_core.package_identification:_identify(models/cpr_agriculture) by extension 'cmake'
[0.234s] Level 1:colcon.colcon_core.package_identification:_identify(models/cpr_agriculture) by extension 'python'
[0.234s] Level 1:colcon.colcon_core.package_identification:_identify(models/cpr_agriculture) by extensions ['python_setup_py']
[0.234s] Level 1:colcon.colcon_core.package_identification:_identify(models/cpr_agriculture) by extension 'python_setup_py'
[0.234s] Level 1:colcon.colcon_core.package_identification:_identify(models/cpr_agriculture/materials) by extensions ['ignore', 'ignore_ament_install']
[0.234s] Level 1:colcon.colcon_core.package_identification:_identify(models/cpr_agriculture/materials) by extension 'ignore'
[0.234s] Level 1:colcon.colcon_core.package_identification:_identify(models/cpr_agriculture/materials) by extension 'ignore_ament_install'
[0.234s] Level 1:colcon.colcon_core.package_identification:_identify(models/cpr_agriculture/materials) by extensions ['colcon_pkg']
[0.234s] Level 1:colcon.colcon_core.package_identification:_identify(models/cpr_agriculture/materials) by extension 'colcon_pkg'
[0.234s] Level 1:colcon.colcon_core.package_identification:_identify(models/cpr_agriculture/materials) by extensions ['colcon_meta']
[0.234s] Level 1:colcon.colcon_core.package_identification:_identify(models/cpr_agriculture/materials) by extension 'colcon_meta'
[0.234s] Level 1:colcon.colcon_core.package_identification:_identify(models/cpr_agriculture/materials) by extensions ['ros']
[0.234s] Level 1:colcon.colcon_core.package_identification:_identify(models/cpr_agriculture/materials) by extension 'ros'
[0.234s] Level 1:colcon.colcon_core.package_identification:_identify(models/cpr_agriculture/materials) by extensions ['cmake', 'python']
[0.234s] Level 1:colcon.colcon_core.package_identification:_identify(models/cpr_agriculture/materials) by extension 'cmake'
[0.234s] Level 1:colcon.colcon_core.package_identification:_identify(models/cpr_agriculture/materials) by extension 'python'
[0.234s] Level 1:colcon.colcon_core.package_identification:_identify(models/cpr_agriculture/materials) by extensions ['python_setup_py']
[0.234s] Level 1:colcon.colcon_core.package_identification:_identify(models/cpr_agriculture/materials) by extension 'python_setup_py'
[0.234s] Level 1:colcon.colcon_core.package_identification:_identify(models/cpr_agriculture/materials/textures) by extensions ['ignore', 'ignore_ament_install']
[0.234s] Level 1:colcon.colcon_core.package_identification:_identify(models/cpr_agriculture/materials/textures) by extension 'ignore'
[0.234s] Level 1:colcon.colcon_core.package_identification:_identify(models/cpr_agriculture/materials/textures) by extension 'ignore_ament_install'
[0.235s] Level 1:colcon.colcon_core.package_identification:_identify(models/cpr_agriculture/materials/textures) by extensions ['colcon_pkg']
[0.235s] Level 1:colcon.colcon_core.package_identification:_identify(models/cpr_agriculture/materials/textures) by extension 'colcon_pkg'
[0.235s] Level 1:colcon.colcon_core.package_identification:_identify(models/cpr_agriculture/materials/textures) by extensions ['colcon_meta']
[0.235s] Level 1:colcon.colcon_core.package_identification:_identify(models/cpr_agriculture/materials/textures) by extension 'colcon_meta'
[0.235s] Level 1:colcon.colcon_core.package_identification:_identify(models/cpr_agriculture/materials/textures) by extensions ['ros']
[0.235s] Level 1:colcon.colcon_core.package_identification:_identify(models/cpr_agriculture/materials/textures) by extension 'ros'
[0.235s] Level 1:colcon.colcon_core.package_identification:_identify(models/cpr_agriculture/materials/textures) by extensions ['cmake', 'python']
[0.235s] Level 1:colcon.colcon_core.package_identification:_identify(models/cpr_agriculture/materials/textures) by extension 'cmake'
[0.235s] Level 1:colcon.colcon_core.package_identification:_identify(models/cpr_agriculture/materials/textures) by extension 'python'
[0.235s] Level 1:colcon.colcon_core.package_identification:_identify(models/cpr_agriculture/materials/textures) by extensions ['python_setup_py']
[0.235s] Level 1:colcon.colcon_core.package_identification:_identify(models/cpr_agriculture/materials/textures) by extension 'python_setup_py'
[0.235s] Level 1:colcon.colcon_core.package_identification:_identify(models/cpr_agriculture/meshes) by extensions ['ignore', 'ignore_ament_install']
[0.235s] Level 1:colcon.colcon_core.package_identification:_identify(models/cpr_agriculture/meshes) by extension 'ignore'
[0.235s] Level 1:colcon.colcon_core.package_identification:_identify(models/cpr_agriculture/meshes) by extension 'ignore_ament_install'
[0.235s] Level 1:colcon.colcon_core.package_identification:_identify(models/cpr_agriculture/meshes) by extensions ['colcon_pkg']
[0.235s] Level 1:colcon.colcon_core.package_identification:_identify(models/cpr_agriculture/meshes) by extension 'colcon_pkg'
[0.235s] Level 1:colcon.colcon_core.package_identification:_identify(models/cpr_agriculture/meshes) by extensions ['colcon_meta']
[0.235s] Level 1:colcon.colcon_core.package_identification:_identify(models/cpr_agriculture/meshes) by extension 'colcon_meta'
[0.235s] Level 1:colcon.colcon_core.package_identification:_identify(models/cpr_agriculture/meshes) by extensions ['ros']
[0.235s] Level 1:colcon.colcon_core.package_identification:_identify(models/cpr_agriculture/meshes) by extension 'ros'
[0.235s] Level 1:colcon.colcon_core.package_identification:_identify(models/cpr_agriculture/meshes) by extensions ['cmake', 'python']
[0.235s] Level 1:colcon.colcon_core.package_identification:_identify(models/cpr_agriculture/meshes) by extension 'cmake'
[0.235s] Level 1:colcon.colcon_core.package_identification:_identify(models/cpr_agriculture/meshes) by extension 'python'
[0.235s] Level 1:colcon.colcon_core.package_identification:_identify(models/cpr_agriculture/meshes) by extensions ['python_setup_py']
[0.235s] Level 1:colcon.colcon_core.package_identification:_identify(models/cpr_agriculture/meshes) by extension 'python_setup_py'
[0.235s] Level 1:colcon.colcon_core.package_identification:_identify(rover_description) by extensions ['ignore', 'ignore_ament_install']
[0.235s] Level 1:colcon.colcon_core.package_identification:_identify(rover_description) by extension 'ignore'
[0.235s] Level 1:colcon.colcon_core.package_identification:_identify(rover_description) by extension 'ignore_ament_install'
[0.235s] Level 1:colcon.colcon_core.package_identification:_identify(rover_description) by extensions ['colcon_pkg']
[0.235s] Level 1:colcon.colcon_core.package_identification:_identify(rover_description) by extension 'colcon_pkg'
[0.235s] Level 1:colcon.colcon_core.package_identification:_identify(rover_description) by extensions ['colcon_meta']
[0.235s] Level 1:colcon.colcon_core.package_identification:_identify(rover_description) by extension 'colcon_meta'
[0.235s] Level 1:colcon.colcon_core.package_identification:_identify(rover_description) by extensions ['ros']
[0.235s] Level 1:colcon.colcon_core.package_identification:_identify(rover_description) by extension 'ros'
[0.242s] DEBUG:colcon.colcon_core.package_identification:Package 'rover_description' with type 'ros.ament_cmake' and name 'rover_description'
[0.242s] Level 1:colcon.colcon_core.package_identification:_identify(rover_hardware) by extensions ['ignore', 'ignore_ament_install']
[0.242s] Level 1:colcon.colcon_core.package_identification:_identify(rover_hardware) by extension 'ignore'
[0.242s] Level 1:colcon.colcon_core.package_identification:_identify(rover_hardware) by extension 'ignore_ament_install'
[0.242s] Level 1:colcon.colcon_core.package_identification:_identify(rover_hardware) by extensions ['colcon_pkg']
[0.242s] Level 1:colcon.colcon_core.package_identification:_identify(rover_hardware) by extension 'colcon_pkg'
[0.242s] Level 1:colcon.colcon_core.package_identification:_identify(rover_hardware) by extensions ['colcon_meta']
[0.242s] Level 1:colcon.colcon_core.package_identification:_identify(rover_hardware) by extension 'colcon_meta'
[0.242s] Level 1:colcon.colcon_core.package_identification:_identify(rover_hardware) by extensions ['ros']
[0.242s] Level 1:colcon.colcon_core.package_identification:_identify(rover_hardware) by extension 'ros'
[0.242s] DEBUG:colcon.colcon_core.package_identification:Package 'rover_hardware' with type 'ros.ament_cmake' and name 'rover_hardware'
[0.243s] Level 1:colcon.colcon_core.package_identification:_identify(worlds) by extensions ['ignore', 'ignore_ament_install']
[0.243s] Level 1:colcon.colcon_core.package_identification:_identify(worlds) by extension 'ignore'
[0.243s] Level 1:colcon.colcon_core.package_identification:_identify(worlds) by extension 'ignore_ament_install'
[0.243s] Level 1:colcon.colcon_core.package_identification:_identify(worlds) by extensions ['colcon_pkg']
[0.243s] Level 1:colcon.colcon_core.package_identification:_identify(worlds) by extension 'colcon_pkg'
[0.243s] Level 1:colcon.colcon_core.package_identification:_identify(worlds) by extensions ['colcon_meta']
[0.243s] Level 1:colcon.colcon_core.package_identification:_identify(worlds) by extension 'colcon_meta'
[0.243s] Level 1:colcon.colcon_core.package_identification:_identify(worlds) by extensions ['ros']
[0.243s] Level 1:colcon.colcon_core.package_identification:_identify(worlds) by extension 'ros'
[0.243s] Level 1:colcon.colcon_core.package_identification:_identify(worlds) by extensions ['cmake', 'python']
[0.243s] Level 1:colcon.colcon_core.package_identification:_identify(worlds) by extension 'cmake'
[0.243s] Level 1:colcon.colcon_core.package_identification:_identify(worlds) by extension 'python'
[0.243s] Level 1:colcon.colcon_core.package_identification:_identify(worlds) by extensions ['python_setup_py']
[0.243s] Level 1:colcon.colcon_core.package_identification:_identify(worlds) by extension 'python_setup_py'
[0.243s] Level 1:colcon.colcon_core.package_discovery:discover_packages(recursive) using defaults
[0.243s] Level 1:colcon.colcon_core.package_discovery:discover_packages(ignore) discover
[0.243s] Level 1:colcon.colcon_core.package_discovery:discover_packages(ignore) using defaults
[0.243s] Level 1:colcon.colcon_core.package_discovery:discover_packages(path) discover
[0.243s] Level 1:colcon.colcon_core.package_discovery:discover_packages(path) using defaults
[0.256s] INFO:colcon.colcon_core.package_selection:Skipping not selected package 'rover_hardware' in 'rover_hardware'
[0.256s] Level 1:colcon.colcon_core.package_discovery:discover_packages(prefix_path) check parameters
[0.256s] Level 1:colcon.colcon_core.package_discovery:discover_packages(prefix_path) discover
[0.258s] DEBUG:colcon.colcon_installed_package_information.package_discovery:Found 14 installed packages in /home/deepak/ros2_ws/install
[0.259s] DEBUG:colcon.colcon_installed_package_information.package_discovery:Found 18 installed packages in /home/deepak/ros_gz/install
[0.259s] DEBUG:colcon.colcon_installed_package_information.package_discovery:Found 1 installed packages in /home/deepak/6_dof/install
[0.260s] DEBUG:colcon.colcon_installed_package_information.package_discovery:Found 397 installed packages in /opt/ros/humble
[0.261s] Level 1:colcon.colcon_core.package_discovery:discover_packages(prefix_path) using defaults
[0.290s] Level 5:colcon.colcon_core.verb:set package 'rover_description' build argument 'cmake_args' from command line to 'None'
[0.290s] Level 5:colcon.colcon_core.verb:set package 'rover_description' build argument 'cmake_target' from command line to 'None'
[0.290s] Level 5:colcon.colcon_core.verb:set package 'rover_description' build argument 'cmake_target_skip_unavailable' from command line to 'False'
[0.290s] Level 5:colcon.colcon_core.verb:set package 'rover_description' build argument 'cmake_clean_cache' from command line to 'False'
[0.290s] Level 5:colcon.colcon_core.verb:set package 'rover_description' build argument 'cmake_clean_first' from command line to 'False'
[0.290s] Level 5:colcon.colcon_core.verb:set package 'rover_description' build argument 'cmake_force_configure' from command line to 'False'
[0.290s] Level 5:colcon.colcon_core.verb:set package 'rover_description' build argument 'ament_cmake_args' from command line to 'None'
[0.290s] Level 5:colcon.colcon_core.verb:set package 'rover_description' build argument 'catkin_cmake_args' from command line to 'None'
[0.290s] Level 5:colcon.colcon_core.verb:set package 'rover_description' build argument 'catkin_skip_building_tests' from command line to 'False'
[0.290s] DEBUG:colcon.colcon_core.verb:Building package 'rover_description' with the following arguments: {'ament_cmake_args': None, 'build_base': '/home/deepak/rovercore/build/rover_description', 'catkin_cmake_args': None, 'catkin_skip_building_tests': False, 'cmake_args': None, 'cmake_clean_cache': False, 'cmake_clean_first': False, 'cmake_force_configure': False, 'cmake_target': None, 'cmake_target_skip_unavailable': False, 'install_base': '/home/deepak/rovercore/install/rover_description', 'merge_install': False, 'path': '/home/deepak/rovercore/rover_description', 'symlink_install': True, 'test_result_base': None}
[0.290s] INFO:colcon.colcon_core.executor:Executing jobs using 'parallel' executor
[0.290s] DEBUG:colcon.colcon_parallel_executor.executor.parallel:run_until_complete
[0.291s] INFO:colcon.colcon_ros.task.ament_cmake.build:Building ROS package in '/home/deepak/rovercore/rover_description' with build type 'ament_cmake'
[0.291s] INFO:colcon.colcon_cmake.task.cmake.build:Building CMake package in '/home/deepak/rovercore/rover_description'
[0.293s] INFO:colcon.colcon_core.plugin_system:Skipping extension 'colcon_core.shell.bat': Not used on non-Windows systems
[0.293s] INFO:colcon.colcon_core.shell:Skip shell extension 'powershell' for command environment: Not usable outside of PowerShell
[0.293s] DEBUG:colcon.colcon_core.shell:Skip shell extension 'dsv' for command environment
[0.300s] DEBUG:colcon.colcon_core.event_handler.log_command:Invoking command in '/home/deepak/rovercore/build/rover_description': CMAKE_PREFIX_PATH=${CMAKE_PREFIX_PATH}:/opt/ros/humble /usr/bin/cmake /home/deepak/rovercore/rover_description -DAMENT_CMAKE_SYMLINK_INSTALL=1 -DCMAKE_INSTALL_PREFIX=/home/deepak/rovercore/install/rover_description
[0.461s] DEBUG:colcon.colcon_core.event_handler.log_command:Invoked command in '/home/deepak/rovercore/build/rover_description' returned '0': CMAKE_PREFIX_PATH=${CMAKE_PREFIX_PATH}:/opt/ros/humble /usr/bin/cmake /home/deepak/rovercore/rover_description -DAMENT_CMAKE_SYMLINK_INSTALL=1 -DCMAKE_INSTALL_PREFIX=/home/deepak/rovercore/install/rover_description
[0.462s] DEBUG:colcon.colcon_core.event_handler.log_command:Invoking command in '/home/deepak/rovercore/build/rover_description': CMAKE_PREFIX_PATH=${CMAKE_PREFIX_PATH}:/opt/ros/humble /usr/bin/cmake --build /home/deepak/rovercore/build/rover_description -- -j20 -l20
[0.488s] DEBUG:colcon.colcon_core.event_handler.log_command:Invoked command in '/home/deepak/rovercore/build/rover_description' returned '0': CMAKE_PREFIX_PATH=${CMAKE_PREFIX_PATH}:/opt/ros/humble /usr/bin/cmake --build /home/deepak/rovercore/build/rover_description -- -j20 -l20
[0.495s] DEBUG:colcon.colcon_core.event_handler.log_command:Invoking command in '/home/deepak/rovercore/build/rover_description': CMAKE_PREFIX_PATH=${CMAKE_PREFIX_PATH}:/opt/ros/humble /usr/bin/cmake --install /home/deepak/rovercore/build/rover_description
[1.153s] Level 1:colcon.colcon_core.environment:create_environment_scripts_only(rover_description)
[1.153s] DEBUG:colcon.colcon_core.event_handler.log_command:Invoked command in '/home/deepak/rovercore/build/rover_description' returned '0': CMAKE_PREFIX_PATH=${CMAKE_PREFIX_PATH}:/opt/ros/humble /usr/bin/cmake --install /home/deepak/rovercore/build/rover_description
[1.176s] Level 1:colcon.colcon_core.environment:checking '/home/deepak/rovercore/install/rover_description' for CMake module files
[1.177s] Level 1:colcon.colcon_core.environment:checking '/home/deepak/rovercore/install/rover_description' for CMake config files
[1.177s] Level 1:colcon.colcon_core.shell:create_environment_hook('rover_description', 'cmake_prefix_path')
[1.177s] INFO:colcon.colcon_core.shell:Creating environment hook '/home/deepak/rovercore/install/rover_description/share/rover_description/hook/cmake_prefix_path.ps1'
[1.180s] INFO:colcon.colcon_core.shell:Creating environment descriptor '/home/deepak/rovercore/install/rover_description/share/rover_description/hook/cmake_prefix_path.dsv'
[1.181s] INFO:colcon.colcon_core.shell:Creating environment hook '/home/deepak/rovercore/install/rover_description/share/rover_description/hook/cmake_prefix_path.sh'
[1.182s] Level 1:colcon.colcon_core.environment:checking '/home/deepak/rovercore/install/rover_description/lib'
[1.183s] Level 1:colcon.colcon_core.environment:checking '/home/deepak/rovercore/install/rover_description/bin'
[1.183s] Level 1:colcon.colcon_core.environment:checking '/home/deepak/rovercore/install/rover_description/lib/pkgconfig/rover_description.pc'
[1.183s] Level 1:colcon.colcon_core.environment:checking '/home/deepak/rovercore/install/rover_description/lib/python3.10/site-packages'
[1.183s] Level 1:colcon.colcon_core.environment:checking '/home/deepak/rovercore/install/rover_description/bin'
[1.183s] INFO:colcon.colcon_core.shell:Creating package script '/home/deepak/rovercore/install/rover_description/share/rover_description/package.ps1'
[1.185s] INFO:colcon.colcon_core.shell:Creating package descriptor '/home/deepak/rovercore/install/rover_description/share/rover_description/package.dsv'
[1.185s] INFO:colcon.colcon_core.shell:Creating package script '/home/deepak/rovercore/install/rover_description/share/rover_description/package.sh'
[1.187s] INFO:colcon.colcon_core.shell:Creating package script '/home/deepak/rovercore/install/rover_description/share/rover_description/package.bash'
[1.189s] INFO:colcon.colcon_core.shell:Creating package script '/home/deepak/rovercore/install/rover_description/share/rover_description/package.zsh'
[1.190s] Level 1:colcon.colcon_core.environment:create_file_with_runtime_dependencies(/home/deepak/rovercore/install/rover_description/share/colcon-core/packages/rover_description)
[1.190s] Level 1:colcon.colcon_core.environment:create_environment_scripts_only(rover_description)
[1.190s] Level 1:colcon.colcon_core.environment:checking '/home/deepak/rovercore/install/rover_description' for CMake module files
[1.190s] Level 1:colcon.colcon_core.environment:checking '/home/deepak/rovercore/install/rover_description' for CMake config files
[1.191s] Level 1:colcon.colcon_core.shell:create_environment_hook('rover_description', 'cmake_prefix_path')
[1.191s] INFO:colcon.colcon_core.shell:Creating environment hook '/home/deepak/rovercore/install/rover_description/share/rover_description/hook/cmake_prefix_path.ps1'
[1.191s] INFO:colcon.colcon_core.shell:Creating environment descriptor '/home/deepak/rovercore/install/rover_description/share/rover_description/hook/cmake_prefix_path.dsv'
[1.191s] INFO:colcon.colcon_core.shell:Creating environment hook '/home/deepak/rovercore/install/rover_description/share/rover_description/hook/cmake_prefix_path.sh'
[1.191s] Level 1:colcon.colcon_core.environment:checking '/home/deepak/rovercore/install/rover_description/lib'
[1.191s] Level 1:colcon.colcon_core.environment:checking '/home/deepak/rovercore/install/rover_description/bin'
[1.191s] Level 1:colcon.colcon_core.environment:checking '/home/deepak/rovercore/install/rover_description/lib/pkgconfig/rover_description.pc'
[1.191s] Level 1:colcon.colcon_core.environment:checking '/home/deepak/rovercore/install/rover_description/lib/python3.10/site-packages'
[1.192s] Level 1:colcon.colcon_core.environment:checking '/home/deepak/rovercore/install/rover_description/bin'
[1.192s] INFO:colcon.colcon_core.shell:Creating package script '/home/deepak/rovercore/install/rover_description/share/rover_description/package.ps1'
[1.192s] INFO:colcon.colcon_core.shell:Creating package descriptor '/home/deepak/rovercore/install/rover_description/share/rover_description/package.dsv'
[1.192s] INFO:colcon.colcon_core.shell:Creating package script '/home/deepak/rovercore/install/rover_description/share/rover_description/package.sh'
[1.193s] INFO:colcon.colcon_core.shell:Creating package script '/home/deepak/rovercore/install/rover_description/share/rover_description/package.bash'
[1.193s] INFO:colcon.colcon_core.shell:Creating package script '/home/deepak/rovercore/install/rover_description/share/rover_description/package.zsh'
[1.193s] Level 1:colcon.colcon_core.environment:create_file_with_runtime_dependencies(/home/deepak/rovercore/install/rover_description/share/colcon-core/packages/rover_description)
[1.193s] DEBUG:colcon.colcon_parallel_executor.executor.parallel:closing loop
[1.193s] DEBUG:colcon.colcon_parallel_executor.executor.parallel:loop closed
[1.193s] DEBUG:colcon.colcon_parallel_executor.executor.parallel:run_until_complete finished with '0'
[1.193s] DEBUG:colcon.colcon_core.event_reactor:joining thread
[1.200s] INFO:colcon.colcon_core.plugin_system:Skipping extension 'colcon_notification.desktop_notification.terminal_notifier': Not used on non-Darwin systems
[1.201s] INFO:colcon.colcon_core.plugin_system:Skipping extension 'colcon_notification.desktop_notification.win32': Not used on non-Windows systems
[1.201s] INFO:colcon.colcon_notification.desktop_notification:Sending desktop notification using 'notify2'
[1.210s] DEBUG:colcon.colcon_core.event_reactor:joined thread
[1.211s] INFO:colcon.colcon_core.shell:Creating prefix script '/home/deepak/rovercore/install/local_setup.ps1'
[1.212s] INFO:colcon.colcon_core.shell:Creating prefix util module '/home/deepak/rovercore/install/_local_setup_util_ps1.py'
[1.213s] INFO:colcon.colcon_core.shell:Creating prefix chain script '/home/deepak/rovercore/install/setup.ps1'
[1.214s] INFO:colcon.colcon_core.shell:Creating prefix script '/home/deepak/rovercore/install/local_setup.sh'
[1.215s] INFO:colcon.colcon_core.shell:Creating prefix util module '/home/deepak/rovercore/install/_local_setup_util_sh.py'
[1.215s] INFO:colcon.colcon_core.shell:Creating prefix chain script '/home/deepak/rovercore/install/setup.sh'
[1.216s] INFO:colcon.colcon_core.shell:Creating prefix script '/home/deepak/rovercore/install/local_setup.bash'
[1.216s] INFO:colcon.colcon_core.shell:Creating prefix chain script '/home/deepak/rovercore/install/setup.bash'
[1.217s] INFO:colcon.colcon_core.shell:Creating prefix script '/home/deepak/rovercore/install/local_setup.zsh'
[1.218s] INFO:colcon.colcon_core.shell:Creating prefix chain script '/home/deepak/rovercore/install/setup.zsh'
