[0.007s] Invoking command in '/home/remandey/my-programs/rovercore/build/rover_description': CMAKE_PREFIX_PATH=/opt/ros/humble /usr/bin/cmake /home/remandey/my-programs/rovercore/rover_description -DCMAKE_INSTALL_PREFIX=/home/remandey/my-programs/rovercore/install/rover_description
[0.061s] -- The C compiler identification is GNU 11.4.0
[0.100s] -- The CXX compiler identification is GNU 11.4.0
[0.105s] -- Detecting C compiler ABI info
[0.157s] -- Detecting C compiler ABI info - done
[0.161s] -- Check for working C compiler: /usr/bin/cc - skipped
[0.162s] -- Detecting C compile features
[0.163s] -- Detecting C compile features - done
[0.165s] -- Detecting CXX compiler ABI info
[0.216s] -- Detecting CXX compiler ABI info - done
[0.221s] -- Check for working CXX compiler: /usr/bin/c++ - skipped
[0.221s] -- Detecting CXX compile features
[0.221s] -- Detecting CXX compile features - done
[0.226s] -- Found ament_cmake: 1.3.14 (/opt/ros/humble/share/ament_cmake/cmake)
[0.325s] -- Found Python3: /usr/bin/python3 (found version "3.10.12") found components: Interpreter 
[0.393s] -- Found ament_lint_auto: 0.12.15 (/opt/ros/humble/share/ament_lint_auto/cmake)
[0.469s] -- Added test 'flake8' to check Python code syntax and style conventions
[0.470s] -- Added test 'lint_cmake' to check CMake code style
[0.470s] -- Added test 'pep257' to check Python code against some of the docstring style conventions in PEP 257
[0.473s] -- Added test 'xmllint' to check XML markup files
[0.474s] -- Configuring done
[0.475s] -- Generating done
[0.476s] -- Build files have been written to: /home/remandey/my-programs/rovercore/build/rover_description
[0.479s] Invoked command in '/home/remandey/my-programs/rovercore/build/rover_description' returned '0': CMAKE_PREFIX_PATH=/opt/ros/humble /usr/bin/cmake /home/remandey/my-programs/rovercore/rover_description -DCMAKE_INSTALL_PREFIX=/home/remandey/my-programs/rovercore/install/rover_description
[0.481s] Invoking command in '/home/remandey/my-programs/rovercore/build/rover_description': CMAKE_PREFIX_PATH=/opt/ros/humble /usr/bin/cmake --build /home/remandey/my-programs/rovercore/build/rover_description -- -j16 -l16
[0.513s] Invoked command in '/home/remandey/my-programs/rovercore/build/rover_description' returned '0': CMAKE_PREFIX_PATH=/opt/ros/humble /usr/bin/cmake --build /home/remandey/my-programs/rovercore/build/rover_description -- -j16 -l16
[0.520s] Invoking command in '/home/remandey/my-programs/rovercore/build/rover_description': CMAKE_PREFIX_PATH=/opt/ros/humble /usr/bin/cmake --install /home/remandey/my-programs/rovercore/build/rover_description
[0.525s] -- Install configuration: ""
[0.525s] -- Installing: /home/remandey/my-programs/rovercore/install/rover_description/lib/rover_description/teleop.py
[0.525s] -- Installing: /home/remandey/my-programs/rovercore/install/rover_description/lib/rover_description/cmd_vel_relay.py
[0.525s] -- Installing: /home/remandey/my-programs/rovercore/install/rover_description/lib/rover_description/aruco_detection.py
[0.525s] -- Installing: /home/remandey/my-programs/rovercore/install/rover_description/lib/rover_description/spiral_search.py
[0.525s] -- Installing: /home/remandey/my-programs/rovercore/install/rover_description/lib/rover_description/mission_initializer.py
[0.525s] [31mCMake Error at cmake_install.cmake:46 (file):
[0.525s]   file INSTALL cannot find
[0.525s]   "/home/remandey/my-programs/rovercore/rover_description/scripts/arc_night_mission/mission_manager.py":
[0.525s]   No such file or directory.
[0.525s] 
[0.525s] [0m
[0.526s] Invoked command in '/home/remandey/my-programs/rovercore/build/rover_description' returned '1': CMAKE_PREFIX_PATH=/opt/ros/humble /usr/bin/cmake --install /home/remandey/my-programs/rovercore/build/rover_description
