[0.005s] Invoking command in '/home/deepak/ws_moveit/build/moveit_resources_prbt_support': CMAKE_PREFIX_PATH=${CMAKE_PREFIX_PATH}:/home/deepak/turtlebot3_ws/install/turtlebot3_teleop:/home/deepak/turtlebot3_ws/install/turtlebot3_example:/home/deepak/turtlebot3_ws/install/turtlebot3_autorace_mission:/home/deepak/turtlebot3_ws/install/turtlebot3_autorace_detect:/home/deepak/turtlebot3_ws/install/turtlebot3_autorace_camera:/opt/ros/humble /usr/bin/cmake /home/deepak/ws_moveit/src/moveit2/moveit_planners/test_configs/prbt_support -DBUILD_TESTING=OFF -DCMAKE_INSTALL_PREFIX=/home/deepak/ws_moveit/install/moveit_resources_prbt_support
[0.043s] -- The C compiler identification is GNU 11.4.0
[0.079s] -- The CXX compiler identification is GNU 11.4.0
[0.083s] -- Detecting C compiler ABI info
[0.138s] -- Detecting C compiler ABI info - done
[0.142s] -- Check for working C compiler: /usr/bin/cc - skipped
[0.142s] -- Detecting C compile features
[0.142s] -- Detecting C compile features - done
[0.144s] -- Detecting CXX compiler ABI info
[0.200s] -- Detecting CXX compiler ABI info - done
[0.207s] -- Check for working CXX compiler: /usr/bin/c++ - skipped
[0.207s] -- Detecting CXX compile features
[0.207s] -- Detecting CXX compile features - done
[0.211s] -- Found ament_cmake: 1.3.12 (/opt/ros/humble/share/ament_cmake/cmake)
[0.333s] -- Found Python3: /usr/bin/python3 (found version "3.10.12") found components: Interpreter 
[0.438s] -- Configuring done
[0.439s] -- Generating done
[0.440s] -- Build files have been written to: /home/deepak/ws_moveit/build/moveit_resources_prbt_support
[0.443s] Invoked command in '/home/deepak/ws_moveit/build/moveit_resources_prbt_support' returned '0': CMAKE_PREFIX_PATH=${CMAKE_PREFIX_PATH}:/home/deepak/turtlebot3_ws/install/turtlebot3_teleop:/home/deepak/turtlebot3_ws/install/turtlebot3_example:/home/deepak/turtlebot3_ws/install/turtlebot3_autorace_mission:/home/deepak/turtlebot3_ws/install/turtlebot3_autorace_detect:/home/deepak/turtlebot3_ws/install/turtlebot3_autorace_camera:/opt/ros/humble /usr/bin/cmake /home/deepak/ws_moveit/src/moveit2/moveit_planners/test_configs/prbt_support -DBUILD_TESTING=OFF -DCMAKE_INSTALL_PREFIX=/home/deepak/ws_moveit/install/moveit_resources_prbt_support
[0.443s] Invoking command in '/home/deepak/ws_moveit/build/moveit_resources_prbt_support': CMAKE_PREFIX_PATH=${CMAKE_PREFIX_PATH}:/home/deepak/turtlebot3_ws/install/turtlebot3_teleop:/home/deepak/turtlebot3_ws/install/turtlebot3_example:/home/deepak/turtlebot3_ws/install/turtlebot3_autorace_mission:/home/deepak/turtlebot3_ws/install/turtlebot3_autorace_detect:/home/deepak/turtlebot3_ws/install/turtlebot3_autorace_camera:/opt/ros/humble /usr/bin/cmake --build /home/deepak/ws_moveit/build/moveit_resources_prbt_support
[0.473s] Invoked command in '/home/deepak/ws_moveit/build/moveit_resources_prbt_support' returned '0': CMAKE_PREFIX_PATH=${CMAKE_PREFIX_PATH}:/home/deepak/turtlebot3_ws/install/turtlebot3_teleop:/home/deepak/turtlebot3_ws/install/turtlebot3_example:/home/deepak/turtlebot3_ws/install/turtlebot3_autorace_mission:/home/deepak/turtlebot3_ws/install/turtlebot3_autorace_detect:/home/deepak/turtlebot3_ws/install/turtlebot3_autorace_camera:/opt/ros/humble /usr/bin/cmake --build /home/deepak/ws_moveit/build/moveit_resources_prbt_support
[0.474s] Invoking command in '/home/deepak/ws_moveit/build/moveit_resources_prbt_support': CMAKE_PREFIX_PATH=${CMAKE_PREFIX_PATH}:/home/deepak/turtlebot3_ws/install/turtlebot3_teleop:/home/deepak/turtlebot3_ws/install/turtlebot3_example:/home/deepak/turtlebot3_ws/install/turtlebot3_autorace_mission:/home/deepak/turtlebot3_ws/install/turtlebot3_autorace_detect:/home/deepak/turtlebot3_ws/install/turtlebot3_autorace_camera:/opt/ros/humble /usr/bin/cmake --install /home/deepak/ws_moveit/build/moveit_resources_prbt_support
[0.479s] -- Install configuration: ""
[0.479s] -- Installing: /home/deepak/ws_moveit/install/moveit_resources_prbt_support/share/ament_index/resource_index/package_run_dependencies/moveit_resources_prbt_support
[0.479s] -- Installing: /home/deepak/ws_moveit/install/moveit_resources_prbt_support/share/ament_index/resource_index/parent_prefix_path/moveit_resources_prbt_support
[0.479s] -- Installing: /home/deepak/ws_moveit/install/moveit_resources_prbt_support/share/moveit_resources_prbt_support/environment/ament_prefix_path.sh
[0.479s] -- Installing: /home/deepak/ws_moveit/install/moveit_resources_prbt_support/share/moveit_resources_prbt_support/environment/ament_prefix_path.dsv
[0.479s] -- Installing: /home/deepak/ws_moveit/install/moveit_resources_prbt_support/share/moveit_resources_prbt_support/environment/path.sh
[0.479s] -- Installing: /home/deepak/ws_moveit/install/moveit_resources_prbt_support/share/moveit_resources_prbt_support/environment/path.dsv
[0.479s] -- Installing: /home/deepak/ws_moveit/install/moveit_resources_prbt_support/share/moveit_resources_prbt_support/local_setup.bash
[0.480s] -- Installing: /home/deepak/ws_moveit/install/moveit_resources_prbt_support/share/moveit_resources_prbt_support/local_setup.sh
[0.480s] -- Installing: /home/deepak/ws_moveit/install/moveit_resources_prbt_support/share/moveit_resources_prbt_support/local_setup.zsh
[0.480s] -- Installing: /home/deepak/ws_moveit/install/moveit_resources_prbt_support/share/moveit_resources_prbt_support/local_setup.dsv
[0.480s] -- Installing: /home/deepak/ws_moveit/install/moveit_resources_prbt_support/share/moveit_resources_prbt_support/package.dsv
[0.480s] -- Installing: /home/deepak/ws_moveit/install/moveit_resources_prbt_support/share/ament_index/resource_index/packages/moveit_resources_prbt_support
[0.480s] -- Installing: /home/deepak/ws_moveit/install/moveit_resources_prbt_support/share/moveit_resources_prbt_support/cmake/moveit_resources_prbt_supportConfig.cmake
[0.480s] -- Installing: /home/deepak/ws_moveit/install/moveit_resources_prbt_support/share/moveit_resources_prbt_support/cmake/moveit_resources_prbt_supportConfig-version.cmake
[0.480s] -- Installing: /home/deepak/ws_moveit/install/moveit_resources_prbt_support/share/moveit_resources_prbt_support/package.xml
[0.480s] -- Installing: /home/deepak/ws_moveit/install/moveit_resources_prbt_support/share/moveit_resources_prbt_support/urdf
[0.480s] -- Installing: /home/deepak/ws_moveit/install/moveit_resources_prbt_support/share/moveit_resources_prbt_support/urdf/simple_gripper_brackets.urdf.xacro
[0.480s] -- Installing: /home/deepak/ws_moveit/install/moveit_resources_prbt_support/share/moveit_resources_prbt_support/urdf/prbt_macro.xacro
[0.480s] -- Installing: /home/deepak/ws_moveit/install/moveit_resources_prbt_support/share/moveit_resources_prbt_support/urdf/prbt.ros2_control.xacro
[0.480s] -- Installing: /home/deepak/ws_moveit/install/moveit_resources_prbt_support/share/moveit_resources_prbt_support/urdf/prbt.xacro
[0.480s] -- Installing: /home/deepak/ws_moveit/install/moveit_resources_prbt_support/share/moveit_resources_prbt_support/meshes
[0.480s] -- Installing: /home/deepak/ws_moveit/install/moveit_resources_prbt_support/share/moveit_resources_prbt_support/meshes/flange.stl
[0.480s] -- Installing: /home/deepak/ws_moveit/install/moveit_resources_prbt_support/share/moveit_resources_prbt_support/meshes/link_1.stl
[0.481s] -- Installing: /home/deepak/ws_moveit/install/moveit_resources_prbt_support/share/moveit_resources_prbt_support/meshes/link_5.dae
[0.481s] -- Installing: /home/deepak/ws_moveit/install/moveit_resources_prbt_support/share/moveit_resources_prbt_support/meshes/foot.dae
[0.482s] -- Installing: /home/deepak/ws_moveit/install/moveit_resources_prbt_support/share/moveit_resources_prbt_support/meshes/link_2.stl
[0.482s] -- Installing: /home/deepak/ws_moveit/install/moveit_resources_prbt_support/share/moveit_resources_prbt_support/meshes/link_2.dae
[0.483s] -- Installing: /home/deepak/ws_moveit/install/moveit_resources_prbt_support/share/moveit_resources_prbt_support/meshes/link_3.stl
[0.483s] -- Installing: /home/deepak/ws_moveit/install/moveit_resources_prbt_support/share/moveit_resources_prbt_support/meshes/link_4.dae
[0.484s] -- Installing: /home/deepak/ws_moveit/install/moveit_resources_prbt_support/share/moveit_resources_prbt_support/meshes/link_5.stl
[0.484s] -- Installing: /home/deepak/ws_moveit/install/moveit_resources_prbt_support/share/moveit_resources_prbt_support/meshes/link_1.dae
[0.485s] -- Installing: /home/deepak/ws_moveit/install/moveit_resources_prbt_support/share/moveit_resources_prbt_support/meshes/link_4.stl
[0.485s] -- Installing: /home/deepak/ws_moveit/install/moveit_resources_prbt_support/share/moveit_resources_prbt_support/meshes/foot.stl
[0.485s] -- Installing: /home/deepak/ws_moveit/install/moveit_resources_prbt_support/share/moveit_resources_prbt_support/meshes/link_3.dae
[0.486s] -- Installing: /home/deepak/ws_moveit/install/moveit_resources_prbt_support/share/moveit_resources_prbt_support/meshes/flange.dae
[0.486s] -- Installing: /home/deepak/ws_moveit/install/moveit_resources_prbt_support/share/moveit_resources_prbt_support/config
[0.486s] -- Installing: /home/deepak/ws_moveit/install/moveit_resources_prbt_support/share/moveit_resources_prbt_support/config/prbt_0_1.dcf
[0.487s] -- Installing: /home/deepak/ws_moveit/install/moveit_resources_prbt_support/share/moveit_resources_prbt_support/config/manipulator_driver.yaml
[0.487s] -- Installing: /home/deepak/ws_moveit/install/moveit_resources_prbt_support/share/moveit_resources_prbt_support/config/manipulator_controller.yaml
[0.489s] Invoked command in '/home/deepak/ws_moveit/build/moveit_resources_prbt_support' returned '0': CMAKE_PREFIX_PATH=${CMAKE_PREFIX_PATH}:/home/deepak/turtlebot3_ws/install/turtlebot3_teleop:/home/deepak/turtlebot3_ws/install/turtlebot3_example:/home/deepak/turtlebot3_ws/install/turtlebot3_autorace_mission:/home/deepak/turtlebot3_ws/install/turtlebot3_autorace_detect:/home/deepak/turtlebot3_ws/install/turtlebot3_autorace_camera:/opt/ros/humble /usr/bin/cmake --install /home/deepak/ws_moveit/build/moveit_resources_prbt_support
