[0.016s] Invoking command in '/home/deepak/ws_moveit/build/moveit_ros_warehouse': AMENT_PREFIX_PATH=/home/deepak/ws_moveit/install/moveit_ros_planning:/home/deepak/ws_moveit/install/moveit_ros_occupancy_map_monitor:/home/deepak/ws_moveit/install/moveit_core:/home/deepak/ws_moveit/install/moveit_resources_panda_moveit_config:/home/deepak/ws_moveit/install/moveit_configs_utils:/home/deepak/ws_moveit/install/srdfdom:/home/deepak/ws_moveit/install/moveit_resources_pr2_description:/home/deepak/ws_moveit/install/moveit_resources_panda_description:/home/deepak/ws_moveit/install/moveit_common:/home/deepak/ws_moveit/install/launch_param_builder:${AMENT_PREFIX_PATH} CMAKE_PREFIX_PATH=/home/deepak/ws_moveit/install/moveit_ros_planning:/home/deepak/ws_moveit/install/moveit_ros_occupancy_map_monitor:/home/deepak/ws_moveit/install/moveit_core:/home/deepak/ws_moveit/install/moveit_resources_panda_moveit_config:/home/deepak/ws_moveit/install/srdfdom:/home/deepak/ws_moveit/install/moveit_resources_pr2_description:/home/deepak/ws_moveit/install/moveit_resources_panda_description:/home/deepak/ws_moveit/install/moveit_common:/home/deepak/turtlebot3_ws/install/turtlebot3:/home/deepak/turtlebot3_ws/install/turtlebot3_simulations:/home/deepak/turtlebot3_ws/install/turtlebot3_bringup:/home/deepak/turtlebot3_ws/install/turtlebot3_node:/home/deepak/turtlebot3_ws/install/turtlebot3_navigation2:/home/deepak/turtlebot3_ws/install/turtlebot3_fake_node:/home/deepak/turtlebot3_ws/install/turtlebot3_msgs:/home/deepak/turtlebot3_ws/install/turtlebot3_manipulation_gazebo:/home/deepak/turtlebot3_ws/install/turtlebot3_gazebo:/home/deepak/turtlebot3_ws/install/turtlebot3_description:/home/deepak/turtlebot3_ws/install/turtlebot3_cartographer:/home/deepak/turtlebot3_ws/install/turtlebot3_autorace:/home/deepak/turtlebot3_ws/install/multirobot_map_merge:/home/deepak/turtlebot3_ws/install/explore_lite:/home/deepak/turtlebot3_ws/install/dynamixel_sdk_examples:/home/deepak/turtlebot3_ws/install/dynamixel_sdk_custom_interfaces:/home/deepak/turtlebot3_ws/install/dynamixel_sdk:/home/deepak/turtlebot3_ws/install/turtlebot3_teleop:/home/deepak/turtlebot3_ws/install/turtlebot3_example:/home/deepak/turtlebot3_ws/install/turtlebot3_autorace_mission:/home/deepak/turtlebot3_ws/install/turtlebot3_autorace_detect:/home/deepak/turtlebot3_ws/install/turtlebot3_autorace_camera:/opt/ros/humble LD_LIBRARY_PATH=/home/deepak/ws_moveit/install/moveit_ros_planning/lib:/home/deepak/ws_moveit/install/moveit_ros_occupancy_map_monitor/lib:/home/deepak/ws_moveit/install/moveit_core/lib:/home/deepak/ws_moveit/install/srdfdom/lib:/home/deepak/turtlebot3_ws/install/turtlebot3_msgs/lib:/home/deepak/turtlebot3_ws/install/multirobot_map_merge/lib:/home/deepak/turtlebot3_ws/install/dynamixel_sdk_custom_interfaces/lib:/home/deepak/turtlebot3_ws/install/dynamixel_sdk/lib:/usr/lib/x86_64-linux-gnu/gazebo-11/plugins:/opt/ros/humble/opt/rviz_ogre_vendor/lib:/opt/ros/humble/lib/x86_64-linux-gnu:/opt/ros/humble/lib:/usr/lib/x86_64-linux-gnu/gazebo-11/plugins PATH=/home/deepak/ws_moveit/install/moveit_core/bin:${PATH} PYTHONPATH=/home/deepak/ws_moveit/install/moveit_configs_utils/lib/python3.10/site-packages:/home/deepak/ws_moveit/install/srdfdom/local/lib/python3.10/dist-packages:/home/deepak/ws_moveit/install/launch_param_builder/lib/python3.10/site-packages:${PYTHONPATH} /usr/bin/cmake /home/deepak/ws_moveit/src/moveit2/moveit_ros/warehouse -DBUILD_TESTING=OFF -DCMAKE_INSTALL_PREFIX=/home/deepak/ws_moveit/install/moveit_ros_warehouse
[0.055s] -- The C compiler identification is GNU 11.4.0
[0.090s] -- The CXX compiler identification is GNU 11.4.0
[0.095s] -- Detecting C compiler ABI info
[0.140s] -- Detecting C compiler ABI info - done
[0.147s] -- Check for working C compiler: /usr/bin/cc - skipped
[0.147s] -- Detecting C compile features
[0.147s] -- Detecting C compile features - done
[0.149s] -- Detecting CXX compiler ABI info
[0.204s] -- Detecting CXX compiler ABI info - done
[0.211s] -- Check for working CXX compiler: /usr/bin/c++ - skipped
[0.211s] -- Detecting CXX compile features
[0.211s] -- Detecting CXX compile features - done
[0.212s] -- Found moveit_common: 2.5.9 (/home/deepak/ws_moveit/install/moveit_common/share/moveit_common/cmake)
[0.214s] -- Found ament_cmake: 1.3.12 (/opt/ros/humble/share/ament_cmake/cmake)
[0.319s] -- Found Python3: /usr/bin/python3 (found version "3.10.12") found components: Interpreter 
[0.421s] [0mmoveit_ros_warehouse: You did not request a specific build type: Choosing 'Release' for maximum performance[0m
[0.425s] -- Found rclcpp: 16.0.17 (/opt/ros/humble/share/rclcpp/cmake)
[0.458s] -- Found rosidl_generator_c: 3.1.8 (/opt/ros/humble/share/rosidl_generator_c/cmake)
[0.462s] -- Found rosidl_adapter: 3.1.8 (/opt/ros/humble/share/rosidl_adapter/cmake)
[0.468s] -- Found rosidl_generator_cpp: 3.1.8 (/opt/ros/humble/share/rosidl_generator_cpp/cmake)
[0.477s] -- Using all available rosidl_typesupport_c: rosidl_typesupport_fastrtps_c;rosidl_typesupport_introspection_c
[0.489s] -- Using all available rosidl_typesupport_cpp: rosidl_typesupport_fastrtps_cpp;rosidl_typesupport_introspection_cpp
[0.522s] -- Found rmw_implementation_cmake: 6.1.2 (/opt/ros/humble/share/rmw_implementation_cmake/cmake)
[0.524s] -- Found rmw_fastrtps_cpp: 6.2.9 (/opt/ros/humble/share/rmw_fastrtps_cpp/cmake)
[0.589s] -- Found OpenSSL: /usr/lib/x86_64-linux-gnu/libcrypto.so (found version "3.0.2")  
[0.607s] -- Found FastRTPS: /opt/ros/humble/include  
[0.639s] -- Using RMW implementation 'rmw_fastrtps_cpp' as default
[0.646s] -- Looking for pthread.h
[0.713s] -- Looking for pthread.h - found
[0.713s] -- Performing Test CMAKE_HAVE_LIBC_PTHREAD
[0.778s] -- Performing Test CMAKE_HAVE_LIBC_PTHREAD - Success
[0.779s] -- Found Threads: TRUE  
[0.810s] -- Found moveit_core: 2.5.9 (/home/deepak/ws_moveit/install/moveit_core/share/moveit_core/cmake)
[0.839s] -- Found Boost: /usr/lib/x86_64-linux-gnu/cmake/Boost-1.74.0/BoostConfig.cmake (found version "1.74.0") found components: chrono date_time filesystem iostreams program_options regex serialization system thread 
[0.872s] -- Found parameter_traits: 0.6.0 (/opt/ros/humble/share/parameter_traits/cmake)
[0.882s] -- Found rclcpp_lifecycle: 16.0.17 (/opt/ros/humble/share/rclcpp_lifecycle/cmake)
[0.898s] -- Found Boost: /usr/lib/x86_64-linux-gnu/cmake/Boost-1.74.0/BoostConfig.cmake (found version "1.74.0") found components: filesystem 
[0.972s] -- library: /usr/lib/x86_64-linux-gnu/libcurl.so
[1.012s] -- Found Eigen3: TRUE (found version "3.4.0") 
[1.013s] -- Ensuring Eigen3 include directory is part of orocos-kdl CMake target
[1.168s] -- Found warehouse_ros: 2.0.5 (/opt/ros/humble/share/warehouse_ros/cmake)
[1.171s] -- Found moveit_ros_planning: 2.5.9 (/home/deepak/ws_moveit/install/moveit_ros_planning/share/moveit_ros_planning/cmake)
[1.174s] -- Found Boost: /usr/lib/x86_64-linux-gnu/cmake/Boost-1.74.0/BoostConfig.cmake (found version "1.74.0") found components: system filesystem date_time program_options thread chrono 
[1.189s] -- Found Boost: /usr/lib/x86_64-linux-gnu/cmake/Boost-1.74.0/BoostConfig.cmake (found version "1.74.0") found components: thread system filesystem regex date_time program_options 
[1.191s] -- Performing Test COMPILER_HAS_HIDDEN_VISIBILITY
[1.257s] -- Performing Test COMPILER_HAS_HIDDEN_VISIBILITY - Success
[1.258s] -- Performing Test COMPILER_HAS_HIDDEN_INLINE_VISIBILITY
[1.327s] -- Performing Test COMPILER_HAS_HIDDEN_INLINE_VISIBILITY - Success
[1.327s] -- Performing Test COMPILER_HAS_DEPRECATED_ATTR
[1.391s] -- Performing Test COMPILER_HAS_DEPRECATED_ATTR - Success
[1.438s] -- Configuring done
[1.491s] -- Generating done
[1.509s] -- Build files have been written to: /home/deepak/ws_moveit/build/moveit_ros_warehouse
[1.519s] Invoked command in '/home/deepak/ws_moveit/build/moveit_ros_warehouse' returned '0': AMENT_PREFIX_PATH=/home/deepak/ws_moveit/install/moveit_ros_planning:/home/deepak/ws_moveit/install/moveit_ros_occupancy_map_monitor:/home/deepak/ws_moveit/install/moveit_core:/home/deepak/ws_moveit/install/moveit_resources_panda_moveit_config:/home/deepak/ws_moveit/install/moveit_configs_utils:/home/deepak/ws_moveit/install/srdfdom:/home/deepak/ws_moveit/install/moveit_resources_pr2_description:/home/deepak/ws_moveit/install/moveit_resources_panda_description:/home/deepak/ws_moveit/install/moveit_common:/home/deepak/ws_moveit/install/launch_param_builder:${AMENT_PREFIX_PATH} CMAKE_PREFIX_PATH=/home/deepak/ws_moveit/install/moveit_ros_planning:/home/deepak/ws_moveit/install/moveit_ros_occupancy_map_monitor:/home/deepak/ws_moveit/install/moveit_core:/home/deepak/ws_moveit/install/moveit_resources_panda_moveit_config:/home/deepak/ws_moveit/install/srdfdom:/home/deepak/ws_moveit/install/moveit_resources_pr2_description:/home/deepak/ws_moveit/install/moveit_resources_panda_description:/home/deepak/ws_moveit/install/moveit_common:/home/deepak/turtlebot3_ws/install/turtlebot3:/home/deepak/turtlebot3_ws/install/turtlebot3_simulations:/home/deepak/turtlebot3_ws/install/turtlebot3_bringup:/home/deepak/turtlebot3_ws/install/turtlebot3_node:/home/deepak/turtlebot3_ws/install/turtlebot3_navigation2:/home/deepak/turtlebot3_ws/install/turtlebot3_fake_node:/home/deepak/turtlebot3_ws/install/turtlebot3_msgs:/home/deepak/turtlebot3_ws/install/turtlebot3_manipulation_gazebo:/home/deepak/turtlebot3_ws/install/turtlebot3_gazebo:/home/deepak/turtlebot3_ws/install/turtlebot3_description:/home/deepak/turtlebot3_ws/install/turtlebot3_cartographer:/home/deepak/turtlebot3_ws/install/turtlebot3_autorace:/home/deepak/turtlebot3_ws/install/multirobot_map_merge:/home/deepak/turtlebot3_ws/install/explore_lite:/home/deepak/turtlebot3_ws/install/dynamixel_sdk_examples:/home/deepak/turtlebot3_ws/install/dynamixel_sdk_custom_interfaces:/home/deepak/turtlebot3_ws/install/dynamixel_sdk:/home/deepak/turtlebot3_ws/install/turtlebot3_teleop:/home/deepak/turtlebot3_ws/install/turtlebot3_example:/home/deepak/turtlebot3_ws/install/turtlebot3_autorace_mission:/home/deepak/turtlebot3_ws/install/turtlebot3_autorace_detect:/home/deepak/turtlebot3_ws/install/turtlebot3_autorace_camera:/opt/ros/humble LD_LIBRARY_PATH=/home/deepak/ws_moveit/install/moveit_ros_planning/lib:/home/deepak/ws_moveit/install/moveit_ros_occupancy_map_monitor/lib:/home/deepak/ws_moveit/install/moveit_core/lib:/home/deepak/ws_moveit/install/srdfdom/lib:/home/deepak/turtlebot3_ws/install/turtlebot3_msgs/lib:/home/deepak/turtlebot3_ws/install/multirobot_map_merge/lib:/home/deepak/turtlebot3_ws/install/dynamixel_sdk_custom_interfaces/lib:/home/deepak/turtlebot3_ws/install/dynamixel_sdk/lib:/usr/lib/x86_64-linux-gnu/gazebo-11/plugins:/opt/ros/humble/opt/rviz_ogre_vendor/lib:/opt/ros/humble/lib/x86_64-linux-gnu:/opt/ros/humble/lib:/usr/lib/x86_64-linux-gnu/gazebo-11/plugins PATH=/home/deepak/ws_moveit/install/moveit_core/bin:${PATH} PYTHONPATH=/home/deepak/ws_moveit/install/moveit_configs_utils/lib/python3.10/site-packages:/home/deepak/ws_moveit/install/srdfdom/local/lib/python3.10/dist-packages:/home/deepak/ws_moveit/install/launch_param_builder/lib/python3.10/site-packages:${PYTHONPATH} /usr/bin/cmake /home/deepak/ws_moveit/src/moveit2/moveit_ros/warehouse -DBUILD_TESTING=OFF -DCMAKE_INSTALL_PREFIX=/home/deepak/ws_moveit/install/moveit_ros_warehouse
[1.520s] Invoking command in '/home/deepak/ws_moveit/build/moveit_ros_warehouse': AMENT_PREFIX_PATH=/home/deepak/ws_moveit/install/moveit_ros_planning:/home/deepak/ws_moveit/install/moveit_ros_occupancy_map_monitor:/home/deepak/ws_moveit/install/moveit_core:/home/deepak/ws_moveit/install/moveit_resources_panda_moveit_config:/home/deepak/ws_moveit/install/moveit_configs_utils:/home/deepak/ws_moveit/install/srdfdom:/home/deepak/ws_moveit/install/moveit_resources_pr2_description:/home/deepak/ws_moveit/install/moveit_resources_panda_description:/home/deepak/ws_moveit/install/moveit_common:/home/deepak/ws_moveit/install/launch_param_builder:${AMENT_PREFIX_PATH} CMAKE_PREFIX_PATH=/home/deepak/ws_moveit/install/moveit_ros_planning:/home/deepak/ws_moveit/install/moveit_ros_occupancy_map_monitor:/home/deepak/ws_moveit/install/moveit_core:/home/deepak/ws_moveit/install/moveit_resources_panda_moveit_config:/home/deepak/ws_moveit/install/srdfdom:/home/deepak/ws_moveit/install/moveit_resources_pr2_description:/home/deepak/ws_moveit/install/moveit_resources_panda_description:/home/deepak/ws_moveit/install/moveit_common:/home/deepak/turtlebot3_ws/install/turtlebot3:/home/deepak/turtlebot3_ws/install/turtlebot3_simulations:/home/deepak/turtlebot3_ws/install/turtlebot3_bringup:/home/deepak/turtlebot3_ws/install/turtlebot3_node:/home/deepak/turtlebot3_ws/install/turtlebot3_navigation2:/home/deepak/turtlebot3_ws/install/turtlebot3_fake_node:/home/deepak/turtlebot3_ws/install/turtlebot3_msgs:/home/deepak/turtlebot3_ws/install/turtlebot3_manipulation_gazebo:/home/deepak/turtlebot3_ws/install/turtlebot3_gazebo:/home/deepak/turtlebot3_ws/install/turtlebot3_description:/home/deepak/turtlebot3_ws/install/turtlebot3_cartographer:/home/deepak/turtlebot3_ws/install/turtlebot3_autorace:/home/deepak/turtlebot3_ws/install/multirobot_map_merge:/home/deepak/turtlebot3_ws/install/explore_lite:/home/deepak/turtlebot3_ws/install/dynamixel_sdk_examples:/home/deepak/turtlebot3_ws/install/dynamixel_sdk_custom_interfaces:/home/deepak/turtlebot3_ws/install/dynamixel_sdk:/home/deepak/turtlebot3_ws/install/turtlebot3_teleop:/home/deepak/turtlebot3_ws/install/turtlebot3_example:/home/deepak/turtlebot3_ws/install/turtlebot3_autorace_mission:/home/deepak/turtlebot3_ws/install/turtlebot3_autorace_detect:/home/deepak/turtlebot3_ws/install/turtlebot3_autorace_camera:/opt/ros/humble LD_LIBRARY_PATH=/home/deepak/ws_moveit/install/moveit_ros_planning/lib:/home/deepak/ws_moveit/install/moveit_ros_occupancy_map_monitor/lib:/home/deepak/ws_moveit/install/moveit_core/lib:/home/deepak/ws_moveit/install/srdfdom/lib:/home/deepak/turtlebot3_ws/install/turtlebot3_msgs/lib:/home/deepak/turtlebot3_ws/install/multirobot_map_merge/lib:/home/deepak/turtlebot3_ws/install/dynamixel_sdk_custom_interfaces/lib:/home/deepak/turtlebot3_ws/install/dynamixel_sdk/lib:/usr/lib/x86_64-linux-gnu/gazebo-11/plugins:/opt/ros/humble/opt/rviz_ogre_vendor/lib:/opt/ros/humble/lib/x86_64-linux-gnu:/opt/ros/humble/lib:/usr/lib/x86_64-linux-gnu/gazebo-11/plugins PATH=/home/deepak/ws_moveit/install/moveit_core/bin:${PATH} PYTHONPATH=/home/deepak/ws_moveit/install/moveit_configs_utils/lib/python3.10/site-packages:/home/deepak/ws_moveit/install/srdfdom/local/lib/python3.10/dist-packages:/home/deepak/ws_moveit/install/launch_param_builder/lib/python3.10/site-packages:${PYTHONPATH} /usr/bin/cmake --build /home/deepak/ws_moveit/build/moveit_ros_warehouse
[1.564s] [  5%] [32mBuilding CXX object CMakeFiles/moveit_warehouse.dir/src/moveit_message_storage.cpp.o[0m
[1.566s] [ 15%] [32mBuilding CXX object CMakeFiles/moveit_warehouse.dir/src/planning_scene_world_storage.cpp.o[0m
[1.566s] [ 15%] [32mBuilding CXX object CMakeFiles/moveit_warehouse.dir/src/planning_scene_storage.cpp.o[0m
[5.241s] [ 20%] [32mBuilding CXX object CMakeFiles/moveit_warehouse.dir/src/constraints_storage.cpp.o[0m
[7.009s] [ 25%] [32mBuilding CXX object CMakeFiles/moveit_warehouse.dir/src/trajectory_constraints_storage.cpp.o[0m
[8.204s] [ 30%] [32mBuilding CXX object CMakeFiles/moveit_warehouse.dir/src/state_storage.cpp.o[0m
[9.477s] [ 35%] [32mBuilding CXX object CMakeFiles/moveit_warehouse.dir/src/warehouse_connector.cpp.o[0m
[11.814s] [ 40%] [32m[1mLinking CXX shared library libmoveit_warehouse.so[0m
[12.131s] [ 40%] Built target moveit_warehouse
[12.151s] [ 45%] [32mBuilding CXX object CMakeFiles/moveit_save_to_warehouse.dir/src/save_to_warehouse.cpp.o[0m
[12.151s] [ 55%] [32mBuilding CXX object CMakeFiles/moveit_warehouse_import_from_text.dir/src/import_from_text.cpp.o[0m
[12.151s] [ 55%] [32mBuilding CXX object CMakeFiles/moveit_warehouse_broadcast.dir/src/broadcast.cpp.o[0m
[19.475s] [ 60%] [32m[1mLinking CXX executable moveit_warehouse_broadcast[0m
[19.505s] [ 65%] [32m[1mLinking CXX executable moveit_warehouse_import_from_text[0m
[19.676s] [ 65%] Built target moveit_warehouse_broadcast
[19.698s] [ 70%] [32mBuilding CXX object CMakeFiles/moveit_warehouse_save_as_text.dir/src/save_as_text.cpp.o[0m
[19.827s] [ 70%] Built target moveit_warehouse_import_from_text
[19.845s] [ 75%] [32mBuilding CXX object CMakeFiles/moveit_init_demo_warehouse.dir/src/initialize_demo_db.cpp.o[0m
[26.706s] [ 80%] [32m[1mLinking CXX executable moveit_warehouse_save_as_text[0m
[26.888s] [ 85%] [32m[1mLinking CXX executable moveit_init_demo_warehouse[0m
[26.952s] [ 85%] Built target moveit_warehouse_save_as_text
[26.973s] [ 90%] [32mBuilding CXX object CMakeFiles/moveit_warehouse_services.dir/src/warehouse_services.cpp.o[0m
[27.126s] [ 90%] Built target moveit_init_demo_warehouse
[32.338s] [ 95%] [32m[1mLinking CXX executable moveit_save_to_warehouse[0m
[32.370s] [100%] [32m[1mLinking CXX executable moveit_warehouse_services[0m
[32.630s] [100%] Built target moveit_warehouse_services
[32.650s] [100%] Built target moveit_save_to_warehouse
[32.661s] Invoked command in '/home/deepak/ws_moveit/build/moveit_ros_warehouse' returned '0': AMENT_PREFIX_PATH=/home/deepak/ws_moveit/install/moveit_ros_planning:/home/deepak/ws_moveit/install/moveit_ros_occupancy_map_monitor:/home/deepak/ws_moveit/install/moveit_core:/home/deepak/ws_moveit/install/moveit_resources_panda_moveit_config:/home/deepak/ws_moveit/install/moveit_configs_utils:/home/deepak/ws_moveit/install/srdfdom:/home/deepak/ws_moveit/install/moveit_resources_pr2_description:/home/deepak/ws_moveit/install/moveit_resources_panda_description:/home/deepak/ws_moveit/install/moveit_common:/home/deepak/ws_moveit/install/launch_param_builder:${AMENT_PREFIX_PATH} CMAKE_PREFIX_PATH=/home/deepak/ws_moveit/install/moveit_ros_planning:/home/deepak/ws_moveit/install/moveit_ros_occupancy_map_monitor:/home/deepak/ws_moveit/install/moveit_core:/home/deepak/ws_moveit/install/moveit_resources_panda_moveit_config:/home/deepak/ws_moveit/install/srdfdom:/home/deepak/ws_moveit/install/moveit_resources_pr2_description:/home/deepak/ws_moveit/install/moveit_resources_panda_description:/home/deepak/ws_moveit/install/moveit_common:/home/deepak/turtlebot3_ws/install/turtlebot3:/home/deepak/turtlebot3_ws/install/turtlebot3_simulations:/home/deepak/turtlebot3_ws/install/turtlebot3_bringup:/home/deepak/turtlebot3_ws/install/turtlebot3_node:/home/deepak/turtlebot3_ws/install/turtlebot3_navigation2:/home/deepak/turtlebot3_ws/install/turtlebot3_fake_node:/home/deepak/turtlebot3_ws/install/turtlebot3_msgs:/home/deepak/turtlebot3_ws/install/turtlebot3_manipulation_gazebo:/home/deepak/turtlebot3_ws/install/turtlebot3_gazebo:/home/deepak/turtlebot3_ws/install/turtlebot3_description:/home/deepak/turtlebot3_ws/install/turtlebot3_cartographer:/home/deepak/turtlebot3_ws/install/turtlebot3_autorace:/home/deepak/turtlebot3_ws/install/multirobot_map_merge:/home/deepak/turtlebot3_ws/install/explore_lite:/home/deepak/turtlebot3_ws/install/dynamixel_sdk_examples:/home/deepak/turtlebot3_ws/install/dynamixel_sdk_custom_interfaces:/home/deepak/turtlebot3_ws/install/dynamixel_sdk:/home/deepak/turtlebot3_ws/install/turtlebot3_teleop:/home/deepak/turtlebot3_ws/install/turtlebot3_example:/home/deepak/turtlebot3_ws/install/turtlebot3_autorace_mission:/home/deepak/turtlebot3_ws/install/turtlebot3_autorace_detect:/home/deepak/turtlebot3_ws/install/turtlebot3_autorace_camera:/opt/ros/humble LD_LIBRARY_PATH=/home/deepak/ws_moveit/install/moveit_ros_planning/lib:/home/deepak/ws_moveit/install/moveit_ros_occupancy_map_monitor/lib:/home/deepak/ws_moveit/install/moveit_core/lib:/home/deepak/ws_moveit/install/srdfdom/lib:/home/deepak/turtlebot3_ws/install/turtlebot3_msgs/lib:/home/deepak/turtlebot3_ws/install/multirobot_map_merge/lib:/home/deepak/turtlebot3_ws/install/dynamixel_sdk_custom_interfaces/lib:/home/deepak/turtlebot3_ws/install/dynamixel_sdk/lib:/usr/lib/x86_64-linux-gnu/gazebo-11/plugins:/opt/ros/humble/opt/rviz_ogre_vendor/lib:/opt/ros/humble/lib/x86_64-linux-gnu:/opt/ros/humble/lib:/usr/lib/x86_64-linux-gnu/gazebo-11/plugins PATH=/home/deepak/ws_moveit/install/moveit_core/bin:${PATH} PYTHONPATH=/home/deepak/ws_moveit/install/moveit_configs_utils/lib/python3.10/site-packages:/home/deepak/ws_moveit/install/srdfdom/local/lib/python3.10/dist-packages:/home/deepak/ws_moveit/install/launch_param_builder/lib/python3.10/site-packages:${PYTHONPATH} /usr/bin/cmake --build /home/deepak/ws_moveit/build/moveit_ros_warehouse
[32.663s] Invoking command in '/home/deepak/ws_moveit/build/moveit_ros_warehouse': AMENT_PREFIX_PATH=/home/deepak/ws_moveit/install/moveit_ros_planning:/home/deepak/ws_moveit/install/moveit_ros_occupancy_map_monitor:/home/deepak/ws_moveit/install/moveit_core:/home/deepak/ws_moveit/install/moveit_resources_panda_moveit_config:/home/deepak/ws_moveit/install/moveit_configs_utils:/home/deepak/ws_moveit/install/srdfdom:/home/deepak/ws_moveit/install/moveit_resources_pr2_description:/home/deepak/ws_moveit/install/moveit_resources_panda_description:/home/deepak/ws_moveit/install/moveit_common:/home/deepak/ws_moveit/install/launch_param_builder:${AMENT_PREFIX_PATH} CMAKE_PREFIX_PATH=/home/deepak/ws_moveit/install/moveit_ros_planning:/home/deepak/ws_moveit/install/moveit_ros_occupancy_map_monitor:/home/deepak/ws_moveit/install/moveit_core:/home/deepak/ws_moveit/install/moveit_resources_panda_moveit_config:/home/deepak/ws_moveit/install/srdfdom:/home/deepak/ws_moveit/install/moveit_resources_pr2_description:/home/deepak/ws_moveit/install/moveit_resources_panda_description:/home/deepak/ws_moveit/install/moveit_common:/home/deepak/turtlebot3_ws/install/turtlebot3:/home/deepak/turtlebot3_ws/install/turtlebot3_simulations:/home/deepak/turtlebot3_ws/install/turtlebot3_bringup:/home/deepak/turtlebot3_ws/install/turtlebot3_node:/home/deepak/turtlebot3_ws/install/turtlebot3_navigation2:/home/deepak/turtlebot3_ws/install/turtlebot3_fake_node:/home/deepak/turtlebot3_ws/install/turtlebot3_msgs:/home/deepak/turtlebot3_ws/install/turtlebot3_manipulation_gazebo:/home/deepak/turtlebot3_ws/install/turtlebot3_gazebo:/home/deepak/turtlebot3_ws/install/turtlebot3_description:/home/deepak/turtlebot3_ws/install/turtlebot3_cartographer:/home/deepak/turtlebot3_ws/install/turtlebot3_autorace:/home/deepak/turtlebot3_ws/install/multirobot_map_merge:/home/deepak/turtlebot3_ws/install/explore_lite:/home/deepak/turtlebot3_ws/install/dynamixel_sdk_examples:/home/deepak/turtlebot3_ws/install/dynamixel_sdk_custom_interfaces:/home/deepak/turtlebot3_ws/install/dynamixel_sdk:/home/deepak/turtlebot3_ws/install/turtlebot3_teleop:/home/deepak/turtlebot3_ws/install/turtlebot3_example:/home/deepak/turtlebot3_ws/install/turtlebot3_autorace_mission:/home/deepak/turtlebot3_ws/install/turtlebot3_autorace_detect:/home/deepak/turtlebot3_ws/install/turtlebot3_autorace_camera:/opt/ros/humble LD_LIBRARY_PATH=/home/deepak/ws_moveit/install/moveit_ros_planning/lib:/home/deepak/ws_moveit/install/moveit_ros_occupancy_map_monitor/lib:/home/deepak/ws_moveit/install/moveit_core/lib:/home/deepak/ws_moveit/install/srdfdom/lib:/home/deepak/turtlebot3_ws/install/turtlebot3_msgs/lib:/home/deepak/turtlebot3_ws/install/multirobot_map_merge/lib:/home/deepak/turtlebot3_ws/install/dynamixel_sdk_custom_interfaces/lib:/home/deepak/turtlebot3_ws/install/dynamixel_sdk/lib:/usr/lib/x86_64-linux-gnu/gazebo-11/plugins:/opt/ros/humble/opt/rviz_ogre_vendor/lib:/opt/ros/humble/lib/x86_64-linux-gnu:/opt/ros/humble/lib:/usr/lib/x86_64-linux-gnu/gazebo-11/plugins PATH=/home/deepak/ws_moveit/install/moveit_core/bin:${PATH} PYTHONPATH=/home/deepak/ws_moveit/install/moveit_configs_utils/lib/python3.10/site-packages:/home/deepak/ws_moveit/install/srdfdom/local/lib/python3.10/dist-packages:/home/deepak/ws_moveit/install/launch_param_builder/lib/python3.10/site-packages:${PYTHONPATH} /usr/bin/cmake --install /home/deepak/ws_moveit/build/moveit_ros_warehouse
[32.670s] -- Install configuration: "Release"
[32.670s] -- Installing: /home/deepak/ws_moveit/install/moveit_ros_warehouse/lib/moveit_ros_warehouse/moveit_save_to_warehouse
[32.672s] -- Set runtime path of "/home/deepak/ws_moveit/install/moveit_ros_warehouse/lib/moveit_ros_warehouse/moveit_save_to_warehouse" to ""
[32.672s] -- Installing: /home/deepak/ws_moveit/install/moveit_ros_warehouse/lib/moveit_ros_warehouse/moveit_warehouse_broadcast
[32.672s] -- Set runtime path of "/home/deepak/ws_moveit/install/moveit_ros_warehouse/lib/moveit_ros_warehouse/moveit_warehouse_broadcast" to ""
[32.672s] -- Installing: /home/deepak/ws_moveit/install/moveit_ros_warehouse/lib/moveit_ros_warehouse/moveit_warehouse_import_from_text
[32.673s] -- Set runtime path of "/home/deepak/ws_moveit/install/moveit_ros_warehouse/lib/moveit_ros_warehouse/moveit_warehouse_import_from_text" to ""
[32.673s] -- Installing: /home/deepak/ws_moveit/install/moveit_ros_warehouse/lib/moveit_ros_warehouse/moveit_warehouse_save_as_text
[32.673s] -- Set runtime path of "/home/deepak/ws_moveit/install/moveit_ros_warehouse/lib/moveit_ros_warehouse/moveit_warehouse_save_as_text" to ""
[32.673s] -- Installing: /home/deepak/ws_moveit/install/moveit_ros_warehouse/lib/moveit_ros_warehouse/moveit_init_demo_warehouse
[32.673s] -- Set runtime path of "/home/deepak/ws_moveit/install/moveit_ros_warehouse/lib/moveit_ros_warehouse/moveit_init_demo_warehouse" to ""
[32.673s] -- Installing: /home/deepak/ws_moveit/install/moveit_ros_warehouse/lib/moveit_ros_warehouse/moveit_warehouse_services
[32.674s] -- Set runtime path of "/home/deepak/ws_moveit/install/moveit_ros_warehouse/lib/moveit_ros_warehouse/moveit_warehouse_services" to ""
[32.674s] -- Installing: /home/deepak/ws_moveit/install/moveit_ros_warehouse/include
[32.674s] -- Installing: /home/deepak/ws_moveit/install/moveit_ros_warehouse/include/moveit
[32.674s] -- Installing: /home/deepak/ws_moveit/install/moveit_ros_warehouse/include/moveit/warehouse
[32.674s] -- Installing: /home/deepak/ws_moveit/install/moveit_ros_warehouse/include/moveit/warehouse/trajectory_constraints_storage.h
[32.674s] -- Installing: /home/deepak/ws_moveit/install/moveit_ros_warehouse/include/moveit/warehouse/constraints_storage.h
[32.674s] -- Installing: /home/deepak/ws_moveit/install/moveit_ros_warehouse/include/moveit/warehouse/planning_scene_world_storage.h
[32.675s] -- Installing: /home/deepak/ws_moveit/install/moveit_ros_warehouse/include/moveit/warehouse/warehouse_connector.h
[32.675s] -- Installing: /home/deepak/ws_moveit/install/moveit_ros_warehouse/include/moveit/warehouse/planning_scene_storage.h
[32.675s] -- Installing: /home/deepak/ws_moveit/install/moveit_ros_warehouse/include/moveit/warehouse/moveit_message_storage.h
[32.675s] -- Installing: /home/deepak/ws_moveit/install/moveit_ros_warehouse/include/moveit/warehouse/state_storage.h
[32.675s] -- Installing: /home/deepak/ws_moveit/install/moveit_ros_warehouse/include/moveit_warehouse_export.h
[32.675s] -- Installing: /home/deepak/ws_moveit/install/moveit_ros_warehouse/lib/libmoveit_warehouse.so.2.5.9
[32.676s] -- Set runtime path of "/home/deepak/ws_moveit/install/moveit_ros_warehouse/lib/libmoveit_warehouse.so.2.5.9" to ""
[32.676s] -- Installing: /home/deepak/ws_moveit/install/moveit_ros_warehouse/lib/libmoveit_warehouse.so
[32.676s] -- Installing: /home/deepak/ws_moveit/install/moveit_ros_warehouse/share/moveit_ros_warehouse/environment/library_path.sh
[32.676s] -- Installing: /home/deepak/ws_moveit/install/moveit_ros_warehouse/share/moveit_ros_warehouse/environment/library_path.dsv
[32.676s] -- Installing: /home/deepak/ws_moveit/install/moveit_ros_warehouse/share/ament_index/resource_index/package_run_dependencies/moveit_ros_warehouse
[32.676s] -- Installing: /home/deepak/ws_moveit/install/moveit_ros_warehouse/share/ament_index/resource_index/parent_prefix_path/moveit_ros_warehouse
[32.676s] -- Installing: /home/deepak/ws_moveit/install/moveit_ros_warehouse/share/moveit_ros_warehouse/environment/ament_prefix_path.sh
[32.676s] -- Installing: /home/deepak/ws_moveit/install/moveit_ros_warehouse/share/moveit_ros_warehouse/environment/ament_prefix_path.dsv
[32.676s] -- Installing: /home/deepak/ws_moveit/install/moveit_ros_warehouse/share/moveit_ros_warehouse/environment/path.sh
[32.677s] -- Installing: /home/deepak/ws_moveit/install/moveit_ros_warehouse/share/moveit_ros_warehouse/environment/path.dsv
[32.677s] -- Installing: /home/deepak/ws_moveit/install/moveit_ros_warehouse/share/moveit_ros_warehouse/local_setup.bash
[32.677s] -- Installing: /home/deepak/ws_moveit/install/moveit_ros_warehouse/share/moveit_ros_warehouse/local_setup.sh
[32.677s] -- Installing: /home/deepak/ws_moveit/install/moveit_ros_warehouse/share/moveit_ros_warehouse/local_setup.zsh
[32.677s] -- Installing: /home/deepak/ws_moveit/install/moveit_ros_warehouse/share/moveit_ros_warehouse/local_setup.dsv
[32.677s] -- Installing: /home/deepak/ws_moveit/install/moveit_ros_warehouse/share/moveit_ros_warehouse/package.dsv
[32.677s] -- Installing: /home/deepak/ws_moveit/install/moveit_ros_warehouse/share/ament_index/resource_index/packages/moveit_ros_warehouse
[32.677s] -- Installing: /home/deepak/ws_moveit/install/moveit_ros_warehouse/share/moveit_ros_warehouse/cmake/export_moveit_ros_warehouseExport.cmake
[32.677s] -- Installing: /home/deepak/ws_moveit/install/moveit_ros_warehouse/share/moveit_ros_warehouse/cmake/export_moveit_ros_warehouseExport-release.cmake
[32.677s] -- Installing: /home/deepak/ws_moveit/install/moveit_ros_warehouse/share/moveit_ros_warehouse/cmake/ConfigExtras.cmake
[32.678s] -- Installing: /home/deepak/ws_moveit/install/moveit_ros_warehouse/share/moveit_ros_warehouse/cmake/ament_cmake_export_targets-extras.cmake
[32.678s] -- Installing: /home/deepak/ws_moveit/install/moveit_ros_warehouse/share/moveit_ros_warehouse/cmake/ament_cmake_export_dependencies-extras.cmake
[32.678s] -- Installing: /home/deepak/ws_moveit/install/moveit_ros_warehouse/share/moveit_ros_warehouse/cmake/moveit_ros_warehouseConfig.cmake
[32.678s] -- Installing: /home/deepak/ws_moveit/install/moveit_ros_warehouse/share/moveit_ros_warehouse/cmake/moveit_ros_warehouseConfig-version.cmake
[32.678s] -- Installing: /home/deepak/ws_moveit/install/moveit_ros_warehouse/share/moveit_ros_warehouse/package.xml
[32.680s] Invoked command in '/home/deepak/ws_moveit/build/moveit_ros_warehouse' returned '0': AMENT_PREFIX_PATH=/home/deepak/ws_moveit/install/moveit_ros_planning:/home/deepak/ws_moveit/install/moveit_ros_occupancy_map_monitor:/home/deepak/ws_moveit/install/moveit_core:/home/deepak/ws_moveit/install/moveit_resources_panda_moveit_config:/home/deepak/ws_moveit/install/moveit_configs_utils:/home/deepak/ws_moveit/install/srdfdom:/home/deepak/ws_moveit/install/moveit_resources_pr2_description:/home/deepak/ws_moveit/install/moveit_resources_panda_description:/home/deepak/ws_moveit/install/moveit_common:/home/deepak/ws_moveit/install/launch_param_builder:${AMENT_PREFIX_PATH} CMAKE_PREFIX_PATH=/home/deepak/ws_moveit/install/moveit_ros_planning:/home/deepak/ws_moveit/install/moveit_ros_occupancy_map_monitor:/home/deepak/ws_moveit/install/moveit_core:/home/deepak/ws_moveit/install/moveit_resources_panda_moveit_config:/home/deepak/ws_moveit/install/srdfdom:/home/deepak/ws_moveit/install/moveit_resources_pr2_description:/home/deepak/ws_moveit/install/moveit_resources_panda_description:/home/deepak/ws_moveit/install/moveit_common:/home/deepak/turtlebot3_ws/install/turtlebot3:/home/deepak/turtlebot3_ws/install/turtlebot3_simulations:/home/deepak/turtlebot3_ws/install/turtlebot3_bringup:/home/deepak/turtlebot3_ws/install/turtlebot3_node:/home/deepak/turtlebot3_ws/install/turtlebot3_navigation2:/home/deepak/turtlebot3_ws/install/turtlebot3_fake_node:/home/deepak/turtlebot3_ws/install/turtlebot3_msgs:/home/deepak/turtlebot3_ws/install/turtlebot3_manipulation_gazebo:/home/deepak/turtlebot3_ws/install/turtlebot3_gazebo:/home/deepak/turtlebot3_ws/install/turtlebot3_description:/home/deepak/turtlebot3_ws/install/turtlebot3_cartographer:/home/deepak/turtlebot3_ws/install/turtlebot3_autorace:/home/deepak/turtlebot3_ws/install/multirobot_map_merge:/home/deepak/turtlebot3_ws/install/explore_lite:/home/deepak/turtlebot3_ws/install/dynamixel_sdk_examples:/home/deepak/turtlebot3_ws/install/dynamixel_sdk_custom_interfaces:/home/deepak/turtlebot3_ws/install/dynamixel_sdk:/home/deepak/turtlebot3_ws/install/turtlebot3_teleop:/home/deepak/turtlebot3_ws/install/turtlebot3_example:/home/deepak/turtlebot3_ws/install/turtlebot3_autorace_mission:/home/deepak/turtlebot3_ws/install/turtlebot3_autorace_detect:/home/deepak/turtlebot3_ws/install/turtlebot3_autorace_camera:/opt/ros/humble LD_LIBRARY_PATH=/home/deepak/ws_moveit/install/moveit_ros_planning/lib:/home/deepak/ws_moveit/install/moveit_ros_occupancy_map_monitor/lib:/home/deepak/ws_moveit/install/moveit_core/lib:/home/deepak/ws_moveit/install/srdfdom/lib:/home/deepak/turtlebot3_ws/install/turtlebot3_msgs/lib:/home/deepak/turtlebot3_ws/install/multirobot_map_merge/lib:/home/deepak/turtlebot3_ws/install/dynamixel_sdk_custom_interfaces/lib:/home/deepak/turtlebot3_ws/install/dynamixel_sdk/lib:/usr/lib/x86_64-linux-gnu/gazebo-11/plugins:/opt/ros/humble/opt/rviz_ogre_vendor/lib:/opt/ros/humble/lib/x86_64-linux-gnu:/opt/ros/humble/lib:/usr/lib/x86_64-linux-gnu/gazebo-11/plugins PATH=/home/deepak/ws_moveit/install/moveit_core/bin:${PATH} PYTHONPATH=/home/deepak/ws_moveit/install/moveit_configs_utils/lib/python3.10/site-packages:/home/deepak/ws_moveit/install/srdfdom/local/lib/python3.10/dist-packages:/home/deepak/ws_moveit/install/launch_param_builder/lib/python3.10/site-packages:${PYTHONPATH} /usr/bin/cmake --install /home/deepak/ws_moveit/build/moveit_ros_warehouse
