-- The C compiler identification is GNU 11.4.0
-- The CXX compiler identification is GNU 11.4.0
-- Detecting C compiler ABI info
-- Detecting C compiler ABI info - done
-- Check for working C compiler: /usr/bin/cc - skipped
-- Detecting C compile features
-- Detecting C compile features - done
-- Detecting CXX compiler ABI info
-- Detecting CXX compiler ABI info - done
-- Check for working CXX compiler: /usr/bin/c++ - skipped
-- Detecting CXX compile features
-- Detecting CXX compile features - done
-- Found moveit_common: 2.5.9 (/home/deepak/ws_moveit/install/moveit_common/share/moveit_common/cmake)
-- Found ament_cmake: 1.3.12 (/opt/ros/humble/share/ament_cmake/cmake)
-- Found Python3: /usr/bin/python3 (found version "3.10.12") found components: Interpreter 
-- Found eigen3_cmake_module: 0.1.1 (/opt/ros/humble/share/eigen3_cmake_module/cmake)
-- Found Eigen3: TRUE (found version "3.4.0") 
-- Found control_msgs: 4.8.0 (/opt/ros/humble/share/control_msgs/cmake)
-- Found rosidl_generator_c: 3.1.8 (/opt/ros/humble/share/rosidl_generator_c/cmake)
-- Found rosidl_adapter: 3.1.8 (/opt/ros/humble/share/rosidl_adapter/cmake)
-- Found rosidl_generator_cpp: 3.1.8 (/opt/ros/humble/share/rosidl_generator_cpp/cmake)
-- Using all available rosidl_typesupport_c: rosidl_typesupport_fastrtps_c;rosidl_typesupport_introspection_c
-- Using all available rosidl_typesupport_cpp: rosidl_typesupport_fastrtps_cpp;rosidl_typesupport_introspection_cpp
-- Found control_toolbox: 3.6.3 (/opt/ros/humble/share/control_toolbox/cmake)
-- Found rmw_implementation_cmake: 6.1.2 (/opt/ros/humble/share/rmw_implementation_cmake/cmake)
-- Found rmw_fastrtps_cpp: 6.2.9 (/opt/ros/humble/share/rmw_fastrtps_cpp/cmake)
-- Found OpenSSL: /usr/lib/x86_64-linux-gnu/libcrypto.so (found version "3.0.2")  
-- Found FastRTPS: /opt/ros/humble/include  
-- Using RMW implementation 'rmw_fastrtps_cpp' as default
-- Looking for pthread.h
-- Looking for pthread.h - found
-- Performing Test CMAKE_HAVE_LIBC_PTHREAD
-- Performing Test CMAKE_HAVE_LIBC_PTHREAD - Success
-- Found Threads: TRUE  
-- Found moveit_core: 2.5.9 (/home/deepak/ws_moveit/install/moveit_core/share/moveit_core/cmake)
-- Found Boost: /usr/lib/x86_64-linux-gnu/cmake/Boost-1.74.0/BoostConfig.cmake (found version "1.74.0") found components: chrono date_time filesystem iostreams program_options regex serialization system thread 
-- Found Boost: /usr/lib/x86_64-linux-gnu/cmake/Boost-1.74.0/BoostConfig.cmake (found version "1.74.0") found components: filesystem 
-- library: /usr/lib/x86_64-linux-gnu/libcurl.so
-- Ensuring Eigen3 include directory is part of orocos-kdl CMake target
-- Found moveit_ros_planning: 2.5.9 (/home/deepak/ws_moveit/install/moveit_ros_planning/share/moveit_ros_planning/cmake)
-- Found Boost: /usr/lib/x86_64-linux-gnu/cmake/Boost-1.74.0/BoostConfig.cmake (found version "1.74.0") found components: system filesystem date_time program_options thread chrono 
-- Found std_srvs: 4.9.0 (/opt/ros/humble/share/std_srvs/cmake)
-- Configuring done
-- Generating done
-- Build files have been written to: /home/deepak/ws_moveit/build/moveit_servo
[  4%] [32mBuilding CXX object CMakeFiles/servo_controller_input.dir/src/teleop_demo/joystick_servo_example.cpp.o[0m
[  9%] [32mBuilding CXX object CMakeFiles/moveit_servo_lib_parameters.dir/src/servo_parameters.cpp.o[0m
[ 14%] [32mBuilding CXX object CMakeFiles/fake_command_publisher.dir/test/publish_fake_jog_commands.cpp.o[0m
[ 19%] [32m[1mLinking CXX executable fake_command_publisher[0m
[ 19%] Built target fake_command_publisher
[ 23%] [32mBuilding CXX object CMakeFiles/moveit_servo_lib_parameters.dir/src/parameter_descriptor_builder.cpp.o[0m
[ 28%] [32m[1mLinking CXX shared library libservo_controller_input.so[0m
[ 28%] Built target servo_controller_input
[ 33%] [32m[1mLinking CXX shared library libmoveit_servo_lib_parameters.so[0m
[ 33%] Built target moveit_servo_lib_parameters
[ 38%] [32mBuilding CXX object CMakeFiles/moveit_servo_lib.dir/src/servo.cpp.o[0m
[ 42%] [32mBuilding CXX object CMakeFiles/moveit_servo_lib.dir/src/collision_check.cpp.o[0m
[ 47%] [32mBuilding CXX object CMakeFiles/moveit_servo_lib.dir/src/enforce_limits.cpp.o[0m
[ 52%] [32mBuilding CXX object CMakeFiles/moveit_servo_lib.dir/src/servo_calcs.cpp.o[0m
[ 57%] [32mBuilding CXX object CMakeFiles/moveit_servo_lib.dir/src/utilities.cpp.o[0m
[ 61%] [32m[1mLinking CXX shared library libmoveit_servo_lib.so[0m
[ 61%] Built target moveit_servo_lib
[ 71%] [32mBuilding CXX object CMakeFiles/servo_node.dir/src/servo_node.cpp.o[0m
[ 71%] [32mBuilding CXX object CMakeFiles/pose_tracking.dir/src/pose_tracking.cpp.o[0m
[ 76%] [32m[1mLinking CXX shared library libservo_node.so[0m
[ 76%] Built target servo_node
[ 80%] [32mBuilding CXX object CMakeFiles/servo_node_main.dir/src/servo_node_main.cpp.o[0m
[ 85%] [32m[1mLinking CXX shared library libpose_tracking.so[0m
[ 85%] Built target pose_tracking
[ 90%] [32mBuilding CXX object CMakeFiles/servo_pose_tracking_demo.dir/src/cpp_interface_demo/pose_tracking_demo.cpp.o[0m
[ 95%] [32m[1mLinking CXX executable servo_node_main[0m
[ 95%] Built target servo_node_main
[100%] [32m[1mLinking CXX executable servo_pose_tracking_demo[0m
[100%] Built target servo_pose_tracking_demo
-- Install configuration: "Release"
-- Installing: /home/deepak/ws_moveit/install/moveit_servo/lib/libmoveit_servo_lib.so.2.5.9
-- Set runtime path of "/home/deepak/ws_moveit/install/moveit_servo/lib/libmoveit_servo_lib.so.2.5.9" to ""
-- Installing: /home/deepak/ws_moveit/install/moveit_servo/lib/libmoveit_servo_lib.so
-- Installing: /home/deepak/ws_moveit/install/moveit_servo/lib/libmoveit_servo_lib_parameters.so.2.5.9
-- Set runtime path of "/home/deepak/ws_moveit/install/moveit_servo/lib/libmoveit_servo_lib_parameters.so.2.5.9" to ""
-- Installing: /home/deepak/ws_moveit/install/moveit_servo/lib/libmoveit_servo_lib_parameters.so
-- Installing: /home/deepak/ws_moveit/install/moveit_servo/lib/libpose_tracking.so
-- Set runtime path of "/home/deepak/ws_moveit/install/moveit_servo/lib/libpose_tracking.so" to ""
-- Installing: /home/deepak/ws_moveit/install/moveit_servo/lib/libservo_node.so
-- Set runtime path of "/home/deepak/ws_moveit/install/moveit_servo/lib/libservo_node.so" to ""
-- Installing: /home/deepak/ws_moveit/install/moveit_servo/lib/libservo_controller_input.so
-- Set runtime path of "/home/deepak/ws_moveit/install/moveit_servo/lib/libservo_controller_input.so" to ""
-- Installing: /home/deepak/ws_moveit/install/moveit_servo/lib/moveit_servo/servo_node_main
-- Set runtime path of "/home/deepak/ws_moveit/install/moveit_servo/lib/moveit_servo/servo_node_main" to ""
-- Installing: /home/deepak/ws_moveit/install/moveit_servo/lib/moveit_servo/servo_pose_tracking_demo
-- Set runtime path of "/home/deepak/ws_moveit/install/moveit_servo/lib/moveit_servo/servo_pose_tracking_demo" to ""
-- Installing: /home/deepak/ws_moveit/install/moveit_servo/lib/moveit_servo/fake_command_publisher
-- Set runtime path of "/home/deepak/ws_moveit/install/moveit_servo/lib/moveit_servo/fake_command_publisher" to ""
-- Installing: /home/deepak/ws_moveit/install/moveit_servo/include
-- Installing: /home/deepak/ws_moveit/install/moveit_servo/include/moveit_servo
-- Installing: /home/deepak/ws_moveit/install/moveit_servo/include/moveit_servo/servo.h
-- Installing: /home/deepak/ws_moveit/install/moveit_servo/include/moveit_servo/collision_check.h
-- Installing: /home/deepak/ws_moveit/install/moveit_servo/include/moveit_servo/parameter_descriptor_builder.hpp
-- Installing: /home/deepak/ws_moveit/install/moveit_servo/include/moveit_servo/utilities.h
-- Installing: /home/deepak/ws_moveit/install/moveit_servo/include/moveit_servo/servo_server.h
-- Installing: /home/deepak/ws_moveit/install/moveit_servo/include/moveit_servo/pose_tracking.h
-- Installing: /home/deepak/ws_moveit/install/moveit_servo/include/moveit_servo/servo_calcs.h
-- Installing: /home/deepak/ws_moveit/install/moveit_servo/include/moveit_servo/enforce_limits.hpp
-- Installing: /home/deepak/ws_moveit/install/moveit_servo/include/moveit_servo/servo_parameters.h
-- Installing: /home/deepak/ws_moveit/install/moveit_servo/include/moveit_servo/status_codes.h
-- Installing: /home/deepak/ws_moveit/install/moveit_servo/include/moveit_servo/make_shared_from_pool.h
-- Installing: /home/deepak/ws_moveit/install/moveit_servo/include/moveit_servo/servo_node.h
-- Installing: /home/deepak/ws_moveit/install/moveit_servo/share/moveit_servo/launch
-- Installing: /home/deepak/ws_moveit/install/moveit_servo/share/moveit_servo/launch/servo_example.launch.py
-- Installing: /home/deepak/ws_moveit/install/moveit_servo/share/moveit_servo/launch/pose_tracking_example.launch.py
-- Installing: /home/deepak/ws_moveit/install/moveit_servo/share/moveit_servo/config
-- Installing: /home/deepak/ws_moveit/install/moveit_servo/share/moveit_servo/config/pose_tracking_settings.yaml
-- Installing: /home/deepak/ws_moveit/install/moveit_servo/share/moveit_servo/config/demo_rviz_pose_tracking.rviz
-- Installing: /home/deepak/ws_moveit/install/moveit_servo/share/moveit_servo/config/demo_rviz_config.rviz
-- Installing: /home/deepak/ws_moveit/install/moveit_servo/share/moveit_servo/config/panda_simulated_config_pose_tracking.yaml
-- Installing: /home/deepak/ws_moveit/install/moveit_servo/share/moveit_servo/config/panda_simulated_config.yaml
-- Installing: /home/deepak/ws_moveit/install/moveit_servo/share/moveit_servo/environment/library_path.sh
-- Installing: /home/deepak/ws_moveit/install/moveit_servo/share/moveit_servo/environment/library_path.dsv
-- Installing: /home/deepak/ws_moveit/install/moveit_servo/share/ament_index/resource_index/package_run_dependencies/moveit_servo
-- Installing: /home/deepak/ws_moveit/install/moveit_servo/share/ament_index/resource_index/parent_prefix_path/moveit_servo
-- Installing: /home/deepak/ws_moveit/install/moveit_servo/share/moveit_servo/environment/ament_prefix_path.sh
-- Installing: /home/deepak/ws_moveit/install/moveit_servo/share/moveit_servo/environment/ament_prefix_path.dsv
-- Installing: /home/deepak/ws_moveit/install/moveit_servo/share/moveit_servo/environment/path.sh
-- Installing: /home/deepak/ws_moveit/install/moveit_servo/share/moveit_servo/environment/path.dsv
-- Installing: /home/deepak/ws_moveit/install/moveit_servo/share/moveit_servo/local_setup.bash
-- Installing: /home/deepak/ws_moveit/install/moveit_servo/share/moveit_servo/local_setup.sh
-- Installing: /home/deepak/ws_moveit/install/moveit_servo/share/moveit_servo/local_setup.zsh
-- Installing: /home/deepak/ws_moveit/install/moveit_servo/share/moveit_servo/local_setup.dsv
-- Installing: /home/deepak/ws_moveit/install/moveit_servo/share/moveit_servo/package.dsv
-- Installing: /home/deepak/ws_moveit/install/moveit_servo/share/ament_index/resource_index/packages/moveit_servo
-- Installing: /home/deepak/ws_moveit/install/moveit_servo/share/ament_index/resource_index/rclcpp_components/moveit_servo
-- Installing: /home/deepak/ws_moveit/install/moveit_servo/share/moveit_servo/cmake/export_moveit_servoExport.cmake
-- Installing: /home/deepak/ws_moveit/install/moveit_servo/share/moveit_servo/cmake/export_moveit_servoExport-release.cmake
-- Installing: /home/deepak/ws_moveit/install/moveit_servo/share/moveit_servo/cmake/ament_cmake_export_targets-extras.cmake
-- Installing: /home/deepak/ws_moveit/install/moveit_servo/share/moveit_servo/cmake/ament_cmake_export_dependencies-extras.cmake
-- Installing: /home/deepak/ws_moveit/install/moveit_servo/share/moveit_servo/cmake/moveit_servoConfig.cmake
-- Installing: /home/deepak/ws_moveit/install/moveit_servo/share/moveit_servo/cmake/moveit_servoConfig-version.cmake
-- Installing: /home/deepak/ws_moveit/install/moveit_servo/share/moveit_servo/package.xml
