-- The C compiler identification is GNU 11.4.0
-- The CXX compiler identification is GNU 11.4.0
-- Detecting C compiler ABI info
-- Detecting C compiler ABI info - done
-- Check for working C compiler: /usr/bin/cc - skipped
-- Detecting C compile features
-- Detecting C compile features - done
-- Detecting CXX compiler ABI info
-- Detecting CXX compiler ABI info - done
-- Check for working CXX compiler: /usr/bin/c++ - skipped
-- Detecting CXX compile features
-- Detecting CXX compile features - done
-- Found moveit_common: 2.5.9 (/home/deepak/ws_moveit/install/moveit_common/share/moveit_common/cmake)
-- Found ament_cmake: 1.3.12 (/opt/ros/humble/share/ament_cmake/cmake)
-- Found Python3: /usr/bin/python3 (found version "3.10.12") found components: Interpreter 
-- Found tf2_kdl: 0.25.18 (/opt/ros/humble/share/tf2_kdl/cmake)
-- Found rosidl_generator_c: 3.1.8 (/opt/ros/humble/share/rosidl_generator_c/cmake)
-- Found rosidl_adapter: 3.1.8 (/opt/ros/humble/share/rosidl_adapter/cmake)
-- Found rosidl_generator_cpp: 3.1.8 (/opt/ros/humble/share/rosidl_generator_cpp/cmake)
-- Using all available rosidl_typesupport_c: rosidl_typesupport_fastrtps_c;rosidl_typesupport_introspection_c
-- Using all available rosidl_typesupport_cpp: rosidl_typesupport_fastrtps_cpp;rosidl_typesupport_introspection_cpp
-- Found eigen3_cmake_module: 0.1.1 (/opt/ros/humble/share/eigen3_cmake_module/cmake)
-- Found Eigen3: TRUE (found version "3.4.0") 
-- Ensuring Eigen3 include directory is part of orocos-kdl CMake target
-- Found rmw_implementation_cmake: 6.1.2 (/opt/ros/humble/share/rmw_implementation_cmake/cmake)
-- Found rmw_fastrtps_cpp: 6.2.9 (/opt/ros/humble/share/rmw_fastrtps_cpp/cmake)
-- Found OpenSSL: /usr/lib/x86_64-linux-gnu/libcrypto.so (found version "3.0.2")  
-- Found FastRTPS: /opt/ros/humble/include  
-- Using RMW implementation 'rmw_fastrtps_cpp' as default
-- Looking for pthread.h
-- Looking for pthread.h - found
-- Performing Test CMAKE_HAVE_LIBC_PTHREAD
-- Performing Test CMAKE_HAVE_LIBC_PTHREAD - Success
-- Found Threads: TRUE  
-- Found kdl_parser: 2.6.4 (/opt/ros/humble/share/kdl_parser/cmake)
-- Found random_numbers: 2.0.1 (/opt/ros/humble/share/random_numbers/cmake)
-- Found pluginlib: 5.1.3 (/opt/ros/humble/share/pluginlib/cmake)
-- Found moveit_core: 2.5.9 (/home/deepak/ws_moveit/install/moveit_core/share/moveit_core/cmake)
-- Found Boost: /usr/lib/x86_64-linux-gnu/cmake/Boost-1.74.0/BoostConfig.cmake (found version "1.74.0") found components: chrono date_time filesystem iostreams program_options regex serialization system thread 
-- Found parameter_traits: 0.6.0 (/opt/ros/humble/share/parameter_traits/cmake)
-- Found rclcpp_lifecycle: 16.0.17 (/opt/ros/humble/share/rclcpp_lifecycle/cmake)
-- Found Boost: /usr/lib/x86_64-linux-gnu/cmake/Boost-1.74.0/BoostConfig.cmake (found version "1.74.0") found components: filesystem 
-- library: /usr/lib/x86_64-linux-gnu/libcurl.so
-- Found moveit_ros_planning: 2.5.9 (/home/deepak/ws_moveit/install/moveit_ros_planning/share/moveit_ros_planning/cmake)
-- Found Boost: /usr/lib/x86_64-linux-gnu/cmake/Boost-1.74.0/BoostConfig.cmake (found version "1.74.0") found components: system filesystem date_time program_options thread chrono 
-- Found Boost: /usr/lib/x86_64-linux-gnu/cmake/Boost-1.74.0/BoostConfig.cmake (found version "1.74.0") found components: program_options system 
-- Configuring done
-- Generating done
-- Build files have been written to: /home/deepak/ws_moveit/build/moveit_kinematics
[ 18%] [32mBuilding CXX object kdl_kinematics_plugin/CMakeFiles/moveit_kdl_kinematics_plugin.dir/src/kdl_kinematics_plugin.cpp.o[0m
[ 18%] [32mBuilding CXX object cached_ik_kinematics_plugin/CMakeFiles/moveit_cached_ik_kinematics_base.dir/src/ik_cache.cpp.o[0m
[ 27%] [32mBuilding CXX object srv_kinematics_plugin/CMakeFiles/moveit_srv_kinematics_plugin.dir/src/srv_kinematics_plugin.cpp.o[0m
[ 36%] [32m[1mLinking CXX shared library libmoveit_cached_ik_kinematics_base.so[0m
[ 45%] [32mBuilding CXX object kdl_kinematics_plugin/CMakeFiles/moveit_kdl_kinematics_plugin.dir/src/chainiksolver_vel_mimic_svd.cpp.o[0m
[ 45%] Built target moveit_cached_ik_kinematics_base
[ 54%] [32mBuilding CXX object lma_kinematics_plugin/CMakeFiles/moveit_lma_kinematics_plugin.dir/src/lma_kinematics_plugin.cpp.o[0m
[ 63%] [32m[1mLinking CXX shared library libmoveit_srv_kinematics_plugin.so[0m
[ 63%] Built target moveit_srv_kinematics_plugin
[ 72%] [32m[1mLinking CXX shared library libmoveit_lma_kinematics_plugin.so[0m
[ 81%] [32m[1mLinking CXX shared library libmoveit_kdl_kinematics_plugin.so[0m
[ 81%] Built target moveit_kdl_kinematics_plugin
[ 81%] Built target moveit_lma_kinematics_plugin
[ 90%] [32mBuilding CXX object cached_ik_kinematics_plugin/CMakeFiles/moveit_cached_ik_kinematics_plugin.dir/src/cached_ik_kinematics_plugin.cpp.o[0m
[100%] [32m[1mLinking CXX shared library libmoveit_cached_ik_kinematics_plugin.so[0m
[100%] Built target moveit_cached_ik_kinematics_plugin
-- Install configuration: "Release"
-- Installing: /home/deepak/ws_moveit/install/moveit_kinematics/share/moveit_kinematics/kdl_kinematics_plugin_description.xml
-- Installing: /home/deepak/ws_moveit/install/moveit_kinematics/share/moveit_kinematics/lma_kinematics_plugin_description.xml
-- Installing: /home/deepak/ws_moveit/install/moveit_kinematics/share/moveit_kinematics/srv_kinematics_plugin_description.xml
-- Installing: /home/deepak/ws_moveit/install/moveit_kinematics/share/moveit_kinematics/cached_ik_kinematics_plugin_description.xml
-- Installing: /home/deepak/ws_moveit/install/moveit_kinematics/include
-- Installing: /home/deepak/ws_moveit/install/moveit_kinematics/include/moveit
-- Installing: /home/deepak/ws_moveit/install/moveit_kinematics/include/moveit/cached_ik_kinematics_plugin
-- Installing: /home/deepak/ws_moveit/install/moveit_kinematics/include/moveit/cached_ik_kinematics_plugin/cached_ik_kinematics_plugin.h
-- Installing: /home/deepak/ws_moveit/install/moveit_kinematics/include/moveit/cached_ik_kinematics_plugin/cached_ik_kinematics_plugin-inl.h
-- Installing: /home/deepak/ws_moveit/install/moveit_kinematics/include/moveit/cached_ik_kinematics_plugin/detail
-- Installing: /home/deepak/ws_moveit/install/moveit_kinematics/include/moveit/cached_ik_kinematics_plugin/detail/NearestNeighborsGNAT.h
-- Installing: /home/deepak/ws_moveit/install/moveit_kinematics/include/moveit/cached_ik_kinematics_plugin/detail/NearestNeighbors.h
-- Installing: /home/deepak/ws_moveit/install/moveit_kinematics/include/moveit/cached_ik_kinematics_plugin/detail/GreedyKCenters.h
-- Installing: /home/deepak/ws_moveit/install/moveit_kinematics/share/moveit_kinematics/launch
-- Installing: /home/deepak/ws_moveit/install/moveit_kinematics/share/moveit_kinematics/launch/measure_ik_call_cost.launch
-- Installing: /home/deepak/ws_moveit/install/moveit_kinematics/lib/moveit_kinematics/auto_create_ikfast_moveit_plugin.sh
-- Installing: /home/deepak/ws_moveit/install/moveit_kinematics/lib/moveit_kinematics/create_ikfast_moveit_plugin.py
-- Installing: /home/deepak/ws_moveit/install/moveit_kinematics/lib/moveit_kinematics/round_collada_numbers.py
-- Installing: /home/deepak/ws_moveit/install/moveit_kinematics/share/moveit_kinematics/ikfast_kinematics_plugin/templates
-- Installing: /home/deepak/ws_moveit/install/moveit_kinematics/share/moveit_kinematics/ikfast_kinematics_plugin/templates/ikfast61_moveit_plugin_template.cpp
-- Installing: /home/deepak/ws_moveit/install/moveit_kinematics/share/moveit_kinematics/ikfast_kinematics_plugin/templates/ikfast.h
-- Installing: /home/deepak/ws_moveit/install/moveit_kinematics/share/moveit_kinematics/ikfast_kinematics_plugin/templates/CMakeLists.txt
-- Up-to-date: /home/deepak/ws_moveit/install/moveit_kinematics/include
-- Up-to-date: /home/deepak/ws_moveit/install/moveit_kinematics/include/moveit
-- Installing: /home/deepak/ws_moveit/install/moveit_kinematics/include/moveit/kdl_kinematics_plugin
-- Installing: /home/deepak/ws_moveit/install/moveit_kinematics/include/moveit/kdl_kinematics_plugin/kdl_kinematics_plugin.h
-- Installing: /home/deepak/ws_moveit/install/moveit_kinematics/include/moveit/kdl_kinematics_plugin/chainiksolver_vel_mimic_svd.hpp
-- Installing: /home/deepak/ws_moveit/install/moveit_kinematics/include/moveit/kdl_kinematics_plugin/joint_mimic.hpp
-- Up-to-date: /home/deepak/ws_moveit/install/moveit_kinematics/include
-- Up-to-date: /home/deepak/ws_moveit/install/moveit_kinematics/include/moveit
-- Installing: /home/deepak/ws_moveit/install/moveit_kinematics/include/moveit/lma_kinematics_plugin
-- Installing: /home/deepak/ws_moveit/install/moveit_kinematics/include/moveit/lma_kinematics_plugin/lma_kinematics_plugin.h
-- Up-to-date: /home/deepak/ws_moveit/install/moveit_kinematics/include
-- Up-to-date: /home/deepak/ws_moveit/install/moveit_kinematics/include/moveit
-- Installing: /home/deepak/ws_moveit/install/moveit_kinematics/include/moveit/srv_kinematics_plugin
-- Installing: /home/deepak/ws_moveit/install/moveit_kinematics/include/moveit/srv_kinematics_plugin/srv_kinematics_plugin.h
-- Installing: /home/deepak/ws_moveit/install/moveit_kinematics/lib/libmoveit_cached_ik_kinematics_base.so.2.5.9
-- Set runtime path of "/home/deepak/ws_moveit/install/moveit_kinematics/lib/libmoveit_cached_ik_kinematics_base.so.2.5.9" to ""
-- Installing: /home/deepak/ws_moveit/install/moveit_kinematics/lib/libmoveit_cached_ik_kinematics_base.so
-- Installing: /home/deepak/ws_moveit/install/moveit_kinematics/lib/libmoveit_cached_ik_kinematics_plugin.so.2.5.9
-- Set runtime path of "/home/deepak/ws_moveit/install/moveit_kinematics/lib/libmoveit_cached_ik_kinematics_plugin.so.2.5.9" to ""
-- Installing: /home/deepak/ws_moveit/install/moveit_kinematics/lib/libmoveit_cached_ik_kinematics_plugin.so
-- Installing: /home/deepak/ws_moveit/install/moveit_kinematics/lib/libmoveit_kdl_kinematics_plugin.so
-- Set runtime path of "/home/deepak/ws_moveit/install/moveit_kinematics/lib/libmoveit_kdl_kinematics_plugin.so" to ""
-- Installing: /home/deepak/ws_moveit/install/moveit_kinematics/lib/libmoveit_lma_kinematics_plugin.so.2.5.9
-- Set runtime path of "/home/deepak/ws_moveit/install/moveit_kinematics/lib/libmoveit_lma_kinematics_plugin.so.2.5.9" to ""
-- Installing: /home/deepak/ws_moveit/install/moveit_kinematics/lib/libmoveit_lma_kinematics_plugin.so
-- Installing: /home/deepak/ws_moveit/install/moveit_kinematics/lib/libmoveit_srv_kinematics_plugin.so.2.5.9
-- Set runtime path of "/home/deepak/ws_moveit/install/moveit_kinematics/lib/libmoveit_srv_kinematics_plugin.so.2.5.9" to ""
-- Installing: /home/deepak/ws_moveit/install/moveit_kinematics/lib/libmoveit_srv_kinematics_plugin.so
-- Installing: /home/deepak/ws_moveit/install/moveit_kinematics/share/moveit_kinematics/environment/library_path.sh
-- Installing: /home/deepak/ws_moveit/install/moveit_kinematics/share/moveit_kinematics/environment/library_path.dsv
-- Installing: /home/deepak/ws_moveit/install/moveit_kinematics/share/ament_index/resource_index/package_run_dependencies/moveit_kinematics
-- Installing: /home/deepak/ws_moveit/install/moveit_kinematics/share/ament_index/resource_index/parent_prefix_path/moveit_kinematics
-- Installing: /home/deepak/ws_moveit/install/moveit_kinematics/share/moveit_kinematics/environment/ament_prefix_path.sh
-- Installing: /home/deepak/ws_moveit/install/moveit_kinematics/share/moveit_kinematics/environment/ament_prefix_path.dsv
-- Installing: /home/deepak/ws_moveit/install/moveit_kinematics/share/moveit_kinematics/environment/path.sh
-- Installing: /home/deepak/ws_moveit/install/moveit_kinematics/share/moveit_kinematics/environment/path.dsv
-- Installing: /home/deepak/ws_moveit/install/moveit_kinematics/share/moveit_kinematics/local_setup.bash
-- Installing: /home/deepak/ws_moveit/install/moveit_kinematics/share/moveit_kinematics/local_setup.sh
-- Installing: /home/deepak/ws_moveit/install/moveit_kinematics/share/moveit_kinematics/local_setup.zsh
-- Installing: /home/deepak/ws_moveit/install/moveit_kinematics/share/moveit_kinematics/local_setup.dsv
-- Installing: /home/deepak/ws_moveit/install/moveit_kinematics/share/moveit_kinematics/package.dsv
-- Installing: /home/deepak/ws_moveit/install/moveit_kinematics/share/ament_index/resource_index/packages/moveit_kinematics
-- Installing: /home/deepak/ws_moveit/install/moveit_kinematics/share/ament_index/resource_index/moveit_core__pluginlib__plugin/moveit_kinematics
-- Installing: /home/deepak/ws_moveit/install/moveit_kinematics/share/moveit_kinematics/cmake/export_moveit_kinematicsExport.cmake
-- Installing: /home/deepak/ws_moveit/install/moveit_kinematics/share/moveit_kinematics/cmake/export_moveit_kinematicsExport-release.cmake
-- Installing: /home/deepak/ws_moveit/install/moveit_kinematics/share/moveit_kinematics/cmake/ConfigExtras.cmake
-- Installing: /home/deepak/ws_moveit/install/moveit_kinematics/share/moveit_kinematics/cmake/ament_cmake_export_targets-extras.cmake
-- Installing: /home/deepak/ws_moveit/install/moveit_kinematics/share/moveit_kinematics/cmake/ament_cmake_export_dependencies-extras.cmake
-- Installing: /home/deepak/ws_moveit/install/moveit_kinematics/share/moveit_kinematics/cmake/moveit_kinematicsConfig.cmake
-- Installing: /home/deepak/ws_moveit/install/moveit_kinematics/share/moveit_kinematics/cmake/moveit_kinematicsConfig-version.cmake
-- Installing: /home/deepak/ws_moveit/install/moveit_kinematics/share/moveit_kinematics/package.xml
