-- Install configuration: ""
-- Up-to-date: /home/remandey/my-programs/rovercore/install/rover_description/lib/rover_description/teleop.py
-- Up-to-date: /home/remandey/my-programs/rovercore/install/rover_description/lib/rover_description/cmd_vel_relay.py
-- Up-to-date: /home/remandey/my-programs/rovercore/install/rover_description/lib/rover_description/aruco_detection.py
-- Up-to-date: /home/remandey/my-programs/rovercore/install/rover_description/lib/rover_description/spiral_search.py
-- Up-to-date: /home/remandey/my-programs/rovercore/install/rover_description/lib/rover_description/mission_initializer.py
-- Up-to-date: /home/remandey/my-programs/rovercore/install/rover_description/lib/rover_description/robot_description_publisher.py
-- Up-to-date: /home/remandey/my-programs/rovercore/install/rover_description/lib/rover_description/optical_flow_node.py
-- Up-to-date: /home/remandey/my-programs/rovercore/install/rover_description/lib/rover_description/imu_filter_node.py
-- Up-to-date: /home/remandey/my-programs/rovercore/install/rover_description/lib/rover_description/flow_derotation_node.py
-- Up-to-date: /home/remandey/my-programs/rovercore/install/rover_description/lib/rover_description/nonholonomic_node.py
-- Up-to-date: /home/remandey/my-programs/rovercore/install/rover_description/lib/rover_description/slip_detector_node.py
-- Up-to-date: /home/remandey/my-programs/rovercore/install/rover_description/lib/rover_description/gps_gating_node.py
-- Up-to-date: /home/remandey/my-programs/rovercore/install/rover_description/lib/rover_description/gps_fix_covariance_node.py
-- Up-to-date: /home/remandey/my-programs/rovercore/install/rover_description/lib/rover_description/zupt_node.py
-- Up-to-date: /home/remandey/my-programs/rovercore/install/rover_description/lib/rover_description/gps_driver_node.py
-- Up-to-date: /home/remandey/my-programs/rovercore/install/rover_description/lib/rover_description/icm20948_driver_node.py
-- Up-to-date: /home/remandey/my-programs/rovercore/install/rover_description/lib/rover_description/mtf01_driver_node.py
-- Up-to-date: /home/remandey/my-programs/rovercore/install/rover_description/lib/rover_description/joint_state_restamper.py
-- Up-to-date: /home/remandey/my-programs/rovercore/install/rover_description/lib/rover_description/joy_teleop.py
-- Up-to-date: /home/remandey/my-programs/rovercore/install/rover_description/share/rover_description/urdf
-- Up-to-date: /home/remandey/my-programs/rovercore/install/rover_description/share/rover_description/urdf/Assem10.urdf
-- Up-to-date: /home/remandey/my-programs/rovercore/install/rover_description/share/rover_description/urdf/rover.urdf
-- Up-to-date: /home/remandey/my-programs/rovercore/install/rover_description/share/rover_description/urdf/rover_with_arm.urdf.xacro
-- Up-to-date: /home/remandey/my-programs/rovercore/install/rover_description/share/rover_description/urdf/Assem10_real.urdf.xacro
-- Up-to-date: /home/remandey/my-programs/rovercore/install/rover_description/share/rover_description/urdf/Assem10.csv
-- Up-to-date: /home/remandey/my-programs/rovercore/install/rover_description/share/rover_description/meshes
-- Up-to-date: /home/remandey/my-programs/rovercore/install/rover_description/share/rover_description/meshes/OPTICAL.STL
-- Up-to-date: /home/remandey/my-programs/rovercore/install/rover_description/share/rover_description/meshes/Assem10.urdf
-- Up-to-date: /home/remandey/my-programs/rovercore/install/rover_description/share/rover_description/meshes/RB.STL
-- Up-to-date: /home/remandey/my-programs/rovercore/install/rover_description/share/rover_description/meshes/LF.STL
-- Up-to-date: /home/remandey/my-programs/rovercore/install/rover_description/share/rover_description/meshes/GPS.STL
-- Up-to-date: /home/remandey/my-programs/rovercore/install/rover_description/share/rover_description/meshes/LB.STL
-- Up-to-date: /home/remandey/my-programs/rovercore/install/rover_description/share/rover_description/meshes/RF.STL
-- Up-to-date: /home/remandey/my-programs/rovercore/install/rover_description/share/rover_description/meshes/IMU.STL
-- Up-to-date: /home/remandey/my-programs/rovercore/install/rover_description/share/rover_description/meshes/base_link.STL
-- Up-to-date: /home/remandey/my-programs/rovercore/install/rover_description/share/rover_description/launch
-- Up-to-date: /home/remandey/my-programs/rovercore/install/rover_description/share/rover_description/launch/drone_bringup.launch.py
-- Up-to-date: /home/remandey/my-programs/rovercore/install/rover_description/share/rover_description/launch/slam.launch.py
-- Up-to-date: /home/remandey/my-programs/rovercore/install/rover_description/share/rover_description/launch/state_estimation.launch.py
-- Up-to-date: /home/remandey/my-programs/rovercore/install/rover_description/share/rover_description/launch/__pycache__
-- Installing: /home/remandey/my-programs/rovercore/install/rover_description/share/rover_description/launch/__pycache__/sim.launch.cpython-310.pyc
-- Up-to-date: /home/remandey/my-programs/rovercore/install/rover_description/share/rover_description/launch/nav2.launch.py
-- Installing: /home/remandey/my-programs/rovercore/install/rover_description/share/rover_description/launch/sim.launch.py
-- Up-to-date: /home/remandey/my-programs/rovercore/install/rover_description/share/rover_description/launch/arc_night_mission.launch.py
-- Up-to-date: /home/remandey/my-programs/rovercore/install/rover_description/share/rover_description/launch/sensors_hw.launch.py
-- Up-to-date: /home/remandey/my-programs/rovercore/install/rover_description/share/rover_description/launch/full_autonomy.launch.py
-- Up-to-date: /home/remandey/my-programs/rovercore/install/rover_description/share/rover_description/rviz
-- Up-to-date: /home/remandey/my-programs/rovercore/install/rover_description/share/rover_description/rviz/nav2_config.rviz
-- Up-to-date: /home/remandey/my-programs/rovercore/install/rover_description/share/rover_description/config
-- Up-to-date: /home/remandey/my-programs/rovercore/install/rover_description/share/rover_description/config/joint_names_Assem10.yaml
-- Up-to-date: /home/remandey/my-programs/rovercore/install/rover_description/share/rover_description/config/mission_waypoints.yaml
-- Up-to-date: /home/remandey/my-programs/rovercore/install/rover_description/share/rover_description/config/cartographer.lua
-- Up-to-date: /home/remandey/my-programs/rovercore/install/rover_description/share/rover_description/config/nav2_params.yaml
-- Up-to-date: /home/remandey/my-programs/rovercore/install/rover_description/share/rover_description/config/mission_config.yaml
-- Up-to-date: /home/remandey/my-programs/rovercore/install/rover_description/share/rover_description/config/ekf_global.yaml
-- Up-to-date: /home/remandey/my-programs/rovercore/install/rover_description/share/rover_description/config/mavros_params.yaml
-- Up-to-date: /home/remandey/my-programs/rovercore/install/rover_description/share/rover_description/config/navigate_and_search_bt.xml
-- Up-to-date: /home/remandey/my-programs/rovercore/install/rover_description/share/rover_description/config/ekf_local.yaml
-- Up-to-date: /home/remandey/my-programs/rovercore/install/rover_description/share/rover_description/config/imu_calibration.yaml
-- Up-to-date: /home/remandey/my-programs/rovercore/install/rover_description/share/rover_description/config/rover_controllers.yaml
-- Up-to-date: /home/remandey/my-programs/rovercore/install/rover_description/share/rover_description/config/hardware_params.yaml
-- Up-to-date: /home/remandey/my-programs/rovercore/install/rover_description/share/rover_description/config/combined_controllers.yaml
-- Up-to-date: /home/remandey/my-programs/rovercore/install/rover_description/share/rover_description/config/navsat.yaml
-- Up-to-date: /home/remandey/my-programs/rovercore/install/rover_description/share/rover_description/worlds
-- Installing: /home/remandey/my-programs/rovercore/install/rover_description/share/rover_description/worlds/moon.world
-- Up-to-date: /home/remandey/my-programs/rovercore/install/rover_description/share/rover_description/worlds/moon.world.sdf
-- Installing: /home/remandey/my-programs/rovercore/install/rover_description/share/rover_description/worlds/moon2.world.sdf
-- Up-to-date: /home/remandey/my-programs/rovercore/install/rover_description/share/rover_description/worlds/agriculture.world
-- Up-to-date: /home/remandey/my-programs/rovercore/install/rover_description/share/rover_description/worlds/mars.world.sdf
-- Up-to-date: /home/remandey/my-programs/rovercore/install/rover_description/share/rover_description/worlds/empty.world
-- Up-to-date: /home/remandey/my-programs/rovercore/install/rover_description/share/rover_description/worlds/mars_terrain.world
-- Up-to-date: /home/remandey/my-programs/rovercore/install/rover_description/share/rover_description/maps
-- Up-to-date: /home/remandey/my-programs/rovercore/install/rover_description/share/rover_description/maps/my_map.yaml
-- Up-to-date: /home/remandey/my-programs/rovercore/install/rover_description/share/rover_description/maps/my_map.pgm
-- Up-to-date: /home/remandey/my-programs/rovercore/install/rover_description/share/rover_description/models
-- Installing: /home/remandey/my-programs/rovercore/install/rover_description/share/rover_description/models/ramp2
-- Installing: /home/remandey/my-programs/rovercore/install/rover_description/share/rover_description/models/ramp2/model-1_4.sdf
-- Installing: /home/remandey/my-programs/rovercore/install/rover_description/share/rover_description/models/ramp2/model.sdf
-- Installing: /home/remandey/my-programs/rovercore/install/rover_description/share/rover_description/models/ramp2/model-1_2.sdf
-- Installing: /home/remandey/my-programs/rovercore/install/rover_description/share/rover_description/models/ramp2/model.config
-- Installing: /home/remandey/my-programs/rovercore/install/rover_description/share/rover_description/models/ramp2/materials
-- Installing: /home/remandey/my-programs/rovercore/install/rover_description/share/rover_description/models/ramp2/materials/textures
-- Installing: /home/remandey/my-programs/rovercore/install/rover_description/share/rover_description/models/ramp2/materials/textures/plywood256x256.png
-- Installing: /home/remandey/my-programs/rovercore/install/rover_description/share/rover_description/models/ramp2/meshes
-- Installing: /home/remandey/my-programs/rovercore/install/rover_description/share/rover_description/models/ramp2/meshes/nist_simple_ramp_120.dae
-- Installing: /home/remandey/my-programs/rovercore/install/rover_description/share/rover_description/models/ramp2/model-1_3.sdf
-- Installing: /home/remandey/my-programs/rovercore/install/rover_description/share/rover_description/models/apollo15_landing_site_1000x1000
-- Installing: /home/remandey/my-programs/rovercore/install/rover_description/share/rover_description/models/apollo15_landing_site_1000x1000/model-1_4.sdf
-- Installing: /home/remandey/my-programs/rovercore/install/rover_description/share/rover_description/models/apollo15_landing_site_1000x1000/model.sdf
-- Installing: /home/remandey/my-programs/rovercore/install/rover_description/share/rover_description/models/apollo15_landing_site_1000x1000/model.config
-- Installing: /home/remandey/my-programs/rovercore/install/rover_description/share/rover_description/models/apollo15_landing_site_1000x1000/materials
-- Installing: /home/remandey/my-programs/rovercore/install/rover_description/share/rover_description/models/apollo15_landing_site_1000x1000/materials/textures
-- Installing: /home/remandey/my-programs/rovercore/install/rover_description/share/rover_description/models/apollo15_landing_site_1000x1000/materials/textures/NAC_DTM_APOLLO15_E261N0036_257x257+7472+2152.png
-- Installing: /home/remandey/my-programs/rovercore/install/rover_description/share/rover_description/models/apollo15_landing_site_1000x1000/materials/textures/AS16-110-18026HR-512x512.jpg
-- Up-to-date: /home/remandey/my-programs/rovercore/install/rover_description/share/rover_description/models/cpr_agriculture
-- Installing: /home/remandey/my-programs/rovercore/install/rover_description/share/rover_description/models/cpr_agriculture/model.sdf
-- Installing: /home/remandey/my-programs/rovercore/install/rover_description/share/rover_description/models/cpr_agriculture/model.config
-- Up-to-date: /home/remandey/my-programs/rovercore/install/rover_description/share/rover_description/models/cpr_agriculture/materials
-- Up-to-date: /home/remandey/my-programs/rovercore/install/rover_description/share/rover_description/models/cpr_agriculture/materials/textures
-- Installing: /home/remandey/my-programs/rovercore/install/rover_description/share/rover_description/models/cpr_agriculture/materials/textures/AgriBakeLarge.jpg
-- Installing: /home/remandey/my-programs/rovercore/install/rover_description/share/rover_description/models/cpr_agriculture/materials/textures/WoodPlanksWorn33_COL_VAR1_3K.jpg
-- Installing: /home/remandey/my-programs/rovercore/install/rover_description/share/rover_description/models/cpr_agriculture/materials/textures/WoodPlanksWornWhite33_COL_VAR1_3K.jpg
-- Installing: /home/remandey/my-programs/rovercore/install/rover_description/share/rover_description/models/cpr_agriculture/materials/textures/SolarPanelsPolycrystallineTypeBFramedClean001_COL_3K.jpg
-- Installing: /home/remandey/my-programs/rovercore/install/rover_description/share/rover_description/models/cpr_agriculture/materials/textures/MetalCorrugatedIronSheet002_METALNESS_3K_METALNESS.jpg
-- Installing: /home/remandey/my-programs/rovercore/install/rover_description/share/rover_description/models/cpr_agriculture/materials/textures/WoodPlanksWornRed33_COL_VAR1_3K.jpg
-- Up-to-date: /home/remandey/my-programs/rovercore/install/rover_description/share/rover_description/models/cpr_agriculture/meshes
-- Installing: /home/remandey/my-programs/rovercore/install/rover_description/share/rover_description/models/cpr_agriculture/meshes/agriculture_world.dae
-- Installing: /home/remandey/my-programs/rovercore/install/rover_description/share/rover_description/models/arc_recorder
-- Installing: /home/remandey/my-programs/rovercore/install/rover_description/share/rover_description/models/arc_recorder/model.sdf
-- Installing: /home/remandey/my-programs/rovercore/install/rover_description/share/rover_description/models/arc_recorder/model.config
-- Installing: /home/remandey/my-programs/rovercore/install/rover_description/share/rover_description/models/arc_recorder/meshes
-- Installing: /home/remandey/my-programs/rovercore/install/rover_description/share/rover_description/models/arc_recorder/meshes/cable.mtl
-- Installing: /home/remandey/my-programs/rovercore/install/rover_description/share/rover_description/models/arc_recorder/meshes/recorder_handle.obj
-- Installing: /home/remandey/my-programs/rovercore/install/rover_description/share/rover_description/models/arc_recorder/meshes/connector.mtl
-- Installing: /home/remandey/my-programs/rovercore/install/rover_description/share/rover_description/models/arc_recorder/meshes/recorder_body.mtl
-- Installing: /home/remandey/my-programs/rovercore/install/rover_description/share/rover_description/models/arc_recorder/meshes/connector_plug.obj
-- Installing: /home/remandey/my-programs/rovercore/install/rover_description/share/rover_description/models/arc_recorder/meshes/connector_socket.obj
-- Installing: /home/remandey/my-programs/rovercore/install/rover_description/share/rover_description/models/arc_recorder/meshes/cable.obj
-- Installing: /home/remandey/my-programs/rovercore/install/rover_description/share/rover_description/models/arc_recorder/meshes/recorder_body.obj
-- Installing: /home/remandey/my-programs/rovercore/install/rover_description/share/rover_description/models/ramp.stl
-- Up-to-date: /home/remandey/my-programs/rovercore/install/rover_description/share/rover_description/models/gale_crater_patch2
-- Installing: /home/remandey/my-programs/rovercore/install/rover_description/share/rover_description/models/gale_crater_patch2/model.sdf
-- Installing: /home/remandey/my-programs/rovercore/install/rover_description/share/rover_description/models/gale_crater_patch2/model.config
-- Up-to-date: /home/remandey/my-programs/rovercore/install/rover_description/share/rover_description/models/gale_crater_patch2/materials
-- Up-to-date: /home/remandey/my-programs/rovercore/install/rover_description/share/rover_description/models/gale_crater_patch2/materials/textures
-- Installing: /home/remandey/my-programs/rovercore/install/rover_description/share/rover_description/models/gale_crater_patch2/materials/textures/rock_texture_1.png
-- Installing: /home/remandey/my-programs/rovercore/install/rover_description/share/rover_description/models/gale_crater_patch2/materials/textures/sand_pebbles.png
-- Up-to-date: /home/remandey/my-programs/rovercore/install/rover_description/share/rover_description/models/gale_crater_patch2/materials/scripts
-- Installing: /home/remandey/my-programs/rovercore/install/rover_description/share/rover_description/models/gale_crater_patch2/materials/scripts/rock_texture_1.material
-- Installing: /home/remandey/my-programs/rovercore/install/rover_description/share/rover_description/models/gale_crater_patch2/materials/scripts/sand_pebbles.material
-- Up-to-date: /home/remandey/my-programs/rovercore/install/rover_description/share/rover_description/models/gale_crater_patch2/meshes
-- Installing: /home/remandey/my-programs/rovercore/install/rover_description/share/rover_description/models/gale_crater_patch2/meshes/Emergency_kit.obj
-- Installing: /home/remandey/my-programs/rovercore/install/rover_description/share/rover_description/models/gale_crater_patch2/meshes/fuel_trail.mtl
-- Installing: /home/remandey/my-programs/rovercore/install/rover_description/share/rover_description/models/gale_crater_patch2/meshes/damaged_pipe.mtl
-- Installing: /home/remandey/my-programs/rovercore/install/rover_description/share/rover_description/models/gale_crater_patch2/meshes/damaged_pipe.obj
-- Installing: /home/remandey/my-programs/rovercore/install/rover_description/share/rover_description/models/gale_crater_patch2/meshes/Astronaut.obj
-- Installing: /home/remandey/my-programs/rovercore/install/rover_description/share/rover_description/models/gale_crater_patch2/meshes/rocket.mtl
-- Installing: /home/remandey/my-programs/rovercore/install/rover_description/share/rover_description/models/gale_crater_patch2/meshes/rocket.obj
-- Installing: /home/remandey/my-programs/rovercore/install/rover_description/share/rover_description/models/gale_crater_patch2/meshes/Astronaut_final.mtl
-- Installing: /home/remandey/my-programs/rovercore/install/rover_description/share/rover_description/models/gale_crater_patch2/meshes/Toolbox.mtl
-- Installing: /home/remandey/my-programs/rovercore/install/rover_description/share/rover_description/models/gale_crater_patch2/meshes/gale_crater_patch2.stl
-- Installing: /home/remandey/my-programs/rovercore/install/rover_description/share/rover_description/models/gale_crater_patch2/meshes/Toolbox.obj
-- Installing: /home/remandey/my-programs/rovercore/install/rover_description/share/rover_description/models/gale_crater_patch2/meshes/rocket.stl
-- Installing: /home/remandey/my-programs/rovercore/install/rover_description/share/rover_description/models/gale_crater_patch2/meshes/fuel_trail.obj
-- Installing: /home/remandey/my-programs/rovercore/install/rover_description/share/rover_description/models/gale_crater_patch2/meshes/dome.obj
-- Installing: /home/remandey/my-programs/rovercore/install/rover_description/share/rover_description/models/gale_crater_patch2/meshes/dome.mtl
-- Installing: /home/remandey/my-programs/rovercore/install/rover_description/share/rover_description/models/gale_crater_patch2/meshes/repair_tool.obj
-- Installing: /home/remandey/my-programs/rovercore/install/rover_description/share/rover_description/models/gale_crater_patch2/meshes/repair_tool.mtl
-- Installing: /home/remandey/my-programs/rovercore/install/rover_description/share/rover_description/models/gale_crater_patch2/meshes/Emergency_kit.mtl
-- Up-to-date: /home/remandey/my-programs/rovercore/install/rover_description/share/rover_description/models/rocks
-- Installing: /home/remandey/my-programs/rovercore/install/rover_description/share/rover_description/models/rocks/rock_medium.sdf
-- Installing: /home/remandey/my-programs/rovercore/install/rover_description/share/rover_description/models/rocks/rock_large.sdf
-- Installing: /home/remandey/my-programs/rovercore/install/rover_description/share/rover_description/models/rocks/rock_small.sdf
-- Up-to-date: /home/remandey/my-programs/rovercore/install/rover_description/share/rover_description/models/fuel_trail
-- Installing: /home/remandey/my-programs/rovercore/install/rover_description/share/rover_description/models/fuel_trail/model.sdf
-- Installing: /home/remandey/my-programs/rovercore/install/rover_description/share/rover_description/models/fuel_trail/model.config
-- Installing: /home/remandey/my-programs/rovercore/install/rover_description/share/rover_description/models/cinderblock2
-- Installing: /home/remandey/my-programs/rovercore/install/rover_description/share/rover_description/models/cinderblock2/model.sdf
-- Installing: /home/remandey/my-programs/rovercore/install/rover_description/share/rover_description/models/cinderblock2/model.config
-- Installing: /home/remandey/my-programs/rovercore/install/rover_description/share/rover_description/models/cinderblock2/meshes
-- Installing: /home/remandey/my-programs/rovercore/install/rover_description/share/rover_description/models/cinderblock2/meshes/cinder_block_wide.dae
-- Installing: /home/remandey/my-programs/rovercore/install/rover_description/share/rover_description/models/arc_sensor
-- Installing: /home/remandey/my-programs/rovercore/install/rover_description/share/rover_description/models/arc_sensor/model.sdf
-- Installing: /home/remandey/my-programs/rovercore/install/rover_description/share/rover_description/models/arc_sensor/model.config
-- Installing: /home/remandey/my-programs/rovercore/install/rover_description/share/rover_description/models/arc_sensor/meshes
-- Installing: /home/remandey/my-programs/rovercore/install/rover_description/share/rover_description/models/arc_sensor/meshes/sensor_body.obj
-- Installing: /home/remandey/my-programs/rovercore/install/rover_description/share/rover_description/models/arc_sensor/meshes/sensor_body.mtl
-- Installing: /home/remandey/my-programs/rovercore/install/rover_description/share/rover_description/models/gale_crater_patch2.zip
-- Up-to-date: /home/remandey/my-programs/rovercore/install/rover_description/share/ament_index/resource_index/package_run_dependencies/rover_description
-- Up-to-date: /home/remandey/my-programs/rovercore/install/rover_description/share/ament_index/resource_index/parent_prefix_path/rover_description
-- Up-to-date: /home/remandey/my-programs/rovercore/install/rover_description/share/rover_description/environment/ament_prefix_path.sh
-- Up-to-date: /home/remandey/my-programs/rovercore/install/rover_description/share/rover_description/environment/ament_prefix_path.dsv
-- Up-to-date: /home/remandey/my-programs/rovercore/install/rover_description/share/rover_description/environment/path.sh
-- Up-to-date: /home/remandey/my-programs/rovercore/install/rover_description/share/rover_description/environment/path.dsv
-- Up-to-date: /home/remandey/my-programs/rovercore/install/rover_description/share/rover_description/local_setup.bash
-- Up-to-date: /home/remandey/my-programs/rovercore/install/rover_description/share/rover_description/local_setup.sh
-- Up-to-date: /home/remandey/my-programs/rovercore/install/rover_description/share/rover_description/local_setup.zsh
-- Up-to-date: /home/remandey/my-programs/rovercore/install/rover_description/share/rover_description/local_setup.dsv
-- Installing: /home/remandey/my-programs/rovercore/install/rover_description/share/rover_description/package.dsv
-- Up-to-date: /home/remandey/my-programs/rovercore/install/rover_description/share/ament_index/resource_index/packages/rover_description
-- Up-to-date: /home/remandey/my-programs/rovercore/install/rover_description/share/rover_description/cmake/rover_descriptionConfig.cmake
-- Up-to-date: /home/remandey/my-programs/rovercore/install/rover_description/share/rover_description/cmake/rover_descriptionConfig-version.cmake
-- Up-to-date: /home/remandey/my-programs/rovercore/install/rover_description/share/rover_description/package.xml
