-- The C compiler identification is GNU 11.4.0
-- The CXX compiler identification is GNU 11.4.0
-- Detecting C compiler ABI info
-- Detecting C compiler ABI info - done
-- Check for working C compiler: /usr/bin/cc - skipped
-- Detecting C compile features
-- Detecting C compile features - done
-- Detecting CXX compiler ABI info
-- Detecting CXX compiler ABI info - done
-- Check for working CXX compiler: /usr/bin/c++ - skipped
-- Detecting CXX compile features
-- Detecting CXX compile features - done
-- Found moveit_common: 2.5.9 (/home/deepak/ws_moveit/install/moveit_common/share/moveit_common/cmake)
-- Found ament_cmake: 1.3.12 (/opt/ros/humble/share/ament_cmake/cmake)
-- Found Python3: /usr/bin/python3 (found version "3.10.12") found components: Interpreter 
-- Found Boost: /usr/lib/x86_64-linux-gnu/cmake/Boost-1.74.0/BoostConfig.cmake (found version "1.74.0") found components: system filesystem date_time thread serialization 
-- Found moveit_core: 2.5.9 (/home/deepak/ws_moveit/install/moveit_core/share/moveit_core/cmake)
-- Found Boost: /usr/lib/x86_64-linux-gnu/cmake/Boost-1.74.0/BoostConfig.cmake (found version "1.74.0") found components: chrono date_time filesystem iostreams program_options regex serialization system thread 
-- Found parameter_traits: 0.6.0 (/opt/ros/humble/share/parameter_traits/cmake)
-- Found rosidl_generator_c: 3.1.8 (/opt/ros/humble/share/rosidl_generator_c/cmake)
-- Found rosidl_adapter: 3.1.8 (/opt/ros/humble/share/rosidl_adapter/cmake)
-- Found rosidl_generator_cpp: 3.1.8 (/opt/ros/humble/share/rosidl_generator_cpp/cmake)
-- Using all available rosidl_typesupport_c: rosidl_typesupport_fastrtps_c;rosidl_typesupport_introspection_c
-- Using all available rosidl_typesupport_cpp: rosidl_typesupport_fastrtps_cpp;rosidl_typesupport_introspection_cpp
-- Found rmw_implementation_cmake: 6.1.2 (/opt/ros/humble/share/rmw_implementation_cmake/cmake)
-- Found rmw_fastrtps_cpp: 6.2.9 (/opt/ros/humble/share/rmw_fastrtps_cpp/cmake)
-- Found OpenSSL: /usr/lib/x86_64-linux-gnu/libcrypto.so (found version "3.0.2")  
-- Found FastRTPS: /opt/ros/humble/include  
-- Using RMW implementation 'rmw_fastrtps_cpp' as default
-- Found Threads: TRUE  
-- Found rclcpp_lifecycle: 16.0.17 (/opt/ros/humble/share/rclcpp_lifecycle/cmake)
-- Found Boost: /usr/lib/x86_64-linux-gnu/cmake/Boost-1.74.0/BoostConfig.cmake (found version "1.74.0") found components: filesystem 
-- library: /usr/lib/x86_64-linux-gnu/libcurl.so
-- Found Eigen3: TRUE (found version "3.4.0") 
-- Ensuring Eigen3 include directory is part of orocos-kdl CMake target
-- Found moveit_ros_planning: 2.5.9 (/home/deepak/ws_moveit/install/moveit_ros_planning/share/moveit_ros_planning/cmake)
-- Found Boost: /usr/lib/x86_64-linux-gnu/cmake/Boost-1.74.0/BoostConfig.cmake (found version "1.74.0") found components: system filesystem date_time program_options thread chrono 
-- Found Boost: /usr/lib/x86_64-linux-gnu/cmake/Boost-1.74.0/BoostConfig.cmake (found version "1.74.0") found components: serialization filesystem system 
-- Found ompl: /opt/ros/humble/include/ompl-1.7;/usr/include;/usr/include/eigen3  
-- Found OpenMP_C: -fopenmp (found version "4.5") 
-- Found OpenMP_CXX: -fopenmp (found version "4.5") 
-- Found OpenMP: TRUE (found version "4.5")  
-- Configuring done
-- Generating done
-- Build files have been written to: /home/deepak/ws_moveit/build/moveit_planners_ompl
[  4%] [32mBuilding CXX object ompl_interface/CMakeFiles/moveit_ompl_interface.dir/src/ompl_interface.cpp.o[0m
[ 12%] [32mBuilding CXX object ompl_interface/CMakeFiles/moveit_ompl_interface.dir/src/planning_context_manager.cpp.o[0m
[ 12%] [32mBuilding CXX object ompl_interface/CMakeFiles/moveit_ompl_interface.dir/src/model_based_planning_context.cpp.o[0m
[ 16%] [32mBuilding CXX object ompl_interface/CMakeFiles/moveit_ompl_interface.dir/src/parameterization/model_based_state_space.cpp.o[0m
[ 20%] [32mBuilding CXX object ompl_interface/CMakeFiles/moveit_ompl_interface.dir/src/parameterization/model_based_state_space_factory.cpp.o[0m
[ 24%] [32mBuilding CXX object ompl_interface/CMakeFiles/moveit_ompl_interface.dir/src/parameterization/joint_space/constrained_planning_state_space.cpp.o[0m
[ 28%] [32mBuilding CXX object ompl_interface/CMakeFiles/moveit_ompl_interface.dir/src/parameterization/joint_space/constrained_planning_state_space_factory.cpp.o[0m
[ 32%] [32mBuilding CXX object ompl_interface/CMakeFiles/moveit_ompl_interface.dir/src/parameterization/joint_space/joint_model_state_space.cpp.o[0m
[ 36%] [32mBuilding CXX object ompl_interface/CMakeFiles/moveit_ompl_interface.dir/src/parameterization/joint_space/joint_model_state_space_factory.cpp.o[0m
[ 40%] [32mBuilding CXX object ompl_interface/CMakeFiles/moveit_ompl_interface.dir/src/parameterization/work_space/pose_model_state_space.cpp.o[0m
[ 44%] [32mBuilding CXX object ompl_interface/CMakeFiles/moveit_ompl_interface.dir/src/parameterization/work_space/pose_model_state_space_factory.cpp.o[0m
[ 48%] [32mBuilding CXX object ompl_interface/CMakeFiles/moveit_ompl_interface.dir/src/detail/ompl_constraints.cpp.o[0m
[ 52%] [32mBuilding CXX object ompl_interface/CMakeFiles/moveit_ompl_interface.dir/src/detail/threadsafe_state_storage.cpp.o[0m
[ 56%] [32mBuilding CXX object ompl_interface/CMakeFiles/moveit_ompl_interface.dir/src/detail/state_validity_checker.cpp.o[0m
[ 60%] [32mBuilding CXX object ompl_interface/CMakeFiles/moveit_ompl_interface.dir/src/detail/projection_evaluators.cpp.o[0m
[ 64%] [32mBuilding CXX object ompl_interface/CMakeFiles/moveit_ompl_interface.dir/src/detail/goal_union.cpp.o[0m
[ 68%] [32mBuilding CXX object ompl_interface/CMakeFiles/moveit_ompl_interface.dir/src/detail/constraints_library.cpp.o[0m
[ 72%] [32mBuilding CXX object ompl_interface/CMakeFiles/moveit_ompl_interface.dir/src/detail/constrained_sampler.cpp.o[0m
[ 76%] [32mBuilding CXX object ompl_interface/CMakeFiles/moveit_ompl_interface.dir/src/detail/constrained_valid_state_sampler.cpp.o[0m
[ 80%] [32mBuilding CXX object ompl_interface/CMakeFiles/moveit_ompl_interface.dir/src/detail/constrained_goal_sampler.cpp.o[0m
[ 84%] [32m[1mLinking CXX shared library libmoveit_ompl_interface.so[0m
[ 84%] Built target moveit_ompl_interface
[ 88%] [32mBuilding CXX object ompl_interface/CMakeFiles/moveit_generate_state_database.dir/scripts/generate_state_database.cpp.o[0m
[ 92%] [32mBuilding CXX object ompl_interface/CMakeFiles/moveit_ompl_planner_plugin.dir/src/ompl_planner_manager.cpp.o[0m
[ 96%] [32m[1mLinking CXX shared library libmoveit_ompl_planner_plugin.so[0m
[ 96%] Built target moveit_ompl_planner_plugin
[100%] [32m[1mLinking CXX executable generate_state_database[0m
[100%] Built target moveit_generate_state_database
-- Install configuration: "Release"
-- Installing: /home/deepak/ws_moveit/install/moveit_planners_ompl/lib/moveit_planners_ompl/generate_state_database
-- Set runtime path of "/home/deepak/ws_moveit/install/moveit_planners_ompl/lib/moveit_planners_ompl/generate_state_database" to ""
-- Installing: /home/deepak/ws_moveit/install/moveit_planners_ompl/include
-- Installing: /home/deepak/ws_moveit/install/moveit_planners_ompl/include/moveit
-- Installing: /home/deepak/ws_moveit/install/moveit_planners_ompl/include/moveit/ompl_interface
-- Installing: /home/deepak/ws_moveit/install/moveit_planners_ompl/include/moveit/ompl_interface/model_based_planning_context.h
-- Installing: /home/deepak/ws_moveit/install/moveit_planners_ompl/include/moveit/ompl_interface/planning_context_manager.h
-- Installing: /home/deepak/ws_moveit/install/moveit_planners_ompl/include/moveit/ompl_interface/parameterization
-- Installing: /home/deepak/ws_moveit/install/moveit_planners_ompl/include/moveit/ompl_interface/parameterization/model_based_state_space.h
-- Installing: /home/deepak/ws_moveit/install/moveit_planners_ompl/include/moveit/ompl_interface/parameterization/model_based_state_space_factory.h
-- Installing: /home/deepak/ws_moveit/install/moveit_planners_ompl/include/moveit/ompl_interface/parameterization/work_space
-- Installing: /home/deepak/ws_moveit/install/moveit_planners_ompl/include/moveit/ompl_interface/parameterization/work_space/pose_model_state_space_factory.h
-- Installing: /home/deepak/ws_moveit/install/moveit_planners_ompl/include/moveit/ompl_interface/parameterization/work_space/pose_model_state_space.h
-- Installing: /home/deepak/ws_moveit/install/moveit_planners_ompl/include/moveit/ompl_interface/parameterization/joint_space
-- Installing: /home/deepak/ws_moveit/install/moveit_planners_ompl/include/moveit/ompl_interface/parameterization/joint_space/joint_model_state_space_factory.h
-- Installing: /home/deepak/ws_moveit/install/moveit_planners_ompl/include/moveit/ompl_interface/parameterization/joint_space/constrained_planning_state_space_factory.h
-- Installing: /home/deepak/ws_moveit/install/moveit_planners_ompl/include/moveit/ompl_interface/parameterization/joint_space/constrained_planning_state_space.h
-- Installing: /home/deepak/ws_moveit/install/moveit_planners_ompl/include/moveit/ompl_interface/parameterization/joint_space/joint_model_state_space.h
-- Installing: /home/deepak/ws_moveit/install/moveit_planners_ompl/include/moveit/ompl_interface/ompl_interface.h
-- Installing: /home/deepak/ws_moveit/install/moveit_planners_ompl/include/moveit/ompl_interface/detail
-- Installing: /home/deepak/ws_moveit/install/moveit_planners_ompl/include/moveit/ompl_interface/detail/goal_union.h
-- Installing: /home/deepak/ws_moveit/install/moveit_planners_ompl/include/moveit/ompl_interface/detail/state_validity_checker.h
-- Installing: /home/deepak/ws_moveit/install/moveit_planners_ompl/include/moveit/ompl_interface/detail/ompl_constraints.h
-- Installing: /home/deepak/ws_moveit/install/moveit_planners_ompl/include/moveit/ompl_interface/detail/constrained_sampler.h
-- Installing: /home/deepak/ws_moveit/install/moveit_planners_ompl/include/moveit/ompl_interface/detail/constraint_approximations.h
-- Installing: /home/deepak/ws_moveit/install/moveit_planners_ompl/include/moveit/ompl_interface/detail/constrained_valid_state_sampler.h
-- Installing: /home/deepak/ws_moveit/install/moveit_planners_ompl/include/moveit/ompl_interface/detail/constraints_library.h
-- Installing: /home/deepak/ws_moveit/install/moveit_planners_ompl/include/moveit/ompl_interface/detail/constrained_goal_sampler.h
-- Installing: /home/deepak/ws_moveit/install/moveit_planners_ompl/include/moveit/ompl_interface/detail/projection_evaluators.h
-- Installing: /home/deepak/ws_moveit/install/moveit_planners_ompl/include/moveit/ompl_interface/detail/threadsafe_state_storage.h
-- Installing: /home/deepak/ws_moveit/install/moveit_planners_ompl/lib/libmoveit_ompl_interface.so.2.5.9
-- Set runtime path of "/home/deepak/ws_moveit/install/moveit_planners_ompl/lib/libmoveit_ompl_interface.so.2.5.9" to ""
-- Installing: /home/deepak/ws_moveit/install/moveit_planners_ompl/lib/libmoveit_ompl_interface.so
-- Installing: /home/deepak/ws_moveit/install/moveit_planners_ompl/lib/libmoveit_ompl_planner_plugin.so.2.5.9
-- Set runtime path of "/home/deepak/ws_moveit/install/moveit_planners_ompl/lib/libmoveit_ompl_planner_plugin.so.2.5.9" to ""
-- Installing: /home/deepak/ws_moveit/install/moveit_planners_ompl/lib/libmoveit_ompl_planner_plugin.so
-- Installing: /home/deepak/ws_moveit/install/moveit_planners_ompl/share/moveit_planners_ompl/environment/library_path.sh
-- Installing: /home/deepak/ws_moveit/install/moveit_planners_ompl/share/moveit_planners_ompl/environment/library_path.dsv
-- Installing: /home/deepak/ws_moveit/install/moveit_planners_ompl/share/moveit_planners_ompl/ompl_interface_plugin_description.xml
-- Installing: /home/deepak/ws_moveit/install/moveit_planners_ompl/share/ament_index/resource_index/package_run_dependencies/moveit_planners_ompl
-- Installing: /home/deepak/ws_moveit/install/moveit_planners_ompl/share/ament_index/resource_index/parent_prefix_path/moveit_planners_ompl
-- Installing: /home/deepak/ws_moveit/install/moveit_planners_ompl/share/moveit_planners_ompl/environment/ament_prefix_path.sh
-- Installing: /home/deepak/ws_moveit/install/moveit_planners_ompl/share/moveit_planners_ompl/environment/ament_prefix_path.dsv
-- Installing: /home/deepak/ws_moveit/install/moveit_planners_ompl/share/moveit_planners_ompl/environment/path.sh
-- Installing: /home/deepak/ws_moveit/install/moveit_planners_ompl/share/moveit_planners_ompl/environment/path.dsv
-- Installing: /home/deepak/ws_moveit/install/moveit_planners_ompl/share/moveit_planners_ompl/local_setup.bash
-- Installing: /home/deepak/ws_moveit/install/moveit_planners_ompl/share/moveit_planners_ompl/local_setup.sh
-- Installing: /home/deepak/ws_moveit/install/moveit_planners_ompl/share/moveit_planners_ompl/local_setup.zsh
-- Installing: /home/deepak/ws_moveit/install/moveit_planners_ompl/share/moveit_planners_ompl/local_setup.dsv
-- Installing: /home/deepak/ws_moveit/install/moveit_planners_ompl/share/moveit_planners_ompl/package.dsv
-- Installing: /home/deepak/ws_moveit/install/moveit_planners_ompl/share/ament_index/resource_index/packages/moveit_planners_ompl
-- Installing: /home/deepak/ws_moveit/install/moveit_planners_ompl/share/ament_index/resource_index/moveit_core__pluginlib__plugin/moveit_planners_ompl
-- Installing: /home/deepak/ws_moveit/install/moveit_planners_ompl/share/moveit_planners_ompl/cmake/export_moveit_planners_omplExport.cmake
-- Installing: /home/deepak/ws_moveit/install/moveit_planners_ompl/share/moveit_planners_ompl/cmake/export_moveit_planners_omplExport-release.cmake
-- Installing: /home/deepak/ws_moveit/install/moveit_planners_ompl/share/moveit_planners_ompl/cmake/ament_cmake_export_targets-extras.cmake
-- Installing: /home/deepak/ws_moveit/install/moveit_planners_ompl/share/moveit_planners_ompl/cmake/ament_cmake_export_dependencies-extras.cmake
-- Installing: /home/deepak/ws_moveit/install/moveit_planners_ompl/share/moveit_planners_ompl/cmake/moveit_planners_omplConfig.cmake
-- Installing: /home/deepak/ws_moveit/install/moveit_planners_ompl/share/moveit_planners_ompl/cmake/moveit_planners_omplConfig-version.cmake
-- Installing: /home/deepak/ws_moveit/install/moveit_planners_ompl/share/moveit_planners_ompl/package.xml
