[0.009s] Invoking command in '/home/deepak/ws_moveit/build/moveit_common': CMAKE_PREFIX_PATH=${CMAKE_PREFIX_PATH}:/home/deepak/turtlebot3_ws/install/turtlebot3_teleop:/home/deepak/turtlebot3_ws/install/turtlebot3_example:/home/deepak/turtlebot3_ws/install/turtlebot3_autorace_mission:/home/deepak/turtlebot3_ws/install/turtlebot3_autorace_detect:/home/deepak/turtlebot3_ws/install/turtlebot3_autorace_camera:/opt/ros/humble /usr/bin/cmake /home/deepak/ws_moveit/src/moveit2/moveit_common -DBUILD_TESTING=OFF -DCMAKE_INSTALL_PREFIX=/home/deepak/ws_moveit/install/moveit_common
[0.030s] -- Found ament_cmake: 1.3.12 (/opt/ros/humble/share/ament_cmake/cmake)
[0.144s] -- Found Python3: /usr/bin/python3 (found version "3.10.12") found components: Interpreter 
[0.241s] -- Configuring done
[0.242s] -- Generating done
[0.243s] -- Build files have been written to: /home/deepak/ws_moveit/build/moveit_common
[0.244s] Invoked command in '/home/deepak/ws_moveit/build/moveit_common' returned '0': CMAKE_PREFIX_PATH=${CMAKE_PREFIX_PATH}:/home/deepak/turtlebot3_ws/install/turtlebot3_teleop:/home/deepak/turtlebot3_ws/install/turtlebot3_example:/home/deepak/turtlebot3_ws/install/turtlebot3_autorace_mission:/home/deepak/turtlebot3_ws/install/turtlebot3_autorace_detect:/home/deepak/turtlebot3_ws/install/turtlebot3_autorace_camera:/opt/ros/humble /usr/bin/cmake /home/deepak/ws_moveit/src/moveit2/moveit_common -DBUILD_TESTING=OFF -DCMAKE_INSTALL_PREFIX=/home/deepak/ws_moveit/install/moveit_common
[0.246s] Invoking command in '/home/deepak/ws_moveit/build/moveit_common': CMAKE_PREFIX_PATH=${CMAKE_PREFIX_PATH}:/home/deepak/turtlebot3_ws/install/turtlebot3_teleop:/home/deepak/turtlebot3_ws/install/turtlebot3_example:/home/deepak/turtlebot3_ws/install/turtlebot3_autorace_mission:/home/deepak/turtlebot3_ws/install/turtlebot3_autorace_detect:/home/deepak/turtlebot3_ws/install/turtlebot3_autorace_camera:/opt/ros/humble /usr/bin/cmake --build /home/deepak/ws_moveit/build/moveit_common
[0.272s] Invoked command in '/home/deepak/ws_moveit/build/moveit_common' returned '0': CMAKE_PREFIX_PATH=${CMAKE_PREFIX_PATH}:/home/deepak/turtlebot3_ws/install/turtlebot3_teleop:/home/deepak/turtlebot3_ws/install/turtlebot3_example:/home/deepak/turtlebot3_ws/install/turtlebot3_autorace_mission:/home/deepak/turtlebot3_ws/install/turtlebot3_autorace_detect:/home/deepak/turtlebot3_ws/install/turtlebot3_autorace_camera:/opt/ros/humble /usr/bin/cmake --build /home/deepak/ws_moveit/build/moveit_common
[0.279s] Invoking command in '/home/deepak/ws_moveit/build/moveit_common': CMAKE_PREFIX_PATH=${CMAKE_PREFIX_PATH}:/home/deepak/turtlebot3_ws/install/turtlebot3_teleop:/home/deepak/turtlebot3_ws/install/turtlebot3_example:/home/deepak/turtlebot3_ws/install/turtlebot3_autorace_mission:/home/deepak/turtlebot3_ws/install/turtlebot3_autorace_detect:/home/deepak/turtlebot3_ws/install/turtlebot3_autorace_camera:/opt/ros/humble /usr/bin/cmake --install /home/deepak/ws_moveit/build/moveit_common
[0.284s] -- Install configuration: ""
[0.284s] -- Installing: /home/deepak/ws_moveit/install/moveit_common/share/ament_index/resource_index/package_run_dependencies/moveit_common
[0.284s] -- Installing: /home/deepak/ws_moveit/install/moveit_common/share/ament_index/resource_index/parent_prefix_path/moveit_common
[0.284s] -- Installing: /home/deepak/ws_moveit/install/moveit_common/share/moveit_common/environment/ament_prefix_path.sh
[0.284s] -- Installing: /home/deepak/ws_moveit/install/moveit_common/share/moveit_common/environment/ament_prefix_path.dsv
[0.285s] -- Installing: /home/deepak/ws_moveit/install/moveit_common/share/moveit_common/environment/path.sh
[0.285s] -- Installing: /home/deepak/ws_moveit/install/moveit_common/share/moveit_common/environment/path.dsv
[0.285s] -- Installing: /home/deepak/ws_moveit/install/moveit_common/share/moveit_common/local_setup.bash
[0.285s] -- Installing: /home/deepak/ws_moveit/install/moveit_common/share/moveit_common/local_setup.sh
[0.285s] -- Installing: /home/deepak/ws_moveit/install/moveit_common/share/moveit_common/local_setup.zsh
[0.285s] -- Installing: /home/deepak/ws_moveit/install/moveit_common/share/moveit_common/local_setup.dsv
[0.285s] -- Installing: /home/deepak/ws_moveit/install/moveit_common/share/moveit_common/package.dsv
[0.285s] -- Installing: /home/deepak/ws_moveit/install/moveit_common/share/ament_index/resource_index/packages/moveit_common
[0.285s] -- Installing: /home/deepak/ws_moveit/install/moveit_common/share/moveit_common/cmake/moveit_common-extras.cmake
[0.285s] -- Installing: /home/deepak/ws_moveit/install/moveit_common/share/moveit_common/cmake/moveit_commonConfig.cmake
[0.285s] -- Installing: /home/deepak/ws_moveit/install/moveit_common/share/moveit_common/cmake/moveit_commonConfig-version.cmake
[0.285s] -- Installing: /home/deepak/ws_moveit/install/moveit_common/share/moveit_common/package.xml
[0.285s] -- Up-to-date: /home/deepak/ws_moveit/install/moveit_common/share/moveit_common/cmake
[0.285s] -- Installing: /home/deepak/ws_moveit/install/moveit_common/share/moveit_common/cmake/moveit_package.cmake
[0.286s] Invoked command in '/home/deepak/ws_moveit/build/moveit_common' returned '0': CMAKE_PREFIX_PATH=${CMAKE_PREFIX_PATH}:/home/deepak/turtlebot3_ws/install/turtlebot3_teleop:/home/deepak/turtlebot3_ws/install/turtlebot3_example:/home/deepak/turtlebot3_ws/install/turtlebot3_autorace_mission:/home/deepak/turtlebot3_ws/install/turtlebot3_autorace_detect:/home/deepak/turtlebot3_ws/install/turtlebot3_autorace_camera:/opt/ros/humble /usr/bin/cmake --install /home/deepak/ws_moveit/build/moveit_common
