[0.007s] Invoking command in '/home/remandey/my-programs/rovercore/build/rover_description': CMAKE_PREFIX_PATH=${CMAKE_PREFIX_PATH}:/opt/ros/humble /usr/bin/cmake --build /home/remandey/my-programs/rovercore/build/rover_description -- -j16 -l16
[0.033s] Invoked command in '/home/remandey/my-programs/rovercore/build/rover_description' returned '0': CMAKE_PREFIX_PATH=${CMAKE_PREFIX_PATH}:/opt/ros/humble /usr/bin/cmake --build /home/remandey/my-programs/rovercore/build/rover_description -- -j16 -l16
[0.039s] Invoking command in '/home/remandey/my-programs/rovercore/build/rover_description': CMAKE_PREFIX_PATH=${CMAKE_PREFIX_PATH}:/opt/ros/humble /usr/bin/cmake --install /home/remandey/my-programs/rovercore/build/rover_description
[0.043s] -- Install configuration: ""
[0.043s] -- Up-to-date: /home/remandey/my-programs/rovercore/install/rover_description/lib/rover_description/teleop.py
[0.043s] -- Up-to-date: /home/remandey/my-programs/rovercore/install/rover_description/lib/rover_description/cmd_vel_relay.py
[0.043s] -- Up-to-date: /home/remandey/my-programs/rovercore/install/rover_description/lib/rover_description/aruco_detection.py
[0.043s] -- Up-to-date: /home/remandey/my-programs/rovercore/install/rover_description/lib/rover_description/spiral_search.py
[0.044s] -- Up-to-date: /home/remandey/my-programs/rovercore/install/rover_description/lib/rover_description/mission_initializer.py
[0.044s] -- Up-to-date: /home/remandey/my-programs/rovercore/install/rover_description/lib/rover_description/robot_description_publisher.py
[0.044s] -- Up-to-date: /home/remandey/my-programs/rovercore/install/rover_description/lib/rover_description/optical_flow_node.py
[0.044s] -- Up-to-date: /home/remandey/my-programs/rovercore/install/rover_description/lib/rover_description/imu_filter_node.py
[0.044s] -- Up-to-date: /home/remandey/my-programs/rovercore/install/rover_description/lib/rover_description/flow_derotation_node.py
[0.044s] -- Up-to-date: /home/remandey/my-programs/rovercore/install/rover_description/lib/rover_description/nonholonomic_node.py
[0.044s] -- Up-to-date: /home/remandey/my-programs/rovercore/install/rover_description/lib/rover_description/slip_detector_node.py
[0.044s] -- Up-to-date: /home/remandey/my-programs/rovercore/install/rover_description/lib/rover_description/gps_gating_node.py
[0.044s] -- Up-to-date: /home/remandey/my-programs/rovercore/install/rover_description/lib/rover_description/gps_fix_covariance_node.py
[0.044s] -- Up-to-date: /home/remandey/my-programs/rovercore/install/rover_description/lib/rover_description/zupt_node.py
[0.044s] -- Up-to-date: /home/remandey/my-programs/rovercore/install/rover_description/lib/rover_description/gps_driver_node.py
[0.044s] -- Up-to-date: /home/remandey/my-programs/rovercore/install/rover_description/lib/rover_description/icm20948_driver_node.py
[0.044s] -- Up-to-date: /home/remandey/my-programs/rovercore/install/rover_description/lib/rover_description/mtf01_driver_node.py
[0.044s] -- Up-to-date: /home/remandey/my-programs/rovercore/install/rover_description/lib/rover_description/joint_state_restamper.py
[0.044s] -- Up-to-date: /home/remandey/my-programs/rovercore/install/rover_description/lib/rover_description/joy_teleop.py
[0.044s] -- Up-to-date: /home/remandey/my-programs/rovercore/install/rover_description/share/rover_description/urdf
[0.044s] -- Up-to-date: /home/remandey/my-programs/rovercore/install/rover_description/share/rover_description/urdf/Assem10.urdf
[0.044s] -- Up-to-date: /home/remandey/my-programs/rovercore/install/rover_description/share/rover_description/urdf/rover.urdf
[0.044s] -- Up-to-date: /home/remandey/my-programs/rovercore/install/rover_description/share/rover_description/urdf/rover_with_arm.urdf.xacro
[0.044s] -- Up-to-date: /home/remandey/my-programs/rovercore/install/rover_description/share/rover_description/urdf/Assem10_real.urdf.xacro
[0.044s] -- Up-to-date: /home/remandey/my-programs/rovercore/install/rover_description/share/rover_description/urdf/Assem10.csv
[0.044s] -- Up-to-date: /home/remandey/my-programs/rovercore/install/rover_description/share/rover_description/meshes
[0.044s] -- Up-to-date: /home/remandey/my-programs/rovercore/install/rover_description/share/rover_description/meshes/OPTICAL.STL
[0.044s] -- Up-to-date: /home/remandey/my-programs/rovercore/install/rover_description/share/rover_description/meshes/Assem10.urdf
[0.044s] -- Up-to-date: /home/remandey/my-programs/rovercore/install/rover_description/share/rover_description/meshes/RB.STL
[0.044s] -- Up-to-date: /home/remandey/my-programs/rovercore/install/rover_description/share/rover_description/meshes/LF.STL
[0.044s] -- Up-to-date: /home/remandey/my-programs/rovercore/install/rover_description/share/rover_description/meshes/GPS.STL
[0.045s] -- Up-to-date: /home/remandey/my-programs/rovercore/install/rover_description/share/rover_description/meshes/LB.STL
[0.045s] -- Up-to-date: /home/remandey/my-programs/rovercore/install/rover_description/share/rover_description/meshes/RF.STL
[0.045s] -- Up-to-date: /home/remandey/my-programs/rovercore/install/rover_description/share/rover_description/meshes/IMU.STL
[0.045s] -- Up-to-date: /home/remandey/my-programs/rovercore/install/rover_description/share/rover_description/meshes/base_link.STL
[0.045s] -- Up-to-date: /home/remandey/my-programs/rovercore/install/rover_description/share/rover_description/launch
[0.045s] -- Up-to-date: /home/remandey/my-programs/rovercore/install/rover_description/share/rover_description/launch/drone_bringup.launch.py
[0.045s] -- Up-to-date: /home/remandey/my-programs/rovercore/install/rover_description/share/rover_description/launch/slam.launch.py
[0.045s] -- Up-to-date: /home/remandey/my-programs/rovercore/install/rover_description/share/rover_description/launch/state_estimation.launch.py
[0.045s] -- Up-to-date: /home/remandey/my-programs/rovercore/install/rover_description/share/rover_description/launch/__pycache__
[0.045s] -- Installing: /home/remandey/my-programs/rovercore/install/rover_description/share/rover_description/launch/__pycache__/sim.launch.cpython-310.pyc
[0.045s] -- Up-to-date: /home/remandey/my-programs/rovercore/install/rover_description/share/rover_description/launch/nav2.launch.py
[0.045s] -- Installing: /home/remandey/my-programs/rovercore/install/rover_description/share/rover_description/launch/sim.launch.py
[0.045s] -- Up-to-date: /home/remandey/my-programs/rovercore/install/rover_description/share/rover_description/launch/arc_night_mission.launch.py
[0.045s] -- Up-to-date: /home/remandey/my-programs/rovercore/install/rover_description/share/rover_description/launch/sensors_hw.launch.py
[0.045s] -- Up-to-date: /home/remandey/my-programs/rovercore/install/rover_description/share/rover_description/launch/full_autonomy.launch.py
[0.045s] -- Up-to-date: /home/remandey/my-programs/rovercore/install/rover_description/share/rover_description/rviz
[0.045s] -- Up-to-date: /home/remandey/my-programs/rovercore/install/rover_description/share/rover_description/rviz/nav2_config.rviz
[0.045s] -- Up-to-date: /home/remandey/my-programs/rovercore/install/rover_description/share/rover_description/config
[0.045s] -- Up-to-date: /home/remandey/my-programs/rovercore/install/rover_description/share/rover_description/config/joint_names_Assem10.yaml
[0.045s] -- Up-to-date: /home/remandey/my-programs/rovercore/install/rover_description/share/rover_description/config/mission_waypoints.yaml
[0.045s] -- Up-to-date: /home/remandey/my-programs/rovercore/install/rover_description/share/rover_description/config/cartographer.lua
[0.045s] -- Up-to-date: /home/remandey/my-programs/rovercore/install/rover_description/share/rover_description/config/nav2_params.yaml
[0.045s] -- Up-to-date: /home/remandey/my-programs/rovercore/install/rover_description/share/rover_description/config/mission_config.yaml
[0.045s] -- Up-to-date: /home/remandey/my-programs/rovercore/install/rover_description/share/rover_description/config/ekf_global.yaml
[0.045s] -- Up-to-date: /home/remandey/my-programs/rovercore/install/rover_description/share/rover_description/config/mavros_params.yaml
[0.045s] -- Up-to-date: /home/remandey/my-programs/rovercore/install/rover_description/share/rover_description/config/navigate_and_search_bt.xml
[0.045s] -- Up-to-date: /home/remandey/my-programs/rovercore/install/rover_description/share/rover_description/config/ekf_local.yaml
[0.045s] -- Up-to-date: /home/remandey/my-programs/rovercore/install/rover_description/share/rover_description/config/imu_calibration.yaml
[0.045s] -- Up-to-date: /home/remandey/my-programs/rovercore/install/rover_description/share/rover_description/config/rover_controllers.yaml
[0.045s] -- Up-to-date: /home/remandey/my-programs/rovercore/install/rover_description/share/rover_description/config/hardware_params.yaml
[0.045s] -- Up-to-date: /home/remandey/my-programs/rovercore/install/rover_description/share/rover_description/config/combined_controllers.yaml
[0.045s] -- Up-to-date: /home/remandey/my-programs/rovercore/install/rover_description/share/rover_description/config/navsat.yaml
[0.045s] -- Up-to-date: /home/remandey/my-programs/rovercore/install/rover_description/share/rover_description/worlds
[0.045s] -- Up-to-date: /home/remandey/my-programs/rovercore/install/rover_description/share/rover_description/worlds/moon.world
[0.046s] -- Up-to-date: /home/remandey/my-programs/rovercore/install/rover_description/share/rover_description/worlds/moon.world.sdf
[0.046s] -- Up-to-date: /home/remandey/my-programs/rovercore/install/rover_description/share/rover_description/worlds/moon2.world.sdf
[0.046s] -- Up-to-date: /home/remandey/my-programs/rovercore/install/rover_description/share/rover_description/worlds/agriculture.world
[0.046s] -- Up-to-date: /home/remandey/my-programs/rovercore/install/rover_description/share/rover_description/worlds/mars.world.sdf
[0.046s] -- Up-to-date: /home/remandey/my-programs/rovercore/install/rover_description/share/rover_description/worlds/empty.world
[0.046s] -- Up-to-date: /home/remandey/my-programs/rovercore/install/rover_description/share/rover_description/worlds/mars_terrain.world
[0.046s] -- Up-to-date: /home/remandey/my-programs/rovercore/install/rover_description/share/rover_description/maps
[0.046s] -- Up-to-date: /home/remandey/my-programs/rovercore/install/rover_description/share/rover_description/maps/my_map.yaml
[0.046s] -- Up-to-date: /home/remandey/my-programs/rovercore/install/rover_description/share/rover_description/maps/my_map.pgm
[0.046s] -- Up-to-date: /home/remandey/my-programs/rovercore/install/rover_description/share/rover_description/models
[0.046s] -- Up-to-date: /home/remandey/my-programs/rovercore/install/rover_description/share/rover_description/models/ramp2
[0.046s] -- Up-to-date: /home/remandey/my-programs/rovercore/install/rover_description/share/rover_description/models/ramp2/model-1_4.sdf
[0.046s] -- Up-to-date: /home/remandey/my-programs/rovercore/install/rover_description/share/rover_description/models/ramp2/model.sdf
[0.046s] -- Up-to-date: /home/remandey/my-programs/rovercore/install/rover_description/share/rover_description/models/ramp2/model-1_2.sdf
[0.046s] -- Up-to-date: /home/remandey/my-programs/rovercore/install/rover_description/share/rover_description/models/ramp2/model.config
[0.046s] -- Up-to-date: /home/remandey/my-programs/rovercore/install/rover_description/share/rover_description/models/ramp2/materials
[0.046s] -- Up-to-date: /home/remandey/my-programs/rovercore/install/rover_description/share/rover_description/models/ramp2/materials/textures
[0.046s] -- Up-to-date: /home/remandey/my-programs/rovercore/install/rover_description/share/rover_description/models/ramp2/materials/textures/plywood256x256.png
[0.046s] -- Up-to-date: /home/remandey/my-programs/rovercore/install/rover_description/share/rover_description/models/ramp2/meshes
[0.046s] -- Up-to-date: /home/remandey/my-programs/rovercore/install/rover_description/share/rover_description/models/ramp2/meshes/nist_simple_ramp_120.dae
[0.046s] -- Up-to-date: /home/remandey/my-programs/rovercore/install/rover_description/share/rover_description/models/ramp2/model-1_3.sdf
[0.046s] -- Up-to-date: /home/remandey/my-programs/rovercore/install/rover_description/share/rover_description/models/apollo15_landing_site_1000x1000
[0.046s] -- Up-to-date: /home/remandey/my-programs/rovercore/install/rover_description/share/rover_description/models/apollo15_landing_site_1000x1000/model-1_4.sdf
[0.046s] -- Up-to-date: /home/remandey/my-programs/rovercore/install/rover_description/share/rover_description/models/apollo15_landing_site_1000x1000/model.sdf
[0.046s] -- Up-to-date: /home/remandey/my-programs/rovercore/install/rover_description/share/rover_description/models/apollo15_landing_site_1000x1000/model.config
[0.046s] -- Up-to-date: /home/remandey/my-programs/rovercore/install/rover_description/share/rover_description/models/apollo15_landing_site_1000x1000/materials
[0.046s] -- Up-to-date: /home/remandey/my-programs/rovercore/install/rover_description/share/rover_description/models/apollo15_landing_site_1000x1000/materials/textures
[0.046s] -- Up-to-date: /home/remandey/my-programs/rovercore/install/rover_description/share/rover_description/models/apollo15_landing_site_1000x1000/materials/textures/NAC_DTM_APOLLO15_E261N0036_257x257+7472+2152.png
[0.047s] -- Up-to-date: /home/remandey/my-programs/rovercore/install/rover_description/share/rover_description/models/apollo15_landing_site_1000x1000/materials/textures/AS16-110-18026HR-512x512.jpg
[0.047s] -- Up-to-date: /home/remandey/my-programs/rovercore/install/rover_description/share/rover_description/models/cpr_agriculture
[0.047s] -- Up-to-date: /home/remandey/my-programs/rovercore/install/rover_description/share/rover_description/models/cpr_agriculture/model.sdf
[0.047s] -- Up-to-date: /home/remandey/my-programs/rovercore/install/rover_description/share/rover_description/models/cpr_agriculture/model.config
[0.047s] -- Up-to-date: /home/remandey/my-programs/rovercore/install/rover_description/share/rover_description/models/cpr_agriculture/materials
[0.047s] -- Up-to-date: /home/remandey/my-programs/rovercore/install/rover_description/share/rover_description/models/cpr_agriculture/materials/textures
[0.047s] -- Up-to-date: /home/remandey/my-programs/rovercore/install/rover_description/share/rover_description/models/cpr_agriculture/materials/textures/AgriBakeLarge.jpg
[0.047s] -- Up-to-date: /home/remandey/my-programs/rovercore/install/rover_description/share/rover_description/models/cpr_agriculture/materials/textures/WoodPlanksWorn33_COL_VAR1_3K.jpg
[0.047s] -- Up-to-date: /home/remandey/my-programs/rovercore/install/rover_description/share/rover_description/models/cpr_agriculture/materials/textures/WoodPlanksWornWhite33_COL_VAR1_3K.jpg
[0.047s] -- Up-to-date: /home/remandey/my-programs/rovercore/install/rover_description/share/rover_description/models/cpr_agriculture/materials/textures/SolarPanelsPolycrystallineTypeBFramedClean001_COL_3K.jpg
[0.047s] -- Up-to-date: /home/remandey/my-programs/rovercore/install/rover_description/share/rover_description/models/cpr_agriculture/materials/textures/MetalCorrugatedIronSheet002_METALNESS_3K_METALNESS.jpg
[0.047s] -- Up-to-date: /home/remandey/my-programs/rovercore/install/rover_description/share/rover_description/models/cpr_agriculture/materials/textures/WoodPlanksWornRed33_COL_VAR1_3K.jpg
[0.047s] -- Up-to-date: /home/remandey/my-programs/rovercore/install/rover_description/share/rover_description/models/cpr_agriculture/meshes
[0.047s] -- Up-to-date: /home/remandey/my-programs/rovercore/install/rover_description/share/rover_description/models/cpr_agriculture/meshes/agriculture_world.dae
[0.047s] -- Up-to-date: /home/remandey/my-programs/rovercore/install/rover_description/share/rover_description/models/arc_recorder
[0.047s] -- Up-to-date: /home/remandey/my-programs/rovercore/install/rover_description/share/rover_description/models/arc_recorder/model.sdf
[0.047s] -- Up-to-date: /home/remandey/my-programs/rovercore/install/rover_description/share/rover_description/models/arc_recorder/model.config
[0.047s] -- Up-to-date: /home/remandey/my-programs/rovercore/install/rover_description/share/rover_description/models/arc_recorder/meshes
[0.047s] -- Up-to-date: /home/remandey/my-programs/rovercore/install/rover_description/share/rover_description/models/arc_recorder/meshes/cable.mtl
[0.047s] -- Up-to-date: /home/remandey/my-programs/rovercore/install/rover_description/share/rover_description/models/arc_recorder/meshes/recorder_handle.obj
[0.047s] -- Up-to-date: /home/remandey/my-programs/rovercore/install/rover_description/share/rover_description/models/arc_recorder/meshes/connector.mtl
[0.048s] -- Up-to-date: /home/remandey/my-programs/rovercore/install/rover_description/share/rover_description/models/arc_recorder/meshes/recorder_body.mtl
[0.048s] -- Up-to-date: /home/remandey/my-programs/rovercore/install/rover_description/share/rover_description/models/arc_recorder/meshes/connector_plug.obj
[0.048s] -- Up-to-date: /home/remandey/my-programs/rovercore/install/rover_description/share/rover_description/models/arc_recorder/meshes/connector_socket.obj
[0.048s] -- Up-to-date: /home/remandey/my-programs/rovercore/install/rover_description/share/rover_description/models/arc_recorder/meshes/cable.obj
[0.048s] -- Up-to-date: /home/remandey/my-programs/rovercore/install/rover_description/share/rover_description/models/arc_recorder/meshes/recorder_body.obj
[0.048s] -- Up-to-date: /home/remandey/my-programs/rovercore/install/rover_description/share/rover_description/models/ramp.stl
[0.048s] -- Up-to-date: /home/remandey/my-programs/rovercore/install/rover_description/share/rover_description/models/gale_crater_patch2
[0.048s] -- Up-to-date: /home/remandey/my-programs/rovercore/install/rover_description/share/rover_description/models/gale_crater_patch2/model.sdf
[0.048s] -- Up-to-date: /home/remandey/my-programs/rovercore/install/rover_description/share/rover_description/models/gale_crater_patch2/model.config
[0.048s] -- Up-to-date: /home/remandey/my-programs/rovercore/install/rover_description/share/rover_description/models/gale_crater_patch2/materials
[0.048s] -- Up-to-date: /home/remandey/my-programs/rovercore/install/rover_description/share/rover_description/models/gale_crater_patch2/materials/textures
[0.048s] -- Up-to-date: /home/remandey/my-programs/rovercore/install/rover_description/share/rover_description/models/gale_crater_patch2/materials/textures/rock_texture_1.png
[0.048s] -- Up-to-date: /home/remandey/my-programs/rovercore/install/rover_description/share/rover_description/models/gale_crater_patch2/materials/textures/sand_pebbles.png
[0.048s] -- Up-to-date: /home/remandey/my-programs/rovercore/install/rover_description/share/rover_description/models/gale_crater_patch2/materials/scripts
[0.048s] -- Up-to-date: /home/remandey/my-programs/rovercore/install/rover_description/share/rover_description/models/gale_crater_patch2/materials/scripts/rock_texture_1.material
[0.048s] -- Up-to-date: /home/remandey/my-programs/rovercore/install/rover_description/share/rover_description/models/gale_crater_patch2/materials/scripts/sand_pebbles.material
[0.048s] -- Up-to-date: /home/remandey/my-programs/rovercore/install/rover_description/share/rover_description/models/gale_crater_patch2/meshes
[0.048s] -- Up-to-date: /home/remandey/my-programs/rovercore/install/rover_description/share/rover_description/models/gale_crater_patch2/meshes/Emergency_kit.obj
[0.048s] -- Up-to-date: /home/remandey/my-programs/rovercore/install/rover_description/share/rover_description/models/gale_crater_patch2/meshes/fuel_trail.mtl
[0.048s] -- Up-to-date: /home/remandey/my-programs/rovercore/install/rover_description/share/rover_description/models/gale_crater_patch2/meshes/damaged_pipe.mtl
[0.048s] -- Up-to-date: /home/remandey/my-programs/rovercore/install/rover_description/share/rover_description/models/gale_crater_patch2/meshes/damaged_pipe.obj
[0.048s] -- Up-to-date: /home/remandey/my-programs/rovercore/install/rover_description/share/rover_description/models/gale_crater_patch2/meshes/Astronaut.obj
[0.048s] -- Up-to-date: /home/remandey/my-programs/rovercore/install/rover_description/share/rover_description/models/gale_crater_patch2/meshes/rocket.mtl
[0.048s] -- Up-to-date: /home/remandey/my-programs/rovercore/install/rover_description/share/rover_description/models/gale_crater_patch2/meshes/rocket.obj
[0.048s] -- Up-to-date: /home/remandey/my-programs/rovercore/install/rover_description/share/rover_description/models/gale_crater_patch2/meshes/Astronaut_final.mtl
[0.049s] -- Up-to-date: /home/remandey/my-programs/rovercore/install/rover_description/share/rover_description/models/gale_crater_patch2/meshes/Toolbox.mtl
[0.049s] -- Up-to-date: /home/remandey/my-programs/rovercore/install/rover_description/share/rover_description/models/gale_crater_patch2/meshes/gale_crater_patch2.stl
[0.049s] -- Up-to-date: /home/remandey/my-programs/rovercore/install/rover_description/share/rover_description/models/gale_crater_patch2/meshes/Toolbox.obj
[0.049s] -- Up-to-date: /home/remandey/my-programs/rovercore/install/rover_description/share/rover_description/models/gale_crater_patch2/meshes/rocket.stl
[0.049s] -- Up-to-date: /home/remandey/my-programs/rovercore/install/rover_description/share/rover_description/models/gale_crater_patch2/meshes/fuel_trail.obj
[0.049s] -- Up-to-date: /home/remandey/my-programs/rovercore/install/rover_description/share/rover_description/models/gale_crater_patch2/meshes/dome.obj
[0.049s] -- Up-to-date: /home/remandey/my-programs/rovercore/install/rover_description/share/rover_description/models/gale_crater_patch2/meshes/dome.mtl
[0.050s] -- Up-to-date: /home/remandey/my-programs/rovercore/install/rover_description/share/rover_description/models/gale_crater_patch2/meshes/repair_tool.obj
[0.050s] -- Up-to-date: /home/remandey/my-programs/rovercore/install/rover_description/share/rover_description/models/gale_crater_patch2/meshes/repair_tool.mtl
[0.050s] -- Up-to-date: /home/remandey/my-programs/rovercore/install/rover_description/share/rover_description/models/gale_crater_patch2/meshes/Emergency_kit.mtl
[0.050s] -- Up-to-date: /home/remandey/my-programs/rovercore/install/rover_description/share/rover_description/models/rocks
[0.050s] -- Up-to-date: /home/remandey/my-programs/rovercore/install/rover_description/share/rover_description/models/rocks/rock_medium.sdf
[0.050s] -- Up-to-date: /home/remandey/my-programs/rovercore/install/rover_description/share/rover_description/models/rocks/rock_large.sdf
[0.051s] -- Up-to-date: /home/remandey/my-programs/rovercore/install/rover_description/share/rover_description/models/rocks/rock_small.sdf
[0.051s] -- Up-to-date: /home/remandey/my-programs/rovercore/install/rover_description/share/rover_description/models/fuel_trail
[0.051s] -- Up-to-date: /home/remandey/my-programs/rovercore/install/rover_description/share/rover_description/models/fuel_trail/model.sdf
[0.051s] -- Up-to-date: /home/remandey/my-programs/rovercore/install/rover_description/share/rover_description/models/fuel_trail/model.config
[0.051s] -- Up-to-date: /home/remandey/my-programs/rovercore/install/rover_description/share/rover_description/models/cinderblock2
[0.051s] -- Up-to-date: /home/remandey/my-programs/rovercore/install/rover_description/share/rover_description/models/cinderblock2/model.sdf
[0.052s] -- Up-to-date: /home/remandey/my-programs/rovercore/install/rover_description/share/rover_description/models/cinderblock2/model.config
[0.052s] -- Up-to-date: /home/remandey/my-programs/rovercore/install/rover_description/share/rover_description/models/cinderblock2/meshes
[0.052s] -- Up-to-date: /home/remandey/my-programs/rovercore/install/rover_description/share/rover_description/models/cinderblock2/meshes/cinder_block_wide.dae
[0.052s] -- Up-to-date: /home/remandey/my-programs/rovercore/install/rover_description/share/rover_description/models/arc_sensor
[0.052s] -- Up-to-date: /home/remandey/my-programs/rovercore/install/rover_description/share/rover_description/models/arc_sensor/model.sdf
[0.052s] -- Up-to-date: /home/remandey/my-programs/rovercore/install/rover_description/share/rover_description/models/arc_sensor/model.config
[0.052s] -- Up-to-date: /home/remandey/my-programs/rovercore/install/rover_description/share/rover_description/models/arc_sensor/meshes
[0.052s] -- Up-to-date: /home/remandey/my-programs/rovercore/install/rover_description/share/rover_description/models/arc_sensor/meshes/sensor_body.obj
[0.052s] -- Up-to-date: /home/remandey/my-programs/rovercore/install/rover_description/share/rover_description/models/arc_sensor/meshes/sensor_body.mtl
[0.052s] -- Up-to-date: /home/remandey/my-programs/rovercore/install/rover_description/share/rover_description/models/gale_crater_patch2.zip
[0.052s] -- Up-to-date: /home/remandey/my-programs/rovercore/install/rover_description/share/ament_index/resource_index/package_run_dependencies/rover_description
[0.052s] -- Up-to-date: /home/remandey/my-programs/rovercore/install/rover_description/share/ament_index/resource_index/parent_prefix_path/rover_description
[0.052s] -- Up-to-date: /home/remandey/my-programs/rovercore/install/rover_description/share/rover_description/environment/ament_prefix_path.sh
[0.052s] -- Up-to-date: /home/remandey/my-programs/rovercore/install/rover_description/share/rover_description/environment/ament_prefix_path.dsv
[0.052s] -- Up-to-date: /home/remandey/my-programs/rovercore/install/rover_description/share/rover_description/environment/path.sh
[0.052s] -- Up-to-date: /home/remandey/my-programs/rovercore/install/rover_description/share/rover_description/environment/path.dsv
[0.052s] -- Up-to-date: /home/remandey/my-programs/rovercore/install/rover_description/share/rover_description/local_setup.bash
[0.052s] -- Up-to-date: /home/remandey/my-programs/rovercore/install/rover_description/share/rover_description/local_setup.sh
[0.052s] -- Up-to-date: /home/remandey/my-programs/rovercore/install/rover_description/share/rover_description/local_setup.zsh
[0.052s] -- Up-to-date: /home/remandey/my-programs/rovercore/install/rover_description/share/rover_description/local_setup.dsv
[0.052s] -- Installing: /home/remandey/my-programs/rovercore/install/rover_description/share/rover_description/package.dsv
[0.052s] -- Up-to-date: /home/remandey/my-programs/rovercore/install/rover_description/share/ament_index/resource_index/packages/rover_description
[0.052s] -- Up-to-date: /home/remandey/my-programs/rovercore/install/rover_description/share/rover_description/cmake/rover_descriptionConfig.cmake
[0.053s] -- Up-to-date: /home/remandey/my-programs/rovercore/install/rover_description/share/rover_description/cmake/rover_descriptionConfig-version.cmake
[0.053s] -- Up-to-date: /home/remandey/my-programs/rovercore/install/rover_description/share/rover_description/package.xml
[0.053s] Invoked command in '/home/remandey/my-programs/rovercore/build/rover_description' returned '0': CMAKE_PREFIX_PATH=${CMAKE_PREFIX_PATH}:/opt/ros/humble /usr/bin/cmake --install /home/remandey/my-programs/rovercore/build/rover_description
