[0.016s] Invoking command in '/home/deepak/ws_moveit/build/moveit_ros_control_interface': AMENT_PREFIX_PATH=/home/deepak/ws_moveit/install/moveit_simple_controller_manager:/home/deepak/ws_moveit/install/moveit_core:/home/deepak/ws_moveit/install/moveit_resources_panda_moveit_config:/home/deepak/ws_moveit/install/srdfdom:/home/deepak/ws_moveit/install/moveit_resources_pr2_description:/home/deepak/ws_moveit/install/moveit_resources_panda_description:/home/deepak/ws_moveit/install/moveit_common:${AMENT_PREFIX_PATH} CMAKE_PREFIX_PATH=/home/deepak/ws_moveit/install/moveit_simple_controller_manager:/home/deepak/ws_moveit/install/moveit_core:/home/deepak/ws_moveit/install/moveit_resources_panda_moveit_config:/home/deepak/ws_moveit/install/srdfdom:/home/deepak/ws_moveit/install/moveit_resources_pr2_description:/home/deepak/ws_moveit/install/moveit_resources_panda_description:/home/deepak/ws_moveit/install/moveit_common:/home/deepak/turtlebot3_ws/install/turtlebot3:/home/deepak/turtlebot3_ws/install/turtlebot3_simulations:/home/deepak/turtlebot3_ws/install/turtlebot3_bringup:/home/deepak/turtlebot3_ws/install/turtlebot3_node:/home/deepak/turtlebot3_ws/install/turtlebot3_navigation2:/home/deepak/turtlebot3_ws/install/turtlebot3_fake_node:/home/deepak/turtlebot3_ws/install/turtlebot3_msgs:/home/deepak/turtlebot3_ws/install/turtlebot3_manipulation_gazebo:/home/deepak/turtlebot3_ws/install/turtlebot3_gazebo:/home/deepak/turtlebot3_ws/install/turtlebot3_description:/home/deepak/turtlebot3_ws/install/turtlebot3_cartographer:/home/deepak/turtlebot3_ws/install/turtlebot3_autorace:/home/deepak/turtlebot3_ws/install/multirobot_map_merge:/home/deepak/turtlebot3_ws/install/explore_lite:/home/deepak/turtlebot3_ws/install/dynamixel_sdk_examples:/home/deepak/turtlebot3_ws/install/dynamixel_sdk_custom_interfaces:/home/deepak/turtlebot3_ws/install/dynamixel_sdk:/home/deepak/turtlebot3_ws/install/turtlebot3_teleop:/home/deepak/turtlebot3_ws/install/turtlebot3_example:/home/deepak/turtlebot3_ws/install/turtlebot3_autorace_mission:/home/deepak/turtlebot3_ws/install/turtlebot3_autorace_detect:/home/deepak/turtlebot3_ws/install/turtlebot3_autorace_camera:/opt/ros/humble LD_LIBRARY_PATH=/home/deepak/ws_moveit/install/moveit_simple_controller_manager/lib:/home/deepak/ws_moveit/install/moveit_core/lib:/home/deepak/ws_moveit/install/srdfdom/lib:/home/deepak/turtlebot3_ws/install/turtlebot3_msgs/lib:/home/deepak/turtlebot3_ws/install/multirobot_map_merge/lib:/home/deepak/turtlebot3_ws/install/dynamixel_sdk_custom_interfaces/lib:/home/deepak/turtlebot3_ws/install/dynamixel_sdk/lib:/usr/lib/x86_64-linux-gnu/gazebo-11/plugins:/opt/ros/humble/opt/rviz_ogre_vendor/lib:/opt/ros/humble/lib/x86_64-linux-gnu:/opt/ros/humble/lib:/usr/lib/x86_64-linux-gnu/gazebo-11/plugins PATH=/home/deepak/ws_moveit/install/moveit_core/bin:${PATH} PYTHONPATH=/home/deepak/ws_moveit/install/srdfdom/local/lib/python3.10/dist-packages:${PYTHONPATH} /usr/bin/cmake /home/deepak/ws_moveit/src/moveit2/moveit_plugins/moveit_ros_control_interface -DBUILD_TESTING=OFF -DCMAKE_INSTALL_PREFIX=/home/deepak/ws_moveit/install/moveit_ros_control_interface
[0.058s] -- The C compiler identification is GNU 11.4.0
[0.097s] -- The CXX compiler identification is GNU 11.4.0
[0.102s] -- Detecting C compiler ABI info
[0.159s] -- Detecting C compiler ABI info - done
[0.163s] -- Check for working C compiler: /usr/bin/cc - skipped
[0.164s] -- Detecting C compile features
[0.164s] -- Detecting C compile features - done
[0.165s] -- Detecting CXX compiler ABI info
[0.233s] -- Detecting CXX compiler ABI info - done
[0.240s] -- Check for working CXX compiler: /usr/bin/c++ - skipped
[0.240s] -- Detecting CXX compile features
[0.240s] -- Detecting CXX compile features - done
[0.242s] -- Found ament_cmake: 1.3.12 (/opt/ros/humble/share/ament_cmake/cmake)
[0.361s] -- Found Python3: /usr/bin/python3 (found version "3.10.12") found components: Interpreter 
[0.433s] -- Found rclcpp_action: 16.0.17 (/opt/ros/humble/share/rclcpp_action/cmake)
[0.466s] -- Found rosidl_generator_c: 3.1.8 (/opt/ros/humble/share/rosidl_generator_c/cmake)
[0.470s] -- Found rosidl_adapter: 3.1.8 (/opt/ros/humble/share/rosidl_adapter/cmake)
[0.477s] -- Found rosidl_generator_cpp: 3.1.8 (/opt/ros/humble/share/rosidl_generator_cpp/cmake)
[0.487s] -- Using all available rosidl_typesupport_c: rosidl_typesupport_fastrtps_c;rosidl_typesupport_introspection_c
[0.500s] -- Using all available rosidl_typesupport_cpp: rosidl_typesupport_fastrtps_cpp;rosidl_typesupport_introspection_cpp
[0.558s] -- Found rmw_implementation_cmake: 6.1.2 (/opt/ros/humble/share/rmw_implementation_cmake/cmake)
[0.561s] -- Found rmw_fastrtps_cpp: 6.2.9 (/opt/ros/humble/share/rmw_fastrtps_cpp/cmake)
[0.629s] -- Found OpenSSL: /usr/lib/x86_64-linux-gnu/libcrypto.so (found version "3.0.2")  
[0.650s] -- Found FastRTPS: /opt/ros/humble/include  
[0.682s] -- Using RMW implementation 'rmw_fastrtps_cpp' as default
[0.691s] -- Looking for pthread.h
[0.746s] -- Looking for pthread.h - found
[0.746s] -- Performing Test CMAKE_HAVE_LIBC_PTHREAD
[0.806s] -- Performing Test CMAKE_HAVE_LIBC_PTHREAD - Success
[0.806s] -- Found Threads: TRUE  
[0.845s] -- Found controller_manager_msgs: 2.53.0 (/opt/ros/humble/share/controller_manager_msgs/cmake)
[0.859s] -- Found moveit_core: 2.5.9 (/home/deepak/ws_moveit/install/moveit_core/share/moveit_core/cmake)
[0.889s] -- Found Boost: /usr/lib/x86_64-linux-gnu/cmake/Boost-1.74.0/BoostConfig.cmake (found version "1.74.0") found components: chrono date_time filesystem iostreams program_options regex serialization system thread 
[0.924s] -- Found parameter_traits: 0.6.0 (/opt/ros/humble/share/parameter_traits/cmake)
[0.935s] -- Found rclcpp_lifecycle: 16.0.17 (/opt/ros/humble/share/rclcpp_lifecycle/cmake)
[0.945s] -- Found Boost: /usr/lib/x86_64-linux-gnu/cmake/Boost-1.74.0/BoostConfig.cmake (found version "1.74.0") found components: filesystem 
[1.028s] -- library: /usr/lib/x86_64-linux-gnu/libcurl.so
[1.076s] -- Found Eigen3: TRUE (found version "3.4.0") 
[1.076s] -- Ensuring Eigen3 include directory is part of orocos-kdl CMake target
[1.214s] -- Found moveit_simple_controller_manager: 2.5.9 (/home/deepak/ws_moveit/install/moveit_simple_controller_manager/share/moveit_simple_controller_manager/cmake)
[1.216s] -- Found Boost: /usr/lib/x86_64-linux-gnu/cmake/Boost-1.74.0/BoostConfig.cmake (found version "1.74.0") found components: thread 
[1.238s] -- Found moveit_common: 2.5.9 (/home/deepak/ws_moveit/install/moveit_common/share/moveit_common/cmake)
[1.287s] [0mmoveit_ros_control_interface: You did not request a specific build type: Choosing 'Release' for maximum performance[0m
[1.290s] -- Found Boost: /usr/lib/x86_64-linux-gnu/cmake/Boost-1.74.0/BoostConfig.cmake (found version "1.74.0") found components: system thread 
[1.314s] -- Configuring done
[1.347s] -- Generating done
[1.357s] -- Build files have been written to: /home/deepak/ws_moveit/build/moveit_ros_control_interface
[1.368s] Invoked command in '/home/deepak/ws_moveit/build/moveit_ros_control_interface' returned '0': AMENT_PREFIX_PATH=/home/deepak/ws_moveit/install/moveit_simple_controller_manager:/home/deepak/ws_moveit/install/moveit_core:/home/deepak/ws_moveit/install/moveit_resources_panda_moveit_config:/home/deepak/ws_moveit/install/srdfdom:/home/deepak/ws_moveit/install/moveit_resources_pr2_description:/home/deepak/ws_moveit/install/moveit_resources_panda_description:/home/deepak/ws_moveit/install/moveit_common:${AMENT_PREFIX_PATH} CMAKE_PREFIX_PATH=/home/deepak/ws_moveit/install/moveit_simple_controller_manager:/home/deepak/ws_moveit/install/moveit_core:/home/deepak/ws_moveit/install/moveit_resources_panda_moveit_config:/home/deepak/ws_moveit/install/srdfdom:/home/deepak/ws_moveit/install/moveit_resources_pr2_description:/home/deepak/ws_moveit/install/moveit_resources_panda_description:/home/deepak/ws_moveit/install/moveit_common:/home/deepak/turtlebot3_ws/install/turtlebot3:/home/deepak/turtlebot3_ws/install/turtlebot3_simulations:/home/deepak/turtlebot3_ws/install/turtlebot3_bringup:/home/deepak/turtlebot3_ws/install/turtlebot3_node:/home/deepak/turtlebot3_ws/install/turtlebot3_navigation2:/home/deepak/turtlebot3_ws/install/turtlebot3_fake_node:/home/deepak/turtlebot3_ws/install/turtlebot3_msgs:/home/deepak/turtlebot3_ws/install/turtlebot3_manipulation_gazebo:/home/deepak/turtlebot3_ws/install/turtlebot3_gazebo:/home/deepak/turtlebot3_ws/install/turtlebot3_description:/home/deepak/turtlebot3_ws/install/turtlebot3_cartographer:/home/deepak/turtlebot3_ws/install/turtlebot3_autorace:/home/deepak/turtlebot3_ws/install/multirobot_map_merge:/home/deepak/turtlebot3_ws/install/explore_lite:/home/deepak/turtlebot3_ws/install/dynamixel_sdk_examples:/home/deepak/turtlebot3_ws/install/dynamixel_sdk_custom_interfaces:/home/deepak/turtlebot3_ws/install/dynamixel_sdk:/home/deepak/turtlebot3_ws/install/turtlebot3_teleop:/home/deepak/turtlebot3_ws/install/turtlebot3_example:/home/deepak/turtlebot3_ws/install/turtlebot3_autorace_mission:/home/deepak/turtlebot3_ws/install/turtlebot3_autorace_detect:/home/deepak/turtlebot3_ws/install/turtlebot3_autorace_camera:/opt/ros/humble LD_LIBRARY_PATH=/home/deepak/ws_moveit/install/moveit_simple_controller_manager/lib:/home/deepak/ws_moveit/install/moveit_core/lib:/home/deepak/ws_moveit/install/srdfdom/lib:/home/deepak/turtlebot3_ws/install/turtlebot3_msgs/lib:/home/deepak/turtlebot3_ws/install/multirobot_map_merge/lib:/home/deepak/turtlebot3_ws/install/dynamixel_sdk_custom_interfaces/lib:/home/deepak/turtlebot3_ws/install/dynamixel_sdk/lib:/usr/lib/x86_64-linux-gnu/gazebo-11/plugins:/opt/ros/humble/opt/rviz_ogre_vendor/lib:/opt/ros/humble/lib/x86_64-linux-gnu:/opt/ros/humble/lib:/usr/lib/x86_64-linux-gnu/gazebo-11/plugins PATH=/home/deepak/ws_moveit/install/moveit_core/bin:${PATH} PYTHONPATH=/home/deepak/ws_moveit/install/srdfdom/local/lib/python3.10/dist-packages:${PYTHONPATH} /usr/bin/cmake /home/deepak/ws_moveit/src/moveit2/moveit_plugins/moveit_ros_control_interface -DBUILD_TESTING=OFF -DCMAKE_INSTALL_PREFIX=/home/deepak/ws_moveit/install/moveit_ros_control_interface
[1.369s] Invoking command in '/home/deepak/ws_moveit/build/moveit_ros_control_interface': AMENT_PREFIX_PATH=/home/deepak/ws_moveit/install/moveit_simple_controller_manager:/home/deepak/ws_moveit/install/moveit_core:/home/deepak/ws_moveit/install/moveit_resources_panda_moveit_config:/home/deepak/ws_moveit/install/srdfdom:/home/deepak/ws_moveit/install/moveit_resources_pr2_description:/home/deepak/ws_moveit/install/moveit_resources_panda_description:/home/deepak/ws_moveit/install/moveit_common:${AMENT_PREFIX_PATH} CMAKE_PREFIX_PATH=/home/deepak/ws_moveit/install/moveit_simple_controller_manager:/home/deepak/ws_moveit/install/moveit_core:/home/deepak/ws_moveit/install/moveit_resources_panda_moveit_config:/home/deepak/ws_moveit/install/srdfdom:/home/deepak/ws_moveit/install/moveit_resources_pr2_description:/home/deepak/ws_moveit/install/moveit_resources_panda_description:/home/deepak/ws_moveit/install/moveit_common:/home/deepak/turtlebot3_ws/install/turtlebot3:/home/deepak/turtlebot3_ws/install/turtlebot3_simulations:/home/deepak/turtlebot3_ws/install/turtlebot3_bringup:/home/deepak/turtlebot3_ws/install/turtlebot3_node:/home/deepak/turtlebot3_ws/install/turtlebot3_navigation2:/home/deepak/turtlebot3_ws/install/turtlebot3_fake_node:/home/deepak/turtlebot3_ws/install/turtlebot3_msgs:/home/deepak/turtlebot3_ws/install/turtlebot3_manipulation_gazebo:/home/deepak/turtlebot3_ws/install/turtlebot3_gazebo:/home/deepak/turtlebot3_ws/install/turtlebot3_description:/home/deepak/turtlebot3_ws/install/turtlebot3_cartographer:/home/deepak/turtlebot3_ws/install/turtlebot3_autorace:/home/deepak/turtlebot3_ws/install/multirobot_map_merge:/home/deepak/turtlebot3_ws/install/explore_lite:/home/deepak/turtlebot3_ws/install/dynamixel_sdk_examples:/home/deepak/turtlebot3_ws/install/dynamixel_sdk_custom_interfaces:/home/deepak/turtlebot3_ws/install/dynamixel_sdk:/home/deepak/turtlebot3_ws/install/turtlebot3_teleop:/home/deepak/turtlebot3_ws/install/turtlebot3_example:/home/deepak/turtlebot3_ws/install/turtlebot3_autorace_mission:/home/deepak/turtlebot3_ws/install/turtlebot3_autorace_detect:/home/deepak/turtlebot3_ws/install/turtlebot3_autorace_camera:/opt/ros/humble LD_LIBRARY_PATH=/home/deepak/ws_moveit/install/moveit_simple_controller_manager/lib:/home/deepak/ws_moveit/install/moveit_core/lib:/home/deepak/ws_moveit/install/srdfdom/lib:/home/deepak/turtlebot3_ws/install/turtlebot3_msgs/lib:/home/deepak/turtlebot3_ws/install/multirobot_map_merge/lib:/home/deepak/turtlebot3_ws/install/dynamixel_sdk_custom_interfaces/lib:/home/deepak/turtlebot3_ws/install/dynamixel_sdk/lib:/usr/lib/x86_64-linux-gnu/gazebo-11/plugins:/opt/ros/humble/opt/rviz_ogre_vendor/lib:/opt/ros/humble/lib/x86_64-linux-gnu:/opt/ros/humble/lib:/usr/lib/x86_64-linux-gnu/gazebo-11/plugins PATH=/home/deepak/ws_moveit/install/moveit_core/bin:${PATH} PYTHONPATH=/home/deepak/ws_moveit/install/srdfdom/local/lib/python3.10/dist-packages:${PYTHONPATH} /usr/bin/cmake --build /home/deepak/ws_moveit/build/moveit_ros_control_interface
[1.415s] [ 12%] [32mBuilding CXX object CMakeFiles/moveit_ros_control_interface_plugin.dir/src/controller_manager_plugin.cpp.o[0m
[1.417s] [ 37%] [32mBuilding CXX object CMakeFiles/moveit_ros_control_interface_gripper_plugin.dir/src/gripper_controller_plugin.cpp.o[0m
[1.417s] [ 37%] [32mBuilding CXX object CMakeFiles/moveit_ros_control_interface_trajectory_plugin.dir/src/joint_trajectory_controller_plugin.cpp.o[0m
[4.402s] [ 50%] [32m[1mLinking CXX shared library libmoveit_ros_control_interface_trajectory_plugin.so[0m
[4.527s] [ 50%] Built target moveit_ros_control_interface_trajectory_plugin
[4.547s] [ 62%] [32mBuilding CXX object CMakeFiles/moveit_ros_control_interface_empty_plugin.dir/src/empty_controller_plugin.cpp.o[0m
[4.553s] [ 75%] [32m[1mLinking CXX shared library libmoveit_ros_control_interface_gripper_plugin.so[0m
[4.679s] [ 75%] Built target moveit_ros_control_interface_gripper_plugin
[6.328s] [ 87%] [32m[1mLinking CXX shared library libmoveit_ros_control_interface_empty_plugin.so[0m
[6.466s] [ 87%] Built target moveit_ros_control_interface_empty_plugin
[9.497s] [100%] [32m[1mLinking CXX shared library libmoveit_ros_control_interface_plugin.so[0m
[9.638s] [100%] Built target moveit_ros_control_interface_plugin
[9.647s] Invoked command in '/home/deepak/ws_moveit/build/moveit_ros_control_interface' returned '0': AMENT_PREFIX_PATH=/home/deepak/ws_moveit/install/moveit_simple_controller_manager:/home/deepak/ws_moveit/install/moveit_core:/home/deepak/ws_moveit/install/moveit_resources_panda_moveit_config:/home/deepak/ws_moveit/install/srdfdom:/home/deepak/ws_moveit/install/moveit_resources_pr2_description:/home/deepak/ws_moveit/install/moveit_resources_panda_description:/home/deepak/ws_moveit/install/moveit_common:${AMENT_PREFIX_PATH} CMAKE_PREFIX_PATH=/home/deepak/ws_moveit/install/moveit_simple_controller_manager:/home/deepak/ws_moveit/install/moveit_core:/home/deepak/ws_moveit/install/moveit_resources_panda_moveit_config:/home/deepak/ws_moveit/install/srdfdom:/home/deepak/ws_moveit/install/moveit_resources_pr2_description:/home/deepak/ws_moveit/install/moveit_resources_panda_description:/home/deepak/ws_moveit/install/moveit_common:/home/deepak/turtlebot3_ws/install/turtlebot3:/home/deepak/turtlebot3_ws/install/turtlebot3_simulations:/home/deepak/turtlebot3_ws/install/turtlebot3_bringup:/home/deepak/turtlebot3_ws/install/turtlebot3_node:/home/deepak/turtlebot3_ws/install/turtlebot3_navigation2:/home/deepak/turtlebot3_ws/install/turtlebot3_fake_node:/home/deepak/turtlebot3_ws/install/turtlebot3_msgs:/home/deepak/turtlebot3_ws/install/turtlebot3_manipulation_gazebo:/home/deepak/turtlebot3_ws/install/turtlebot3_gazebo:/home/deepak/turtlebot3_ws/install/turtlebot3_description:/home/deepak/turtlebot3_ws/install/turtlebot3_cartographer:/home/deepak/turtlebot3_ws/install/turtlebot3_autorace:/home/deepak/turtlebot3_ws/install/multirobot_map_merge:/home/deepak/turtlebot3_ws/install/explore_lite:/home/deepak/turtlebot3_ws/install/dynamixel_sdk_examples:/home/deepak/turtlebot3_ws/install/dynamixel_sdk_custom_interfaces:/home/deepak/turtlebot3_ws/install/dynamixel_sdk:/home/deepak/turtlebot3_ws/install/turtlebot3_teleop:/home/deepak/turtlebot3_ws/install/turtlebot3_example:/home/deepak/turtlebot3_ws/install/turtlebot3_autorace_mission:/home/deepak/turtlebot3_ws/install/turtlebot3_autorace_detect:/home/deepak/turtlebot3_ws/install/turtlebot3_autorace_camera:/opt/ros/humble LD_LIBRARY_PATH=/home/deepak/ws_moveit/install/moveit_simple_controller_manager/lib:/home/deepak/ws_moveit/install/moveit_core/lib:/home/deepak/ws_moveit/install/srdfdom/lib:/home/deepak/turtlebot3_ws/install/turtlebot3_msgs/lib:/home/deepak/turtlebot3_ws/install/multirobot_map_merge/lib:/home/deepak/turtlebot3_ws/install/dynamixel_sdk_custom_interfaces/lib:/home/deepak/turtlebot3_ws/install/dynamixel_sdk/lib:/usr/lib/x86_64-linux-gnu/gazebo-11/plugins:/opt/ros/humble/opt/rviz_ogre_vendor/lib:/opt/ros/humble/lib/x86_64-linux-gnu:/opt/ros/humble/lib:/usr/lib/x86_64-linux-gnu/gazebo-11/plugins PATH=/home/deepak/ws_moveit/install/moveit_core/bin:${PATH} PYTHONPATH=/home/deepak/ws_moveit/install/srdfdom/local/lib/python3.10/dist-packages:${PYTHONPATH} /usr/bin/cmake --build /home/deepak/ws_moveit/build/moveit_ros_control_interface
[9.648s] Invoking command in '/home/deepak/ws_moveit/build/moveit_ros_control_interface': AMENT_PREFIX_PATH=/home/deepak/ws_moveit/install/moveit_simple_controller_manager:/home/deepak/ws_moveit/install/moveit_core:/home/deepak/ws_moveit/install/moveit_resources_panda_moveit_config:/home/deepak/ws_moveit/install/srdfdom:/home/deepak/ws_moveit/install/moveit_resources_pr2_description:/home/deepak/ws_moveit/install/moveit_resources_panda_description:/home/deepak/ws_moveit/install/moveit_common:${AMENT_PREFIX_PATH} CMAKE_PREFIX_PATH=/home/deepak/ws_moveit/install/moveit_simple_controller_manager:/home/deepak/ws_moveit/install/moveit_core:/home/deepak/ws_moveit/install/moveit_resources_panda_moveit_config:/home/deepak/ws_moveit/install/srdfdom:/home/deepak/ws_moveit/install/moveit_resources_pr2_description:/home/deepak/ws_moveit/install/moveit_resources_panda_description:/home/deepak/ws_moveit/install/moveit_common:/home/deepak/turtlebot3_ws/install/turtlebot3:/home/deepak/turtlebot3_ws/install/turtlebot3_simulations:/home/deepak/turtlebot3_ws/install/turtlebot3_bringup:/home/deepak/turtlebot3_ws/install/turtlebot3_node:/home/deepak/turtlebot3_ws/install/turtlebot3_navigation2:/home/deepak/turtlebot3_ws/install/turtlebot3_fake_node:/home/deepak/turtlebot3_ws/install/turtlebot3_msgs:/home/deepak/turtlebot3_ws/install/turtlebot3_manipulation_gazebo:/home/deepak/turtlebot3_ws/install/turtlebot3_gazebo:/home/deepak/turtlebot3_ws/install/turtlebot3_description:/home/deepak/turtlebot3_ws/install/turtlebot3_cartographer:/home/deepak/turtlebot3_ws/install/turtlebot3_autorace:/home/deepak/turtlebot3_ws/install/multirobot_map_merge:/home/deepak/turtlebot3_ws/install/explore_lite:/home/deepak/turtlebot3_ws/install/dynamixel_sdk_examples:/home/deepak/turtlebot3_ws/install/dynamixel_sdk_custom_interfaces:/home/deepak/turtlebot3_ws/install/dynamixel_sdk:/home/deepak/turtlebot3_ws/install/turtlebot3_teleop:/home/deepak/turtlebot3_ws/install/turtlebot3_example:/home/deepak/turtlebot3_ws/install/turtlebot3_autorace_mission:/home/deepak/turtlebot3_ws/install/turtlebot3_autorace_detect:/home/deepak/turtlebot3_ws/install/turtlebot3_autorace_camera:/opt/ros/humble LD_LIBRARY_PATH=/home/deepak/ws_moveit/install/moveit_simple_controller_manager/lib:/home/deepak/ws_moveit/install/moveit_core/lib:/home/deepak/ws_moveit/install/srdfdom/lib:/home/deepak/turtlebot3_ws/install/turtlebot3_msgs/lib:/home/deepak/turtlebot3_ws/install/multirobot_map_merge/lib:/home/deepak/turtlebot3_ws/install/dynamixel_sdk_custom_interfaces/lib:/home/deepak/turtlebot3_ws/install/dynamixel_sdk/lib:/usr/lib/x86_64-linux-gnu/gazebo-11/plugins:/opt/ros/humble/opt/rviz_ogre_vendor/lib:/opt/ros/humble/lib/x86_64-linux-gnu:/opt/ros/humble/lib:/usr/lib/x86_64-linux-gnu/gazebo-11/plugins PATH=/home/deepak/ws_moveit/install/moveit_core/bin:${PATH} PYTHONPATH=/home/deepak/ws_moveit/install/srdfdom/local/lib/python3.10/dist-packages:${PYTHONPATH} /usr/bin/cmake --install /home/deepak/ws_moveit/build/moveit_ros_control_interface
[9.653s] -- Install configuration: "Release"
[9.654s] -- Installing: /home/deepak/ws_moveit/install/moveit_ros_control_interface/lib/libmoveit_ros_control_interface_plugin.so.2.5.9
[9.654s] -- Set runtime path of "/home/deepak/ws_moveit/install/moveit_ros_control_interface/lib/libmoveit_ros_control_interface_plugin.so.2.5.9" to ""
[9.654s] -- Installing: /home/deepak/ws_moveit/install/moveit_ros_control_interface/lib/libmoveit_ros_control_interface_plugin.so
[9.654s] -- Installing: /home/deepak/ws_moveit/install/moveit_ros_control_interface/lib/libmoveit_ros_control_interface_trajectory_plugin.so.2.5.9
[9.654s] -- Set runtime path of "/home/deepak/ws_moveit/install/moveit_ros_control_interface/lib/libmoveit_ros_control_interface_trajectory_plugin.so.2.5.9" to ""
[9.654s] -- Installing: /home/deepak/ws_moveit/install/moveit_ros_control_interface/lib/libmoveit_ros_control_interface_trajectory_plugin.so
[9.654s] -- Installing: /home/deepak/ws_moveit/install/moveit_ros_control_interface/lib/libmoveit_ros_control_interface_gripper_plugin.so.2.5.9
[9.654s] -- Set runtime path of "/home/deepak/ws_moveit/install/moveit_ros_control_interface/lib/libmoveit_ros_control_interface_gripper_plugin.so.2.5.9" to ""
[9.654s] -- Installing: /home/deepak/ws_moveit/install/moveit_ros_control_interface/lib/libmoveit_ros_control_interface_gripper_plugin.so
[9.654s] -- Installing: /home/deepak/ws_moveit/install/moveit_ros_control_interface/lib/libmoveit_ros_control_interface_empty_plugin.so.2.5.9
[9.654s] -- Set runtime path of "/home/deepak/ws_moveit/install/moveit_ros_control_interface/lib/libmoveit_ros_control_interface_empty_plugin.so.2.5.9" to ""
[9.654s] -- Installing: /home/deepak/ws_moveit/install/moveit_ros_control_interface/lib/libmoveit_ros_control_interface_empty_plugin.so
[9.655s] -- Installing: /home/deepak/ws_moveit/install/moveit_ros_control_interface/include
[9.655s] -- Installing: /home/deepak/ws_moveit/install/moveit_ros_control_interface/include/moveit_ros_control_interface
[9.655s] -- Installing: /home/deepak/ws_moveit/install/moveit_ros_control_interface/include/moveit_ros_control_interface/ControllerHandle.h
[9.655s] -- Installing: /home/deepak/ws_moveit/install/moveit_ros_control_interface/share/moveit_ros_control_interface/moveit_core_plugins.xml
[9.656s] -- Installing: /home/deepak/ws_moveit/install/moveit_ros_control_interface/share/moveit_ros_control_interface/moveit_ros_control_interface_plugins.xml
[9.656s] -- Installing: /home/deepak/ws_moveit/install/moveit_ros_control_interface/share/moveit_ros_control_interface/environment/library_path.sh
[9.656s] -- Installing: /home/deepak/ws_moveit/install/moveit_ros_control_interface/share/moveit_ros_control_interface/environment/library_path.dsv
[9.656s] -- Installing: /home/deepak/ws_moveit/install/moveit_ros_control_interface/share/ament_index/resource_index/package_run_dependencies/moveit_ros_control_interface
[9.656s] -- Installing: /home/deepak/ws_moveit/install/moveit_ros_control_interface/share/ament_index/resource_index/parent_prefix_path/moveit_ros_control_interface
[9.656s] -- Installing: /home/deepak/ws_moveit/install/moveit_ros_control_interface/share/moveit_ros_control_interface/environment/ament_prefix_path.sh
[9.656s] -- Installing: /home/deepak/ws_moveit/install/moveit_ros_control_interface/share/moveit_ros_control_interface/environment/ament_prefix_path.dsv
[9.656s] -- Installing: /home/deepak/ws_moveit/install/moveit_ros_control_interface/share/moveit_ros_control_interface/environment/path.sh
[9.656s] -- Installing: /home/deepak/ws_moveit/install/moveit_ros_control_interface/share/moveit_ros_control_interface/environment/path.dsv
[9.656s] -- Installing: /home/deepak/ws_moveit/install/moveit_ros_control_interface/share/moveit_ros_control_interface/local_setup.bash
[9.656s] -- Installing: /home/deepak/ws_moveit/install/moveit_ros_control_interface/share/moveit_ros_control_interface/local_setup.sh
[9.656s] -- Installing: /home/deepak/ws_moveit/install/moveit_ros_control_interface/share/moveit_ros_control_interface/local_setup.zsh
[9.657s] -- Installing: /home/deepak/ws_moveit/install/moveit_ros_control_interface/share/moveit_ros_control_interface/local_setup.dsv
[9.657s] -- Installing: /home/deepak/ws_moveit/install/moveit_ros_control_interface/share/moveit_ros_control_interface/package.dsv
[9.657s] -- Installing: /home/deepak/ws_moveit/install/moveit_ros_control_interface/share/ament_index/resource_index/packages/moveit_ros_control_interface
[9.657s] -- Installing: /home/deepak/ws_moveit/install/moveit_ros_control_interface/share/ament_index/resource_index/moveit_core__pluginlib__plugin/moveit_ros_control_interface
[9.657s] -- Installing: /home/deepak/ws_moveit/install/moveit_ros_control_interface/share/ament_index/resource_index/moveit_ros_control_interface__pluginlib__plugin/moveit_ros_control_interface
[9.657s] -- Installing: /home/deepak/ws_moveit/install/moveit_ros_control_interface/share/moveit_ros_control_interface/cmake/export_moveit_ros_control_interfaceExport.cmake
[9.657s] -- Installing: /home/deepak/ws_moveit/install/moveit_ros_control_interface/share/moveit_ros_control_interface/cmake/export_moveit_ros_control_interfaceExport-release.cmake
[9.657s] -- Installing: /home/deepak/ws_moveit/install/moveit_ros_control_interface/share/moveit_ros_control_interface/cmake/ConfigExtras.cmake
[9.657s] -- Installing: /home/deepak/ws_moveit/install/moveit_ros_control_interface/share/moveit_ros_control_interface/cmake/ament_cmake_export_targets-extras.cmake
[9.657s] -- Installing: /home/deepak/ws_moveit/install/moveit_ros_control_interface/share/moveit_ros_control_interface/cmake/ament_cmake_export_dependencies-extras.cmake
[9.657s] -- Installing: /home/deepak/ws_moveit/install/moveit_ros_control_interface/share/moveit_ros_control_interface/cmake/moveit_ros_control_interfaceConfig.cmake
[9.657s] -- Installing: /home/deepak/ws_moveit/install/moveit_ros_control_interface/share/moveit_ros_control_interface/cmake/moveit_ros_control_interfaceConfig-version.cmake
[9.657s] -- Installing: /home/deepak/ws_moveit/install/moveit_ros_control_interface/share/moveit_ros_control_interface/package.xml
[9.659s] Invoked command in '/home/deepak/ws_moveit/build/moveit_ros_control_interface' returned '0': AMENT_PREFIX_PATH=/home/deepak/ws_moveit/install/moveit_simple_controller_manager:/home/deepak/ws_moveit/install/moveit_core:/home/deepak/ws_moveit/install/moveit_resources_panda_moveit_config:/home/deepak/ws_moveit/install/srdfdom:/home/deepak/ws_moveit/install/moveit_resources_pr2_description:/home/deepak/ws_moveit/install/moveit_resources_panda_description:/home/deepak/ws_moveit/install/moveit_common:${AMENT_PREFIX_PATH} CMAKE_PREFIX_PATH=/home/deepak/ws_moveit/install/moveit_simple_controller_manager:/home/deepak/ws_moveit/install/moveit_core:/home/deepak/ws_moveit/install/moveit_resources_panda_moveit_config:/home/deepak/ws_moveit/install/srdfdom:/home/deepak/ws_moveit/install/moveit_resources_pr2_description:/home/deepak/ws_moveit/install/moveit_resources_panda_description:/home/deepak/ws_moveit/install/moveit_common:/home/deepak/turtlebot3_ws/install/turtlebot3:/home/deepak/turtlebot3_ws/install/turtlebot3_simulations:/home/deepak/turtlebot3_ws/install/turtlebot3_bringup:/home/deepak/turtlebot3_ws/install/turtlebot3_node:/home/deepak/turtlebot3_ws/install/turtlebot3_navigation2:/home/deepak/turtlebot3_ws/install/turtlebot3_fake_node:/home/deepak/turtlebot3_ws/install/turtlebot3_msgs:/home/deepak/turtlebot3_ws/install/turtlebot3_manipulation_gazebo:/home/deepak/turtlebot3_ws/install/turtlebot3_gazebo:/home/deepak/turtlebot3_ws/install/turtlebot3_description:/home/deepak/turtlebot3_ws/install/turtlebot3_cartographer:/home/deepak/turtlebot3_ws/install/turtlebot3_autorace:/home/deepak/turtlebot3_ws/install/multirobot_map_merge:/home/deepak/turtlebot3_ws/install/explore_lite:/home/deepak/turtlebot3_ws/install/dynamixel_sdk_examples:/home/deepak/turtlebot3_ws/install/dynamixel_sdk_custom_interfaces:/home/deepak/turtlebot3_ws/install/dynamixel_sdk:/home/deepak/turtlebot3_ws/install/turtlebot3_teleop:/home/deepak/turtlebot3_ws/install/turtlebot3_example:/home/deepak/turtlebot3_ws/install/turtlebot3_autorace_mission:/home/deepak/turtlebot3_ws/install/turtlebot3_autorace_detect:/home/deepak/turtlebot3_ws/install/turtlebot3_autorace_camera:/opt/ros/humble LD_LIBRARY_PATH=/home/deepak/ws_moveit/install/moveit_simple_controller_manager/lib:/home/deepak/ws_moveit/install/moveit_core/lib:/home/deepak/ws_moveit/install/srdfdom/lib:/home/deepak/turtlebot3_ws/install/turtlebot3_msgs/lib:/home/deepak/turtlebot3_ws/install/multirobot_map_merge/lib:/home/deepak/turtlebot3_ws/install/dynamixel_sdk_custom_interfaces/lib:/home/deepak/turtlebot3_ws/install/dynamixel_sdk/lib:/usr/lib/x86_64-linux-gnu/gazebo-11/plugins:/opt/ros/humble/opt/rviz_ogre_vendor/lib:/opt/ros/humble/lib/x86_64-linux-gnu:/opt/ros/humble/lib:/usr/lib/x86_64-linux-gnu/gazebo-11/plugins PATH=/home/deepak/ws_moveit/install/moveit_core/bin:${PATH} PYTHONPATH=/home/deepak/ws_moveit/install/srdfdom/local/lib/python3.10/dist-packages:${PYTHONPATH} /usr/bin/cmake --install /home/deepak/ws_moveit/build/moveit_ros_control_interface
